node.exe : npm warn Unknown cli config "--coverage". This will stop working in the next major version of npm.
At F:\Development\Node.js\npm.ps1:16 char:5
+     & "$basedir/node$exe"  "$basedir/node_modules/npm/bin/npm-cli.js" ...
+     ~~~~~~~~~~~~~~~~~~~~~~~~~~~~~~~~~~~~~~~~~~~~~~~~~~~~~~~~~~~~~~~~~
    + CategoryInfo          : NotSpecified: (npm warn Unknow...version of npm.:String) [], RemoteException
    + FullyQualifiedErrorId : NativeCommandError
 
npm warn Unknown project config "MONGOMS_DISABLE_POSTINSTALL". This will stop working in the next major version of npm.

> handyman-tracker@1.0.0 test
> jest

FAIL src/components/__tests__/PurchaseOrders.test.jsx (10.657 s)
  ΓùÅ Console

    console.log
      Opening PO detail: {
        _id: 'po1',
        poNumber: 'PO-2024-001',
        supplier: { _id: 'sup1', name: 'Home Depot', phone: '555-1234' },
        status: 'Draft',
        items: [
          {
            sku: 'LUM-2X4',
            description: '2x4 Lumber',
            quantity: 50,
            unit: 'each',
            unitPrice: 5.99,
            total: 299.5
          }
        ],
        subtotal: 299.5,
        tax: 23.96,
        shipping: 0,
        total: 323.46,
        orderDate: '2024-11-10T00:00:00.000Z',
        expectedDelivery: '2024-11-15T00:00:00.000Z',
        notes: 'Urgent order'
      }

      at log (src/components/PurchaseOrders.jsx:68:13)

    console.log
      PODetailModal rendering with: {
        _id: 'po1',
        poNumber: 'PO-2024-001',
        supplier: { _id: 'sup1', name: 'Home Depot', phone: '555-1234' },
        status: 'Draft',
        items: [
          {
            sku: 'LUM-2X4',
            description: '2x4 Lumber',
            quantity: 50,
            unit: 'each',
            unitPrice: 5.99,
            total: 299.5
          }
        ],
        subtotal: 299.5,
        tax: 23.96,
        shipping: 0,
        total: 323.46,
        orderDate: '2024-11-10T00:00:00.000Z',
        expectedDelivery: '2024-11-15T00:00:00.000Z',
        notes: 'Urgent order'
      }

      at log (src/components/PurchaseOrders.jsx:254:11)

    console.log
      Opening PO detail: {
        _id: 'po1',
        poNumber: 'PO-2024-001',
        supplier: { _id: 'sup1', name: 'Home Depot', phone: '555-1234' },
        status: 'Draft',
        items: [
          {
            sku: 'LUM-2X4',
            description: '2x4 Lumber',
            quantity: 50,
            unit: 'each',
            unitPrice: 5.99,
            total: 299.5
          }
        ],
        subtotal: 299.5,
        tax: 23.96,
        shipping: 0,
        total: 323.46,
        orderDate: '2024-11-10T00:00:00.000Z',
        expectedDelivery: '2024-11-15T00:00:00.000Z',
        notes: 'Urgent order'
      }

      at log (src/components/PurchaseOrders.jsx:68:13)

    console.log
      PODetailModal rendering with: {
        _id: 'po1',
        poNumber: 'PO-2024-001',
        supplier: { _id: 'sup1', name: 'Home Depot', phone: '555-1234' },
        status: 'Draft',
        items: [
          {
            sku: 'LUM-2X4',
            description: '2x4 Lumber',
            quantity: 50,
            unit: 'each',
            unitPrice: 5.99,
            total: 299.5
          }
        ],
        subtotal: 299.5,
        tax: 23.96,
        shipping: 0,
        total: 323.46,
        orderDate: '2024-11-10T00:00:00.000Z',
        expectedDelivery: '2024-11-15T00:00:00.000Z',
        notes: 'Urgent order'
      }

      at log (src/components/PurchaseOrders.jsx:254:11)

    console.log
      Opening PO detail: {
        _id: 'po1',
        poNumber: 'PO-2024-001',
        supplier: { _id: 'sup1', name: 'Home Depot', phone: '555-1234' },
        status: 'Draft',
        items: [
          {
            sku: 'LUM-2X4',
            description: '2x4 Lumber',
            quantity: 50,
            unit: 'each',
            unitPrice: 5.99,
            total: 299.5
          }
        ],
        subtotal: 299.5,
        tax: 23.96,
        shipping: 0,
        total: 323.46,
        orderDate: '2024-11-10T00:00:00.000Z',
        expectedDelivery: '2024-11-15T00:00:00.000Z',
        notes: 'Urgent order'
      }

      at log (src/components/PurchaseOrders.jsx:68:13)

    console.log
      PODetailModal rendering with: {
        _id: 'po1',
        poNumber: 'PO-2024-001',
        supplier: { _id: 'sup1', name: 'Home Depot', phone: '555-1234' },
        status: 'Draft',
        items: [
          {
            sku: 'LUM-2X4',
            description: '2x4 Lumber',
            quantity: 50,
            unit: 'each',
            unitPrice: 5.99,
            total: 299.5
          }
        ],
        subtotal: 299.5,
        tax: 23.96,
        shipping: 0,
        total: 323.46,
        orderDate: '2024-11-10T00:00:00.000Z',
        expectedDelivery: '2024-11-15T00:00:00.000Z',
        notes: 'Urgent order'
      }

      at log (src/components/PurchaseOrders.jsx:254:11)

    console.log
      Opening PO detail: {
        _id: 'po1',
        poNumber: 'PO-2024-001',
        supplier: { _id: 'sup1', name: 'Home Depot', phone: '555-1234' },
        status: 'Draft',
        items: [
          {
            sku: 'LUM-2X4',
            description: '2x4 Lumber',
            quantity: 50,
            unit: 'each',
            unitPrice: 5.99,
            total: 299.5
          }
        ],
        subtotal: 299.5,
        tax: 23.96,
        shipping: 0,
        total: 323.46,
        orderDate: '2024-11-10T00:00:00.000Z',
        expectedDelivery: '2024-11-15T00:00:00.000Z',
        notes: 'Urgent order'
      }

      at log (src/components/PurchaseOrders.jsx:68:13)

    console.log
      PODetailModal rendering with: {
        _id: 'po1',
        poNumber: 'PO-2024-001',
        supplier: { _id: 'sup1', name: 'Home Depot', phone: '555-1234' },
        status: 'Draft',
        items: [
          {
            sku: 'LUM-2X4',
            description: '2x4 Lumber',
            quantity: 50,
            unit: 'each',
            unitPrice: 5.99,
            total: 299.5
          }
        ],
        subtotal: 299.5,
        tax: 23.96,
        shipping: 0,
        total: 323.46,
        orderDate: '2024-11-10T00:00:00.000Z',
        expectedDelivery: '2024-11-15T00:00:00.000Z',
        notes: 'Urgent order'
      }

      at log (src/components/PurchaseOrders.jsx:254:11)

    console.log
      Opening PO detail: {
        _id: 'po1',
        poNumber: 'PO-2024-001',
        supplier: { _id: 'sup1', name: 'Home Depot', phone: '555-1234' },
        status: 'Draft',
        items: [
          {
            sku: 'LUM-2X4',
            description: '2x4 Lumber',
            quantity: 50,
            unit: 'each',
            unitPrice: 5.99,
            total: 299.5
          }
        ],
        subtotal: 299.5,
        tax: 23.96,
        shipping: 0,
        total: 323.46,
        orderDate: '2024-11-10T00:00:00.000Z',
        expectedDelivery: '2024-11-15T00:00:00.000Z',
        notes: 'Urgent order'
      }

      at log (src/components/PurchaseOrders.jsx:68:13)

    console.log
      PODetailModal rendering with: {
        _id: 'po1',
        poNumber: 'PO-2024-001',
        supplier: { _id: 'sup1', name: 'Home Depot', phone: '555-1234' },
        status: 'Draft',
        items: [
          {
            sku: 'LUM-2X4',
            description: '2x4 Lumber',
            quantity: 50,
            unit: 'each',
            unitPrice: 5.99,
            total: 299.5
          }
        ],
        subtotal: 299.5,
        tax: 23.96,
        shipping: 0,
        total: 323.46,
        orderDate: '2024-11-10T00:00:00.000Z',
        expectedDelivery: '2024-11-15T00:00:00.000Z',
        notes: 'Urgent order'
      }

      at log (src/components/PurchaseOrders.jsx:254:11)

    console.log
      Opening PO detail: {
        _id: 'po1',
        poNumber: 'PO-2024-001',
        supplier: { _id: 'sup1', name: 'Home Depot', phone: '555-1234' },
        status: 'Draft',
        items: [
          {
            sku: 'LUM-2X4',
            description: '2x4 Lumber',
            quantity: 50,
            unit: 'each',
            unitPrice: 5.99,
            total: 299.5
          }
        ],
        subtotal: 299.5,
        tax: 23.96,
        shipping: 0,
        total: 323.46,
        orderDate: '2024-11-10T00:00:00.000Z',
        expectedDelivery: '2024-11-15T00:00:00.000Z',
        notes: 'Urgent order'
      }

      at log (src/components/PurchaseOrders.jsx:68:13)

    console.log
      PODetailModal rendering with: {
        _id: 'po1',
        poNumber: 'PO-2024-001',
        supplier: { _id: 'sup1', name: 'Home Depot', phone: '555-1234' },
        status: 'Draft',
        items: [
          {
            sku: 'LUM-2X4',
            description: '2x4 Lumber',
            quantity: 50,
            unit: 'each',
            unitPrice: 5.99,
            total: 299.5
          }
        ],
        subtotal: 299.5,
        tax: 23.96,
        shipping: 0,
        total: 323.46,
        orderDate: '2024-11-10T00:00:00.000Z',
        expectedDelivery: '2024-11-15T00:00:00.000Z',
        notes: 'Urgent order'
      }

      at log (src/components/PurchaseOrders.jsx:254:11)

    console.log
      Opening PO detail: {
        _id: 'po1',
        poNumber: 'PO-2024-001',
        supplier: { _id: 'sup1', name: 'Home Depot', phone: '555-1234' },
        status: 'Draft',
        items: [
          {
            sku: 'LUM-2X4',
            description: '2x4 Lumber',
            quantity: 50,
            unit: 'each',
            unitPrice: 5.99,
            total: 299.5
          }
        ],
        subtotal: 299.5,
        tax: 23.96,
        shipping: 0,
        total: 323.46,
        orderDate: '2024-11-10T00:00:00.000Z',
        expectedDelivery: '2024-11-15T00:00:00.000Z',
        notes: 'Urgent order'
      }

      at log (src/components/PurchaseOrders.jsx:68:13)

    console.log
      PODetailModal rendering with: {
        _id: 'po1',
        poNumber: 'PO-2024-001',
        supplier: { _id: 'sup1', name: 'Home Depot', phone: '555-1234' },
        status: 'Draft',
        items: [
          {
            sku: 'LUM-2X4',
            description: '2x4 Lumber',
            quantity: 50,
            unit: 'each',
            unitPrice: 5.99,
            total: 299.5
          }
        ],
        subtotal: 299.5,
        tax: 23.96,
        shipping: 0,
        total: 323.46,
        orderDate: '2024-11-10T00:00:00.000Z',
        expectedDelivery: '2024-11-15T00:00:00.000Z',
        notes: 'Urgent order'
      }

      at log (src/components/PurchaseOrders.jsx:254:11)

    console.log
      Opening PO detail: {
        _id: 'po3',
        poNumber: 'PO-2024-003',
        supplier: { _id: 'sup1', name: 'Home Depot' },
        status: 'Received',
        items: [
          {
            sku: 'PAINT-INT',
            description: 'Interior Paint',
            quantity: 5,
            unit: 'gallon',
            unitPrice: 29.99,
            total: 149.95
          }
        ],
        subtotal: 149.95,
        tax: 12,
        shipping: 0,
        total: 161.95,
        orderDate: '2024-11-01T00:00:00.000Z',
        receivedDate: '2024-11-05T00:00:00.000Z'
      }

      at log (src/components/PurchaseOrders.jsx:68:13)

    console.log
      PODetailModal rendering with: {
        _id: 'po3',
        poNumber: 'PO-2024-003',
        supplier: { _id: 'sup1', name: 'Home Depot' },
        status: 'Received',
        items: [
          {
            sku: 'PAINT-INT',
            description: 'Interior Paint',
            quantity: 5,
            unit: 'gallon',
            unitPrice: 29.99,
            total: 149.95
          }
        ],
        subtotal: 149.95,
        tax: 12,
        shipping: 0,
        total: 161.95,
        orderDate: '2024-11-01T00:00:00.000Z',
        receivedDate: '2024-11-05T00:00:00.000Z'
      }

      at log (src/components/PurchaseOrders.jsx:254:11)

    console.log
      Opening PO detail: {
        _id: 'po1',
        poNumber: 'PO-2024-001',
        supplier: { _id: 'sup1', name: 'Home Depot', phone: '555-1234' },
        status: 'Draft',
        items: [
          {
            sku: 'LUM-2X4',
            description: '2x4 Lumber',
            quantity: 50,
            unit: 'each',
            unitPrice: 5.99,
            total: 299.5
          }
        ],
        subtotal: 299.5,
        tax: 23.96,
        shipping: 0,
        total: 323.46,
        orderDate: '2024-11-10T00:00:00.000Z',
        expectedDelivery: '2024-11-15T00:00:00.000Z',
        notes: 'Urgent order'
      }

      at log (src/components/PurchaseOrders.jsx:68:13)

    console.log
      PODetailModal rendering with: {
        _id: 'po1',
        poNumber: 'PO-2024-001',
        supplier: { _id: 'sup1', name: 'Home Depot', phone: '555-1234' },
        status: 'Draft',
        items: [
          {
            sku: 'LUM-2X4',
            description: '2x4 Lumber',
            quantity: 50,
            unit: 'each',
            unitPrice: 5.99,
            total: 299.5
          }
        ],
        subtotal: 299.5,
        tax: 23.96,
        shipping: 0,
        total: 323.46,
        orderDate: '2024-11-10T00:00:00.000Z',
        expectedDelivery: '2024-11-15T00:00:00.000Z',
        notes: 'Urgent order'
      }

      at log (src/components/PurchaseOrders.jsx:254:11)

    console.log
      PODetailModal rendering with: {
        _id: 'po1',
        poNumber: 'PO-2024-001',
        supplier: { _id: 'sup1', name: 'Home Depot', phone: '555-1234' },
        status: 'Draft',
        items: [
          {
            sku: 'LUM-2X4',
            description: '2x4 Lumber',
            quantity: 50,
            unit: 'each',
            unitPrice: 5.99,
            total: 299.5
          }
        ],
        subtotal: 299.5,
        tax: 23.96,
        shipping: 0,
        total: 323.46,
        orderDate: '2024-11-10T00:00:00.000Z',
        expectedDelivery: '2024-11-15T00:00:00.000Z',
        notes: 'Urgent order'
      }

      at log (src/components/PurchaseOrders.jsx:254:11)

    console.log
      Opening PO detail: {
        _id: 'po1',
        poNumber: 'PO-2024-001',
        supplier: { _id: 'sup1', name: 'Home Depot', phone: '555-1234' },
        status: 'Draft',
        items: [
          {
            sku: 'LUM-2X4',
            description: '2x4 Lumber',
            quantity: 50,
            unit: 'each',
            unitPrice: 5.99,
            total: 299.5
          }
        ],
        subtotal: 299.5,
        tax: 23.96,
        shipping: 0,
        total: 323.46,
        orderDate: '2024-11-10T00:00:00.000Z',
        expectedDelivery: '2024-11-15T00:00:00.000Z',
        notes: 'Urgent order'
      }

      at log (src/components/PurchaseOrders.jsx:68:13)

    console.log
      PODetailModal rendering with: {
        _id: 'po1',
        poNumber: 'PO-2024-001',
        supplier: { _id: 'sup1', name: 'Home Depot', phone: '555-1234' },
        status: 'Draft',
        items: [
          {
            sku: 'LUM-2X4',
            description: '2x4 Lumber',
            quantity: 50,
            unit: 'each',
            unitPrice: 5.99,
            total: 299.5
          }
        ],
        subtotal: 299.5,
        tax: 23.96,
        shipping: 0,
        total: 323.46,
        orderDate: '2024-11-10T00:00:00.000Z',
        expectedDelivery: '2024-11-15T00:00:00.000Z',
        notes: 'Urgent order'
      }

      at log (src/components/PurchaseOrders.jsx:254:11)

  ΓùÅ PurchaseOrders Component - Phase 2B ΓÇ║ should show PO status badges

    Found multiple elements with the text: Draft

    Here are the matching elements:

    Ignored nodes: comments, script, style
    [36m<p[39m
      [33mclass[39m=[32m"text-gray-600 text-sm"[39m
    [36m>[39m
      [0mDraft[0m
    [36m</p>[39m

    Ignored nodes: comments, script, style
    [36m<option[39m
      [33mvalue[39m=[32m"Draft"[39m
    [36m>[39m
      [0mDraft[0m
    [36m</option>[39m

    (If this is intentional, then use the `*AllBy*` variant of the query (like `queryAllByText`, `getAllByText`, or `findAllByText`)).

    Ignored nodes: comments, script, style
    [36m<body>[39m
      [36m<div>[39m
        [36m<div[39m
          [33mclass[39m=[32m"p-4 md:p-6 text-black"[39m
        [36m>[39m
          [36m<div[39m
            [33mclass[39m=[32m"mb-6"[39m
          [36m>[39m
            [36m<div[39m
              [33mclass[39m=[32m"flex flex-col sm:flex-row justify-between items-start sm:items-center gap-3 mb-4"[39m
            [36m>[39m
              [36m<a[39m
                [33mclass[39m=[32m"bg-blue-500 text-white px-3 py-2 rounded hover:bg-blue-600 text-sm md:text-base"[39m
                [33mdata-discover[39m=[32m"true"[39m
                [33mhref[39m=[32m"/suppliers"[39m
              [36m>[39m
                [0mBack to Suppliers[0m
              [36m</a>[39m
              [36m<a[39m
                [33mclass[39m=[32m"bg-blue-500 text-white px-3 py-2 rounded hover:bg-blue-600 text-sm md:text-base"[39m
                [33mdata-discover[39m=[32m"true"[39m
                [33mhref[39m=[32m"/"[39m
              [36m>[39m
                [0mDashboard[0m
              [36m</a>[39m
            [36m</div>[39m
            [36m<h1[39m
              [33mclass[39m=[32m"text-2xl md:text-3xl font-bold text-black"[39m
            [36m>[39m
              [0mPurchase Orders[0m
            [36m</h1>[39m
            [36m<p[39m
              [33mclass[39m=[32m"text-gray-600 mt-2"[39m
            [36m>[39m
              [0mManage and track all purchase orders[0m
            [36m</p>[39m
          [36m</div>[39m
          [36m<div[39m
            [33mclass[39m=[32m"grid grid-cols-2 md:grid-cols-6 gap-4 mb-6"[39m
          [36m>[39m
            [36m<div[39m
              [33mclass[39m=[32m"bg-white border border-gray-300 rounded-lg p-4"[39m
            [36m>[39m
              [36m<p[39m
                [33mclass[39m=[32m"text-gray-600 text-sm"[39m
              [36m>[39m
                [0mTotal POs[0m
              [36m</p>[39m
              [36m<p[39m
                [33mclass[39m=[32m"text-3xl font-bold text-black"[39m
              [36m>[39m
                [0m3[0m
              [36m</p>[39m
            [36m</div>[39m
            [36m<div[39m
              [33mclass[39m=[32m"bg-white border border-gray-300 rounded-lg p-4"[39m
            [36m>[39m
              [36m<p[39m
                [33mclass[39m=[32m"text-gray-600 text-sm"[39m
              [36m>[39m
                [0mDraft[0m
              [36m</p>[39m
              [36m<p[39m
                [33mclass[39m=[32m"text-3xl font-bold text-gray-600"[39m
              [36m>[39m
                [0m1[0m
              [36m</p>[39m
            [36m</div>[39m
            [36m<div[39m
              [33mclass[39m=[32m"bg-white border border-gray-300 rounded-lg p-4"[39m
            [36m>[39m
              [36m<p[39m
                [33mclass[39m=[32m"text-gray-600 text-sm"[39m
              [36m>[39m
                [0mSent[0m
              [36m</p>[39m
              [36m<p[39m
                [33mclass[39m=[32m"text-3xl font-bold text-blue-600"[39m
              [36m>[39m
                [0m1[0m
              [36m</p>[39m
            [36m</div>[39m
            [36m<div[39m
              [33mclass[39m=[32m"bg-white border border-gray-300 rounded-lg p-4"[39m
            [36m>[39m
              [36m<p[39m
                [33mclass[39m=[32m"text-gray-600 text-sm"[39m
              [36m>[39m
                [0mReceived[0m
              [36m</p>[39m
              [36m<p[39m
                [33mclass[39m=[32m"text-3xl font-bold text-green-600"[39m
              [36m>[39m
                [0m1[0m
              [36m</p>[39m
            [36m</div>[39m
            [36m<div[39m
              [33mclass[39m=[32m"bg-white border border-gray-300 rounded-lg p-4"[39m
            [36m>[39m
              [36m<p[39m
                [33mclass[39m=[32m"text-gray-600 text-sm"[39m
              [36m>[39m
                [0mPaid[0m
              [36m</p>[39m
              [36m<p[39m
                [33mclass[39m=[32m"text-3xl font-bold text-green-700"[39m
              [36m>[39m
                [0m0[0m
              [36m</p>[39m
            [36m</div>[39m
            [36m<div[39m
              [33mclass[39m=[32m"bg-white border border-gray-300 rounded-lg p-4"[39m
            [36m>[39m
              [36m<p[39m
                [33mclass[39m=[32m"text-gray-600 text-sm"[39m
              [36m>[39m
                [0mTotal Value[0m
              [36m</p>[39m
              [36m<p[39m
                [33mclass[39m=[32m"text-2xl font-bold text-black"[39m
              [36m>[39m
                [0m$[0m
                [0m640.70[0m
              [36m</p>[39m
            [36m</div>[39m
          [36m</div>[39m
          [36m<div[39m
            [33mclass[39m=[32m"bg-white border border-gray-300 rounded-lg p-4 mb-6"[39m
          [36m>[39m
            [36m<div[39m
              [33mclass[39m=[32m"flex gap-4 items-center"[39m
            [36m>[39m
              [36m<label[39m
                [33mclass[39m=[32m"text-sm font-medium text-black"[39m
                [33mfor[39m=[32m"status-filter"[39m
              [36m>[39m
                [0mStatus:[0m
              [36m</label>[39m
              [36m<select[39m
                [33mclass[39m=[32m"p-2 border border-gray-300 rounded text-black bg-white"[39m
                [33mid[39m=[32m"status-filter"[39m
                [33mname[39m=[32m"status-filter"[39m
              [36m>[39m
                [36m<option[39m
                  [33mvalue[39m=[32m""[39m
                [36m>[39m
                  [0mAll Status[0m
                [36m</option>[39m
                [36m<option[39m
                  [33mvalue[39m=[32m"Draft"[39m
                [36m>[39m
                  [0mDraft[0m
                [36m</option>[39m
                [36m<option[39m
                  [33mvalue[39m=[32m"Sent"[39m
                [36m>[39m
                  [0mSent[0m
                [36m</option>[39m
                [36m<option[39m
                  [33mvalue[39m=[32m"Confirmed"[39m
                [36m>[39m
                  [0mConfirmed[0m
                [36m</option>[39m
                [36m<option[39m
                  [33mvalue[39m=[32m"Received"[39m
                [36m>[39m
                  [0mReceived[0m
                [36m</option>[39m
                [36m<option[39m
                  [33mvalue[39m=[32m"Paid"[39m
                [36m>[39m
                  [0mPaid[0m
                [36m</option>[39m
                [36m<option[39m
                  [33mvalue[39m=[32m"Cancelled"[39m
                [36m>[39m
                  [0mCancelled[0m
                [36m</option>[39m
              [36m</select>[39m
            [36m</div>[39m
          [36m</div>[39m
          [36m<div[39m
            [33mclass[39m=[32m"bg-white border border-gray-300 rounded-lg shadow-sm overflow-hidden"[39m
          [36m>[39m
            [36m<div[39m
              [33mclass[39m=[32m"overflow-x-auto"[39m
            [36m>[39m
              [36m<table[39m
                [33mclass[39m=[32m"w-full border-collapse min-w-[800px]"[39m
              [36m>[39m
                [36m<thead>[39m
                  [36m<tr[39m
                    [33mclass[39m=[32m"border-b border-gray-200 bg-gray-50"[39m
                  [36m>[39m
                    [36m<th[39m
                      [33mclass[39m=[32m"text-left p-4 text-black font-semibold"[39m
                    [36m>[39m
                      [0mPO Number[0m
                    [36m</th>[39m
                    [36m<th[39m
                      [33mclass[39m=[32m"text-left p-4 text-black font-semibold"[39m
                    [36m>[39m
                      [0mSupplier[0m
                    [36m</th>[39m
                    [36m<th[39m
                      [33mclass[39m=[32m"text-left p-4 text-black font-semibold"[39m
                    [36m>[39m
                      [0mStatus[0m
                    [36m</th>[39m
                    [36m<th[39m
                      [33mclass[39m=[32m"text-left p-4 text-black font-semibold"[39m
                    [36m>[39m
                      [0mOrder Date[0m
                    [36m</th>[39m
                    [36m<th[39m
                      [33mclass[39m=[32m"text-left p-4 text-black font-semibold"[39m
                    [36m>[39m
                      [0mExpected Delivery[0m
                    [36m</th>[39m
                    [36m<th[39m
                      [33mclass[39m=[32m"text-left p-4 text-black font-semibold"[39m
                    [36m>[39m
                      [0mTotal[0m
                    [36m</th>[39m
                    [36m<th[39m
                      [33mclass[39m=[32m"text-left p-4 text-black font-semibold"[39m
                    [36m>[39m
                      [0mActions[0m
                    [36m</th>[39m
                  [36m</tr>[39m
                [36m</thead>[39m
                [36m<tbody>[39m
                  [36m<tr[39m
                    [33mclass[39m=[32m"border-b border-gray-100 hover:bg-gray-50"[39m
                  [36m>[39m
                    [36m<td[39m
                      [33mclass[39m=[32m"p-4"[39m
                    [36m>[39m
                      [36m<button[39m
                        [33mclass[39m=[32m"text-blue-600 hover:text-blue-800 font-semibold"[39m
                      [36m>[39m
                        [0mPO-2024-001[0m
                      [36m</button>[39m
                    [36m</td>[39m
                    [36m<td[39m
                      [33mclass[39m=[32m"p-4 text-black"[39m
                    [36m>[39m
                      [0mHome Depot[0m
                    [36m</td>[39m
                    [36m<td[39m
                      [33mclass[39m=[32m"p-4"[39m
                    [36m>[39m
                      [36m<span[39m
                        [33mclass[39m=[32m"px-2 py-1 rounded text-xs font-medium bg-gray-100 text-gray-800"[39m
                      [36m>[39m
                        [0m≡ƒô¥[0m
                        [0m [0m
                        [0mDraft[0m
                      [36m</span>[39m
                    [36m</td>[39m
                    [36m<td[39m
                      [33mclass[39m=[32m"p-4 text-gray-600 text-sm"[39m
                    [36m>[39m
                      [0mNov 9, 2024[0m
                    [36m</td>[39m
                    [36m<td[39m
                      [33mclass[39m=[32m"p-4 text-gray-600 text-sm"[39m
                    [36m>[39m
                      [0mNov 14, 2024[0m
                    [36m</td>[39m
                    [36m<td[39m
                      [33mclass[39m=[32m"p-4 text-black font-semibold"[39m
                    [36m>[39m
                      [0m$[0m
                      [0m323.46[0m
                    [36m</td>[39m
                    [36m<td[39m
                      [33mclass[39m=[32m"p-4"[39m
                    [36m>[39m
                      [36m<button[39m
                        [33mclass[39m=[32m"text-blue-600 hover:text-blue-800 text-sm font-medium"[39m
                      [36m>[39m
                        [0mView Details ΓåÆ[0m
                      [36m</button>[39m
                    [36m</td>[39m
                  [36m</tr>[39m
                  [36m<tr[39m
                    [33mclass[39m=[32m"border-b border-gray-100 hover:bg-gray-50"[39m
                  [36m>[39m
                    [36m<td[39m
                      [33mclass[39m=[32m"p-4"[39m
                    [36m>[39m
                      [36m<button[39m
                        [33mclass[39m=[32m"text-blue-600 hover:text-blue-800 font-semibold"[39m
                      [36m>[39m
                        [0mPO-2024-002[0m
                      [36m</button>[39m
                    [36m</td>[39m
                    [36m<td[39m
                      [33mclass[39m=[32m"p-4 text-black"[39m
                    [36m>[39m
                      [0mLowe's[0m
                    [36m</td>[39m
                    [36m<td[39m
                      [33mclass[39m=[32m"p-4"[39m
                    [36m>[39m
                      [36m<span[39m
                        [33mclass[39m=[32m"px-2 py-1 rounded text-xs font-medium bg-blue-100 text-blue-800"[39m
                      [36m>[39m
                        [0m≡ƒôñ[0m
                        [0m [0m
                        [0mSent[0m
                      [36m</span>[39m
                    [36m</td>[39m
                    [36m<td[39m
                      [33mclass[39m=[32m"p-4 text-gray-600 text-sm"[39m
                    [36m>[39m
                      [0mNov 7, 2024[0m
                    [36m</td>[39m
                    [36m<td[39m
                      [33mclass[39m=[32m"p-4 text-gray-600 text-sm"[39m
                    [36m>[39m
                      [0mNov 11, 2024[0m
                    [36m</td>[39m
                    [36m<td[39m
                      [33mclass[39m=[32m"p-4 text-black font-semibold"[39m
                    [36m>[39m
                      [0m$[0m
                      [0m155.29[0m
                    [36m</td>[39m
                    [36m<td[39m
                      [33mclass[39m=[32m"p-4"[39m
                    [36m>[39m
                      [36m<button[39m
                        [33mclass[39m=[32m"text-blue-600 hover:text-blue-800 text-sm font-medium"[39m
                      [36m>[39m
                        [0mView Details ΓåÆ[0m
                      [36m</button>[39m
                    [36m</td>[39m
                  [36m</tr>[39m
                  [36m<tr[39m
                    [33mclass[39m=[32m"border-b border-gray-100 hover:bg-gray-50"[39m
                  [36m>[39m
                    [36m<td[39m
                      [33mclass[39m=[32m"p-4"[39m
                    [36m>[39m
                      [36m<button[39m
                        [33mclass[39m=[32m"text-blue-600 hover:text-blue-800 font-semibold"[39m
                      [36m>[39m
                        [0mPO-2024-003[0m
                      [36m</button>[39m
                    [36m</td>[39m
                    [36m<td[39m
                      [33mclass[39m=[32m"p-4 text-black"[39m
                    [36m>[39m
                      [0mHome Depot[0m
                    [36m</td>[39m
                    [36m<td[39m
                      [33mclass[39m=[32m"p-4"[39m
                    [36m>[39m
                      [36m<span[39m
                        [33mclass[39m=[32m"px-2 py-1 rounded text-xs font-medium bg-green-100 text-green-800"[39m
                      [36m>[39m
                        [0m≡ƒôª[0m
                        [0m [0m
                        [0mReceived[0m
                      [36m</span>[39m
                    [36m</td>[39m
                    [36m<td[39m
                      [33mclass[39m=[32m"p-4 text-gray-600 text-sm"[39m
                    [36m>[39m
                      [0mOct 31, 2024[0m
                    [36m</td>[39m
                    [36m<td[39m
                      [33mclass[39m=[32m"p-4 text-gray-600 text-sm"[39m
                    [36m>[39m
                      [0m-[0m
                    [36m</td>[39m
                    [36m<td[39m
                      [33mclass[39m=[32m"p-4 text-black font-semibold"[39m
                    [36m>[39m
                      [0m$[0m
                      [0m161.95[0m
                    [36m</td>[39m
                    [36m<td[39m
                      [33mclass[39m=[32m"p-4"[39m
                    [36m>[39m
                      [36m<button[39m
                        [33mclass[39m=[32m"text-blue-600 hover:text-blue-800 text-sm font-medium"[39m
                      [36m>[39m
                        [0mView Details ΓåÆ[0m
                      [36m</button>[39m
                    [36m</td>[39m
                  [36m</tr>[39m
                [36m</tbody>[39m
              [36m</table>[39m
            [36m</div>[39m
          [36m</div>[39m
        [36m</div>[39m
      [36m</div>[39m
    [36m</body>[39m

    [0m [90m 115 |[39m     render([33m<[39m[33mBrowserRouter[39m[33m>[39m[33m<[39m[33mPurchaseOrders[39m 
[33m/[39m[33m>[39m[33m<[39m[33m/[39m[33mBrowserRouter[39m[33m>[39m)[33m;[39m
     [90m 116 |[39m     
    [31m[1m>[22m[39m[90m 117 |[39m     [36mawait[39m waitFor(() [33m=>[39m {
     [90m     |[39m                  [31m[1m^[22m[39m
     [90m 118 |[39m       expect(screen[33m.[39mgetByText([32m'Draft'[39m))[33m.[39mtoBeInTheDocument()[33m;[39m
     [90m 119 |[39m       expect(screen[33m.[39mgetByText([32m'Sent'[39m))[33m.[39mtoBeInTheDocument()[33m;[39m
     [90m 120 |[39m       [90m// Check for Received status in table rows (not in select options)[39m[0m

      at waitForWrapper (node_modules/@testing-library/dom/dist/wait-for.js:163:27)
      at Object.<anonymous> (src/components/__tests__/PurchaseOrders.test.jsx:117:18)

  ΓùÅ PurchaseOrders Component - Phase 2B ΓÇ║ should open PO detail modal when clicked

    Unable to find an element with the text: Purchase Order Details. This could be because the text is broken up by multiple elements. In this case, you can provide a 
function for your text matcher to make your matcher more flexible.

    Ignored nodes: comments, script, style
    [36m<body>[39m
      [36m<div>[39m
        [36m<div[39m
          [33mclass[39m=[32m"p-4 md:p-6 text-black"[39m
        [36m>[39m
          [36m<div[39m
            [33mclass[39m=[32m"mb-6"[39m
          [36m>[39m
            [36m<div[39m
              [33mclass[39m=[32m"flex flex-col sm:flex-row justify-between items-start sm:items-center gap-3 mb-4"[39m
            [36m>[39m
              [36m<a[39m
                [33mclass[39m=[32m"bg-blue-500 text-white px-3 py-2 rounded hover:bg-blue-600 text-sm md:text-base"[39m
                [33mdata-discover[39m=[32m"true"[39m
                [33mhref[39m=[32m"/suppliers"[39m
              [36m>[39m
                [0mBack to Suppliers[0m
              [36m</a>[39m
              [36m<a[39m
                [33mclass[39m=[32m"bg-blue-500 text-white px-3 py-2 rounded hover:bg-blue-600 text-sm md:text-base"[39m
                [33mdata-discover[39m=[32m"true"[39m
                [33mhref[39m=[32m"/"[39m
              [36m>[39m
                [0mDashboard[0m
              [36m</a>[39m
            [36m</div>[39m
            [36m<h1[39m
              [33mclass[39m=[32m"text-2xl md:text-3xl font-bold text-black"[39m
            [36m>[39m
              [0mPurchase Orders[0m
            [36m</h1>[39m
            [36m<p[39m
              [33mclass[39m=[32m"text-gray-600 mt-2"[39m
            [36m>[39m
              [0mManage and track all purchase orders[0m
            [36m</p>[39m
          [36m</div>[39m
          [36m<div[39m
            [33mclass[39m=[32m"grid grid-cols-2 md:grid-cols-6 gap-4 mb-6"[39m
          [36m>[39m
            [36m<div[39m
              [33mclass[39m=[32m"bg-white border border-gray-300 rounded-lg p-4"[39m
            [36m>[39m
              [36m<p[39m
                [33mclass[39m=[32m"text-gray-600 text-sm"[39m
              [36m>[39m
                [0mTotal POs[0m
              [36m</p>[39m
              [36m<p[39m
                [33mclass[39m=[32m"text-3xl font-bold text-black"[39m
              [36m>[39m
                [0m3[0m
              [36m</p>[39m
            [36m</div>[39m
            [36m<div[39m
              [33mclass[39m=[32m"bg-white border border-gray-300 rounded-lg p-4"[39m
            [36m>[39m
              [36m<p[39m
                [33mclass[39m=[32m"text-gray-600 text-sm"[39m
              [36m>[39m
                [0mDraft[0m
              [36m</p>[39m
              [36m<p[39m
                [33mclass[39m=[32m"text-3xl font-bold text-gray-600"[39m
              [36m>[39m
                [0m1[0m
              [36m</p>[39m
            [36m</div>[39m
            [36m<div[39m
              [33mclass[39m=[32m"bg-white border border-gray-300 rounded-lg p-4"[39m
            [36m>[39m
              [36m<p[39m
                [33mclass[39m=[32m"text-gray-600 text-sm"[39m
              [36m>[39m
                [0mSent[0m
              [36m</p>[39m
              [36m<p[39m
                [33mclass[39m=[32m"text-3xl font-bold text-blue-600"[39m
              [36m>[39m
                [0m1[0m
              [36m</p>[39m
            [36m</div>[39m
            [36m<div[39m
              [33mclass[39m=[32m"bg-white border border-gray-300 rounded-lg p-4"[39m
            [36m>[39m
              [36m<p[39m
                [33mclass[39m=[32m"text-gray-600 text-sm"[39m
              [36m>[39m
                [0mReceived[0m
              [36m</p>[39m
              [36m<p[39m
                [33mclass[39m=[32m"text-3xl font-bold text-green-600"[39m
              [36m>[39m
                [0m1[0m
              [36m</p>[39m
            [36m</div>[39m
            [36m<div[39m
              [33mclass[39m=[32m"bg-white border border-gray-300 rounded-lg p-4"[39m
            [36m>[39m
              [36m<p[39m
                [33mclass[39m=[32m"text-gray-600 text-sm"[39m
              [36m>[39m
                [0mPaid[0m
              [36m</p>[39m
              [36m<p[39m
                [33mclass[39m=[32m"text-3xl font-bold text-green-700"[39m
              [36m>[39m
                [0m0[0m
              [36m</p>[39m
            [36m</div>[39m
            [36m<div[39m
              [33mclass[39m=[32m"bg-white border border-gray-300 rounded-lg p-4"[39m
            [36m>[39m
              [36m<p[39m
                [33mclass[39m=[32m"text-gray-600 text-sm"[39m
              [36m>[39m
                [0mTotal Value[0m
              [36m</p>[39m
              [36m<p[39m
                [33mclass[39m=[32m"text-2xl font-bold text-black"[39m
              [36m>[39m
                [0m$[0m
                [0m640.70[0m
              [36m</p>[39m
            [36m</div>[39m
          [36m</div>[39m
          [36m<div[39m
            [33mclass[39m=[32m"bg-white border border-gray-300 rounded-lg p-4 mb-6"[39m
          [36m>[39m
            [36m<div[39m
              [33mclass[39m=[32m"flex gap-4 items-center"[39m
            [36m>[39m
              [36m<label[39m
                [33mclass[39m=[32m"text-sm font-medium text-black"[39m
                [33mfor[39m=[32m"status-filter"[39m
              [36m>[39m
                [0mStatus:[0m
              [36m</label>[39m
              [36m<select[39m
                [33mclass[39m=[32m"p-2 border border-gray-300 rounded text-black bg-white"[39m
                [33mid[39m=[32m"status-filter"[39m
                [33mname[39m=[32m"status-filter"[39m
              [36m>[39m
                [36m<option[39m
                  [33mvalue[39m=[32m""[39m
                [36m>[39m
                  [0mAll Status[0m
                [36m</option>[39m
                [36m<option[39m
                  [33mvalue[39m=[32m"Draft"[39m
                [36m>[39m
                  [0mDraft[0m
                [36m</option>[39m
                [36m<option[39m
                  [33mvalue[39m=[32m"Sent"[39m
                [36m>[39m
                  [0mSent[0m
                [36m</option>[39m
                [36m<option[39m
                  [33mvalue[39m=[32m"Confirmed"[39m
                [36m>[39m
                  [0mConfirmed[0m
                [36m</option>[39m
                [36m<option[39m
                  [33mvalue[39m=[32m"Received"[39m
                [36m>[39m
                  [0mReceived[0m
                [36m</option>[39m
                [36m<option[39m
                  [33mvalue[39m=[32m"Paid"[39m
                [36m>[39m
                  [0mPaid[0m
                [36m</option>[39m
                [36m<option[39m
                  [33mvalue[39m=[32m"Cancelled"[39m
                [36m>[39m
                  [0mCancelled[0m
                [36m</option>[39m
              [36m</select>[39m
            [36m</div>[39m
          [36m</div>[39m
          [36m<div[39m
            [33mclass[39m=[32m"bg-white border border-gray-300 rounded-lg shadow-sm overflow-hidden"[39m
          [36m>[39m
            [36m<div[39m
              [33mclass[39m=[32m"overflow-x-auto"[39m
            [36m>[39m
              [36m<table[39m
                [33mclass[39m=[32m"w-full border-collapse min-w-[800px]"[39m
              [36m>[39m
                [36m<thead>[39m
                  [36m<tr[39m
                    [33mclass[39m=[32m"border-b border-gray-200 bg-gray-50"[39m
                  [36m>[39m
                    [36m<th[39m
                      [33mclass[39m=[32m"text-left p...

    [0m [90m 143 |[39m     })[33m;[39m
     [90m 144 |[39m     
    [31m[1m>[22m[39m[90m 145 |[39m     [36mawait[39m waitFor(() [33m=>[39m {
     [90m     |[39m                  [31m[1m^[22m[39m
     [90m 146 |[39m       expect(screen[33m.[39mgetByText([32m'Purchase Order Details'[39m))[33m.[39mtoBeInTheDocument()[33m;[39m
     [90m 147 |[39m       expect(screen[33m.[39mgetByText([32m'2x4 Lumber'[39m))[33m.[39mtoBeInTheDocument()[33m;[39m
     [90m 148 |[39m     })[33m;[39m[0m

      at waitForWrapper (node_modules/@testing-library/dom/dist/wait-for.js:163:27)
      at Object.<anonymous> (src/components/__tests__/PurchaseOrders.test.jsx:145:18)

  ΓùÅ PurchaseOrders Component - Phase 2B ΓÇ║ should search POs by PO number or supplier

    Unable to find an element with the placeholder text of: /Search by PO#/i

    Ignored nodes: comments, script, style
    [36m<body>[39m
      [36m<div>[39m
        [36m<div[39m
          [33mclass[39m=[32m"p-4 md:p-6 text-black"[39m
        [36m>[39m
          [36m<div[39m
            [33mclass[39m=[32m"mb-6"[39m
          [36m>[39m
            [36m<div[39m
              [33mclass[39m=[32m"flex flex-col sm:flex-row justify-between items-start sm:items-center gap-3 mb-4"[39m
            [36m>[39m
              [36m<a[39m
                [33mclass[39m=[32m"bg-blue-500 text-white px-3 py-2 rounded hover:bg-blue-600 text-sm md:text-base"[39m
                [33mdata-discover[39m=[32m"true"[39m
                [33mhref[39m=[32m"/suppliers"[39m
              [36m>[39m
                [0mBack to Suppliers[0m
              [36m</a>[39m
              [36m<a[39m
                [33mclass[39m=[32m"bg-blue-500 text-white px-3 py-2 rounded hover:bg-blue-600 text-sm md:text-base"[39m
                [33mdata-discover[39m=[32m"true"[39m
                [33mhref[39m=[32m"/"[39m
              [36m>[39m
                [0mDashboard[0m
              [36m</a>[39m
            [36m</div>[39m
            [36m<h1[39m
              [33mclass[39m=[32m"text-2xl md:text-3xl font-bold text-black"[39m
            [36m>[39m
              [0mPurchase Orders[0m
            [36m</h1>[39m
            [36m<p[39m
              [33mclass[39m=[32m"text-gray-600 mt-2"[39m
            [36m>[39m
              [0mManage and track all purchase orders[0m
            [36m</p>[39m
          [36m</div>[39m
          [36m<div[39m
            [33mclass[39m=[32m"grid grid-cols-2 md:grid-cols-6 gap-4 mb-6"[39m
          [36m>[39m
            [36m<div[39m
              [33mclass[39m=[32m"bg-white border border-gray-300 rounded-lg p-4"[39m
            [36m>[39m
              [36m<p[39m
                [33mclass[39m=[32m"text-gray-600 text-sm"[39m
              [36m>[39m
                [0mTotal POs[0m
              [36m</p>[39m
              [36m<p[39m
                [33mclass[39m=[32m"text-3xl font-bold text-black"[39m
              [36m>[39m
                [0m3[0m
              [36m</p>[39m
            [36m</div>[39m
            [36m<div[39m
              [33mclass[39m=[32m"bg-white border border-gray-300 rounded-lg p-4"[39m
            [36m>[39m
              [36m<p[39m
                [33mclass[39m=[32m"text-gray-600 text-sm"[39m
              [36m>[39m
                [0mDraft[0m
              [36m</p>[39m
              [36m<p[39m
                [33mclass[39m=[32m"text-3xl font-bold text-gray-600"[39m
              [36m>[39m
                [0m1[0m
              [36m</p>[39m
            [36m</div>[39m
            [36m<div[39m
              [33mclass[39m=[32m"bg-white border border-gray-300 rounded-lg p-4"[39m
            [36m>[39m
              [36m<p[39m
                [33mclass[39m=[32m"text-gray-600 text-sm"[39m
              [36m>[39m
                [0mSent[0m
              [36m</p>[39m
              [36m<p[39m
                [33mclass[39m=[32m"text-3xl font-bold text-blue-600"[39m
              [36m>[39m
                [0m1[0m
              [36m</p>[39m
            [36m</div>[39m
            [36m<div[39m
              [33mclass[39m=[32m"bg-white border border-gray-300 rounded-lg p-4"[39m
            [36m>[39m
              [36m<p[39m
                [33mclass[39m=[32m"text-gray-600 text-sm"[39m
              [36m>[39m
                [0mReceived[0m
              [36m</p>[39m
              [36m<p[39m
                [33mclass[39m=[32m"text-3xl font-bold text-green-600"[39m
              [36m>[39m
                [0m1[0m
              [36m</p>[39m
            [36m</div>[39m
            [36m<div[39m
              [33mclass[39m=[32m"bg-white border border-gray-300 rounded-lg p-4"[39m
            [36m>[39m
              [36m<p[39m
                [33mclass[39m=[32m"text-gray-600 text-sm"[39m
              [36m>[39m
                [0mPaid[0m
              [36m</p>[39m
              [36m<p[39m
                [33mclass[39m=[32m"text-3xl font-bold text-green-700"[39m
              [36m>[39m
                [0m0[0m
              [36m</p>[39m
            [36m</div>[39m
            [36m<div[39m
              [33mclass[39m=[32m"bg-white border border-gray-300 rounded-lg p-4"[39m
            [36m>[39m
              [36m<p[39m
                [33mclass[39m=[32m"text-gray-600 text-sm"[39m
              [36m>[39m
                [0mTotal Value[0m
              [36m</p>[39m
              [36m<p[39m
                [33mclass[39m=[32m"text-2xl font-bold text-black"[39m
              [36m>[39m
                [0m$[0m
                [0m640.70[0m
              [36m</p>[39m
            [36m</div>[39m
          [36m</div>[39m
          [36m<div[39m
            [33mclass[39m=[32m"bg-white border border-gray-300 rounded-lg p-4 mb-6"[39m
          [36m>[39m
            [36m<div[39m
              [33mclass[39m=[32m"flex gap-4 items-center"[39m
            [36m>[39m
              [36m<label[39m
                [33mclass[39m=[32m"text-sm font-medium text-black"[39m
                [33mfor[39m=[32m"status-filter"[39m
              [36m>[39m
                [0mStatus:[0m
              [36m</label>[39m
              [36m<select[39m
                [33mclass[39m=[32m"p-2 border border-gray-300 rounded text-black bg-white"[39m
                [33mid[39m=[32m"status-filter"[39m
                [33mname[39m=[32m"status-filter"[39m
              [36m>[39m
                [36m<option[39m
                  [33mvalue[39m=[32m""[39m
                [36m>[39m
                  [0mAll Status[0m
                [36m</option>[39m
                [36m<option[39m
                  [33mvalue[39m=[32m"Draft"[39m
                [36m>[39m
                  [0mDraft[0m
                [36m</option>[39m
                [36m<option[39m
                  [33mvalue[39m=[32m"Sent"[39m
                [36m>[39m
                  [0mSent[0m
                [36m</option>[39m
                [36m<option[39m
                  [33mvalue[39m=[32m"Confirmed"[39m
                [36m>[39m
                  [0mConfirmed[0m
                [36m</option>[39m
                [36m<option[39m
                  [33mvalue[39m=[32m"Received"[39m
                [36m>[39m
                  [0mReceived[0m
                [36m</option>[39m
                [36m<option[39m
                  [33mvalue[39m=[32m"Paid"[39m
                [36m>[39m
                  [0mPaid[0m
                [36m</option>[39m
                [36m<option[39m
                  [33mvalue[39m=[32m"Cancelled"[39m
                [36m>[39m
                  [0mCancelled[0m
                [36m</option>[39m
              [36m</select>[39m
            [36m</div>[39m
          [36m</div>[39m
          [36m<div[39m
            [33mclass[39m=[32m"bg-white border border-gray-300 rounded-lg shadow-sm overflow-hidden"[39m
          [36m>[39m
            [36m<div[39m
              [33mclass[39m=[32m"overflow-x-auto"[39m
            [36m>[39m
              [36m<table[39m
                [33mclass[39m=[32m"w-full border-collapse min-w-[800px]"[39m
              [36m>[39m
                [36m<thead>[39m
                  [36m<tr[39m
                    [33mclass[39m=[32m"border-b border-gray-200 bg-gray-50"[39m
                  [36m>[39m
                    [36m<th[39m
                      [33mclass[39m=[32m"text-left p-4 text-black font-semibold"[39m
                    [36m>[39m
                      [0mPO Number[0m
                    [36m</th>[39m
                    [36m<th[39m
                      [33mclass[39m=[32m"text-left p-4 text-black font-semibold"[39m
                    [36m>[39m
                      [0mSupplier[0m
                    [36m</th>[39m
                    [36m<th[39m
                      [33mclass[39m=[32m"text-left p-4 text-black font-semibold"[39m
                    [36m>[39m
                      [0mStatus[0m
                    [36m</th>[39m
                    [36m<th[39m
                      [33mclass[39m=[32m"text-left p-4 text-black font-semibold"[39m
                    [36m>[39m
                      [0mOrder Date[0m
                    [36m</th>[39m
                    [36m<th[39m
                      [33mclass[39m=[32m"text-left p-4 text-black font-semibold"[39m
                    [36m>[39m
                      [0mExpected Delivery[0m
                    [36m</th>[39m
                    [36m<th[39m
                      [33mclass[39m=[32m"text-left p-4 text-black font-semibold"[39m
                    [36m>[39m
                      [0mTotal[0m
                    [36m</th>[39m
                    [36m<th[39m
                      [33mclass[39m=[32m"text-left p-4 text-black font-semibold"[39m
                    [36m>[39m
                      [0mActions[0m
                    [36m</th>[39m
                  [36m</tr>[39m
                [36m</thead>[39m
                [36m<tbody>[39m
                  [36m<tr[39m
                    [33mclass[39m=[32m"border-b border-gray-100 hover:bg-gray-50"[39m
                  [36m>[39m
                    [36m<td[39m
                      [33mclass[39m=[32m"p-4"[39m
                    [36m>[39m
                      [36m<button[39m
                        [33mclass[39m=[32m"text-blue-600 hover:text-blue-800 font-semibold"[39m
                      [36m>[39m
                        [0mPO-2024-001[0m
                      [36m</button>[39m
                    [36m</td>[39m
                    [36m<td[39m
                      [33mclass[39m=[32m"p-4 text-black"[39m
                    [36m>[39m
                      [0mHome Depot[0m
                    [36m</td>[39m
                    [36m<td[39m
                      [33mclass[39m=[32m"p-4"[39m
                    [36m>[39m
                      [36m<span[39m
                        [33mclass[39m=[32m"px-2 py-1 rounded text-xs font-medium bg-gray-100 text-gray-800"[39m
                      [36m>[39m
                        [0m≡ƒô¥[0m
                        [0m [0m
                        [0mDraft[0m
                      [36m</span>[39m
                    [36m</td>[39m
                    [36m<td[39m
                      [33mclass[39m=[32m"p-4 text-gray-600 text-sm"[39m
                    [36m>[39m
                      [0mNov 9, 2024[0m
                    [36m</td>[39m
                    [36m<td[39m
                      [33mclass[39m=[32m"p-4 text-gray-600 text-sm"[39m
                    [36m>[39m
                      [0mNov 14, 2024[0m
                    [36m</td>[39m
                    [36m<td[39m
                      [33mclass[39m=[32m"p-4 text-black font-semibold"[39m
                    [36m>[39m
                      [0m$[0m
                      [0m323.46[0m
                    [36m</td>[39m
                    [36m<td[39m
                      [33mclass[39m=[32m"p-4"[39m
                    [36m>[39m
                      [36m<button[39m
                        [33mclass[39m=[32m"text-blue-600 hover:text-blue-800 text-sm font-medium"[39m
                      [36m>[39m
                        [0mView Details ΓåÆ[0m
                      [36m</button>[39m
                    [36m</td>[39m
                  [36m</tr>[39m
                  [36m<tr[39m
                    [33mclass[39m=[32m"border-b border-gray-100 hover:bg-gray-50"[39m
                  [36m>[39m
                    [36m<td[39m
                      [33mclass[39m=[32m"p-4"[39m
                    [36m>[39m
                      [36m<button[39m
                        [33mclass[39m=[32m"text-blue-600 hover:text-blue-800 font-semibold"[39m
                      [36m>[39m
                        [0mPO-2024-002[0m
                      [36m</button>[39m
                    [36m</td>[39m
                    [36m<td[39m
                      [33mclass[39m=[32m"p-4 text-black"[39m
                    [36m>[39m
                      [0mLowe's[0m
                    [36m</td>[39m
                    [36m<td[39m
                      [33mclass[39m=[32m"p-4"[39m
                    [36m>[39m
                      [36m<span[39m
                        [33mclass[39m=[32m"px-2 py-1 rounded text-xs font-medium bg-blue-100 text-blue-800"[39m
                      [36m>[39m
                        [0m≡ƒôñ[0m
                        [0m [0m
                        [0mSent[0m
                      [36m</span>[39m
                    [36m</td>[39m
                    [36m<td[39m
                      [33mclass[39m=[32m"p-4 text-gray-600 text-sm"[39m
                    [36m>[39m
                      [0mNov 7, 2024[0m
                    [36m</td>[39m
                    [36m<td[39m
                      [33mclass[39m=[32m"p-4 text-gray-600 text-sm"[39m
                    [36m>[39m
                      [0mNov 11, 2024[0m
                    [36m</td>[39m
                    [36m<td[39m
                      [33mclass[39m=[32m"p-4 text-black font-semibold"[39m
                    [36m>[39m
                      [0m$[0m
                      [0m155.29[0m
                    [36m</td>[39m
                    [36m<td[39m
                      [33mclass[39m=[32m"p-4"[39m
                    [36m>[39m
                      [36m<button[39m
                        [33mclass[39m=[32m"text-blue-600 hover:text-blue-800 text-sm font-medium"[39m
                      [36m>[39m
                        [0mView Details ΓåÆ[0m
                      [36m</button>[39m
                    [36m</td>[39m
                  [36m</tr>[39m
                  [36m<tr[39m
                    [33mclass[39m=[32m"border-b border-gray-100 hover:bg-gray-50"[39m
                  [36m>[39m
                    [36m<td[39m
                      [33mclass[39m=[32m"p-4"[39m
                    [36m>[39m
                      [36m<button[39m
                        [33mclass[39m=[32m"text-blue-600 hover:text-blue-800 font-semibold"[39m
                      [36m>[39m
                        [0mPO-2024-003[0m
                      [36m</button>[39m
                    [36m</td>[39m
                    [36m<td[39m
                      [33mclass[39m=[32m"p-4 text-black"[39m
                    [36m>[39m
                      [0mHome Depot[0m
                    [36m</td>[39m
                    [36m<td[39m
                      [33mclass[39m=[32m"p-4"[39m
                    [36m>[39m
                      [36m<span[39m
                        [33mclass[39m=[32m"px-2 py-1 rounded text-xs font-medium bg-green-100 text-green-800"[39m
                      [36m>[39m
                        [0m≡ƒôª[0m
                        [0m [0m
                        [0mReceived[0m
                      [36m</span>[39m
                    [36m</td>[39m
                    [36m<td[39m
                      [33mclass[39m=[32m"p-4 text-gray-600 text-sm"[39m
                    [36m>[39m
                      [0mOct 31, 2024[0m
                    [36m</td>[39m
                    [36m<td[39m
                      [33mclass[39m=[32m"p-4 text-gray-600 text-sm"[39m
                    [36m>[39m
                      [0m-[0m
                    [36m</td>[39m
                    [36m<td[39m
                      [33mclass[39m=[32m"p-4 text-black font-semibold"[39m
                    [36m>[39m
                      [0m$[0m
                      [0m161.95[0m
                    [36m</td>[39m
                    [36m<td[39m
                      [33mclass[39m=[32m"p-4"[39m
                    [36m>[39m
                      [36m<button[39m
                        [33mclass[39m=[32m"text-blue-600 hover:text-blue-800 text-sm font-medium"[39m
                      [36m>[39m
                        [0mView Details ΓåÆ[0m
                      [36m</button>[39m
                    [36m</td>[39m
                  [36m</tr>[39m
                [36m</tbody>[39m
              [36m</table>[39m
            [36m</div>[39m
          [36m</div>[39m
        [36m</div>[39m
      [36m</div>[39m
    [36m</body>[39m

    [0m [90m 170 |[39m     render([33m<[39m[33mBrowserRouter[39m[33m>[39m[33m<[39m[33mPurchaseOrders[39m 
[33m/[39m[33m>[39m[33m<[39m[33m/[39m[33mBrowserRouter[39m[33m>[39m)[33m;[39m
     [90m 171 |[39m     
    [31m[1m>[22m[39m[90m 172 |[39m     [36mawait[39m waitFor(() [33m=>[39m {
     [90m     |[39m                  [31m[1m^[22m[39m
     [90m 173 |[39m       [36mconst[39m searchInput [33m=[39m screen[33m.[39mgetByPlaceholderText([35m/Search by PO#/i[39m)[33m;[39m
     [90m 174 |[39m       fireEvent[33m.[39mchange(searchInput[33m,[39m { target[33m:[39m { value[33m:[39m [32m'Home Depot'[39m } })[33m;[39m
     [90m 175 |[39m     })[33m;[39m[0m

      at waitForWrapper (node_modules/@testing-library/dom/dist/wait-for.js:163:27)
      at Object.<anonymous> (src/components/__tests__/PurchaseOrders.test.jsx:172:18)

  ΓùÅ PurchaseOrders Component - Phase 2B ΓÇ║ should create new PO from cart

    Unable to find an element with the text: /Create Purchase Order/i. This could be because the text is broken up by multiple elements. In this case, you can provide 
a function for your text matcher to make your matcher more flexible.

    Ignored nodes: comments, script, style
    [36m<body>[39m
      [36m<div>[39m
        [36m<div[39m
          [33mclass[39m=[32m"p-4 md:p-6 text-black"[39m
        [36m>[39m
          [36m<div[39m
            [33mclass[39m=[32m"mb-6"[39m
          [36m>[39m
            [36m<div[39m
              [33mclass[39m=[32m"flex flex-col sm:flex-row justify-between items-start sm:items-center gap-3 mb-4"[39m
            [36m>[39m
              [36m<a[39m
                [33mclass[39m=[32m"bg-blue-500 text-white px-3 py-2 rounded hover:bg-blue-600 text-sm md:text-base"[39m
                [33mdata-discover[39m=[32m"true"[39m
                [33mhref[39m=[32m"/suppliers"[39m
              [36m>[39m
                [0mBack to Suppliers[0m
              [36m</a>[39m
              [36m<a[39m
                [33mclass[39m=[32m"bg-blue-500 text-white px-3 py-2 rounded hover:bg-blue-600 text-sm md:text-base"[39m
                [33mdata-discover[39m=[32m"true"[39m
                [33mhref[39m=[32m"/"[39m
              [36m>[39m
                [0mDashboard[0m
              [36m</a>[39m
            [36m</div>[39m
            [36m<h1[39m
              [33mclass[39m=[32m"text-2xl md:text-3xl font-bold text-black"[39m
            [36m>[39m
              [0mPurchase Orders[0m
            [36m</h1>[39m
            [36m<p[39m
              [33mclass[39m=[32m"text-gray-600 mt-2"[39m
            [36m>[39m
              [0mManage and track all purchase orders[0m
            [36m</p>[39m
          [36m</div>[39m
          [36m<div[39m
            [33mclass[39m=[32m"grid grid-cols-2 md:grid-cols-6 gap-4 mb-6"[39m
          [36m>[39m
            [36m<div[39m
              [33mclass[39m=[32m"bg-white border border-gray-300 rounded-lg p-4"[39m
            [36m>[39m
              [36m<p[39m
                [33mclass[39m=[32m"text-gray-600 text-sm"[39m
              [36m>[39m
                [0mTotal POs[0m
              [36m</p>[39m
              [36m<p[39m
                [33mclass[39m=[32m"text-3xl font-bold text-black"[39m
              [36m>[39m
                [0m3[0m
              [36m</p>[39m
            [36m</div>[39m
            [36m<div[39m
              [33mclass[39m=[32m"bg-white border border-gray-300 rounded-lg p-4"[39m
            [36m>[39m
              [36m<p[39m
                [33mclass[39m=[32m"text-gray-600 text-sm"[39m
              [36m>[39m
                [0mDraft[0m
              [36m</p>[39m
              [36m<p[39m
                [33mclass[39m=[32m"text-3xl font-bold text-gray-600"[39m
              [36m>[39m
                [0m1[0m
              [36m</p>[39m
            [36m</div>[39m
            [36m<div[39m
              [33mclass[39m=[32m"bg-white border border-gray-300 rounded-lg p-4"[39m
            [36m>[39m
              [36m<p[39m
                [33mclass[39m=[32m"text-gray-600 text-sm"[39m
              [36m>[39m
                [0mSent[0m
              [36m</p>[39m
              [36m<p[39m
                [33mclass[39m=[32m"text-3xl font-bold text-blue-600"[39m
              [36m>[39m
                [0m1[0m
              [36m</p>[39m
            [36m</div>[39m
            [36m<div[39m
              [33mclass[39m=[32m"bg-white border border-gray-300 rounded-lg p-4"[39m
            [36m>[39m
              [36m<p[39m
                [33mclass[39m=[32m"text-gray-600 text-sm"[39m
              [36m>[39m
                [0mReceived[0m
              [36m</p>[39m
              [36m<p[39m
                [33mclass[39m=[32m"text-3xl font-bold text-green-600"[39m
              [36m>[39m
                [0m1[0m
              [36m</p>[39m
            [36m</div>[39m
            [36m<div[39m
              [33mclass[39m=[32m"bg-white border border-gray-300 rounded-lg p-4"[39m
            [36m>[39m
              [36m<p[39m
                [33mclass[39m=[32m"text-gray-600 text-sm"[39m
              [36m>[39m
                [0mPaid[0m
              [36m</p>[39m
              [36m<p[39m
                [33mclass[39m=[32m"text-3xl font-bold text-green-700"[39m
              [36m>[39m
                [0m0[0m
              [36m</p>[39m
            [36m</div>[39m
            [36m<div[39m
              [33mclass[39m=[32m"bg-white border border-gray-300 rounded-lg p-4"[39m
            [36m>[39m
              [36m<p[39m
                [33mclass[39m=[32m"text-gray-600 text-sm"[39m
              [36m>[39m
                [0mTotal Value[0m
              [36m</p>[39m
              [36m<p[39m
                [33mclass[39m=[32m"text-2xl font-bold text-black"[39m
              [36m>[39m
                [0m$[0m
                [0m640.70[0m
              [36m</p>[39m
            [36m</div>[39m
          [36m</div>[39m
          [36m<div[39m
            [33mclass[39m=[32m"bg-white border border-gray-300 rounded-lg p-4 mb-6"[39m
          [36m>[39m
            [36m<div[39m
              [33mclass[39m=[32m"flex gap-4 items-center"[39m
            [36m>[39m
              [36m<label[39m
                [33mclass[39m=[32m"text-sm font-medium text-black"[39m
                [33mfor[39m=[32m"status-filter"[39m
              [36m>[39m
                [0mStatus:[0m
              [36m</label>[39m
              [36m<select[39m
                [33mclass[39m=[32m"p-2 border border-gray-300 rounded text-black bg-white"[39m
                [33mid[39m=[32m"status-filter"[39m
                [33mname[39m=[32m"status-filter"[39m
              [36m>[39m
                [36m<option[39m
                  [33mvalue[39m=[32m""[39m
                [36m>[39m
                  [0mAll Status[0m
                [36m</option>[39m
                [36m<option[39m
                  [33mvalue[39m=[32m"Draft"[39m
                [36m>[39m
                  [0mDraft[0m
                [36m</option>[39m
                [36m<option[39m
                  [33mvalue[39m=[32m"Sent"[39m
                [36m>[39m
                  [0mSent[0m
                [36m</option>[39m
                [36m<option[39m
                  [33mvalue[39m=[32m"Confirmed"[39m
                [36m>[39m
                  [0mConfirmed[0m
                [36m</option>[39m
                [36m<option[39m
                  [33mvalue[39m=[32m"Received"[39m
                [36m>[39m
                  [0mReceived[0m
                [36m</option>[39m
                [36m<option[39m
                  [33mvalue[39m=[32m"Paid"[39m
                [36m>[39m
                  [0mPaid[0m
                [36m</option>[39m
                [36m<option[39m
                  [33mvalue[39m=[32m"Cancelled"[39m
                [36m>[39m
                  [0mCancelled[0m
                [36m</option>[39m
              [36m</select>[39m
            [36m</div>[39m
          [36m</div>[39m
          [36m<div[39m
            [33mclass[39m=[32m"bg-white border border-gray-300 rounded-lg shadow-sm overflow-hidden"[39m
          [36m>[39m
            [36m<div[39m
              [33mclass[39m=[32m"overflow-x-auto"[39m
            [36m>[39m
              [36m<table[39m
                [33mclass[39m=[32m"w-full border-collapse min-w-[800px]"[39m
              [36m>[39m
                [36m<thead>[39m
                  [36m<tr[39m
                    [33mclass[39m=[32m"border-b border-gray-200 bg-gray-50"[39m
                  [36m>[39m
                    [36m<th[39m
                      [33mclass[39m=[32m"text-left p-4 text-black font-semibold"[39m
                    [36m>[39m
                      [0mPO Number[0m
                    [36m</th>[39m
                    [36m<th[39m
                      [33mclass[39m=[32m"text-left p-4 text-black font-semibold"[39m
                    [36m>[39m
                      [0mSupplier[0m
                    [36m</th>[39m
                    [36m<th[39m
                      [33mclass[39m=[32m"text-left p-4 text-black font-semibold"[39m
                    [36m>[39m
                      [0mStatus[0m
                    [36m</th>[39m
                    [36m<th[39m
                      [33mclass[39m=[32m"text-left p-4 text-black font-semibold"[39m
                    [36m>[39m
                      [0mOrder Date[0m
                    [36m</th>[39m
                    [36m<th[39m
                      [33mclass[39m=[32m"text-left p-4 text-black font-semibold"[39m
                    [36m>[39m
                      [0mExpected Delivery[0m
                    [36m</th>[39m
                    [36m<th[39m
                      [33mclass[39m=[32m"text-left p-4 text-black font-semibold"[39m
                    [36m>[39m
                      [0mTotal[0m
                    [36m</th>[39m
                    [36m<th[39m
                      [33mclass[39m=[32m"text-left p-4 text-black font-semibold"[39m
                    [36m>[39m
                      [0mActions[0m
                    [36m</th>[39m
                  [36m</tr>[39m
                [36m</thead>[39m
                [36m<tbody>[39m
                  [36m<tr[39m
                    [33mclass[39m=[32m"border-b border-gray-100 hover:bg-gray-50"[39m
                  [36m>[39m
                    [36m<td[39m
                      [33mclass[39m=[32m"p-4"[39m
                    [36m>[39m
                      [36m<button[39m
                        [33mclass[39m=[32m"text-blue-600 hover:text-blue-800 font-semibold"[39m
                      [36m>[39m
                        [0mPO-2024-001[0m
                      [36m</button>[39m
                    [36m</td>[39m
                    [36m<td[39m
                      [33mclass[39m=[32m"p-4 text-black"[39m
                    [36m>[39m
                      [0mHome Depot[0m
                    [36m</td>[39m
                    [36m<td[39m
                      [33mclass[39m=[32m"p-4"[39m
                    [36m>[39m
                      [36m<span[39m
                        [33mclass[39m=[32m"px-2 py-1 rounded text-xs font-medium bg-gray-100 text-gray-800"[39m
                      [36m>[39m
                        [0m≡ƒô¥[0m
                        [0m [0m
                        [0mDraft[0m
                      [36m</span>[39m
                    [36m</td>[39m
                    [36m<td[39m
                      [33mclass[39m=[32m"p-4 text-gray-600 text-sm"[39m
                    [36m>[39m
                      [0mNov 9, 2024[0m
                    [36m</td>[39m
                    [36m<td[39m
                      [33mclass[39m=[32m"p-4 text-gray-600 text-sm"[39m
                    [36m>[39m
                      [0mNov 14, 2024[0m
                    [36m</td>[39m
                    [36m<td[39m
                      [33mclass[39m=[32m"p-4 text-black font-semibold"[39m
                    [36m>[39m
                      [0m$[0m
                      [0m323.46[0m
                    [36m</td>[39m
                    [36m<td[39m
                      [33mclass[39m=[32m"p-4"[39m
                    [36m>[39m
                      [36m<button[39m
                        [33mclass[39m=[32m"text-blue-600 hover:text-blue-800 text-sm font-medium"[39m
                      [36m>[39m
                        [0mView Details ΓåÆ[0m
                      [36m</button>[39m
                    [36m</td>[39m
                  [36m</tr>[39m
                  [36m<tr[39m
                    [33mclass[39m=[32m"border-b border-gray-100 hover:bg-gray-50"[39m
                  [36m>[39m
                    [36m<td[39m
                      [33mclass[39m=[32m"p-4"[39m
                    [36m>[39m
                      [36m<button[39m
                        [33mclass[39m=[32m"text-blue-600 hover:text-blue-800 font-semibold"[39m
                      [36m>[39m
                        [0mPO-2024-002[0m
                      [36m</button>[39m
                    [36m</td>[39m
                    [36m<td[39m
                      [33mclass[39m=[32m"p-4 text-black"[39m
                    [36m>[39m
                      [0mLowe's[0m
                    [36m</td>[39m
                    [36m<td[39m
                      [33mclass[39m=[32m"p-4"[39m
                    [36m>[39m
                      [36m<span[39m
                        [33mclass[39m=[32m"px-2 py-1 rounded text-xs font-medium bg-blue-100 text-blue-800"[39m
                      [36m>[39m
                        [0m≡ƒôñ[0m
                        [0m [0m
                        [0mSent[0m
                      [36m</span>[39m
                    [36m</td>[39m
                    [36m<td[39m
                      [33mclass[39m=[32m"p-4 text-gray-600 text-sm"[39m
                    [36m>[39m
                      [0mNov 7, 2024[0m
                    [36m</td>[39m
                    [36m<td[39m
                      [33mclass[39m=[32m"p-4 text-gray-600 text-sm"[39m
                    [36m>[39m
                      [0mNov 11, 2024[0m
                    [36m</td>[39m
                    [36m<td[39m
                      [33mclass[39m=[32m"p-4 text-black font-semibold"[39m
                    [36m>[39m
                      [0m$[0m
                      [0m155.29[0m
                    [36m</td>[39m
                    [36m<td[39m
                      [33mclass[39m=[32m"p-4"[39m
                    [36m>[39m
                      [36m<button[39m
                        [33mclass[39m=[32m"text-blue-600 hover:text-blue-800 text-sm font-medium"[39m
                      [36m>[39m
                        [0mView Details ΓåÆ[0m
                      [36m</button>[39m
                    [36m</td>[39m
                  [36m</tr>[39m
                  [36m<tr[39m
                    [33mclass[39m=[32m"border-b border-gray-100 hover:bg-gray-50"[39m
                  [36m>[39m
                    [36m<td[39m
                      [33mclass[39m=[32m"p-4"[39m
                    [36m>[39m
                      [36m<button[39m
                        [33mclass[39m=[32m"text-blue-600 hover:text-blue-800 font-semibold"[39m
                      [36m>[39m
                        [0mPO-2024-003[0m
                      [36m</button>[39m
                    [36m</td>[39m
                    [36m<td[39m
                      [33mclass[39m=[32m"p-4 text-black"[39m
                    [36m>[39m
                      [0mHome Depot[0m
                    [36m</td>[39m
                    [36m<td[39m
                      [33mclass[39m=[32m"p-4"[39m
                    [36m>[39m
                      [36m<span[39m
                        [33mclass[39m=[32m"px-2 py-1 rounded text-xs font-medium bg-green-100 text-green-800"[39m
                      [36m>[39m
                        [0m≡ƒôª[0m
                        [0m [0m
                        [0mReceived[0m
                      [36m</span>[39m
                    [36m</td>[39m
                    [36m<td[39m
                      [33mclass[39m=[32m"p-4 text-gray-600 text-sm"[39m
                    [36m>[39m
                      [0mOct 31, 2024[0m
                    [36m</td>[39m
                    [36m<td[39m
                      [33mclass[39m=[32m"p-4 text-gray-600 text-sm"[39m
                    [36m>[39m
                      [0m-[0m
                    [36m</td>[39m
                    [36m<td[39m
                      [33mclass[39m=[32m"p-4 text-black font-semibold"[39m
                    [36m>[39m
                      [0m$[0m
                      [0m161.95[0m
                    [36m</td>[39m
                    [36m<td[39m
                      [33mclass[39m=[32m"p-4"[39m
                    [36m>[39m
                      [36m<button[39m
                        [33mclass[39m=[32m"text-blue-600 hover:text-blue-800 text-sm font-medium"[39m
                      [36m>[39m
                        [0mView Details ΓåÆ[0m
                      [36m</button>[39m
                    [36m</td>[39m
                  [36m</tr>[39m
                [36m</tbody>[39m
              [36m</table>[39m
            [36m</div>[39m
          [36m</div>[39m
        [36m</div>[39m
      [36m</div>[39m
    [36m</body>[39m

    [0m [90m 251 |[39m     
     [90m 252 |[39m     [90m// The component should automatically open create modal[39m
    [31m[1m>[22m[39m[90m 253 |[39m     [36mawait[39m waitFor(() [33m=>[39m {
     [90m     |[39m                  [31m[1m^[22m[39m
     [90m 254 |[39m       expect(screen[33m.[39mgetByText([35m/Create Purchase Order/i[39m))[33m.[39mtoBeInTheDocument()[33m;[39m
     [90m 255 |[39m     })[33m;[39m
     [90m 256 |[39m   })[33m;[39m[0m

      at waitForWrapper (node_modules/@testing-library/dom/dist/wait-for.js:163:27)
      at Object.<anonymous> (src/components/__tests__/PurchaseOrders.test.jsx:253:18)

  ΓùÅ PurchaseOrders Component - Phase 2B ΓÇ║ should calculate totals correctly

    Found multiple elements with the text: $299.50

    Here are the matching elements:

    Ignored nodes: comments, script, style
    [36m<td[39m
      [33mclass[39m=[32m"p-3 text-black font-medium"[39m
    [36m>[39m
      [0m$[0m
      [0m299.50[0m
    [36m</td>[39m

    Ignored nodes: comments, script, style
    [36m<td[39m
      [33mclass[39m=[32m"p-3 font-medium text-black"[39m
    [36m>[39m
      [0m$[0m
      [0m299.50[0m
    [36m</td>[39m

    (If this is intentional, then use the `*AllBy*` variant of the query (like `queryAllByText`, `getAllByText`, or `findAllByText`)).

    Ignored nodes: comments, script, style
    [36m<body>[39m
      [36m<div>[39m
        [36m<div[39m
          [33mclass[39m=[32m"p-4 md:p-6 text-black"[39m
        [36m>[39m
          [36m<div[39m
            [33mclass[39m=[32m"mb-6"[39m
          [36m>[39m
            [36m<div[39m
              [33mclass[39m=[32m"flex flex-col sm:flex-row justify-between items-start sm:items-center gap-3 mb-4"[39m
            [36m>[39m
              [36m<a[39m
                [33mclass[39m=[32m"bg-blue-500 text-white px-3 py-2 rounded hover:bg-blue-600 text-sm md:text-base"[39m
                [33mdata-discover[39m=[32m"true"[39m
                [33mhref[39m=[32m"/suppliers"[39m
              [36m>[39m
                [0mBack to Suppliers[0m
              [36m</a>[39m
              [36m<a[39m
                [33mclass[39m=[32m"bg-blue-500 text-white px-3 py-2 rounded hover:bg-blue-600 text-sm md:text-base"[39m
                [33mdata-discover[39m=[32m"true"[39m
                [33mhref[39m=[32m"/"[39m
              [36m>[39m
                [0mDashboard[0m
              [36m</a>[39m
            [36m</div>[39m
            [36m<h1[39m
              [33mclass[39m=[32m"text-2xl md:text-3xl font-bold text-black"[39m
            [36m>[39m
              [0mPurchase Orders[0m
            [36m</h1>[39m
            [36m<p[39m
              [33mclass[39m=[32m"text-gray-600 mt-2"[39m
            [36m>[39m
              [0mManage and track all purchase orders[0m
            [36m</p>[39m
          [36m</div>[39m
          [36m<div[39m
            [33mclass[39m=[32m"grid grid-cols-2 md:grid-cols-6 gap-4 mb-6"[39m
          [36m>[39m
            [36m<div[39m
              [33mclass[39m=[32m"bg-white border border-gray-300 rounded-lg p-4"[39m
            [36m>[39m
              [36m<p[39m
                [33mclass[39m=[32m"text-gray-600 text-sm"[39m
              [36m>[39m
                [0mTotal POs[0m
              [36m</p>[39m
              [36m<p[39m
                [33mclass[39m=[32m"text-3xl font-bold text-black"[39m
              [36m>[39m
                [0m3[0m
              [36m</p>[39m
            [36m</div>[39m
            [36m<div[39m
              [33mclass[39m=[32m"bg-white border border-gray-300 rounded-lg p-4"[39m
            [36m>[39m
              [36m<p[39m
                [33mclass[39m=[32m"text-gray-600 text-sm"[39m
              [36m>[39m
                [0mDraft[0m
              [36m</p>[39m
              [36m<p[39m
                [33mclass[39m=[32m"text-3xl font-bold text-gray-600"[39m
              [36m>[39m
                [0m1[0m
              [36m</p>[39m
            [36m</div>[39m
            [36m<div[39m
              [33mclass[39m=[32m"bg-white border border-gray-300 rounded-lg p-4"[39m
            [36m>[39m
              [36m<p[39m
                [33mclass[39m=[32m"text-gray-600 text-sm"[39m
              [36m>[39m
                [0mSent[0m
              [36m</p>[39m
              [36m<p[39m
                [33mclass[39m=[32m"text-3xl font-bold text-blue-600"[39m
              [36m>[39m
                [0m1[0m
              [36m</p>[39m
            [36m</div>[39m
            [36m<div[39m
              [33mclass[39m=[32m"bg-white border border-gray-300 rounded-lg p-4"[39m
            [36m>[39m
              [36m<p[39m
                [33mclass[39m=[32m"text-gray-600 text-sm"[39m
              [36m>[39m
                [0mReceived[0m
              [36m</p>[39m
              [36m<p[39m
                [33mclass[39m=[32m"text-3xl font-bold text-green-600"[39m
              [36m>[39m
                [0m1[0m
              [36m</p>[39m
            [36m</div>[39m
            [36m<div[39m
              [33mclass[39m=[32m"bg-white border border-gray-300 rounded-lg p-4"[39m
            [36m>[39m
              [36m<p[39m
                [33mclass[39m=[32m"text-gray-600 text-sm"[39m
              [36m>[39m
                [0mPaid[0m
              [36m</p>[39m
              [36m<p[39m
                [33mclass[39m=[32m"text-3xl font-bold text-green-700"[39m
              [36m>[39m
                [0m0[0m
              [36m</p>[39m
            [36m</div>[39m
            [36m<div[39m
              [33mclass[39m=[32m"bg-white border border-gray-300 rounded-lg p-4"[39m
            [36m>[39m
              [36m<p[39m
                [33mclass[39m=[32m"text-gray-600 text-sm"[39m
              [36m>[39m
                [0mTotal Value[0m
              [36m</p>[39m
              [36m<p[39m
                [33mclass[39m=[32m"text-2xl font-bold text-black"[39m
              [36m>[39m
                [0m$[0m
                [0m640.70[0m
              [36m</p>[39m
            [36m</div>[39m
          [36m</div>[39m
          [36m<div[39m
            [33mclass[39m=[32m"bg-white border border-gray-300 rounded-lg p-4 mb-6"[39m
          [36m>[39m
            [36m<div[39m
              [33mclass[39m=[32m"flex gap-4 items-center"[39m
            [36m>[39m
              [36m<label[39m
                [33mclass[39m=[32m"text-sm font-medium text-black"[39m
                [33mfor[39m=[32m"status-filter"[39m
              [36m>[39m
                [0mStatus:[0m
              [36m</label>[39m
              [36m<select[39m
                [33mclass[39m=[32m"p-2 border border-gray-300 rounded text-black bg-white"[39m
                [33mid[39m=[32m"status-filter"[39m
                [33mname[39m=[32m"status-filter"[39m
              [36m>[39m
                [36m<option[39m
                  [33mvalue[39m=[32m""[39m
                [36m>[39m
                  [0mAll Status[0m
                [36m</option>[39m
                [36m<option[39m
                  [33mvalue[39m=[32m"Draft"[39m
                [36m>[39m
                  [0mDraft[0m
                [36m</option>[39m
                [36m<option[39m
                  [33mvalue[39m=[32m"Sent"[39m
                [36m>[39m
                  [0mSent[0m
                [36m</option>[39m
                [36m<option[39m
                  [33mvalue[39m=[32m"Confirmed"[39m
                [36m>[39m
                  [0mConfirmed[0m
                [36m</option>[39m
                [36m<option[39m
                  [33mvalue[39m=[32m"Received"[39m
                [36m>[39m
                  [0mReceived[0m
                [36m</option>[39m
                [36m<option[39m
                  [33mvalue[39m=[32m"Paid"[39m
                [36m>[39m
                  [0mPaid[0m
                [36m</option>[39m
                [36m<option[39m
                  [33mvalue[39m=[32m"Cancelled"[39m
                [36m>[39m
                  [0mCancelled[0m
                [36m</option>[39m
              [36m</select>[39m
            [36m</div>[39m
          [36m</div>[39m
          [36m<div[39m
            [33mclass[39m=[32m"bg-white border border-gray-300 rounded-lg shadow-sm overflow-hidden"[39m
          [36m>[39m
            [36m<div[39m
              [33mclass[39m=[32m"overflow-x-auto"[39m
            [36m>[39m
              [36m<table[39m
                [33mclass[39m=[32m"w-full border-collapse min-w-[800px]"[39m
              [36m>[39m
                [36m<thead>[39m
                  [36m<tr[39m
                    [33mclass[39m=[32m"border-b border-gray-200 bg-gray-50"[39m
                  [36m>[39m
                    [36m<th[39m
                      [33mclass[39m=[32m"text-left p...

    [0m [90m 265 |[39m     })[33m;[39m
     [90m 266 |[39m     
    [31m[1m>[22m[39m[90m 267 |[39m     [36mawait[39m waitFor(() [33m=>[39m {
     [90m     |[39m                  [31m[1m^[22m[39m
     [90m 268 |[39m       expect(screen[33m.[39mgetByText([32m'$299.50'[39m))[33m.[39mtoBeInTheDocument()[33m;[39m [90m// Subtotal[39m
     [90m 269 |[39m       expect(screen[33m.[39mgetByText([32m'$23.96'[39m))[33m.[39mtoBeInTheDocument()[33m;[39m [90m// Tax[39m
     [90m 270 |[39m       expect(screen[33m.[39mgetByText([32m'$323.46'[39m))[33m.[39mtoBeInTheDocument()[33m;[39m [90m// Total[39m[0m

      at waitForWrapper (node_modules/@testing-library/dom/dist/wait-for.js:163:27)
      at Object.<anonymous> (src/components/__tests__/PurchaseOrders.test.jsx:267:18)

  ΓùÅ PurchaseOrders Component - Phase 2B ΓÇ║ should show supplier contact info in PO

    Unable to find an element with the text: /555-1234/i. This could be because the text is broken up by multiple elements. In this case, you can provide a function 
for your text matcher to make your matcher more flexible.

    Ignored nodes: comments, script, style
    [36m<body>[39m
      [36m<div>[39m
        [36m<div[39m
          [33mclass[39m=[32m"p-4 md:p-6 text-black"[39m
        [36m>[39m
          [36m<div[39m
            [33mclass[39m=[32m"mb-6"[39m
          [36m>[39m
            [36m<div[39m
              [33mclass[39m=[32m"flex flex-col sm:flex-row justify-between items-start sm:items-center gap-3 mb-4"[39m
            [36m>[39m
              [36m<a[39m
                [33mclass[39m=[32m"bg-blue-500 text-white px-3 py-2 rounded hover:bg-blue-600 text-sm md:text-base"[39m
                [33mdata-discover[39m=[32m"true"[39m
                [33mhref[39m=[32m"/suppliers"[39m
              [36m>[39m
                [0mBack to Suppliers[0m
              [36m</a>[39m
              [36m<a[39m
                [33mclass[39m=[32m"bg-blue-500 text-white px-3 py-2 rounded hover:bg-blue-600 text-sm md:text-base"[39m
                [33mdata-discover[39m=[32m"true"[39m
                [33mhref[39m=[32m"/"[39m
              [36m>[39m
                [0mDashboard[0m
              [36m</a>[39m
            [36m</div>[39m
            [36m<h1[39m
              [33mclass[39m=[32m"text-2xl md:text-3xl font-bold text-black"[39m
            [36m>[39m
              [0mPurchase Orders[0m
            [36m</h1>[39m
            [36m<p[39m
              [33mclass[39m=[32m"text-gray-600 mt-2"[39m
            [36m>[39m
              [0mManage and track all purchase orders[0m
            [36m</p>[39m
          [36m</div>[39m
          [36m<div[39m
            [33mclass[39m=[32m"grid grid-cols-2 md:grid-cols-6 gap-4 mb-6"[39m
          [36m>[39m
            [36m<div[39m
              [33mclass[39m=[32m"bg-white border border-gray-300 rounded-lg p-4"[39m
            [36m>[39m
              [36m<p[39m
                [33mclass[39m=[32m"text-gray-600 text-sm"[39m
              [36m>[39m
                [0mTotal POs[0m
              [36m</p>[39m
              [36m<p[39m
                [33mclass[39m=[32m"text-3xl font-bold text-black"[39m
              [36m>[39m
                [0m3[0m
              [36m</p>[39m
            [36m</div>[39m
            [36m<div[39m
              [33mclass[39m=[32m"bg-white border border-gray-300 rounded-lg p-4"[39m
            [36m>[39m
              [36m<p[39m
                [33mclass[39m=[32m"text-gray-600 text-sm"[39m
              [36m>[39m
                [0mDraft[0m
              [36m</p>[39m
              [36m<p[39m
                [33mclass[39m=[32m"text-3xl font-bold text-gray-600"[39m
              [36m>[39m
                [0m1[0m
              [36m</p>[39m
            [36m</div>[39m
            [36m<div[39m
              [33mclass[39m=[32m"bg-white border border-gray-300 rounded-lg p-4"[39m
            [36m>[39m
              [36m<p[39m
                [33mclass[39m=[32m"text-gray-600 text-sm"[39m
              [36m>[39m
                [0mSent[0m
              [36m</p>[39m
              [36m<p[39m
                [33mclass[39m=[32m"text-3xl font-bold text-blue-600"[39m
              [36m>[39m
                [0m1[0m
              [36m</p>[39m
            [36m</div>[39m
            [36m<div[39m
              [33mclass[39m=[32m"bg-white border border-gray-300 rounded-lg p-4"[39m
            [36m>[39m
              [36m<p[39m
                [33mclass[39m=[32m"text-gray-600 text-sm"[39m
              [36m>[39m
                [0mReceived[0m
              [36m</p>[39m
              [36m<p[39m
                [33mclass[39m=[32m"text-3xl font-bold text-green-600"[39m
              [36m>[39m
                [0m1[0m
              [36m</p>[39m
            [36m</div>[39m
            [36m<div[39m
              [33mclass[39m=[32m"bg-white border border-gray-300 rounded-lg p-4"[39m
            [36m>[39m
              [36m<p[39m
                [33mclass[39m=[32m"text-gray-600 text-sm"[39m
              [36m>[39m
                [0mPaid[0m
              [36m</p>[39m
              [36m<p[39m
                [33mclass[39m=[32m"text-3xl font-bold text-green-700"[39m
              [36m>[39m
                [0m0[0m
              [36m</p>[39m
            [36m</div>[39m
            [36m<div[39m
              [33mclass[39m=[32m"bg-white border border-gray-300 rounded-lg p-4"[39m
            [36m>[39m
              [36m<p[39m
                [33mclass[39m=[32m"text-gray-600 text-sm"[39m
              [36m>[39m
                [0mTotal Value[0m
              [36m</p>[39m
              [36m<p[39m
                [33mclass[39m=[32m"text-2xl font-bold text-black"[39m
              [36m>[39m
                [0m$[0m
                [0m640.70[0m
              [36m</p>[39m
            [36m</div>[39m
          [36m</div>[39m
          [36m<div[39m
            [33mclass[39m=[32m"bg-white border border-gray-300 rounded-lg p-4 mb-6"[39m
          [36m>[39m
            [36m<div[39m
              [33mclass[39m=[32m"flex gap-4 items-center"[39m
            [36m>[39m
              [36m<label[39m
                [33mclass[39m=[32m"text-sm font-medium text-black"[39m
                [33mfor[39m=[32m"status-filter"[39m
              [36m>[39m
                [0mStatus:[0m
              [36m</label>[39m
              [36m<select[39m
                [33mclass[39m=[32m"p-2 border border-gray-300 rounded text-black bg-white"[39m
                [33mid[39m=[32m"status-filter"[39m
                [33mname[39m=[32m"status-filter"[39m
              [36m>[39m
                [36m<option[39m
                  [33mvalue[39m=[32m""[39m
                [36m>[39m
                  [0mAll Status[0m
                [36m</option>[39m
                [36m<option[39m
                  [33mvalue[39m=[32m"Draft"[39m
                [36m>[39m
                  [0mDraft[0m
                [36m</option>[39m
                [36m<option[39m
                  [33mvalue[39m=[32m"Sent"[39m
                [36m>[39m
                  [0mSent[0m
                [36m</option>[39m
                [36m<option[39m
                  [33mvalue[39m=[32m"Confirmed"[39m
                [36m>[39m
                  [0mConfirmed[0m
                [36m</option>[39m
                [36m<option[39m
                  [33mvalue[39m=[32m"Received"[39m
                [36m>[39m
                  [0mReceived[0m
                [36m</option>[39m
                [36m<option[39m
                  [33mvalue[39m=[32m"Paid"[39m
                [36m>[39m
                  [0mPaid[0m
                [36m</option>[39m
                [36m<option[39m
                  [33mvalue[39m=[32m"Cancelled"[39m
                [36m>[39m
                  [0mCancelled[0m
                [36m</option>[39m
              [36m</select>[39m
            [36m</div>[39m
          [36m</div>[39m
          [36m<div[39m
            [33mclass[39m=[32m"bg-white border border-gray-300 rounded-lg shadow-sm overflow-hidden"[39m
          [36m>[39m
            [36m<div[39m
              [33mclass[39m=[32m"overflow-x-auto"[39m
            [36m>[39m
              [36m<table[39m
                [33mclass[39m=[32m"w-full border-collapse min-w-[800px]"[39m
              [36m>[39m
                [36m<thead>[39m
                  [36m<tr[39m
                    [33mclass[39m=[32m"border-b border-gray-200 bg-gray-50"[39m
                  [36m>[39m
                    [36m<th[39m
                      [33mclass[39m=[32m"text-left p...

    [0m [90m 281 |[39m     })[33m;[39m
     [90m 282 |[39m     
    [31m[1m>[22m[39m[90m 283 |[39m     [36mawait[39m waitFor(() [33m=>[39m {
     [90m     |[39m                  [31m[1m^[22m[39m
     [90m 284 |[39m       expect(screen[33m.[39mgetByText([35m/555-1234/i[39m))[33m.[39mtoBeInTheDocument()[33m;[39m
     [90m 285 |[39m     })[33m;[39m
     [90m 286 |[39m   })[33m;[39m[0m

      at waitForWrapper (node_modules/@testing-library/dom/dist/wait-for.js:163:27)
      at Object.<anonymous> (src/components/__tests__/PurchaseOrders.test.jsx:283:18)

  ΓùÅ PurchaseOrders Component - Phase 2B ΓÇ║ should display expected delivery date

    expect(received).toBe(expected) // Object.is equality

    Expected: "2024-11-15"
    Received: "2024-11-14"

    Ignored nodes: comments, script, style
    [36m<html>[39m
      [36m<head />[39m
      [36m<body>[39m
        [36m<div>[39m
          [36m<div[39m
            [33mclass[39m=[32m"p-4 md:p-6 text-black"[39m
          [36m>[39m
            [36m<div[39m
              [33mclass[39m=[32m"mb-6"[39m
            [36m>[39m
              [36m<div[39m
                [33mclass[39m=[32m"flex flex-col sm:flex-row justify-between items-start sm:items-center gap-3 mb-4"[39m
              [36m>[39m
                [36m<a[39m
                  [33mclass[39m=[32m"bg-blue-500 text-white px-3 py-2 rounded hover:bg-blue-600 text-sm md:text-base"[39m
                  [33mdata-discover[39m=[32m"true"[39m
                  [33mhref[39m=[32m"/suppliers"[39m
                [36m>[39m
                  [0mBack to Suppliers[0m
                [36m</a>[39m
                [36m<a[39m
                  [33mclass[39m=[32m"bg-blue-500 text-white px-3 py-2 rounded hover:bg-blue-600 text-sm md:text-base"[39m
                  [33mdata-discover[39m=[32m"true"[39m
                  [33mhref[39m=[32m"/"[39m
                [36m>[39m
                  [0mDashboard[0m
                [36m</a>[39m
              [36m</div>[39m
              [36m<h1[39m
                [33mclass[39m=[32m"text-2xl md:text-3xl font-bold text-black"[39m
              [36m>[39m
                [0mPurchase Orders[0m
              [36m</h1>[39m
              [36m<p[39m
                [33mclass[39m=[32m"text-gray-600 mt-2"[39m
              [36m>[39m
                [0mManage and track all purchase orders[0m
              [36m</p>[39m
            [36m</div>[39m
            [36m<div[39m
              [33mclass[39m=[32m"grid grid-cols-2 md:grid-cols-6 gap-4 mb-6"[39m
            [36m>[39m
              [36m<div[39m
                [33mclass[39m=[32m"bg-white border border-gray-300 rounded-lg p-4"[39m
              [36m>[39m
                [36m<p[39m
                  [33mclass[39m=[32m"text-gray-600 text-sm"[39m
                [36m>[39m
                  [0mTotal POs[0m
                [36m</p>[39m
                [36m<p[39m
                  [33mclass[39m=[32m"text-3xl font-bold text-black"[39m
                [36m>[39m
                  [0m3[0m
                [36m</p>[39m
              [36m</div>[39m
              [36m<div[39m
                [33mclass[39m=[32m"bg-white border border-gray-300 rounded-lg p-4"[39m
              [36m>[39m
                [36m<p[39m
                  [33mclass[39m=[32m"text-gray-600 text-sm"[39m
                [36m>[39m
                  [0mDraft[0m
                [36m</p>[39m
                [36m<p[39m
                  [33mclass[39m=[32m"text-3xl font-bold text-gray-600"[39m
                [36m>[39m
                  [0m1[0m
                [36m</p>[39m
              [36m</div>[39m
              [36m<div[39m
                [33mclass[39m=[32m"bg-white border border-gray-300 rounded-lg p-4"[39m
              [36m>[39m
                [36m<p[39m
                  [33mclass[39m=[32m"text-gray-600 text-sm"[39m
                [36m>[39m
                  [0mSent[0m
                [36m</p>[39m
                [36m<p[39m
                  [33mclass[39m=[32m"text-3xl font-bold text-blue-600"[39m
                [36m>[39m
                  [0m1[0m
                [36m</p>[39m
              [36m</div>[39m
              [36m<div[39m
                [33mclass[39m=[32m"bg-white border border-gray-300 rounded-lg p-4"[39m
              [36m>[39m
                [36m<p[39m
                  [33mclass[39m=[32m"text-gray-600 text-sm"[39m
                [36m>[39m
                  [0mReceived[0m
                [36m</p>[39m
                [36m<p[39m
                  [33mclass[39m=[32m"text-3xl font-bold text-green-600"[39m
                [36m>[39m
                  [0m1[0m
                [36m</p>[39m
              [36m</div>[39m
              [36m<div[39m
                [33mclass[39m=[32m"bg-white border border-gray-300 rounded-lg p-4"[39m
              [36m>[39m
                [36m<p[39m
                  [33mclass[39m=[32m"text-gray-600 text-sm"[39m
                [36m>[39m
                  [0mPaid[0m
                [36m</p>[39m
                [36m<p[39m
                  [33mclass[39m=[32m"text-3xl font-bold text-green-700"[39m
                [36m>[39m
                  [0m0[0m
                [36m</p>[39m
              [36m</div>[39m
              [36m<div[39m
                [33mclass[39m=[32m"bg-white border border-gray-300 rounded-lg p-4"[39m
              [36m>[39m
                [36m<p[39m
                  [33mclass[39m=[32m"text-gray-600 text-sm"[39m
                [36m>[39m
                  [0mTotal Value[0m
                [36m</p>[39m
                [36m<p[39m
                  [33mclass[39m=[32m"text-2xl font-bold text-black"[39m
                [36m>[39m
                  [0m$[0m
                  [0m640.70[0m
                [36m</p>[39m
              [36m</div>[39m
            [36m</div>[39m
            [36m<div[39m
              [33mclass[39m=[32m"bg-white border border-gray-300 rounded-lg p-4 mb-6"[39m
            [36m>[39m
              [36m<div[39m
                [33mclass[39m=[32m"flex gap-4 items-center"[39m
              [36m>[39m
                [36m<label[39m
                  [33mclass[39m=[32m"text-sm font-medium text-black"[39m
                  [33mfor[39m=[32m"status-filter"[39m
                [36m>[39m
                  [0mStatus:[0m
                [36m</label>[39m
                [36m<select[39m
                  [33mclass[39m=[32m"p-2 border border-gray-300 rounded text-black bg-white"[39m
                  [33mid[39m=[32m"status-filter"[39m
                  [33mname[39m=[32m"status-filter"[39m
                [36m>[39m
                  [36m<option[39m
                    [33mvalue[39m=[32m""[39m
                  [36m>[39m
                    [0mAll Status[0m
                  [36m</option>[39m
                  [36m<option[39m
                    [33mvalue[39m=[32m"Draft"[39m
                  [36m>[39m
                    [0mDraft[0m
                  [36m</option>[39m
                  [36m<option[39m
                    [33mvalue[39m=[32m"Sent"[39m
                  [36m>[39m
                    [0mSent[0m
                  [36m</option>[39m
                  [36m<option[39m
                    [33mvalue[39m=[32m"Confirmed"[39m
                  [36m>[39m
                    [0mConfirmed[0m
                  [36m</option>[39m
                  [36m<option[39m
                    [33mvalue[39m=[32m"Received"[39m
                  [36m>[39m
                    [0mReceived[0m
                  [36m</option>[39m
                  [36m<option[39m
                    [33mvalue[39m=[32m"Paid"[39m
                  [36m>[39m
                    [0mPaid[0m
                  [36m</option>[39m
                  [36m<option[39m
                    [33mvalue[39m=[32m"Cancelled"[39m
                  [36m>[39m
                    [0mCancelled[0m
                  [36m</option>[39m
                [36m</select>[39m
              [36m</div>[39m
            [36m</div>[39m
            [36m<div[39m
              [33mclass[39m=[32m"bg-white border border-gray-300 rounded-lg shadow-sm overflow-hidden"[39m
            [36m>[39m
              [36m<div[39m
                [33mclass[39m=[32m"ove...

    [0m [90m 315 |[39m       [36mconst[39m dateInput [33m=[39m screen[33m.[39mgetByLabelText([35m/Expected Delivery/i[39m)[33m;[39m
     [90m 316 |[39m       expect(dateInput)[33m.[39mtoBeInTheDocument()[33m;[39m
    [31m[1m>[22m[39m[90m 317 |[39m       expect(dateInput[33m.[39mvalue)[33m.[39mtoBe([32m'2024-11-15'[39m)[33m;[39m
     [90m     |[39m                               [31m[1m^[22m[39m
     [90m 318 |[39m     })[33m;[39m
     [90m 319 |[39m   })[33m;[39m
     [90m 320 |[39m[0m

      at toBe (src/components/__tests__/PurchaseOrders.test.jsx:317:31)
      at runWithExpensiveErrorDiagnosticsDisabled (node_modules/@testing-library/dom/dist/config.js:47:12)
      at checkCallback (node_modules/@testing-library/dom/dist/wait-for.js:124:77)
      at checkRealTimersCallback (node_modules/@testing-library/dom/dist/wait-for.js:118:16)
      at Timeout.task [as _onTimeout] (node_modules/jsdom/lib/jsdom/browser/Window.js:579:19)

  ΓùÅ PurchaseOrders Component - Phase 2B ΓÇ║ should show received date for completed POs

    expect(received).toBe(expected) // Object.is equality

    Expected: "2024-11-05"
    Received: "2024-11-04"

    Ignored nodes: comments, script, style
    [36m<html>[39m
      [36m<head />[39m
      [36m<body>[39m
        [36m<div>[39m
          [36m<div[39m
            [33mclass[39m=[32m"p-4 md:p-6 text-black"[39m
          [36m>[39m
            [36m<div[39m
              [33mclass[39m=[32m"mb-6"[39m
            [36m>[39m
              [36m<div[39m
                [33mclass[39m=[32m"flex flex-col sm:flex-row justify-between items-start sm:items-center gap-3 mb-4"[39m
              [36m>[39m
                [36m<a[39m
                  [33mclass[39m=[32m"bg-blue-500 text-white px-3 py-2 rounded hover:bg-blue-600 text-sm md:text-base"[39m
                  [33mdata-discover[39m=[32m"true"[39m
                  [33mhref[39m=[32m"/suppliers"[39m
                [36m>[39m
                  [0mBack to Suppliers[0m
                [36m</a>[39m
                [36m<a[39m
                  [33mclass[39m=[32m"bg-blue-500 text-white px-3 py-2 rounded hover:bg-blue-600 text-sm md:text-base"[39m
                  [33mdata-discover[39m=[32m"true"[39m
                  [33mhref[39m=[32m"/"[39m
                [36m>[39m
                  [0mDashboard[0m
                [36m</a>[39m
              [36m</div>[39m
              [36m<h1[39m
                [33mclass[39m=[32m"text-2xl md:text-3xl font-bold text-black"[39m
              [36m>[39m
                [0mPurchase Orders[0m
              [36m</h1>[39m
              [36m<p[39m
                [33mclass[39m=[32m"text-gray-600 mt-2"[39m
              [36m>[39m
                [0mManage and track all purchase orders[0m
              [36m</p>[39m
            [36m</div>[39m
            [36m<div[39m
              [33mclass[39m=[32m"grid grid-cols-2 md:grid-cols-6 gap-4 mb-6"[39m
            [36m>[39m
              [36m<div[39m
                [33mclass[39m=[32m"bg-white border border-gray-300 rounded-lg p-4"[39m
              [36m>[39m
                [36m<p[39m
                  [33mclass[39m=[32m"text-gray-600 text-sm"[39m
                [36m>[39m
                  [0mTotal POs[0m
                [36m</p>[39m
                [36m<p[39m
                  [33mclass[39m=[32m"text-3xl font-bold text-black"[39m
                [36m>[39m
                  [0m3[0m
                [36m</p>[39m
              [36m</div>[39m
              [36m<div[39m
                [33mclass[39m=[32m"bg-white border border-gray-300 rounded-lg p-4"[39m
              [36m>[39m
                [36m<p[39m
                  [33mclass[39m=[32m"text-gray-600 text-sm"[39m
                [36m>[39m
                  [0mDraft[0m
                [36m</p>[39m
                [36m<p[39m
                  [33mclass[39m=[32m"text-3xl font-bold text-gray-600"[39m
                [36m>[39m
                  [0m1[0m
                [36m</p>[39m
              [36m</div>[39m
              [36m<div[39m
                [33mclass[39m=[32m"bg-white border border-gray-300 rounded-lg p-4"[39m
              [36m>[39m
                [36m<p[39m
                  [33mclass[39m=[32m"text-gray-600 text-sm"[39m
                [36m>[39m
                  [0mSent[0m
                [36m</p>[39m
                [36m<p[39m
                  [33mclass[39m=[32m"text-3xl font-bold text-blue-600"[39m
                [36m>[39m
                  [0m1[0m
                [36m</p>[39m
              [36m</div>[39m
              [36m<div[39m
                [33mclass[39m=[32m"bg-white border border-gray-300 rounded-lg p-4"[39m
              [36m>[39m
                [36m<p[39m
                  [33mclass[39m=[32m"text-gray-600 text-sm"[39m
                [36m>[39m
                  [0mReceived[0m
                [36m</p>[39m
                [36m<p[39m
                  [33mclass[39m=[32m"text-3xl font-bold text-green-600"[39m
                [36m>[39m
                  [0m1[0m
                [36m</p>[39m
              [36m</div>[39m
              [36m<div[39m
                [33mclass[39m=[32m"bg-white border border-gray-300 rounded-lg p-4"[39m
              [36m>[39m
                [36m<p[39m
                  [33mclass[39m=[32m"text-gray-600 text-sm"[39m
                [36m>[39m
                  [0mPaid[0m
                [36m</p>[39m
                [36m<p[39m
                  [33mclass[39m=[32m"text-3xl font-bold text-green-700"[39m
                [36m>[39m
                  [0m0[0m
                [36m</p>[39m
              [36m</div>[39m
              [36m<div[39m
                [33mclass[39m=[32m"bg-white border border-gray-300 rounded-lg p-4"[39m
              [36m>[39m
                [36m<p[39m
                  [33mclass[39m=[32m"text-gray-600 text-sm"[39m
                [36m>[39m
                  [0mTotal Value[0m
                [36m</p>[39m
                [36m<p[39m
                  [33mclass[39m=[32m"text-2xl font-bold text-black"[39m
                [36m>[39m
                  [0m$[0m
                  [0m640.70[0m
                [36m</p>[39m
              [36m</div>[39m
            [36m</div>[39m
            [36m<div[39m
              [33mclass[39m=[32m"bg-white border border-gray-300 rounded-lg p-4 mb-6"[39m
            [36m>[39m
              [36m<div[39m
                [33mclass[39m=[32m"flex gap-4 items-center"[39m
              [36m>[39m
                [36m<label[39m
                  [33mclass[39m=[32m"text-sm font-medium text-black"[39m
                  [33mfor[39m=[32m"status-filter"[39m
                [36m>[39m
                  [0mStatus:[0m
                [36m</label>[39m
                [36m<select[39m
                  [33mclass[39m=[32m"p-2 border border-gray-300 rounded text-black bg-white"[39m
                  [33mid[39m=[32m"status-filter"[39m
                  [33mname[39m=[32m"status-filter"[39m
                [36m>[39m
                  [36m<option[39m
                    [33mvalue[39m=[32m""[39m
                  [36m>[39m
                    [0mAll Status[0m
                  [36m</option>[39m
                  [36m<option[39m
                    [33mvalue[39m=[32m"Draft"[39m
                  [36m>[39m
                    [0mDraft[0m
                  [36m</option>[39m
                  [36m<option[39m
                    [33mvalue[39m=[32m"Sent"[39m
                  [36m>[39m
                    [0mSent[0m
                  [36m</option>[39m
                  [36m<option[39m
                    [33mvalue[39m=[32m"Confirmed"[39m
                  [36m>[39m
                    [0mConfirmed[0m
                  [36m</option>[39m
                  [36m<option[39m
                    [33mvalue[39m=[32m"Received"[39m
                  [36m>[39m
                    [0mReceived[0m
                  [36m</option>[39m
                  [36m<option[39m
                    [33mvalue[39m=[32m"Paid"[39m
                  [36m>[39m
                    [0mPaid[0m
                  [36m</option>[39m
                  [36m<option[39m
                    [33mvalue[39m=[32m"Cancelled"[39m
                  [36m>[39m
                    [0mCancelled[0m
                  [36m</option>[39m
                [36m</select>[39m
              [36m</div>[39m
            [36m</div>[39m
            [36m<div[39m
              [33mclass[39m=[32m"bg-white border border-gray-300 rounded-lg shadow-sm overflow-hidden"[39m
            [36m>[39m
              [36m<div[39m
                [33mclass[39m=[32m"ove...

    [0m [90m 331 |[39m       [36mconst[39m dateInput [33m=[39m screen[33m.[39mgetByLabelText([35m/Received Date/i[39m)[33m;[39m
     [90m 332 |[39m       expect(dateInput)[33m.[39mtoBeInTheDocument()[33m;[39m
    [31m[1m>[22m[39m[90m 333 |[39m       expect(dateInput[33m.[39mvalue)[33m.[39mtoBe([32m'2024-11-05'[39m)[33m;[39m
     [90m     |[39m                               [31m[1m^[22m[39m
     [90m 334 |[39m     })[33m;[39m
     [90m 335 |[39m   })[33m;[39m
     [90m 336 |[39m[0m

      at toBe (src/components/__tests__/PurchaseOrders.test.jsx:333:31)
      at runWithExpensiveErrorDiagnosticsDisabled (node_modules/@testing-library/dom/dist/config.js:47:12)
      at checkCallback (node_modules/@testing-library/dom/dist/wait-for.js:124:77)
      at checkRealTimersCallback (node_modules/@testing-library/dom/dist/wait-for.js:118:16)
      at Timeout.task [as _onTimeout] (node_modules/jsdom/lib/jsdom/browser/Window.js:579:19)

  ΓùÅ PurchaseOrders Component - Phase 2B ΓÇ║ should close modal when close button clicked

    Unable to find an element with the text: Purchase Order Details. This could be because the text is broken up by multiple elements. In this case, you can provide a 
function for your text matcher to make your matcher more flexible.

    Ignored nodes: comments, script, style
    [36m<body>[39m
      [36m<div>[39m
        [36m<div[39m
          [33mclass[39m=[32m"p-4 md:p-6 text-black"[39m
        [36m>[39m
          [36m<div[39m
            [33mclass[39m=[32m"mb-6"[39m
          [36m>[39m
            [36m<div[39m
              [33mclass[39m=[32m"flex flex-col sm:flex-row justify-between items-start sm:items-center gap-3 mb-4"[39m
            [36m>[39m
              [36m<a[39m
                [33mclass[39m=[32m"bg-blue-500 text-white px-3 py-2 rounded hover:bg-blue-600 text-sm md:text-base"[39m
                [33mdata-discover[39m=[32m"true"[39m
                [33mhref[39m=[32m"/suppliers"[39m
              [36m>[39m
                [0mBack to Suppliers[0m
              [36m</a>[39m
              [36m<a[39m
                [33mclass[39m=[32m"bg-blue-500 text-white px-3 py-2 rounded hover:bg-blue-600 text-sm md:text-base"[39m
                [33mdata-discover[39m=[32m"true"[39m
                [33mhref[39m=[32m"/"[39m
              [36m>[39m
                [0mDashboard[0m
              [36m</a>[39m
            [36m</div>[39m
            [36m<h1[39m
              [33mclass[39m=[32m"text-2xl md:text-3xl font-bold text-black"[39m
            [36m>[39m
              [0mPurchase Orders[0m
            [36m</h1>[39m
            [36m<p[39m
              [33mclass[39m=[32m"text-gray-600 mt-2"[39m
            [36m>[39m
              [0mManage and track all purchase orders[0m
            [36m</p>[39m
          [36m</div>[39m
          [36m<div[39m
            [33mclass[39m=[32m"grid grid-cols-2 md:grid-cols-6 gap-4 mb-6"[39m
          [36m>[39m
            [36m<div[39m
              [33mclass[39m=[32m"bg-white border border-gray-300 rounded-lg p-4"[39m
            [36m>[39m
              [36m<p[39m
                [33mclass[39m=[32m"text-gray-600 text-sm"[39m
              [36m>[39m
                [0mTotal POs[0m
              [36m</p>[39m
              [36m<p[39m
                [33mclass[39m=[32m"text-3xl font-bold text-black"[39m
              [36m>[39m
                [0m3[0m
              [36m</p>[39m
            [36m</div>[39m
            [36m<div[39m
              [33mclass[39m=[32m"bg-white border border-gray-300 rounded-lg p-4"[39m
            [36m>[39m
              [36m<p[39m
                [33mclass[39m=[32m"text-gray-600 text-sm"[39m
              [36m>[39m
                [0mDraft[0m
              [36m</p>[39m
              [36m<p[39m
                [33mclass[39m=[32m"text-3xl font-bold text-gray-600"[39m
              [36m>[39m
                [0m1[0m
              [36m</p>[39m
            [36m</div>[39m
            [36m<div[39m
              [33mclass[39m=[32m"bg-white border border-gray-300 rounded-lg p-4"[39m
            [36m>[39m
              [36m<p[39m
                [33mclass[39m=[32m"text-gray-600 text-sm"[39m
              [36m>[39m
                [0mSent[0m
              [36m</p>[39m
              [36m<p[39m
                [33mclass[39m=[32m"text-3xl font-bold text-blue-600"[39m
              [36m>[39m
                [0m1[0m
              [36m</p>[39m
            [36m</div>[39m
            [36m<div[39m
              [33mclass[39m=[32m"bg-white border border-gray-300 rounded-lg p-4"[39m
            [36m>[39m
              [36m<p[39m
                [33mclass[39m=[32m"text-gray-600 text-sm"[39m
              [36m>[39m
                [0mReceived[0m
              [36m</p>[39m
              [36m<p[39m
                [33mclass[39m=[32m"text-3xl font-bold text-green-600"[39m
              [36m>[39m
                [0m1[0m
              [36m</p>[39m
            [36m</div>[39m
            [36m<div[39m
              [33mclass[39m=[32m"bg-white border border-gray-300 rounded-lg p-4"[39m
            [36m>[39m
              [36m<p[39m
                [33mclass[39m=[32m"text-gray-600 text-sm"[39m
              [36m>[39m
                [0mPaid[0m
              [36m</p>[39m
              [36m<p[39m
                [33mclass[39m=[32m"text-3xl font-bold text-green-700"[39m
              [36m>[39m
                [0m0[0m
              [36m</p>[39m
            [36m</div>[39m
            [36m<div[39m
              [33mclass[39m=[32m"bg-white border border-gray-300 rounded-lg p-4"[39m
            [36m>[39m
              [36m<p[39m
                [33mclass[39m=[32m"text-gray-600 text-sm"[39m
              [36m>[39m
                [0mTotal Value[0m
              [36m</p>[39m
              [36m<p[39m
                [33mclass[39m=[32m"text-2xl font-bold text-black"[39m
              [36m>[39m
                [0m$[0m
                [0m640.70[0m
              [36m</p>[39m
            [36m</div>[39m
          [36m</div>[39m
          [36m<div[39m
            [33mclass[39m=[32m"bg-white border border-gray-300 rounded-lg p-4 mb-6"[39m
          [36m>[39m
            [36m<div[39m
              [33mclass[39m=[32m"flex gap-4 items-center"[39m
            [36m>[39m
              [36m<label[39m
                [33mclass[39m=[32m"text-sm font-medium text-black"[39m
                [33mfor[39m=[32m"status-filter"[39m
              [36m>[39m
                [0mStatus:[0m
              [36m</label>[39m
              [36m<select[39m
                [33mclass[39m=[32m"p-2 border border-gray-300 rounded text-black bg-white"[39m
                [33mid[39m=[32m"status-filter"[39m
                [33mname[39m=[32m"status-filter"[39m
              [36m>[39m
                [36m<option[39m
                  [33mvalue[39m=[32m""[39m
                [36m>[39m
                  [0mAll Status[0m
                [36m</option>[39m
                [36m<option[39m
                  [33mvalue[39m=[32m"Draft"[39m
                [36m>[39m
                  [0mDraft[0m
                [36m</option>[39m
                [36m<option[39m
                  [33mvalue[39m=[32m"Sent"[39m
                [36m>[39m
                  [0mSent[0m
                [36m</option>[39m
                [36m<option[39m
                  [33mvalue[39m=[32m"Confirmed"[39m
                [36m>[39m
                  [0mConfirmed[0m
                [36m</option>[39m
                [36m<option[39m
                  [33mvalue[39m=[32m"Received"[39m
                [36m>[39m
                  [0mReceived[0m
                [36m</option>[39m
                [36m<option[39m
                  [33mvalue[39m=[32m"Paid"[39m
                [36m>[39m
                  [0mPaid[0m
                [36m</option>[39m
                [36m<option[39m
                  [33mvalue[39m=[32m"Cancelled"[39m
                [36m>[39m
                  [0mCancelled[0m
                [36m</option>[39m
              [36m</select>[39m
            [36m</div>[39m
          [36m</div>[39m
          [36m<div[39m
            [33mclass[39m=[32m"bg-white border border-gray-300 rounded-lg shadow-sm overflow-hidden"[39m
          [36m>[39m
            [36m<div[39m
              [33mclass[39m=[32m"overflow-x-auto"[39m
            [36m>[39m
              [36m<table[39m
                [33mclass[39m=[32m"w-full border-collapse min-w-[800px]"[39m
              [36m>[39m
                [36m<thead>[39m
                  [36m<tr[39m
                    [33mclass[39m=[32m"border-b border-gray-200 bg-gray-50"[39m
                  [36m>[39m
                    [36m<th[39m
                      [33mclass[39m=[32m"text-left p...

    [0m [90m 374 |[39m     })[33m;[39m
     [90m 375 |[39m     
    [31m[1m>[22m[39m[90m 376 |[39m     [36mawait[39m waitFor(() [33m=>[39m {
     [90m     |[39m                  [31m[1m^[22m[39m
     [90m 377 |[39m       expect(screen[33m.[39mgetByText([32m'Purchase Order Details'[39m))[33m.[39mtoBeInTheDocument()[33m;[39m
     [90m 378 |[39m     })[33m;[39m
     [90m 379 |[39m     [0m

      at waitForWrapper (node_modules/@testing-library/dom/dist/wait-for.js:163:27)
      at Object.<anonymous> (src/components/__tests__/PurchaseOrders.test.jsx:376:18)

FAIL src/components/__tests__/Inventory.test.jsx (7.51 s)
  ΓùÅ Inventory Component - Phase 2C ΓÇ║ should show auto-reorder status

    Found multiple elements with the text: Auto-Reorder

    Here are the matching elements:

    Ignored nodes: comments, script, style
    [36m<p[39m
      [33mclass[39m=[32m"text-gray-600 text-sm"[39m
    [36m>[39m
      [0mAuto-Reorder[0m
    [36m</p>[39m

    Ignored nodes: comments, script, style
    [36m<th[39m
      [33mclass[39m=[32m"text-left p-4 text-black font-semibold"[39m
    [36m>[39m
      [0mAuto-Reorder[0m
    [36m</th>[39m

    (If this is intentional, then use the `*AllBy*` variant of the query (like `queryAllByText`, `getAllByText`, or `findAllByText`)).

    Ignored nodes: comments, script, style
    [36m<body>[39m
      [36m<div>[39m
        [36m<div[39m
          [33mclass[39m=[32m"p-6 text-black"[39m
        [36m>[39m
          [36m<div[39m
            [33mclass[39m=[32m"mb-6"[39m
          [36m>[39m
            [36m<div[39m
              [33mclass[39m=[32m"flex flex-col sm:flex-row justify-between items-start sm:items-center gap-3 mb-4"[39m
            [36m>[39m
              [36m<div[39m
                [33mclass[39m=[32m"flex gap-2 flex-wrap"[39m
              [36m>[39m
                [36m<a[39m
                  [33mclass[39m=[32m"bg-blue-500 text-white px-3 py-2 rounded hover:bg-blue-600 text-sm md:text-base"[39m
                  [33mdata-discover[39m=[32m"true"[39m
                  [33mhref[39m=[32m"/"[39m
                [36m>[39m
                  [0mDashboard[0m
                [36m</a>[39m
                [36m<a[39m
                  [33mclass[39m=[32m"bg-green-500 text-white px-3 py-2 rounded hover:bg-green-600 text-sm md:text-base"[39m
                  [33mdata-discover[39m=[32m"true"[39m
                  [33mhref[39m=[32m"/suppliers"[39m
                [36m>[39m
                  [0mSuppliers[0m
                [36m</a>[39m
                [36m<button[39m
                  [33mclass[39m=[32m"bg-purple-500 text-white px-3 py-2 rounded hover:bg-purple-600 text-sm md:text-base"[39m
                [36m>[39m
                  [0m≡ƒô▒ Scan Barcode[0m
                [36m</button>[39m
              [36m</div>[39m
              [36m<button[39m
                [33mclass[39m=[32m"bg-blue-500 text-white px-4 py-2 rounded hover:bg-blue-600 text-sm md:text-base w-full sm:w-auto"[39m
              [36m>[39m
                [0m+ Add Item[0m
              [36m</button>[39m
            [36m</div>[39m
            [36m<h1[39m
              [33mclass[39m=[32m"text-2xl md:text-3xl font-bold text-black"[39m
            [36m>[39m
              [0mInventory Management[0m
            [36m</h1>[39m
            [36m<p[39m
              [33mclass[39m=[32m"text-gray-600 mt-2"[39m
            [36m>[39m
              [0mTrack stock levels and manage par levels[0m
            [36m</p>[39m
          [36m</div>[39m
          [36m<div[39m
            [33mclass[39m=[32m"grid grid-cols-2 md:grid-cols-6 gap-4 mb-6"[39m
          [36m>[39m
            [36m<div[39m
              [33mclass[39m=[32m"bg-white border border-gray-300 rounded-lg p-4"[39m
            [36m>[39m
              [36m<p[39m
                [33mclass[39m=[32m"text-gray-600 text-sm"[39m
              [36m>[39m
                [0mTotal Items[0m
              [36m</p>[39m
              [36m<p[39m
                [33mclass[39m=[32m"text-3xl font-bold text-black"[39m
              [36m>[39m
                [0m3[0m
              [36m</p>[39m
            [36m</div>[39m
            [36m<div[39m
              [33mclass[39m=[32m"bg-white border border-gray-300 rounded-lg p-4"[39m
            [36m>[39m
              [36m<p[39m
                [33mclass[39m=[32m"text-gray-600 text-sm"[39m
              [36m>[39m
                [0mGood Stock[0m
              [36m</p>[39m
              [36m<p[39m
                [33mclass[39m=[32m"text-3xl font-bold text-green-600"[39m
              [36m>[39m
                [0m1[0m
              [36m</p>[39m
            [36m</div>[39m
            [36m<div[39m
              [33mclass[39m=[32m"bg-white border border-gray-300 rounded-lg p-4 cursor-pointer hover:bg-gray-50"[39m
            [36m>[39m
              [36m<p[39m
                [33mclass[39m=[32m"text-gray-600 text-sm"[39m
              [36m>[39m
                [0mLow Stock[0m
              [36m</p>[39m
              [36m<p[39m
                [33mclass[39m=[32m"text-3xl font-bold text-orange-600"[39m
              [36m>[39m
                [0m1[0m
              [36m</p>[39m
            [36m</div>[39m
            [36m<div[39m
              [33mclass[39m=[32m"bg-white border border-gray-300 rounded-lg p-4 cursor-pointer hover:bg-gray-50"[39m
            [36m>[39m
              [36m<p[39m
                [33mclass[39m=[32m"text-gray-600 text-sm"[39m
              [36m>[39m
                [0mOut of Stock[0m
              [36m</p>[39m
              [36m<p[39m
                [33mclass[39m=[32m"text-3xl font-bold text-red-600"[39m
              [36m>[39m
                [0m1[0m
              [36m</p>[39m
            [36m</div>[39m
            [36m<div[39m
              [33mclass[39m=[32m"bg-white border border-gray-300 rounded-lg p-4"[39m
            [36m>[39m
              [36m<p[39m
                [33mclass[39m=[32m"text-gray-600 text-sm"[39m
              [36m>[39m
                [0mAuto-Reorder[0m
              [36m</p>[39m
              [36m<p[39m
                [33mclass[39m=[32m"text-3xl font-bold text-purple-600"[39m
              [36m>[39m
                [0m2[0m
              [36m</p>[39m
            [36m</div>[39m
            [36m<div[39m
              [33mclass[39m=[32m"bg-white border border-gray-300 rounded-lg p-4"[39m
            [36m>[39m
              [36m<p[39m
                [33mclass[39m=[32m"text-gray-600 text-sm"[39m
              [36m>[39m
                [0mEst. Value[0m
              [36m</p>[39m
              [36m<p[39m
                [33mclass[39m=[32m"text-2xl font-bold text-black"[39m
              [36m>[39m
                [0m$[0m
                [0m0[0m
              [36m</p>[39m
            [36m</div>[39m
          [36m</div>[39m
          [36m<div[39m
            [33mclass[39m=[32m"bg-white border border-gray-300 rounded-lg p-4 mb-6"[39m
          [36m>[39m
            [36m<div[39m
              [33mclass[39m=[32m"grid grid-cols-1 md:grid-cols-4 gap-4"[39m
            [36m>[39m
              [36m<div>[39m
                [36m<label[39m
                  [33mclass[39m=[32m"block text-sm font-medium text-black mb-1"[39m
                  [33mfor[39m=[32m"search-inventory"[39m
                [36m>[39m
                  [0mSearch[0m
                [36m</label>[39m
                [36m<input[39m
                  [33mclass[39m=[32m"w-full p-2 border border-gray-300 rounded text-black bg-white"[39m
                  [33mid[39m=[32m"search-inventory"[39m
                  [33mname[39m=[32m"search-inventory"[39m
                  [33mplaceholder[39m=[32m"Search by name or SKU..."[39m
                  [33mtype[39m=[32m"text"[39m
                  [33mvalue[39m=[32m""[39m
                [36m/>[39m
              [36m</div>[39m
              [36m<div>[39m
                [36m<label[39m
                  [33mclass[39m=[32m"block text-sm font-medium text-black mb-1"[39m
                  [33mfor[39m=[32m"category-filter"[39m
                [36m>[39m
                  [0mCategory[0m
                [36m</label>[39m
                [36m<select[39m
                  [33mclass[39m=[32m"w-full p-2 border border-gray-300 rounded text-black bg-white"[39m
                  [33mid[39m=[32m"category-filter"[39m
                  [33mname[39m=[32m"category-filter"[39m
                [36m>[39m
                  [36m<option[39m
                    [33mvalue[39m=[32m""[39m
                  [36m>[39m
                    [0mAll Categories[0m
                  [36m</option>[39m
                  [36m<option[39m
                    [33mvalue[39m=[32m"Electrical"[39m
              ...

    [0m [90m 105 |[39m     render([33m<[39m[33mBrowserRouter[39m[33m>[39m[33m<[39m[33mInventory[39m 
[33m/[39m[33m>[39m[33m<[39m[33m/[39m[33mBrowserRouter[39m[33m>[39m)[33m;[39m
     [90m 106 |[39m     
    [31m[1m>[22m[39m[90m 107 |[39m     [36mawait[39m waitFor(() [33m=>[39m {
     [90m     |[39m                  [31m[1m^[22m[39m
     [90m 108 |[39m       [90m// Auto-reorder is shown in stats card[39m
     [90m 109 |[39m       expect(screen[33m.[39mgetByText([32m'Auto-Reorder'[39m))[33m.[39mtoBeInTheDocument()[33m;[39m
     [90m 110 |[39m       [90m// Stats show 2 items with auto-reorder enabled[39m[0m

      at waitForWrapper (node_modules/@testing-library/dom/dist/wait-for.js:163:27)
      at Object.<anonymous> (src/components/__tests__/Inventory.test.jsx:107:18)

  ΓùÅ Inventory Component - Phase 2C ΓÇ║ should open adjust stock modal when clicked

    Unable to find an element with the text: ≡ƒôª Adjust Stock. This could be because the text is broken up by multiple elements. In this case, you can provide a 
function for your text matcher to make your matcher more flexible.

    Ignored nodes: comments, script, style
    [36m<body>[39m
      [36m<div>[39m
        [36m<div[39m
          [33mclass[39m=[32m"p-6 text-black"[39m
        [36m>[39m
          [36m<div[39m
            [33mclass[39m=[32m"mb-6"[39m
          [36m>[39m
            [36m<div[39m
              [33mclass[39m=[32m"flex flex-col sm:flex-row justify-between items-start sm:items-center gap-3 mb-4"[39m
            [36m>[39m
              [36m<div[39m
                [33mclass[39m=[32m"flex gap-2 flex-wrap"[39m
              [36m>[39m
                [36m<a[39m
                  [33mclass[39m=[32m"bg-blue-500 text-white px-3 py-2 rounded hover:bg-blue-600 text-sm md:text-base"[39m
                  [33mdata-discover[39m=[32m"true"[39m
                  [33mhref[39m=[32m"/"[39m
                [36m>[39m
                  [0mDashboard[0m
                [36m</a>[39m
                [36m<a[39m
                  [33mclass[39m=[32m"bg-green-500 text-white px-3 py-2 rounded hover:bg-green-600 text-sm md:text-base"[39m
                  [33mdata-discover[39m=[32m"true"[39m
                  [33mhref[39m=[32m"/suppliers"[39m
                [36m>[39m
                  [0mSuppliers[0m
                [36m</a>[39m
                [36m<button[39m
                  [33mclass[39m=[32m"bg-purple-500 text-white px-3 py-2 rounded hover:bg-purple-600 text-sm md:text-base"[39m
                [36m>[39m
                  [0m≡ƒô▒ Scan Barcode[0m
                [36m</button>[39m
              [36m</div>[39m
              [36m<button[39m
                [33mclass[39m=[32m"bg-blue-500 text-white px-4 py-2 rounded hover:bg-blue-600 text-sm md:text-base w-full sm:w-auto"[39m
              [36m>[39m
                [0m+ Add Item[0m
              [36m</button>[39m
            [36m</div>[39m
            [36m<h1[39m
              [33mclass[39m=[32m"text-2xl md:text-3xl font-bold text-black"[39m
            [36m>[39m
              [0mInventory Management[0m
            [36m</h1>[39m
            [36m<p[39m
              [33mclass[39m=[32m"text-gray-600 mt-2"[39m
            [36m>[39m
              [0mTrack stock levels and manage par levels[0m
            [36m</p>[39m
          [36m</div>[39m
          [36m<div[39m
            [33mclass[39m=[32m"grid grid-cols-2 md:grid-cols-6 gap-4 mb-6"[39m
          [36m>[39m
            [36m<div[39m
              [33mclass[39m=[32m"bg-white border border-gray-300 rounded-lg p-4"[39m
            [36m>[39m
              [36m<p[39m
                [33mclass[39m=[32m"text-gray-600 text-sm"[39m
              [36m>[39m
                [0mTotal Items[0m
              [36m</p>[39m
              [36m<p[39m
                [33mclass[39m=[32m"text-3xl font-bold text-black"[39m
              [36m>[39m
                [0m3[0m
              [36m</p>[39m
            [36m</div>[39m
            [36m<div[39m
              [33mclass[39m=[32m"bg-white border border-gray-300 rounded-lg p-4"[39m
            [36m>[39m
              [36m<p[39m
                [33mclass[39m=[32m"text-gray-600 text-sm"[39m
              [36m>[39m
                [0mGood Stock[0m
              [36m</p>[39m
              [36m<p[39m
                [33mclass[39m=[32m"text-3xl font-bold text-green-600"[39m
              [36m>[39m
                [0m1[0m
              [36m</p>[39m
            [36m</div>[39m
            [36m<div[39m
              [33mclass[39m=[32m"bg-white border border-gray-300 rounded-lg p-4 cursor-pointer hover:bg-gray-50"[39m
            [36m>[39m
              [36m<p[39m
                [33mclass[39m=[32m"text-gray-600 text-sm"[39m
              [36m>[39m
                [0mLow Stock[0m
              [36m</p>[39m
              [36m<p[39m
                [33mclass[39m=[32m"text-3xl font-bold text-orange-600"[39m
              [36m>[39m
                [0m1[0m
              [36m</p>[39m
            [36m</div>[39m
            [36m<div[39m
              [33mclass[39m=[32m"bg-white border border-gray-300 rounded-lg p-4 cursor-pointer hover:bg-gray-50"[39m
            [36m>[39m
              [36m<p[39m
                [33mclass[39m=[32m"text-gray-600 text-sm"[39m
              [36m>[39m
                [0mOut of Stock[0m
              [36m</p>[39m
              [36m<p[39m
                [33mclass[39m=[32m"text-3xl font-bold text-red-600"[39m
              [36m>[39m
                [0m1[0m
              [36m</p>[39m
            [36m</div>[39m
            [36m<div[39m
              [33mclass[39m=[32m"bg-white border border-gray-300 rounded-lg p-4"[39m
            [36m>[39m
              [36m<p[39m
                [33mclass[39m=[32m"text-gray-600 text-sm"[39m
              [36m>[39m
                [0mAuto-Reorder[0m
              [36m</p>[39m
              [36m<p[39m
                [33mclass[39m=[32m"text-3xl font-bold text-purple-600"[39m
              [36m>[39m
                [0m2[0m
              [36m</p>[39m
            [36m</div>[39m
            [36m<div[39m
              [33mclass[39m=[32m"bg-white border border-gray-300 rounded-lg p-4"[39m
            [36m>[39m
              [36m<p[39m
                [33mclass[39m=[32m"text-gray-600 text-sm"[39m
              [36m>[39m
                [0mEst. Value[0m
              [36m</p>[39m
              [36m<p[39m
                [33mclass[39m=[32m"text-2xl font-bold text-black"[39m
              [36m>[39m
                [0m$[0m
                [0m0[0m
              [36m</p>[39m
            [36m</div>[39m
          [36m</div>[39m
          [36m<div[39m
            [33mclass[39m=[32m"bg-white border border-gray-300 rounded-lg p-4 mb-6"[39m
          [36m>[39m
            [36m<div[39m
              [33mclass[39m=[32m"grid grid-cols-1 md:grid-cols-4 gap-4"[39m
            [36m>[39m
              [36m<div>[39m
                [36m<label[39m
                  [33mclass[39m=[32m"block text-sm font-medium text-black mb-1"[39m
                  [33mfor[39m=[32m"search-inventory"[39m
                [36m>[39m
                  [0mSearch[0m
                [36m</label>[39m
                [36m<input[39m
                  [33mclass[39m=[32m"w-full p-2 border border-gray-300 rounded text-black bg-white"[39m
                  [33mid[39m=[32m"search-inventory"[39m
                  [33mname[39m=[32m"search-inventory"[39m
                  [33mplaceholder[39m=[32m"Search by name or SKU..."[39m
                  [33mtype[39m=[32m"text"[39m
                  [33mvalue[39m=[32m""[39m
                [36m/>[39m
              [36m</div>[39m
              [36m<div>[39m
                [36m<label[39m
                  [33mclass[39m=[32m"block text-sm font-medium text-black mb-1"[39m
                  [33mfor[39m=[32m"category-filter"[39m
                [36m>[39m
                  [0mCategory[0m
                [36m</label>[39m
                [36m<select[39m
                  [33mclass[39m=[32m"w-full p-2 border border-gray-300 rounded text-black bg-white"[39m
                  [33mid[39m=[32m"category-filter"[39m
                  [33mname[39m=[32m"category-filter"[39m
                [36m>[39m
                  [36m<option[39m
                    [33mvalue[39m=[32m""[39m
                  [36m>[39m
                    [0mAll Categories[0m
                  [36m</option>[39m
                  [36m<option[39m
                    [33mvalue[39m=[32m"Electrical"[39m
              ...

    [0m [90m 116 |[39m     render([33m<[39m[33mBrowserRouter[39m[33m>[39m[33m<[39m[33mInventory[39m 
[33m/[39m[33m>[39m[33m<[39m[33m/[39m[33mBrowserRouter[39m[33m>[39m)[33m;[39m
     [90m 117 |[39m     
    [31m[1m>[22m[39m[90m 118 |[39m     [36mawait[39m waitFor(() [33m=>[39m {
     [90m     |[39m                  [31m[1m^[22m[39m
     [90m 119 |[39m       [36mconst[39m adjustButtons [33m=[39m screen[33m.[39mgetAllByText([32m'≡ƒôª Adjust Stock'[39m)[33m;[39m
     [90m 120 |[39m       fireEvent[33m.[39mclick(adjustButtons[[35m0[39m])[33m;[39m
     [90m 121 |[39m     })[33m;[39m[0m

      at waitForWrapper (node_modules/@testing-library/dom/dist/wait-for.js:163:27)
      at Object.<anonymous> (src/components/__tests__/Inventory.test.jsx:118:18)

  ΓùÅ Inventory Component - Phase 2C ΓÇ║ should add stock to inventory

    Unable to find an element with the text: ≡ƒôª Adjust Stock. This could be because the text is broken up by multiple elements. In this case, you can provide a 
function for your text matcher to make your matcher more flexible.

    Ignored nodes: comments, script, style
    [36m<body>[39m
      [36m<div>[39m
        [36m<div[39m
          [33mclass[39m=[32m"p-6 text-black"[39m
        [36m>[39m
          [36m<div[39m
            [33mclass[39m=[32m"mb-6"[39m
          [36m>[39m
            [36m<div[39m
              [33mclass[39m=[32m"flex flex-col sm:flex-row justify-between items-start sm:items-center gap-3 mb-4"[39m
            [36m>[39m
              [36m<div[39m
                [33mclass[39m=[32m"flex gap-2 flex-wrap"[39m
              [36m>[39m
                [36m<a[39m
                  [33mclass[39m=[32m"bg-blue-500 text-white px-3 py-2 rounded hover:bg-blue-600 text-sm md:text-base"[39m
                  [33mdata-discover[39m=[32m"true"[39m
                  [33mhref[39m=[32m"/"[39m
                [36m>[39m
                  [0mDashboard[0m
                [36m</a>[39m
                [36m<a[39m
                  [33mclass[39m=[32m"bg-green-500 text-white px-3 py-2 rounded hover:bg-green-600 text-sm md:text-base"[39m
                  [33mdata-discover[39m=[32m"true"[39m
                  [33mhref[39m=[32m"/suppliers"[39m
                [36m>[39m
                  [0mSuppliers[0m
                [36m</a>[39m
                [36m<button[39m
                  [33mclass[39m=[32m"bg-purple-500 text-white px-3 py-2 rounded hover:bg-purple-600 text-sm md:text-base"[39m
                [36m>[39m
                  [0m≡ƒô▒ Scan Barcode[0m
                [36m</button>[39m
              [36m</div>[39m
              [36m<button[39m
                [33mclass[39m=[32m"bg-blue-500 text-white px-4 py-2 rounded hover:bg-blue-600 text-sm md:text-base w-full sm:w-auto"[39m
              [36m>[39m
                [0m+ Add Item[0m
              [36m</button>[39m
            [36m</div>[39m
            [36m<h1[39m
              [33mclass[39m=[32m"text-2xl md:text-3xl font-bold text-black"[39m
            [36m>[39m
              [0mInventory Management[0m
            [36m</h1>[39m
            [36m<p[39m
              [33mclass[39m=[32m"text-gray-600 mt-2"[39m
            [36m>[39m
              [0mTrack stock levels and manage par levels[0m
            [36m</p>[39m
          [36m</div>[39m
          [36m<div[39m
            [33mclass[39m=[32m"grid grid-cols-2 md:grid-cols-6 gap-4 mb-6"[39m
          [36m>[39m
            [36m<div[39m
              [33mclass[39m=[32m"bg-white border border-gray-300 rounded-lg p-4"[39m
            [36m>[39m
              [36m<p[39m
                [33mclass[39m=[32m"text-gray-600 text-sm"[39m
              [36m>[39m
                [0mTotal Items[0m
              [36m</p>[39m
              [36m<p[39m
                [33mclass[39m=[32m"text-3xl font-bold text-black"[39m
              [36m>[39m
                [0m3[0m
              [36m</p>[39m
            [36m</div>[39m
            [36m<div[39m
              [33mclass[39m=[32m"bg-white border border-gray-300 rounded-lg p-4"[39m
            [36m>[39m
              [36m<p[39m
                [33mclass[39m=[32m"text-gray-600 text-sm"[39m
              [36m>[39m
                [0mGood Stock[0m
              [36m</p>[39m
              [36m<p[39m
                [33mclass[39m=[32m"text-3xl font-bold text-green-600"[39m
              [36m>[39m
                [0m1[0m
              [36m</p>[39m
            [36m</div>[39m
            [36m<div[39m
              [33mclass[39m=[32m"bg-white border border-gray-300 rounded-lg p-4 cursor-pointer hover:bg-gray-50"[39m
            [36m>[39m
              [36m<p[39m
                [33mclass[39m=[32m"text-gray-600 text-sm"[39m
              [36m>[39m
                [0mLow Stock[0m
              [36m</p>[39m
              [36m<p[39m
                [33mclass[39m=[32m"text-3xl font-bold text-orange-600"[39m
              [36m>[39m
                [0m1[0m
              [36m</p>[39m
            [36m</div>[39m
            [36m<div[39m
              [33mclass[39m=[32m"bg-white border border-gray-300 rounded-lg p-4 cursor-pointer hover:bg-gray-50"[39m
            [36m>[39m
              [36m<p[39m
                [33mclass[39m=[32m"text-gray-600 text-sm"[39m
              [36m>[39m
                [0mOut of Stock[0m
              [36m</p>[39m
              [36m<p[39m
                [33mclass[39m=[32m"text-3xl font-bold text-red-600"[39m
              [36m>[39m
                [0m1[0m
              [36m</p>[39m
            [36m</div>[39m
            [36m<div[39m
              [33mclass[39m=[32m"bg-white border border-gray-300 rounded-lg p-4"[39m
            [36m>[39m
              [36m<p[39m
                [33mclass[39m=[32m"text-gray-600 text-sm"[39m
              [36m>[39m
                [0mAuto-Reorder[0m
              [36m</p>[39m
              [36m<p[39m
                [33mclass[39m=[32m"text-3xl font-bold text-purple-600"[39m
              [36m>[39m
                [0m2[0m
              [36m</p>[39m
            [36m</div>[39m
            [36m<div[39m
              [33mclass[39m=[32m"bg-white border border-gray-300 rounded-lg p-4"[39m
            [36m>[39m
              [36m<p[39m
                [33mclass[39m=[32m"text-gray-600 text-sm"[39m
              [36m>[39m
                [0mEst. Value[0m
              [36m</p>[39m
              [36m<p[39m
                [33mclass[39m=[32m"text-2xl font-bold text-black"[39m
              [36m>[39m
                [0m$[0m
                [0m0[0m
              [36m</p>[39m
            [36m</div>[39m
          [36m</div>[39m
          [36m<div[39m
            [33mclass[39m=[32m"bg-white border border-gray-300 rounded-lg p-4 mb-6"[39m
          [36m>[39m
            [36m<div[39m
              [33mclass[39m=[32m"grid grid-cols-1 md:grid-cols-4 gap-4"[39m
            [36m>[39m
              [36m<div>[39m
                [36m<label[39m
                  [33mclass[39m=[32m"block text-sm font-medium text-black mb-1"[39m
                  [33mfor[39m=[32m"search-inventory"[39m
                [36m>[39m
                  [0mSearch[0m
                [36m</label>[39m
                [36m<input[39m
                  [33mclass[39m=[32m"w-full p-2 border border-gray-300 rounded text-black bg-white"[39m
                  [33mid[39m=[32m"search-inventory"[39m
                  [33mname[39m=[32m"search-inventory"[39m
                  [33mplaceholder[39m=[32m"Search by name or SKU..."[39m
                  [33mtype[39m=[32m"text"[39m
                  [33mvalue[39m=[32m""[39m
                [36m/>[39m
              [36m</div>[39m
              [36m<div>[39m
                [36m<label[39m
                  [33mclass[39m=[32m"block text-sm font-medium text-black mb-1"[39m
                  [33mfor[39m=[32m"category-filter"[39m
                [36m>[39m
                  [0mCategory[0m
                [36m</label>[39m
                [36m<select[39m
                  [33mclass[39m=[32m"w-full p-2 border border-gray-300 rounded text-black bg-white"[39m
                  [33mid[39m=[32m"category-filter"[39m
                  [33mname[39m=[32m"category-filter"[39m
                [36m>[39m
                  [36m<option[39m
                    [33mvalue[39m=[32m""[39m
                  [36m>[39m
                    [0mAll Categories[0m
                  [36m</option>[39m
                  [36m<option[39m
                    [33mvalue[39m=[32m"Electrical"[39m
              ...

    [0m [90m 131 |[39m     
     [90m 132 |[39m     [90m// Open modal[39m
    [31m[1m>[22m[39m[90m 133 |[39m     [36mawait[39m waitFor(() [33m=>[39m {
     [90m     |[39m                  [31m[1m^[22m[39m
     [90m 134 |[39m       [36mconst[39m adjustButtons [33m=[39m screen[33m.[39mgetAllByText([32m'≡ƒôª Adjust Stock'[39m)[33m;[39m
     [90m 135 |[39m       fireEvent[33m.[39mclick(adjustButtons[[35m0[39m])[33m;[39m
     [90m 136 |[39m     })[33m;[39m[0m

      at waitForWrapper (node_modules/@testing-library/dom/dist/wait-for.js:163:27)
      at Object.<anonymous> (src/components/__tests__/Inventory.test.jsx:133:18)

  ΓùÅ Inventory Component - Phase 2C ΓÇ║ should remove stock from inventory

    Unable to find an element with the text: ≡ƒôª Adjust Stock. This could be because the text is broken up by multiple elements. In this case, you can provide a 
function for your text matcher to make your matcher more flexible.

    Ignored nodes: comments, script, style
    [36m<body>[39m
      [36m<div>[39m
        [36m<div[39m
          [33mclass[39m=[32m"p-6 text-black"[39m
        [36m>[39m
          [36m<div[39m
            [33mclass[39m=[32m"mb-6"[39m
          [36m>[39m
            [36m<div[39m
              [33mclass[39m=[32m"flex flex-col sm:flex-row justify-between items-start sm:items-center gap-3 mb-4"[39m
            [36m>[39m
              [36m<div[39m
                [33mclass[39m=[32m"flex gap-2 flex-wrap"[39m
              [36m>[39m
                [36m<a[39m
                  [33mclass[39m=[32m"bg-blue-500 text-white px-3 py-2 rounded hover:bg-blue-600 text-sm md:text-base"[39m
                  [33mdata-discover[39m=[32m"true"[39m
                  [33mhref[39m=[32m"/"[39m
                [36m>[39m
                  [0mDashboard[0m
                [36m</a>[39m
                [36m<a[39m
                  [33mclass[39m=[32m"bg-green-500 text-white px-3 py-2 rounded hover:bg-green-600 text-sm md:text-base"[39m
                  [33mdata-discover[39m=[32m"true"[39m
                  [33mhref[39m=[32m"/suppliers"[39m
                [36m>[39m
                  [0mSuppliers[0m
                [36m</a>[39m
                [36m<button[39m
                  [33mclass[39m=[32m"bg-purple-500 text-white px-3 py-2 rounded hover:bg-purple-600 text-sm md:text-base"[39m
                [36m>[39m
                  [0m≡ƒô▒ Scan Barcode[0m
                [36m</button>[39m
              [36m</div>[39m
              [36m<button[39m
                [33mclass[39m=[32m"bg-blue-500 text-white px-4 py-2 rounded hover:bg-blue-600 text-sm md:text-base w-full sm:w-auto"[39m
              [36m>[39m
                [0m+ Add Item[0m
              [36m</button>[39m
            [36m</div>[39m
            [36m<h1[39m
              [33mclass[39m=[32m"text-2xl md:text-3xl font-bold text-black"[39m
            [36m>[39m
              [0mInventory Management[0m
            [36m</h1>[39m
            [36m<p[39m
              [33mclass[39m=[32m"text-gray-600 mt-2"[39m
            [36m>[39m
              [0mTrack stock levels and manage par levels[0m
            [36m</p>[39m
          [36m</div>[39m
          [36m<div[39m
            [33mclass[39m=[32m"grid grid-cols-2 md:grid-cols-6 gap-4 mb-6"[39m
          [36m>[39m
            [36m<div[39m
              [33mclass[39m=[32m"bg-white border border-gray-300 rounded-lg p-4"[39m
            [36m>[39m
              [36m<p[39m
                [33mclass[39m=[32m"text-gray-600 text-sm"[39m
              [36m>[39m
                [0mTotal Items[0m
              [36m</p>[39m
              [36m<p[39m
                [33mclass[39m=[32m"text-3xl font-bold text-black"[39m
              [36m>[39m
                [0m3[0m
              [36m</p>[39m
            [36m</div>[39m
            [36m<div[39m
              [33mclass[39m=[32m"bg-white border border-gray-300 rounded-lg p-4"[39m
            [36m>[39m
              [36m<p[39m
                [33mclass[39m=[32m"text-gray-600 text-sm"[39m
              [36m>[39m
                [0mGood Stock[0m
              [36m</p>[39m
              [36m<p[39m
                [33mclass[39m=[32m"text-3xl font-bold text-green-600"[39m
              [36m>[39m
                [0m1[0m
              [36m</p>[39m
            [36m</div>[39m
            [36m<div[39m
              [33mclass[39m=[32m"bg-white border border-gray-300 rounded-lg p-4 cursor-pointer hover:bg-gray-50"[39m
            [36m>[39m
              [36m<p[39m
                [33mclass[39m=[32m"text-gray-600 text-sm"[39m
              [36m>[39m
                [0mLow Stock[0m
              [36m</p>[39m
              [36m<p[39m
                [33mclass[39m=[32m"text-3xl font-bold text-orange-600"[39m
              [36m>[39m
                [0m1[0m
              [36m</p>[39m
            [36m</div>[39m
            [36m<div[39m
              [33mclass[39m=[32m"bg-white border border-gray-300 rounded-lg p-4 cursor-pointer hover:bg-gray-50"[39m
            [36m>[39m
              [36m<p[39m
                [33mclass[39m=[32m"text-gray-600 text-sm"[39m
              [36m>[39m
                [0mOut of Stock[0m
              [36m</p>[39m
              [36m<p[39m
                [33mclass[39m=[32m"text-3xl font-bold text-red-600"[39m
              [36m>[39m
                [0m1[0m
              [36m</p>[39m
            [36m</div>[39m
            [36m<div[39m
              [33mclass[39m=[32m"bg-white border border-gray-300 rounded-lg p-4"[39m
            [36m>[39m
              [36m<p[39m
                [33mclass[39m=[32m"text-gray-600 text-sm"[39m
              [36m>[39m
                [0mAuto-Reorder[0m
              [36m</p>[39m
              [36m<p[39m
                [33mclass[39m=[32m"text-3xl font-bold text-purple-600"[39m
              [36m>[39m
                [0m2[0m
              [36m</p>[39m
            [36m</div>[39m
            [36m<div[39m
              [33mclass[39m=[32m"bg-white border border-gray-300 rounded-lg p-4"[39m
            [36m>[39m
              [36m<p[39m
                [33mclass[39m=[32m"text-gray-600 text-sm"[39m
              [36m>[39m
                [0mEst. Value[0m
              [36m</p>[39m
              [36m<p[39m
                [33mclass[39m=[32m"text-2xl font-bold text-black"[39m
              [36m>[39m
                [0m$[0m
                [0m0[0m
              [36m</p>[39m
            [36m</div>[39m
          [36m</div>[39m
          [36m<div[39m
            [33mclass[39m=[32m"bg-white border border-gray-300 rounded-lg p-4 mb-6"[39m
          [36m>[39m
            [36m<div[39m
              [33mclass[39m=[32m"grid grid-cols-1 md:grid-cols-4 gap-4"[39m
            [36m>[39m
              [36m<div>[39m
                [36m<label[39m
                  [33mclass[39m=[32m"block text-sm font-medium text-black mb-1"[39m
                  [33mfor[39m=[32m"search-inventory"[39m
                [36m>[39m
                  [0mSearch[0m
                [36m</label>[39m
                [36m<input[39m
                  [33mclass[39m=[32m"w-full p-2 border border-gray-300 rounded text-black bg-white"[39m
                  [33mid[39m=[32m"search-inventory"[39m
                  [33mname[39m=[32m"search-inventory"[39m
                  [33mplaceholder[39m=[32m"Search by name or SKU..."[39m
                  [33mtype[39m=[32m"text"[39m
                  [33mvalue[39m=[32m""[39m
                [36m/>[39m
              [36m</div>[39m
              [36m<div>[39m
                [36m<label[39m
                  [33mclass[39m=[32m"block text-sm font-medium text-black mb-1"[39m
                  [33mfor[39m=[32m"category-filter"[39m
                [36m>[39m
                  [0mCategory[0m
                [36m</label>[39m
                [36m<select[39m
                  [33mclass[39m=[32m"w-full p-2 border border-gray-300 rounded text-black bg-white"[39m
                  [33mid[39m=[32m"category-filter"[39m
                  [33mname[39m=[32m"category-filter"[39m
                [36m>[39m
                  [36m<option[39m
                    [33mvalue[39m=[32m""[39m
                  [36m>[39m
                    [0mAll Categories[0m
                  [36m</option>[39m
                  [36m<option[39m
                    [33mvalue[39m=[32m"Electrical"[39m
              ...

    [0m [90m 163 |[39m     
     [90m 164 |[39m     [90m// Open modal[39m
    [31m[1m>[22m[39m[90m 165 |[39m     [36mawait[39m waitFor(() [33m=>[39m {
     [90m     |[39m                  [31m[1m^[22m[39m
     [90m 166 |[39m       [36mconst[39m adjustButtons [33m=[39m screen[33m.[39mgetAllByText([32m'≡ƒôª Adjust Stock'[39m)[33m;[39m
     [90m 167 |[39m       fireEvent[33m.[39mclick(adjustButtons[[35m0[39m])[33m;[39m
     [90m 168 |[39m     })[33m;[39m[0m

      at waitForWrapper (node_modules/@testing-library/dom/dist/wait-for.js:163:27)
      at Object.<anonymous> (src/components/__tests__/Inventory.test.jsx:165:18)

  ΓùÅ Inventory Component - Phase 2C ΓÇ║ should set exact stock count

    Unable to find an element with the text: ≡ƒôª Adjust Stock. This could be because the text is broken up by multiple elements. In this case, you can provide a 
function for your text matcher to make your matcher more flexible.

    Ignored nodes: comments, script, style
    [36m<body>[39m
      [36m<div>[39m
        [36m<div[39m
          [33mclass[39m=[32m"p-6 text-black"[39m
        [36m>[39m
          [36m<div[39m
            [33mclass[39m=[32m"mb-6"[39m
          [36m>[39m
            [36m<div[39m
              [33mclass[39m=[32m"flex flex-col sm:flex-row justify-between items-start sm:items-center gap-3 mb-4"[39m
            [36m>[39m
              [36m<div[39m
                [33mclass[39m=[32m"flex gap-2 flex-wrap"[39m
              [36m>[39m
                [36m<a[39m
                  [33mclass[39m=[32m"bg-blue-500 text-white px-3 py-2 rounded hover:bg-blue-600 text-sm md:text-base"[39m
                  [33mdata-discover[39m=[32m"true"[39m
                  [33mhref[39m=[32m"/"[39m
                [36m>[39m
                  [0mDashboard[0m
                [36m</a>[39m
                [36m<a[39m
                  [33mclass[39m=[32m"bg-green-500 text-white px-3 py-2 rounded hover:bg-green-600 text-sm md:text-base"[39m
                  [33mdata-discover[39m=[32m"true"[39m
                  [33mhref[39m=[32m"/suppliers"[39m
                [36m>[39m
                  [0mSuppliers[0m
                [36m</a>[39m
                [36m<button[39m
                  [33mclass[39m=[32m"bg-purple-500 text-white px-3 py-2 rounded hover:bg-purple-600 text-sm md:text-base"[39m
                [36m>[39m
                  [0m≡ƒô▒ Scan Barcode[0m
                [36m</button>[39m
              [36m</div>[39m
              [36m<button[39m
                [33mclass[39m=[32m"bg-blue-500 text-white px-4 py-2 rounded hover:bg-blue-600 text-sm md:text-base w-full sm:w-auto"[39m
              [36m>[39m
                [0m+ Add Item[0m
              [36m</button>[39m
            [36m</div>[39m
            [36m<h1[39m
              [33mclass[39m=[32m"text-2xl md:text-3xl font-bold text-black"[39m
            [36m>[39m
              [0mInventory Management[0m
            [36m</h1>[39m
            [36m<p[39m
              [33mclass[39m=[32m"text-gray-600 mt-2"[39m
            [36m>[39m
              [0mTrack stock levels and manage par levels[0m
            [36m</p>[39m
          [36m</div>[39m
          [36m<div[39m
            [33mclass[39m=[32m"grid grid-cols-2 md:grid-cols-6 gap-4 mb-6"[39m
          [36m>[39m
            [36m<div[39m
              [33mclass[39m=[32m"bg-white border border-gray-300 rounded-lg p-4"[39m
            [36m>[39m
              [36m<p[39m
                [33mclass[39m=[32m"text-gray-600 text-sm"[39m
              [36m>[39m
                [0mTotal Items[0m
              [36m</p>[39m
              [36m<p[39m
                [33mclass[39m=[32m"text-3xl font-bold text-black"[39m
              [36m>[39m
                [0m3[0m
              [36m</p>[39m
            [36m</div>[39m
            [36m<div[39m
              [33mclass[39m=[32m"bg-white border border-gray-300 rounded-lg p-4"[39m
            [36m>[39m
              [36m<p[39m
                [33mclass[39m=[32m"text-gray-600 text-sm"[39m
              [36m>[39m
                [0mGood Stock[0m
              [36m</p>[39m
              [36m<p[39m
                [33mclass[39m=[32m"text-3xl font-bold text-green-600"[39m
              [36m>[39m
                [0m1[0m
              [36m</p>[39m
            [36m</div>[39m
            [36m<div[39m
              [33mclass[39m=[32m"bg-white border border-gray-300 rounded-lg p-4 cursor-pointer hover:bg-gray-50"[39m
            [36m>[39m
              [36m<p[39m
                [33mclass[39m=[32m"text-gray-600 text-sm"[39m
              [36m>[39m
                [0mLow Stock[0m
              [36m</p>[39m
              [36m<p[39m
                [33mclass[39m=[32m"text-3xl font-bold text-orange-600"[39m
              [36m>[39m
                [0m1[0m
              [36m</p>[39m
            [36m</div>[39m
            [36m<div[39m
              [33mclass[39m=[32m"bg-white border border-gray-300 rounded-lg p-4 cursor-pointer hover:bg-gray-50"[39m
            [36m>[39m
              [36m<p[39m
                [33mclass[39m=[32m"text-gray-600 text-sm"[39m
              [36m>[39m
                [0mOut of Stock[0m
              [36m</p>[39m
              [36m<p[39m
                [33mclass[39m=[32m"text-3xl font-bold text-red-600"[39m
              [36m>[39m
                [0m1[0m
              [36m</p>[39m
            [36m</div>[39m
            [36m<div[39m
              [33mclass[39m=[32m"bg-white border border-gray-300 rounded-lg p-4"[39m
            [36m>[39m
              [36m<p[39m
                [33mclass[39m=[32m"text-gray-600 text-sm"[39m
              [36m>[39m
                [0mAuto-Reorder[0m
              [36m</p>[39m
              [36m<p[39m
                [33mclass[39m=[32m"text-3xl font-bold text-purple-600"[39m
              [36m>[39m
                [0m2[0m
              [36m</p>[39m
            [36m</div>[39m
            [36m<div[39m
              [33mclass[39m=[32m"bg-white border border-gray-300 rounded-lg p-4"[39m
            [36m>[39m
              [36m<p[39m
                [33mclass[39m=[32m"text-gray-600 text-sm"[39m
              [36m>[39m
                [0mEst. Value[0m
              [36m</p>[39m
              [36m<p[39m
                [33mclass[39m=[32m"text-2xl font-bold text-black"[39m
              [36m>[39m
                [0m$[0m
                [0m0[0m
              [36m</p>[39m
            [36m</div>[39m
          [36m</div>[39m
          [36m<div[39m
            [33mclass[39m=[32m"bg-white border border-gray-300 rounded-lg p-4 mb-6"[39m
          [36m>[39m
            [36m<div[39m
              [33mclass[39m=[32m"grid grid-cols-1 md:grid-cols-4 gap-4"[39m
            [36m>[39m
              [36m<div>[39m
                [36m<label[39m
                  [33mclass[39m=[32m"block text-sm font-medium text-black mb-1"[39m
                  [33mfor[39m=[32m"search-inventory"[39m
                [36m>[39m
                  [0mSearch[0m
                [36m</label>[39m
                [36m<input[39m
                  [33mclass[39m=[32m"w-full p-2 border border-gray-300 rounded text-black bg-white"[39m
                  [33mid[39m=[32m"search-inventory"[39m
                  [33mname[39m=[32m"search-inventory"[39m
                  [33mplaceholder[39m=[32m"Search by name or SKU..."[39m
                  [33mtype[39m=[32m"text"[39m
                  [33mvalue[39m=[32m""[39m
                [36m/>[39m
              [36m</div>[39m
              [36m<div>[39m
                [36m<label[39m
                  [33mclass[39m=[32m"block text-sm font-medium text-black mb-1"[39m
                  [33mfor[39m=[32m"category-filter"[39m
                [36m>[39m
                  [0mCategory[0m
                [36m</label>[39m
                [36m<select[39m
                  [33mclass[39m=[32m"w-full p-2 border border-gray-300 rounded text-black bg-white"[39m
                  [33mid[39m=[32m"category-filter"[39m
                  [33mname[39m=[32m"category-filter"[39m
                [36m>[39m
                  [36m<option[39m
                    [33mvalue[39m=[32m""[39m
                  [36m>[39m
                    [0mAll Categories[0m
                  [36m</option>[39m
                  [36m<option[39m
                    [33mvalue[39m=[32m"Electrical"[39m
              ...

    [0m [90m 198 |[39m     
     [90m 199 |[39m     [90m// Open modal[39m
    [31m[1m>[22m[39m[90m 200 |[39m     [36mawait[39m waitFor(() [33m=>[39m {
     [90m     |[39m                  [31m[1m^[22m[39m
     [90m 201 |[39m       [36mconst[39m adjustButtons [33m=[39m screen[33m.[39mgetAllByText([32m'≡ƒôª Adjust Stock'[39m)[33m;[39m
     [90m 202 |[39m       fireEvent[33m.[39mclick(adjustButtons[[35m0[39m])[33m;[39m
     [90m 203 |[39m     })[33m;[39m[0m

      at waitForWrapper (node_modules/@testing-library/dom/dist/wait-for.js:163:27)
      at Object.<anonymous> (src/components/__tests__/Inventory.test.jsx:200:18)

  ΓùÅ Inventory Component - Phase 2C ΓÇ║ should toggle auto-reorder

    Unable to find an element with the text: Γ£Å∩╕Å. This could be because the text is broken up by multiple elements. In this case, you can provide a function for 
your text matcher to make your matcher more flexible.

    Ignored nodes: comments, script, style
    [36m<body>[39m
      [36m<div>[39m
        [36m<div[39m
          [33mclass[39m=[32m"p-6 text-black"[39m
        [36m>[39m
          [36m<div[39m
            [33mclass[39m=[32m"mb-6"[39m
          [36m>[39m
            [36m<div[39m
              [33mclass[39m=[32m"flex flex-col sm:flex-row justify-between items-start sm:items-center gap-3 mb-4"[39m
            [36m>[39m
              [36m<div[39m
                [33mclass[39m=[32m"flex gap-2 flex-wrap"[39m
              [36m>[39m
                [36m<a[39m
                  [33mclass[39m=[32m"bg-blue-500 text-white px-3 py-2 rounded hover:bg-blue-600 text-sm md:text-base"[39m
                  [33mdata-discover[39m=[32m"true"[39m
                  [33mhref[39m=[32m"/"[39m
                [36m>[39m
                  [0mDashboard[0m
                [36m</a>[39m
                [36m<a[39m
                  [33mclass[39m=[32m"bg-green-500 text-white px-3 py-2 rounded hover:bg-green-600 text-sm md:text-base"[39m
                  [33mdata-discover[39m=[32m"true"[39m
                  [33mhref[39m=[32m"/suppliers"[39m
                [36m>[39m
                  [0mSuppliers[0m
                [36m</a>[39m
                [36m<button[39m
                  [33mclass[39m=[32m"bg-purple-500 text-white px-3 py-2 rounded hover:bg-purple-600 text-sm md:text-base"[39m
                [36m>[39m
                  [0m≡ƒô▒ Scan Barcode[0m
                [36m</button>[39m
              [36m</div>[39m
              [36m<button[39m
                [33mclass[39m=[32m"bg-blue-500 text-white px-4 py-2 rounded hover:bg-blue-600 text-sm md:text-base w-full sm:w-auto"[39m
              [36m>[39m
                [0m+ Add Item[0m
              [36m</button>[39m
            [36m</div>[39m
            [36m<h1[39m
              [33mclass[39m=[32m"text-2xl md:text-3xl font-bold text-black"[39m
            [36m>[39m
              [0mInventory Management[0m
            [36m</h1>[39m
            [36m<p[39m
              [33mclass[39m=[32m"text-gray-600 mt-2"[39m
            [36m>[39m
              [0mTrack stock levels and manage par levels[0m
            [36m</p>[39m
          [36m</div>[39m
          [36m<div[39m
            [33mclass[39m=[32m"grid grid-cols-2 md:grid-cols-6 gap-4 mb-6"[39m
          [36m>[39m
            [36m<div[39m
              [33mclass[39m=[32m"bg-white border border-gray-300 rounded-lg p-4"[39m
            [36m>[39m
              [36m<p[39m
                [33mclass[39m=[32m"text-gray-600 text-sm"[39m
              [36m>[39m
                [0mTotal Items[0m
              [36m</p>[39m
              [36m<p[39m
                [33mclass[39m=[32m"text-3xl font-bold text-black"[39m
              [36m>[39m
                [0m3[0m
              [36m</p>[39m
            [36m</div>[39m
            [36m<div[39m
              [33mclass[39m=[32m"bg-white border border-gray-300 rounded-lg p-4"[39m
            [36m>[39m
              [36m<p[39m
                [33mclass[39m=[32m"text-gray-600 text-sm"[39m
              [36m>[39m
                [0mGood Stock[0m
              [36m</p>[39m
              [36m<p[39m
                [33mclass[39m=[32m"text-3xl font-bold text-green-600"[39m
              [36m>[39m
                [0m1[0m
              [36m</p>[39m
            [36m</div>[39m
            [36m<div[39m
              [33mclass[39m=[32m"bg-white border border-gray-300 rounded-lg p-4 cursor-pointer hover:bg-gray-50"[39m
            [36m>[39m
              [36m<p[39m
                [33mclass[39m=[32m"text-gray-600 text-sm"[39m
              [36m>[39m
                [0mLow Stock[0m
              [36m</p>[39m
              [36m<p[39m
                [33mclass[39m=[32m"text-3xl font-bold text-orange-600"[39m
              [36m>[39m
                [0m1[0m
              [36m</p>[39m
            [36m</div>[39m
            [36m<div[39m
              [33mclass[39m=[32m"bg-white border border-gray-300 rounded-lg p-4 cursor-pointer hover:bg-gray-50"[39m
            [36m>[39m
              [36m<p[39m
                [33mclass[39m=[32m"text-gray-600 text-sm"[39m
              [36m>[39m
                [0mOut of Stock[0m
              [36m</p>[39m
              [36m<p[39m
                [33mclass[39m=[32m"text-3xl font-bold text-red-600"[39m
              [36m>[39m
                [0m1[0m
              [36m</p>[39m
            [36m</div>[39m
            [36m<div[39m
              [33mclass[39m=[32m"bg-white border border-gray-300 rounded-lg p-4"[39m
            [36m>[39m
              [36m<p[39m
                [33mclass[39m=[32m"text-gray-600 text-sm"[39m
              [36m>[39m
                [0mAuto-Reorder[0m
              [36m</p>[39m
              [36m<p[39m
                [33mclass[39m=[32m"text-3xl font-bold text-purple-600"[39m
              [36m>[39m
                [0m2[0m
              [36m</p>[39m
            [36m</div>[39m
            [36m<div[39m
              [33mclass[39m=[32m"bg-white border border-gray-300 rounded-lg p-4"[39m
            [36m>[39m
              [36m<p[39m
                [33mclass[39m=[32m"text-gray-600 text-sm"[39m
              [36m>[39m
                [0mEst. Value[0m
              [36m</p>[39m
              [36m<p[39m
                [33mclass[39m=[32m"text-2xl font-bold text-black"[39m
              [36m>[39m
                [0m$[0m
                [0m0[0m
              [36m</p>[39m
            [36m</div>[39m
          [36m</div>[39m
          [36m<div[39m
            [33mclass[39m=[32m"bg-white border border-gray-300 rounded-lg p-4 mb-6"[39m
          [36m>[39m
            [36m<div[39m
              [33mclass[39m=[32m"grid grid-cols-1 md:grid-cols-4 gap-4"[39m
            [36m>[39m
              [36m<div>[39m
                [36m<label[39m
                  [33mclass[39m=[32m"block text-sm font-medium text-black mb-1"[39m
                  [33mfor[39m=[32m"search-inventory"[39m
                [36m>[39m
                  [0mSearch[0m
                [36m</label>[39m
                [36m<input[39m
                  [33mclass[39m=[32m"w-full p-2 border border-gray-300 rounded text-black bg-white"[39m
                  [33mid[39m=[32m"search-inventory"[39m
                  [33mname[39m=[32m"search-inventory"[39m
                  [33mplaceholder[39m=[32m"Search by name or SKU..."[39m
                  [33mtype[39m=[32m"text"[39m
                  [33mvalue[39m=[32m""[39m
                [36m/>[39m
              [36m</div>[39m
              [36m<div>[39m
                [36m<label[39m
                  [33mclass[39m=[32m"block text-sm font-medium text-black mb-1"[39m
                  [33mfor[39m=[32m"category-filter"[39m
                [36m>[39m
                  [0mCategory[0m
                [36m</label>[39m
                [36m<select[39m
                  [33mclass[39m=[32m"w-full p-2 border border-gray-300 rounded text-black bg-white"[39m
                  [33mid[39m=[32m"category-filter"[39m
                  [33mname[39m=[32m"category-filter"[39m
                [36m>[39m
                  [36m<option[39m
                    [33mvalue[39m=[32m""[39m
                  [36m>[39m
                    [0mAll Categories[0m
                  [36m</option>[39m
                  [36m<option[39m
                    [33mvalue[39m=[32m"Electrical"[39m
              ...

    [0m [90m 275 |[39m     
     [90m 276 |[39m     [90m// Open edit modal[39m
    [31m[1m>[22m[39m[90m 277 |[39m     [36mawait[39m waitFor(() [33m=>[39m {
     [90m     |[39m                  [31m[1m^[22m[39m
     [90m 278 |[39m       [36mconst[39m editButtons [33m=[39m screen[33m.[39mgetAllByText([32m'Γ£Å∩╕Å'[39m)[33m;[39m
     [90m 279 |[39m       fireEvent[33m.[39mclick(editButtons[[35m0[39m])[33m;[39m
     [90m 280 |[39m     })[33m;[39m[0m

      at waitForWrapper (node_modules/@testing-library/dom/dist/wait-for.js:163:27)
      at Object.<anonymous> (src/components/__tests__/Inventory.test.jsx:277:18)

  ΓùÅ Inventory Component - Phase 2C ΓÇ║ should update par level

    Unable to find an element with the text: Γ£Å∩╕Å. This could be because the text is broken up by multiple elements. In this case, you can provide a function for 
your text matcher to make your matcher more flexible.

    Ignored nodes: comments, script, style
    [36m<body>[39m
      [36m<div>[39m
        [36m<div[39m
          [33mclass[39m=[32m"p-6 text-black"[39m
        [36m>[39m
          [36m<div[39m
            [33mclass[39m=[32m"mb-6"[39m
          [36m>[39m
            [36m<div[39m
              [33mclass[39m=[32m"flex flex-col sm:flex-row justify-between items-start sm:items-center gap-3 mb-4"[39m
            [36m>[39m
              [36m<div[39m
                [33mclass[39m=[32m"flex gap-2 flex-wrap"[39m
              [36m>[39m
                [36m<a[39m
                  [33mclass[39m=[32m"bg-blue-500 text-white px-3 py-2 rounded hover:bg-blue-600 text-sm md:text-base"[39m
                  [33mdata-discover[39m=[32m"true"[39m
                  [33mhref[39m=[32m"/"[39m
                [36m>[39m
                  [0mDashboard[0m
                [36m</a>[39m
                [36m<a[39m
                  [33mclass[39m=[32m"bg-green-500 text-white px-3 py-2 rounded hover:bg-green-600 text-sm md:text-base"[39m
                  [33mdata-discover[39m=[32m"true"[39m
                  [33mhref[39m=[32m"/suppliers"[39m
                [36m>[39m
                  [0mSuppliers[0m
                [36m</a>[39m
                [36m<button[39m
                  [33mclass[39m=[32m"bg-purple-500 text-white px-3 py-2 rounded hover:bg-purple-600 text-sm md:text-base"[39m
                [36m>[39m
                  [0m≡ƒô▒ Scan Barcode[0m
                [36m</button>[39m
              [36m</div>[39m
              [36m<button[39m
                [33mclass[39m=[32m"bg-blue-500 text-white px-4 py-2 rounded hover:bg-blue-600 text-sm md:text-base w-full sm:w-auto"[39m
              [36m>[39m
                [0m+ Add Item[0m
              [36m</button>[39m
            [36m</div>[39m
            [36m<h1[39m
              [33mclass[39m=[32m"text-2xl md:text-3xl font-bold text-black"[39m
            [36m>[39m
              [0mInventory Management[0m
            [36m</h1>[39m
            [36m<p[39m
              [33mclass[39m=[32m"text-gray-600 mt-2"[39m
            [36m>[39m
              [0mTrack stock levels and manage par levels[0m
            [36m</p>[39m
          [36m</div>[39m
          [36m<div[39m
            [33mclass[39m=[32m"grid grid-cols-2 md:grid-cols-6 gap-4 mb-6"[39m
          [36m>[39m
            [36m<div[39m
              [33mclass[39m=[32m"bg-white border border-gray-300 rounded-lg p-4"[39m
            [36m>[39m
              [36m<p[39m
                [33mclass[39m=[32m"text-gray-600 text-sm"[39m
              [36m>[39m
                [0mTotal Items[0m
              [36m</p>[39m
              [36m<p[39m
                [33mclass[39m=[32m"text-3xl font-bold text-black"[39m
              [36m>[39m
                [0m3[0m
              [36m</p>[39m
            [36m</div>[39m
            [36m<div[39m
              [33mclass[39m=[32m"bg-white border border-gray-300 rounded-lg p-4"[39m
            [36m>[39m
              [36m<p[39m
                [33mclass[39m=[32m"text-gray-600 text-sm"[39m
              [36m>[39m
                [0mGood Stock[0m
              [36m</p>[39m
              [36m<p[39m
                [33mclass[39m=[32m"text-3xl font-bold text-green-600"[39m
              [36m>[39m
                [0m1[0m
              [36m</p>[39m
            [36m</div>[39m
            [36m<div[39m
              [33mclass[39m=[32m"bg-white border border-gray-300 rounded-lg p-4 cursor-pointer hover:bg-gray-50"[39m
            [36m>[39m
              [36m<p[39m
                [33mclass[39m=[32m"text-gray-600 text-sm"[39m
              [36m>[39m
                [0mLow Stock[0m
              [36m</p>[39m
              [36m<p[39m
                [33mclass[39m=[32m"text-3xl font-bold text-orange-600"[39m
              [36m>[39m
                [0m1[0m
              [36m</p>[39m
            [36m</div>[39m
            [36m<div[39m
              [33mclass[39m=[32m"bg-white border border-gray-300 rounded-lg p-4 cursor-pointer hover:bg-gray-50"[39m
            [36m>[39m
              [36m<p[39m
                [33mclass[39m=[32m"text-gray-600 text-sm"[39m
              [36m>[39m
                [0mOut of Stock[0m
              [36m</p>[39m
              [36m<p[39m
                [33mclass[39m=[32m"text-3xl font-bold text-red-600"[39m
              [36m>[39m
                [0m1[0m
              [36m</p>[39m
            [36m</div>[39m
            [36m<div[39m
              [33mclass[39m=[32m"bg-white border border-gray-300 rounded-lg p-4"[39m
            [36m>[39m
              [36m<p[39m
                [33mclass[39m=[32m"text-gray-600 text-sm"[39m
              [36m>[39m
                [0mAuto-Reorder[0m
              [36m</p>[39m
              [36m<p[39m
                [33mclass[39m=[32m"text-3xl font-bold text-purple-600"[39m
              [36m>[39m
                [0m2[0m
              [36m</p>[39m
            [36m</div>[39m
            [36m<div[39m
              [33mclass[39m=[32m"bg-white border border-gray-300 rounded-lg p-4"[39m
            [36m>[39m
              [36m<p[39m
                [33mclass[39m=[32m"text-gray-600 text-sm"[39m
              [36m>[39m
                [0mEst. Value[0m
              [36m</p>[39m
              [36m<p[39m
                [33mclass[39m=[32m"text-2xl font-bold text-black"[39m
              [36m>[39m
                [0m$[0m
                [0m0[0m
              [36m</p>[39m
            [36m</div>[39m
          [36m</div>[39m
          [36m<div[39m
            [33mclass[39m=[32m"bg-white border border-gray-300 rounded-lg p-4 mb-6"[39m
          [36m>[39m
            [36m<div[39m
              [33mclass[39m=[32m"grid grid-cols-1 md:grid-cols-4 gap-4"[39m
            [36m>[39m
              [36m<div>[39m
                [36m<label[39m
                  [33mclass[39m=[32m"block text-sm font-medium text-black mb-1"[39m
                  [33mfor[39m=[32m"search-inventory"[39m
                [36m>[39m
                  [0mSearch[0m
                [36m</label>[39m
                [36m<input[39m
                  [33mclass[39m=[32m"w-full p-2 border border-gray-300 rounded text-black bg-white"[39m
                  [33mid[39m=[32m"search-inventory"[39m
                  [33mname[39m=[32m"search-inventory"[39m
                  [33mplaceholder[39m=[32m"Search by name or SKU..."[39m
                  [33mtype[39m=[32m"text"[39m
                  [33mvalue[39m=[32m""[39m
                [36m/>[39m
              [36m</div>[39m
              [36m<div>[39m
                [36m<label[39m
                  [33mclass[39m=[32m"block text-sm font-medium text-black mb-1"[39m
                  [33mfor[39m=[32m"category-filter"[39m
                [36m>[39m
                  [0mCategory[0m
                [36m</label>[39m
                [36m<select[39m
                  [33mclass[39m=[32m"w-full p-2 border border-gray-300 rounded text-black bg-white"[39m
                  [33mid[39m=[32m"category-filter"[39m
                  [33mname[39m=[32m"category-filter"[39m
                [36m>[39m
                  [36m<option[39m
                    [33mvalue[39m=[32m""[39m
                  [36m>[39m
                    [0mAll Categories[0m
                  [36m</option>[39m
                  [36m<option[39m
                    [33mvalue[39m=[32m"Electrical"[39m
              ...

    [0m [90m 303 |[39m     
     [90m 304 |[39m     [90m// Open edit modal[39m
    [31m[1m>[22m[39m[90m 305 |[39m     [36mawait[39m waitFor(() [33m=>[39m {
     [90m     |[39m                  [31m[1m^[22m[39m
     [90m 306 |[39m       [36mconst[39m editButtons [33m=[39m screen[33m.[39mgetAllByText([32m'Γ£Å∩╕Å'[39m)[33m;[39m
     [90m 307 |[39m       fireEvent[33m.[39mclick(editButtons[[35m0[39m])[33m;[39m
     [90m 308 |[39m     })[33m;[39m[0m

      at waitForWrapper (node_modules/@testing-library/dom/dist/wait-for.js:163:27)
      at Object.<anonymous> (src/components/__tests__/Inventory.test.jsx:305:18)

  ΓùÅ Inventory Component - Phase 2C ΓÇ║ should prevent negative stock

    TestingLibraryElementError: Unable to find an element with the text: ≡ƒôª Adjust Stock. This could be because the text is broken up by multiple elements. In this 
case, you can provide a function for your text matcher to make your matcher more flexible.

    Ignored nodes: comments, script, style
    [36m<body>[39m
      [36m<div>[39m
        [36m<div[39m
          [33mclass[39m=[32m"p-6 text-black"[39m
        [36m>[39m
          [36m<div[39m
            [33mclass[39m=[32m"mb-6"[39m
          [36m>[39m
            [36m<div[39m
              [33mclass[39m=[32m"flex flex-col sm:flex-row justify-between items-start sm:items-center gap-3 mb-4"[39m
            [36m>[39m
              [36m<div[39m
                [33mclass[39m=[32m"flex gap-2 flex-wrap"[39m
              [36m>[39m
                [36m<a[39m
                  [33mclass[39m=[32m"bg-blue-500 text-white px-3 py-2 rounded hover:bg-blue-600 text-sm md:text-base"[39m
                  [33mdata-discover[39m=[32m"true"[39m
                  [33mhref[39m=[32m"/"[39m
                [36m>[39m
                  [0mDashboard[0m
                [36m</a>[39m
                [36m<a[39m
                  [33mclass[39m=[32m"bg-green-500 text-white px-3 py-2 rounded hover:bg-green-600 text-sm md:text-base"[39m
                  [33mdata-discover[39m=[32m"true"[39m
                  [33mhref[39m=[32m"/suppliers"[39m
                [36m>[39m
                  [0mSuppliers[0m
                [36m</a>[39m
                [36m<button[39m
                  [33mclass[39m=[32m"bg-purple-500 text-white px-3 py-2 rounded hover:bg-purple-600 text-sm md:text-base"[39m
                [36m>[39m
                  [0m≡ƒô▒ Scan Barcode[0m
                [36m</button>[39m
              [36m</div>[39m
              [36m<button[39m
                [33mclass[39m=[32m"bg-blue-500 text-white px-4 py-2 rounded hover:bg-blue-600 text-sm md:text-base w-full sm:w-auto"[39m
              [36m>[39m
                [0m+ Add Item[0m
              [36m</button>[39m
            [36m</div>[39m
            [36m<h1[39m
              [33mclass[39m=[32m"text-2xl md:text-3xl font-bold text-black"[39m
            [36m>[39m
              [0mInventory Management[0m
            [36m</h1>[39m
            [36m<p[39m
              [33mclass[39m=[32m"text-gray-600 mt-2"[39m
            [36m>[39m
              [0mTrack stock levels and manage par levels[0m
            [36m</p>[39m
          [36m</div>[39m
          [36m<div[39m
            [33mclass[39m=[32m"grid grid-cols-2 md:grid-cols-6 gap-4 mb-6"[39m
          [36m>[39m
            [36m<div[39m
              [33mclass[39m=[32m"bg-white border border-gray-300 rounded-lg p-4"[39m
            [36m>[39m
              [36m<p[39m
                [33mclass[39m=[32m"text-gray-600 text-sm"[39m
              [36m>[39m
                [0mTotal Items[0m
              [36m</p>[39m
              [36m<p[39m
                [33mclass[39m=[32m"text-3xl font-bold text-black"[39m
              [36m>[39m
                [0m3[0m
              [36m</p>[39m
            [36m</div>[39m
            [36m<div[39m
              [33mclass[39m=[32m"bg-white border border-gray-300 rounded-lg p-4"[39m
            [36m>[39m
              [36m<p[39m
                [33mclass[39m=[32m"text-gray-600 text-sm"[39m
              [36m>[39m
                [0mGood Stock[0m
              [36m</p>[39m
              [36m<p[39m
                [33mclass[39m=[32m"text-3xl font-bold text-green-600"[39m
              [36m>[39m
                [0m1[0m
              [36m</p>[39m
            [36m</div>[39m
            [36m<div[39m
              [33mclass[39m=[32m"bg-white border border-gray-300 rounded-lg p-4 cursor-pointer hover:bg-gray-50"[39m
            [36m>[39m
              [36m<p[39m
                [33mclass[39m=[32m"text-gray-600 text-sm"[39m
              [36m>[39m
                [0mLow Stock[0m
              [36m</p>[39m
              [36m<p[39m
                [33mclass[39m=[32m"text-3xl font-bold text-orange-600"[39m
              [36m>[39m
                [0m1[0m
              [36m</p>[39m
            [36m</div>[39m
            [36m<div[39m
              [33mclass[39m=[32m"bg-white border border-gray-300 rounded-lg p-4 cursor-pointer hover:bg-gray-50"[39m
            [36m>[39m
              [36m<p[39m
                [33mclass[39m=[32m"text-gray-600 text-sm"[39m
              [36m>[39m
                [0mOut of Stock[0m
              [36m</p>[39m
              [36m<p[39m
                [33mclass[39m=[32m"text-3xl font-bold text-red-600"[39m
              [36m>[39m
                [0m1[0m
              [36m</p>[39m
            [36m</div>[39m
            [36m<div[39m
              [33mclass[39m=[32m"bg-white border border-gray-300 rounded-lg p-4"[39m
            [36m>[39m
              [36m<p[39m
                [33mclass[39m=[32m"text-gray-600 text-sm"[39m
              [36m>[39m
                [0mAuto-Reorder[0m
              [36m</p>[39m
              [36m<p[39m
                [33mclass[39m=[32m"text-3xl font-bold text-purple-600"[39m
              [36m>[39m
                [0m2[0m
              [36m</p>[39m
            [36m</div>[39m
            [36m<div[39m
              [33mclass[39m=[32m"bg-white border border-gray-300 rounded-lg p-4"[39m
            [36m>[39m
              [36m<p[39m
                [33mclass[39m=[32m"text-gray-600 text-sm"[39m
              [36m>[39m
                [0mEst. Value[0m
              [36m</p>[39m
              [36m<p[39m
                [33mclass[39m=[32m"text-2xl font-bold text-black"[39m
              [36m>[39m
                [0m$[0m
                [0m0[0m
              [36m</p>[39m
            [36m</div>[39m
          [36m</div>[39m
          [36m<div[39m
            [33mclass[39m=[32m"bg-white border border-gray-300 rounded-lg p-4 mb-6"[39m
          [36m>[39m
            [36m<div[39m
              [33mclass[39m=[32m"grid grid-cols-1 md:grid-cols-4 gap-4"[39m
            [36m>[39m
              [36m<div>[39m
                [36m<label[39m
                  [33mclass[39m=[32m"block text-sm font-medium text-black mb-1"[39m
                  [33mfor[39m=[32m"search-inventory"[39m
                [36m>[39m
                  [0mSearch[0m
                [36m</label>[39m
                [36m<input[39m
                  [33mclass[39m=[32m"w-full p-2 border border-gray-300 rounded text-black bg-white"[39m
                  [33mid[39m=[32m"search-inventory"[39m
                  [33mname[39m=[32m"search-inventory"[39m
                  [33mplaceholder[39m=[32m"Search by name or SKU..."[39m
                  [33mtype[39m=[32m"text"[39m
                  [33mvalue[39m=[32m""[39m
                [36m/>[39m
              [36m</div>[39m
              [36m<div>[39m
                [36m<label[39m
                  [33mclass[39m=[32m"block text-sm font-medium text-black mb-1"[39m
                  [33mfor[39m=[32m"category-filter"[39m
                [36m>[39m
                  [0mCategory[0m
                [36m</label>[39m
                [36m<select[39m
                  [33mclass[39m=[32m"w-full p-2 border border-gray-300 rounded text-black bg-white"[39m
                  [33mid[39m=[32m"category-filter"[39m
                  [33mname[39m=[32m"category-filter"[39m
                [36m>[39m
                  [36m<option[39m
                    [33mvalue[39m=[32m""[39m
                  [36m>[39m
                    [0mAll Categories[0m
                  [36m</option>[39m
                  [36m<option[39m
                    [33mvalue[39m=[32m"Electrical"[39m
              ...

    [0m [90m 347 |[39m     
     [90m 348 |[39m     [90m// Open modal for item with 5 stock[39m
    [31m[1m>[22m[39m[90m 349 |[39m     [36mconst[39m adjustButtons [33m=[39m screen[33m.[39mgetAllByText([32m'≡ƒôª Adjust Stock'[39m)[33m;[39m
     [90m     |[39m                                  [31m[1m^[22m[39m
     [90m 350 |[39m     fireEvent[33m.[39mclick(adjustButtons[[35m1[39m])[33m;[39m [90m// Drywall Screws with 5 stock[39m
     [90m 351 |[39m     
     [90m 352 |[39m     [90m// Try to remove more than available[39m[0m

      at Object.getElementError (node_modules/@testing-library/dom/dist/config.js:37:19)
      at node_modules/@testing-library/dom/dist/query-helpers.js:76:38
      at node_modules/@testing-library/dom/dist/query-helpers.js:109:15
      at Object.getAllByText (src/components/__tests__/Inventory.test.jsx:349:34)

FAIL src/components/__tests__/Suppliers.test.jsx (19.381 s)
  ΓùÅ Console

    console.error
      Error fetching frequent items: TypeError: res.data.slice is not a function
          at slice (F:\AI Projects\handyman-tracker\src\components\QuickReorder.jsx:23:33)

    [0m [90m 23 |[39m       setFrequentItems(res[33m.[39mdata[33m.[39mslice([35m0[39m[33m,[39m [35m10[39m))[33m;[39m
     [90m 24 |[39m     } [36mcatch[39m (err) {
    [31m[1m>[22m[39m[90m 25 |[39m       console[33m.[39merror([32m'Error fetching frequent items:'[39m[33m,[39m err)[33m;[39m
     [90m    |[39m               [31m[1m^[22m[39m
     [90m 26 |[39m     }
     [90m 27 |[39m   }[33m;[39m
     [90m 28 |[39m[0m

      at error (src/components/QuickReorder.jsx:25:15)

    console.error
      Error fetching frequent items: TypeError: res.data.slice is not a function
          at slice (F:\AI Projects\handyman-tracker\src\components\QuickReorder.jsx:23:33)

    [0m [90m 23 |[39m       setFrequentItems(res[33m.[39mdata[33m.[39mslice([35m0[39m[33m,[39m [35m10[39m))[33m;[39m
     [90m 24 |[39m     } [36mcatch[39m (err) {
    [31m[1m>[22m[39m[90m 25 |[39m       console[33m.[39merror([32m'Error fetching frequent items:'[39m[33m,[39m err)[33m;[39m
     [90m    |[39m               [31m[1m^[22m[39m
     [90m 26 |[39m     }
     [90m 27 |[39m   }[33m;[39m
     [90m 28 |[39m[0m

      at error (src/components/QuickReorder.jsx:25:15)

    console.error
      Error fetching frequent items: TypeError: res.data.slice is not a function
          at slice (F:\AI Projects\handyman-tracker\src\components\QuickReorder.jsx:23:33)

    [0m [90m 23 |[39m       setFrequentItems(res[33m.[39mdata[33m.[39mslice([35m0[39m[33m,[39m [35m10[39m))[33m;[39m
     [90m 24 |[39m     } [36mcatch[39m (err) {
    [31m[1m>[22m[39m[90m 25 |[39m       console[33m.[39merror([32m'Error fetching frequent items:'[39m[33m,[39m err)[33m;[39m
     [90m    |[39m               [31m[1m^[22m[39m
     [90m 26 |[39m     }
     [90m 27 |[39m   }[33m;[39m
     [90m 28 |[39m[0m

      at error (src/components/QuickReorder.jsx:25:15)

    console.error
      Error fetching frequent items: TypeError: res.data.slice is not a function
          at slice (F:\AI Projects\handyman-tracker\src\components\QuickReorder.jsx:23:33)

    [0m [90m 23 |[39m       setFrequentItems(res[33m.[39mdata[33m.[39mslice([35m0[39m[33m,[39m [35m10[39m))[33m;[39m
     [90m 24 |[39m     } [36mcatch[39m (err) {
    [31m[1m>[22m[39m[90m 25 |[39m       console[33m.[39merror([32m'Error fetching frequent items:'[39m[33m,[39m err)[33m;[39m
     [90m    |[39m               [31m[1m^[22m[39m
     [90m 26 |[39m     }
     [90m 27 |[39m   }[33m;[39m
     [90m 28 |[39m[0m

      at error (src/components/QuickReorder.jsx:25:15)

    console.error
      Error fetching frequent items: TypeError: res.data.slice is not a function
          at slice (F:\AI Projects\handyman-tracker\src\components\QuickReorder.jsx:23:33)

    [0m [90m 23 |[39m       setFrequentItems(res[33m.[39mdata[33m.[39mslice([35m0[39m[33m,[39m [35m10[39m))[33m;[39m
     [90m 24 |[39m     } [36mcatch[39m (err) {
    [31m[1m>[22m[39m[90m 25 |[39m       console[33m.[39merror([32m'Error fetching frequent items:'[39m[33m,[39m err)[33m;[39m
     [90m    |[39m               [31m[1m^[22m[39m
     [90m 26 |[39m     }
     [90m 27 |[39m   }[33m;[39m
     [90m 28 |[39m[0m

      at error (src/components/QuickReorder.jsx:25:15)

    console.error
      Error fetching frequent items: TypeError: res.data.slice is not a function
          at slice (F:\AI Projects\handyman-tracker\src\components\QuickReorder.jsx:23:33)
          at runNextTicks (node:internal/process/task_queues:65:5)
          at listOnTimeout (node:internal/timers:549:9)
          at processTimers (node:internal/timers:523:7)

    [0m [90m 23 |[39m       setFrequentItems(res[33m.[39mdata[33m.[39mslice([35m0[39m[33m,[39m [35m10[39m))[33m;[39m
     [90m 24 |[39m     } [36mcatch[39m (err) {
    [31m[1m>[22m[39m[90m 25 |[39m       console[33m.[39merror([32m'Error fetching frequent items:'[39m[33m,[39m err)[33m;[39m
     [90m    |[39m               [31m[1m^[22m[39m
     [90m 26 |[39m     }
     [90m 27 |[39m   }[33m;[39m
     [90m 28 |[39m[0m

      at error (src/components/QuickReorder.jsx:25:15)

    console.error
      Error fetching frequent items: TypeError: res.data.slice is not a function
          at slice (F:\AI Projects\handyman-tracker\src\components\QuickReorder.jsx:23:33)

    [0m [90m 23 |[39m       setFrequentItems(res[33m.[39mdata[33m.[39mslice([35m0[39m[33m,[39m [35m10[39m))[33m;[39m
     [90m 24 |[39m     } [36mcatch[39m (err) {
    [31m[1m>[22m[39m[90m 25 |[39m       console[33m.[39merror([32m'Error fetching frequent items:'[39m[33m,[39m err)[33m;[39m
     [90m    |[39m               [31m[1m^[22m[39m
     [90m 26 |[39m     }
     [90m 27 |[39m   }[33m;[39m
     [90m 28 |[39m[0m

      at error (src/components/QuickReorder.jsx:25:15)

    console.error
      Error fetching frequent items: TypeError: res.data.slice is not a function
          at slice (F:\AI Projects\handyman-tracker\src\components\QuickReorder.jsx:23:33)
          at runNextTicks (node:internal/process/task_queues:65:5)
          at listOnTimeout (node:internal/timers:549:9)
          at processTimers (node:internal/timers:523:7)

    [0m [90m 23 |[39m       setFrequentItems(res[33m.[39mdata[33m.[39mslice([35m0[39m[33m,[39m [35m10[39m))[33m;[39m
     [90m 24 |[39m     } [36mcatch[39m (err) {
    [31m[1m>[22m[39m[90m 25 |[39m       console[33m.[39merror([32m'Error fetching frequent items:'[39m[33m,[39m err)[33m;[39m
     [90m    |[39m               [31m[1m^[22m[39m
     [90m 26 |[39m     }
     [90m 27 |[39m   }[33m;[39m
     [90m 28 |[39m[0m

      at error (src/components/QuickReorder.jsx:25:15)

    console.error
      Error fetching frequent items: TypeError: res.data.slice is not a function
          at slice (F:\AI Projects\handyman-tracker\src\components\QuickReorder.jsx:23:33)

    [0m [90m 23 |[39m       setFrequentItems(res[33m.[39mdata[33m.[39mslice([35m0[39m[33m,[39m [35m10[39m))[33m;[39m
     [90m 24 |[39m     } [36mcatch[39m (err) {
    [31m[1m>[22m[39m[90m 25 |[39m       console[33m.[39merror([32m'Error fetching frequent items:'[39m[33m,[39m err)[33m;[39m
     [90m    |[39m               [31m[1m^[22m[39m
     [90m 26 |[39m     }
     [90m 27 |[39m   }[33m;[39m
     [90m 28 |[39m[0m

      at error (src/components/QuickReorder.jsx:25:15)

    console.error
      Error fetching frequent items: TypeError: res.data.slice is not a function
          at slice (F:\AI Projects\handyman-tracker\src\components\QuickReorder.jsx:23:33)

    [0m [90m 23 |[39m       setFrequentItems(res[33m.[39mdata[33m.[39mslice([35m0[39m[33m,[39m [35m10[39m))[33m;[39m
     [90m 24 |[39m     } [36mcatch[39m (err) {
    [31m[1m>[22m[39m[90m 25 |[39m       console[33m.[39merror([32m'Error fetching frequent items:'[39m[33m,[39m err)[33m;[39m
     [90m    |[39m               [31m[1m^[22m[39m
     [90m 26 |[39m     }
     [90m 27 |[39m   }[33m;[39m
     [90m 28 |[39m[0m

      at error (src/components/QuickReorder.jsx:25:15)

    console.error
      Error fetching frequent items: TypeError: res.data.slice is not a function
          at slice (F:\AI Projects\handyman-tracker\src\components\QuickReorder.jsx:23:33)

    [0m [90m 23 |[39m       setFrequentItems(res[33m.[39mdata[33m.[39mslice([35m0[39m[33m,[39m [35m10[39m))[33m;[39m
     [90m 24 |[39m     } [36mcatch[39m (err) {
    [31m[1m>[22m[39m[90m 25 |[39m       console[33m.[39merror([32m'Error fetching frequent items:'[39m[33m,[39m err)[33m;[39m
     [90m    |[39m               [31m[1m^[22m[39m
     [90m 26 |[39m     }
     [90m 27 |[39m   }[33m;[39m
     [90m 28 |[39m[0m

      at error (src/components/QuickReorder.jsx:25:15)

    console.error
      Error fetching frequent items: TypeError: res.data.slice is not a function
          at slice (F:\AI Projects\handyman-tracker\src\components\QuickReorder.jsx:23:33)

    [0m [90m 23 |[39m       setFrequentItems(res[33m.[39mdata[33m.[39mslice([35m0[39m[33m,[39m [35m10[39m))[33m;[39m
     [90m 24 |[39m     } [36mcatch[39m (err) {
    [31m[1m>[22m[39m[90m 25 |[39m       console[33m.[39merror([32m'Error fetching frequent items:'[39m[33m,[39m err)[33m;[39m
     [90m    |[39m               [31m[1m^[22m[39m
     [90m 26 |[39m     }
     [90m 27 |[39m   }[33m;[39m
     [90m 28 |[39m[0m

      at error (src/components/QuickReorder.jsx:25:15)

    console.error
      Error fetching frequent items: TypeError: res.data.slice is not a function
          at slice (F:\AI Projects\handyman-tracker\src\components\QuickReorder.jsx:23:33)

    [0m [90m 23 |[39m       setFrequentItems(res[33m.[39mdata[33m.[39mslice([35m0[39m[33m,[39m [35m10[39m))[33m;[39m
     [90m 24 |[39m     } [36mcatch[39m (err) {
    [31m[1m>[22m[39m[90m 25 |[39m       console[33m.[39merror([32m'Error fetching frequent items:'[39m[33m,[39m err)[33m;[39m
     [90m    |[39m               [31m[1m^[22m[39m
     [90m 26 |[39m     }
     [90m 27 |[39m   }[33m;[39m
     [90m 28 |[39m[0m

      at error (src/components/QuickReorder.jsx:25:15)

    console.error
      RangeError: Maximum call stack size exceeded
          at Document.<anonymous> (F:\AI Projects\handyman-tracker\node_modules\jest-mock\build\index.js:246:51)
          at Document.mockConstructor [as createElement] (F:\AI Projects\handyman-tracker\node_modules\jest-mock\build\index.js:57:19)
          at Document.originalCreateElement (F:\AI Projects\handyman-tracker\src\components\__tests__\Suppliers.test.jsx:385:23)
          at F:\AI Projects\handyman-tracker\node_modules\jest-mock\build\index.js:305:39
          at Document.<anonymous> (F:\AI Projects\handyman-tracker\node_modules\jest-mock\build\index.js:312:13)
          ... collapsed 92 duplicate lines matching above 4 lines 23 times...
          at Document.mockConstructor [as createElement] (F:\AI Projects\handyman-tracker\node_modules\jest-mock\build\index.js:57:19)
          at Document.originalCreateElement (F:\AI Projects\handyman-tracker\src\components\__tests__\Suppliers.test.jsx:385:23)
          at F:\AI Projects\handyman-tracker\node_modules\jest-mock\build\index.js:305:39

      at process.env.NODE_ENV.reportGlobalError (node_modules/react-dom/cjs/react-dom-client.development.js:25513:23)
      at defaultOnUncaughtError (node_modules/react-dom/cjs/react-dom-client.development.js:9361:7)
      at logUncaughtError (node_modules/react-dom/cjs/react-dom-client.development.js:9431:11)
      at runWithFiberInDEV (node_modules/react-dom/cjs/react-dom-client.development.js:874:13)
      at lane.callback (node_modules/react-dom/cjs/react-dom-client.development.js:9461:9)
      at callCallback (node_modules/react-dom/cjs/react-dom-client.development.js:7423:16)
      at commitCallbacks (node_modules/react-dom/cjs/react-dom-client.development.js:7443:11)
      at runWithFiberInDEV (node_modules/react-dom/cjs/react-dom-client.development.js:874:13)
      at commitLayoutEffectOnFiber (node_modules/react-dom/cjs/react-dom-client.development.js:14047:15)
      at flushLayoutEffects (node_modules/react-dom/cjs/react-dom-client.development.js:18138:15)
      at commitRoot (node_modules/react-dom/cjs/react-dom-client.development.js:17954:9)
      at commitRootWhenReady (node_modules/react-dom/cjs/react-dom-client.development.js:16824:7)
      at performWorkOnRoot (node_modules/react-dom/cjs/react-dom-client.development.js:16722:15)
      at performWorkOnRootViaSchedulerTask (node_modules/react-dom/cjs/react-dom-client.development.js:18957:7)
      at performWorkUntilDeadline (node_modules/scheduler/cjs/scheduler.development.js:45:48)
      at Timeout.task [as _onTimeout] (node_modules/jsdom/lib/jsdom/browser/Window.js:579:19)

    console.warn
      An error occurred in the <a> component.
      
      Consider adding an error boundary to your tree to customize error handling behavior.
      Visit https://react.dev/link/error-boundaries to learn more about error boundaries.

      at defaultOnUncaughtError (node_modules/react-dom/cjs/react-dom-client.development.js:9362:15)
      at logUncaughtError (node_modules/react-dom/cjs/react-dom-client.development.js:9431:11)
      at runWithFiberInDEV (node_modules/react-dom/cjs/react-dom-client.development.js:874:13)
      at lane.callback (node_modules/react-dom/cjs/react-dom-client.development.js:9461:9)
      at callCallback (node_modules/react-dom/cjs/react-dom-client.development.js:7423:16)
      at commitCallbacks (node_modules/react-dom/cjs/react-dom-client.development.js:7443:11)
      at runWithFiberInDEV (node_modules/react-dom/cjs/react-dom-client.development.js:874:13)
      at commitLayoutEffectOnFiber (node_modules/react-dom/cjs/react-dom-client.development.js:14047:15)
      at flushLayoutEffects (node_modules/react-dom/cjs/react-dom-client.development.js:18138:15)
      at commitRoot (node_modules/react-dom/cjs/react-dom-client.development.js:17954:9)
      at commitRootWhenReady (node_modules/react-dom/cjs/react-dom-client.development.js:16824:7)
      at performWorkOnRoot (node_modules/react-dom/cjs/react-dom-client.development.js:16722:15)
      at performWorkOnRootViaSchedulerTask (node_modules/react-dom/cjs/react-dom-client.development.js:18957:7)
      at performWorkUntilDeadline (node_modules/scheduler/cjs/scheduler.development.js:45:48)
      at Timeout.task [as _onTimeout] (node_modules/jsdom/lib/jsdom/browser/Window.js:579:19)

  ΓùÅ Suppliers Component - Phase 1 & Catalog Management (Phase 2D) ΓÇ║ should display supplier statistics

    Unable to find an element with the text: 2. This could be because the text is broken up by multiple elements. In this case, you can provide a function for your 
text matcher to make your matcher more flexible.

    Ignored nodes: comments, script, style
    [36m<body>[39m
      [36m<div>[39m
        [36m<div[39m
          [33mclass[39m=[32m"p-4 md:p-6 text-black lg:pr-[400px]"[39m
        [36m>[39m
          [36m<div[39m
            [33mclass[39m=[32m"mb-6"[39m
          [36m>[39m
            [36m<div[39m
              [33mclass[39m=[32m"flex flex-col sm:flex-row justify-between items-start sm:items-center gap-3 mb-4"[39m
            [36m>[39m
              [36m<div[39m
                [33mclass[39m=[32m"flex gap-2 flex-wrap"[39m
              [36m>[39m
                [36m<a[39m
                  [33mclass[39m=[32m"bg-blue-500 text-white px-3 py-2 rounded hover:bg-blue-600 text-sm md:text-base"[39m
                  [33mdata-discover[39m=[32m"true"[39m
                  [33mhref[39m=[32m"/"[39m
                [36m>[39m
                  [0mDashboard[0m
                [36m</a>[39m
                [36m<a[39m
                  [33mclass[39m=[32m"bg-orange-500 text-white px-3 py-2 rounded hover:bg-orange-600 text-sm md:text-base"[39m
                  [33mdata-discover[39m=[32m"true"[39m
                  [33mhref[39m=[32m"/purchase-orders"[39m
                [36m>[39m
                  [0m≡ƒôï POs ([0m
                  [0m3[0m
                  [0m)[0m
                [36m</a>[39m
              [36m</div>[39m
              [36m<button[39m
                [33mclass[39m=[32m"bg-green-500 text-white px-4 py-2 rounded hover:bg-green-600 text-sm md:text-base w-full sm:w-auto"[39m
              [36m>[39m
                [0m+ Add Supplier[0m
              [36m</button>[39m
            [36m</div>[39m
            [36m<h1[39m
              [33mclass[39m=[32m"text-2xl md:text-3xl font-bold text-black"[39m
            [36m>[39m
              [0mSuppliers & Materials[0m
            [36m</h1>[39m
          [36m</div>[39m
          [36m<div[39m
            [33mclass[39m=[32m"grid grid-cols-1 md:grid-cols-4 gap-4 mb-6"[39m
          [36m>[39m
            [36m<div[39m
              [33mclass[39m=[32m"bg-white border border-gray-300 rounded-lg p-4"[39m
            [36m>[39m
              [36m<p[39m
                [33mclass[39m=[32m"text-gray-600 text-sm"[39m
              [36m>[39m
                [0mActive Suppliers[0m
              [36m</p>[39m
              [36m<p[39m
                [33mclass[39m=[32m"text-3xl font-bold text-black"[39m
              [36m>[39m
                [0m0[0m
              [36m</p>[39m
            [36m</div>[39m
            [36m<div[39m
              [33mclass[39m=[32m"bg-white border border-gray-300 rounded-lg p-4"[39m
            [36m>[39m
              [36m<p[39m
                [33mclass[39m=[32m"text-gray-600 text-sm"[39m
              [36m>[39m
                [0mOpen POs / Quotes[0m
              [36m</p>[39m
              [36m<p[39m
                [33mclass[39m=[32m"text-3xl font-bold text-blue-600"[39m
              [36m>[39m
                [0m3[0m
              [36m</p>[39m
            [36m</div>[39m
            [36m<div[39m
              [33mclass[39m=[32m"bg-white border border-gray-300 rounded-lg p-4"[39m
            [36m>[39m
              [36m<p[39m
                [33mclass[39m=[32m"text-gray-600 text-sm"[39m
              [36m>[39m
                [0mSpend This Month[0m
              [36m</p>[39m
              [36m<p[39m
                [33mclass[39m=[32m"text-3xl font-bold text-green-600"[39m
              [36m>[39m
                [0m$[0m
                [0m0.00[0m
              [36m</p>[39m
            [36m</div>[39m
            [36m<div[39m
              [33mclass[39m=[32m"bg-white border border-gray-300 rounded-lg p-4"[39m
            [36m>[39m
              [36m<p[39m
                [33mclass[39m=[32m"text-gray-600 text-sm"[39m
              [36m>[39m
                [0mLow Stock Items[0m
              [36m</p>[39m
              [36m<p[39m
                [33mclass[39m=[32m"text-3xl font-bold text-orange-600"[39m
              [36m>[39m
                [0m5[0m
                [36m<span[39m
                  [33mclass[39m=[32m"text-sm ml-2"[39m
                [36m>[39m
                  [0mΓÜá∩╕Å[0m
                [36m</span>[39m
              [36m</p>[39m
            [36m</div>[39m
          [36m</div>[39m
          [36m<div[39m
            [33mclass[39m=[32m"bg-white border border-gray-300 rounded-lg p-4 mb-6"[39m
          [36m>[39m
            [36m<div[39m
              [33mclass[39m=[32m"grid grid-cols-1 md:grid-cols-4 gap-4"[39m
            [36m>[39m
              [36m<div>[39m
                [36m<label[39m
                  [33mclass[39m=[32m"block text-sm font-medium text-black mb-1"[39m
                [36m>[39m
                  [0mSearch[0m
                [36m</label>[39m
                [36m<input[39m
                  [33mclass[39m=[32m"w-full p-2 border border-gray-300 rounded text-black bg-white"[39m
                  [33mplaceholder[39m=[32m"Search by name..."[39m
                  [33mtype[39m=[32m"text"[39m
                  [33mvalue[39m=[32m""[39m
                [36m/>[39m
              [36m</div>[39m
              [36m<div>[39m
                [36m<label[39m
                  [33mclass[39m=[32m"block text-sm font-medium text-black mb-1"[39m
                [36m>[39m
                  [0mCategory[0m
                [36m</label>[39m
                [36m<select[39m
                  [33mclass[39m=[32m"w-full p-2 border border-gray-300 rounded text-black bg-white"[39m
                [36m>[39m
                  [36m<option[39m
                    [33mvalue[39m=[32m""[39m
                  [36m>[39m
                    [0mAll Categories[0m
                  [36m</option>[39m
                  [36m<option[39m
                    [33mvalue[39m=[32m"Electrical"[39m
                  [36m>[39m
                    [0mElectrical[0m
                  [36m</option>[39m
                  [36m<option[39m
                    [33mvalue[39m=[32m"Plumbing"[39m
                  [36m>[39m
                    [0mPlumbing[0m
                  [36m</option>[39m
                  [36m<option[39m
                    [33mvalue[39m=[32m"Lumber"[39m
                  [36m>[39m
                    [0mLumber[0m
                  [36m</option>[39m
                  [36m<option[39m
                    [33mvalue[39m=[32m"Hardware"[39m
                  [36m>[39m
                    [0mHardware[0m
                  [36m</option>[39m
                  [36m<option[39m
                    [33mvalue[39m=[32m"HVAC"[39m
                  [36m>[39m
                    [0mHVAC[0m
                  [36m</option>[39m
                  [36m<option[39m
                    [33mvalue[39m=[32m"Roofing"[39m
                  [36m>[39m
                    [0mRoofing[0m
                  [36m</option>[39m
                  [36m<option[39m
                    [33mvalue[39m=[32m"Flooring"[39m
                  [36m>[39m
                    [0mFlooring[0m
                  [36m</option>[39m
                  [36m<option[39m
                    [33mvalue[39m=[32m"Paint"[39m
                  [36m>[39m
                    [0mPaint[0m
                  [36m</option>[39m
                [36m</select>[39m
              [36m</div>[39m
              [36m<div[39m
                [33mclass[39m=[32m"flex items-end"[39m
              [36m>[39m
                [36m<label[39m
                  [33mclass[39m=[32m"flex items-center cursor-pointer"[39m
                [36m>[39m
                  [36m<input[39m
                    [33mclass[39m=[32m"mr-2 h-4 w-4"[39m
                    [33mtype[39m=[32m"checkbox"[39m
                  [36m/>[39m
                  [36m<span[39m
                    [33mclass[39m=[32m"text-sm font-medium text-black"[39m
                  [36m>[39m
                    [0mΓ¡É Favorites Only[0m
                  [36m</span>[39m
                [36m</label>[39m
              [36m</div>[39m
              [36m<div[39m
                [33mclass[39m=[32m"flex items-end"[39m
              [36m>[39m
                [36m<button[39m
                  [33mclass[39m=[32m"text-blue-600 hover:text-blue-800 text-sm font-medium"[39m
                [36m>[39m
                  [0mClear Filters[0m
                [36m</button>[39m
              [36m</div>[39m
            [36m</div>[39m
          [36m</div>[39m
          [36m<div[39m
            [33mclass[39m=[32m"bg-white border border-gray-300 rounded-lg shadow-sm overflow-hidden"[39m
          [36m>[39m
            [36m<div[39m
              [33mclass[39m=[32m"overflow-x-auto"[39m
            [36m>[39m
              [36m<table[39m
                [33mclass[39m=[32m"w-full border-collapse min-w-[800px]"[39m
              [36m>[39m
                [36m<thead>[39m
                  [36m<tr[39m
                    [33mclass[39m=[32m"border-b border-gray-200 bg-gray-50"[39m
                  [36m>[39m
                    [36m<th[39m
                      [33mclass[39m=[32m"text-left p-4 text-black font-semibold"[39m
                    [36m>[39m
                      [0mΓ¡É[0m
                    [36m</th>[39m
                    [36m<th[39m
                      [33mclass[39m=[32m"text-left p-4 text-black font-semibold"[39m
                    [36m>[39m
                      [0mName[0m
                    [36m</th>[39m
                    [36m<th[39m
                      [33mclass[39m=[32m"text-left p-4 text-black font-semibold"[39m
                    [36m>[39m
                      [0mContact[0m
                    [36m</th>[39m
                    [36m<th[39m
                      [33mclass[39m=[32m"text-left p-4 text-black font-semibold"[39m
                    [36m>[39m
                      [0mCategories[0m
                    [36m</th>[39m
                    [36m<th[39m
                      [33mclass[39m=[32m"text-left p-4 text-black font-semibold"[39m
                    [36m>[39m
                      [0mLead Time[0m
                    [36m</th>[39m
                    [36m<th[39m
                      [33mclass[39m=[32m"text-left p-4 text-black font-semibold"[39m
                    [36m>[39m
                      [0mMin Order[0m
                    [36m</th>[39m
                    [36m<th[39m
                      [33mclass[39m=[32m"text-left p-4 text-black font-semibold"[39m
                    [36m>[39m
                      [0mLast Order[0m
                    [36m</th>[39m
                    [36m<th[39m
                      [33mclass[39m=[32m"text-left p-4 text-black font-semibold"[39m
                    [36m>[39m
                      [0mTotal Spent[0m
                    [36m</th>[39m
                    [36m<th[39m
                      [33mclass[39m=[32m"text-left p-4 text-black font-semibold"[39m
                    [36m>[39m
                      [0mActions[0m
                    [36m</th>[39m
                  [36m</tr>[39m
                [36m</thead>[39m
                [36m<tbody>[39m
                  [36m<tr[39m
                    [33mclass[39m=[32m"border-b border-gray-100 hover:bg-gray-50"[39m
                  [36m>[39m
                    [36m<td[39m
                      [33mclass[39m=[32m"p-4"[39m
                    [36m>[39m
                      [36m<button[39m
                        [33mclass[39m=[32m"text-2xl hover:scale-110 transition-transform"[39m
                      [36m>[39m
                        [0mΓ¡É[0m
                      [36m</button>[39m
                    [36m</td>[39m
                    [36m<td[39m
                      [33mclass[39m=[32m"p-4"[39m
                    [36m>[39m
                      [36m<button[39m
                        [33mclass[39m=[32m"text-blue-600 hover:text-blue-800 font-semibold"[39m
                      [36m>[39m
                        [0mHome Depot[0m
                      [36m</button>[39m
                    [36m</td>[39m
                    [36m<td[39m
                      [33mclass[39m=[32m"p-4 text-black text-sm"[39m
                    [36m>[39m
                      [36m<div>[39m
                        [0mJohn Smith[0m
                      [36m</div>[39m
                      [36m<a[39m
                        [33mclass[39m=[32m"text-blue-600 hover:underline block"[39m
                        [33mhref[39m=[32m"tel:555-1234"[39m
                      [36m>[39m
                        [0m≡ƒô₧ [0m
                        [0m555-1234[0m
                      [36m</a>[39m
                      [36m<a[39m
                        [33mclass[39m=[32m"text-blue-600 hover:underline block"[39m
                        [33mhref[39m=[32m"mailto:john@homedepot.com"[39m
                      [36m>[39m
                        [0mΓ£ë∩╕Å [0m
                        [0mjohn@homedepot.com[0m
                      [36m</a>[39m
                    [36m</td>[39m
                    [36m<td[39m
                      [33mclass[39m=[32m"p-4"[39m
                    [36m>[39m
                      [36m<div[39m
                        [33mclass[39m=[32m"flex flex-wrap gap-1"[39m
                      [36m>[39m
                        [36m<span[39m
                          [33mclass[39m=[32m"bg-blue-100 text-blue-800 text-xs px-2 py-1 rounded"[39m
                        [36m>[39m
                          [0mLumber[0m
                        [36m</span>[39m
                        [36m<span[39m
                          [33mclass[39m=[32m"bg-blue-100 text-blue-800 text-xs px-2 py-1 rounded"[39m
                        [36m>[39m
                          [0mHardware[0m
                        [36m</span>[39m
                      [36m</div>[39m
                    [36m</td>[39m
                    [36m<td[39m
                      [33mclass[39m=[32m"p-4 text-black"[39m
                    [36m>[39m
                      [0m3[0m
                      [0m days[0m
                    [36m</td>[39m
                    [36m<td[39m
                      [33mclass[39m=[32m"p-4 text-black"[39m
                    [36m>[39m
                      [0m$100[0m
                    [36m</td>[39m
                    [36m<td[39m
                      [33mclass[39m=[32m"p-4 text-gray-600 text-sm"[39m
                    [36m>[39m
                      [0mOct 31, 2024[0m
                    [36m</td>[39m
                    [36m<td[39m
                      [33mclass[39m=[32m"p-4 text-black font-semibold"[39m
                    [36m>[39m
                      [0m$[0m
                      [0m5,432.10[0m
                    [36m</td>[39m
                    [36m<td[39m
                      [33mclass[39m=[32m"p-4"[39m
                    [36m>[39m
                      [36m<button[39m
                        [33mclass[39m=[32m"text-blue-600 hover:text-blue-800 text-sm"[39m
                      [36m>[39m
                        [0mView Details ΓåÆ[0m
                      [36m</button>[39m
                    [36m</td>[39m
                  [36m</tr>[39m
                  [36m<tr[39m
                    [33mclass[39m=[32m"border-b border-gray-100 hover:bg-gray-50"[39m
                  [36m>[39m
                    [36m<td[39m
                      [33mclass[39m=[32m"p-4"[39m
                    [36m>[39m
                      [36m<button[39m
                        [33mclass[39m=[32m"text-2xl hover:scale-110 transition-transform"[39m
                      [36m>[39m
                        [0mΓÿå[0m
                      [36m</button>[39m
                    [36m</td>[39m
                    [36m<td[39m
                      [33mclass[39m=[32m"p-4"[39m
                    [36m>[39m
                      [36m<button[39m
                        [33mclass[39m=[32m"text-blue-600 hover:text-blue-800 font-semibold"[39m
                      [36m>[39m
                        [0mLowe's[0m
                      [36m</button>[39m
                    [36m</td>[39m
                    [36m<td[39m
                      [33mclass[39m=[32m"p-4 text-black text-sm"[39m
                    [36m>[39m
                      [36m<div>[39m
                        [0mJane Doe[0m
                      [36m</div>[39m
                      [36m<a[39m
                        [33mclass[39m=[32m"text-blue-600 hover:underline block"[39m
                        [33mhref[39m=[32m"tel:555-5678"[39m
                      [36m>[39m
                        [0m≡ƒô₧ [0m
                        [0m555-5678[0m
                      [36m</a>[39m
                      [36m<a[39m
                        [33mclass[39m=[32m"text-blue-600 hover:underline block"[39m
                        [33mhref[39m=[32m"mailto:jane@lowes.com"[39m
                      [36m>[39m
                        [0mΓ£ë∩╕Å [0m
                        [0mjane@lowes.com[0m
                      [36m</a>[39m
                    [36m</td>[39m
                    [36m<td[39m
                      [33mclass[39m=[32m"p-4"[39m
                    [36m>[39m
                      [36m<div[39m
                        [33mclass[39m=[32m"flex flex-wrap gap-1"[39m
                      [36m>[39m
                        [36m<span[39m
                          [33mclass[39m=[32m"bg-blue-100 text-blue-800 text-xs px-2 py-1 rounded"[39m
                        [36m>[39m
                          [0mPaint[0m
                        [36m</span>[39m
                        [36m<span[39m
                          [33mclass[39m=[32m"bg-blue-100 text-blue-800 text-xs px-2 py-1 rounded"[39m
                        [36m>[39m
                          [0mFlooring[0m
                        [36m</span>[39m
                      [36m</div>[39m
                    [36m</td>[39m
                    [36m<td[39m
                      [33mclass[39m=[32m"p-4 text-black"[39m
                    [36m>[39m
                      [0m5[0m
                      [0m days[0m
                    [36m</td>[39m
                    [36m<td[39m
                      [33mclass[39m=[32m"p-4 text-black"[39m
                    [36m>[39m
                      [0m$50[0m
                    [36m</td>[39m
                    [36m<td[39m
                      [33mclass[39m=[32m"p-4 text-gray-600 text-sm"[39m
                    [36m>[39m
                      [0mNever[0m
                    [36m</td>[39m
                    [36m<td[39m
                      [33mclass[39m=[32m"p-4 text-black font-semibold"[39m
                    [36m>[39m
                      [0m$[0m
                      [0m2,345.67[0m
                    [36m</td>[39m
                    [36m<td[39m
                      [33mclass[39m=[32m"p-4"[39m
                    [36m>[39m
                      [36m<button[39m
                        [33mclass[39m=[32m"text-blue-600 hover:text-blue-800 text-sm"[39m
                      [36m>[39m
                        [0mView Details ΓåÆ[0m
                      [36m</button>[39m
                    [36m</td>[39m
                  [36m</tr>[39m
                [36m</tbody>[39m
              [36m</table>[39m
            [36m</div>[39m
          [36m</div>[39m
          [36m<div[39m
            [33mclass[39m=[32m"fixed right-0 top-0 h-full bg-white border-l-2 border-gray-300 shadow-xl transition-all duration-300 z-40 
          w-96 max-w-full 
          lg:block false"[39m
          [36m>[39m
            [36m<button[39m
              [33mclass[39m=[32m"absolute -left-10 top-4 bg-blue-500 text-white px-3 py-2 rounded-l hover:bg-blue-600 font-bold lg:flex hidden"[39m
            [36m>[39m
              [0mΓåÆ[0m
            [36m</button>[39m
            [36m<button[39m
              [33mclass[39m=[32m"lg:hidden fixed bottom-4 right-4 bg-blue-500 text-white w-14 h-14 rounded-full shadow-lg hover:bg-blue-600 flex items-center 
justify-center text-2xl z-50"[39m
            [36m>[39m
              [0m≡ƒ¢Æ[0m
            [36m</button>[39m
            [36m<div[39m
              [33mclass[39m=[32m"h-full flex flex-col"[39m
            [36m>[39m
              [36m<div[39m
                [33mclass[39m=[32m"p-4 border-b border-gray-300 bg-blue-50"[39m
              [36m>[39m
                [36m<h2[39m
                  [33mclass[39m=[32m"text-xl font-bold text-black"[39m
                [36m>[39m
                  [0mQuick Reorder[0m
                [36m</h2>[39m
                [36m<p[39m
                  [33mclass[39m=[32m"text-sm text-gray-600"[39m
                [36m>[39m
                  [0mAdd items and generate PO[0m
                [36m</p>[39m
              [36m</div>[39m
              [36m<div[39m
                [33mclass[39m=[32m"flex-1 overflow-y-auto"[39m
              [36m>[39m
                [36m<div[39m
                  [33mclass[39m=[32m"p-4"[39m
                [36m>[39m
                  [36m<h3[39m
                    [33mclass[39m=[32m"font-bold text-black mb-2"[39m
                  [36m>[39m
                    [0mFrequently Ordered[0m
                  [36m</h3>[39m
                  [36m<p[39m
                    [33mclass[39m=[32m"text-sm text-gray-600"[39m
                  [36m>[39m
                    [0mNo items yet. Set up inventory items to enable quick reordering.[0m
                  [36m</p>[39m
                [36m</div>[39m
              [36m</div>[39m
              [36m<div[39m
                [33mclass[39m=[32m"p-4 bg-gray-50 border-t border-gray-300 text-xs text-gray-600"[39m
              [36m>[39m
                [0m≡ƒÆí Tip: Set par levels in inventory to see smart reorder suggestions[0m
              [36m</div>[39m
            [36m</div>[39m
          [36m</div>[39m
        [36m</div>[39m
      [36m</div>[39m
    [36m</body>[39m

    [0m [90m 137 |[39m     render([33m<[39m[33mBrowserRouter[39m[33m>[39m[33m<[39m[33mSuppliers[39m 
[33m/[39m[33m>[39m[33m<[39m[33m/[39m[33mBrowserRouter[39m[33m>[39m)[33m;[39m
     [90m 138 |[39m     
    [31m[1m>[22m[39m[90m 139 |[39m     [36mawait[39m waitFor(() [33m=>[39m {
     [90m     |[39m                  [31m[1m^[22m[39m
     [90m 140 |[39m       [90m// Total suppliers[39m
     [90m 141 |[39m       expect(screen[33m.[39mgetByText([32m'2'[39m))[33m.[39mtoBeInTheDocument()[33m;[39m
     [90m 142 |[39m       [90m// Active suppliers[39m[0m

      at waitForWrapper (node_modules/@testing-library/dom/dist/wait-for.js:163:27)
      at Object.<anonymous> (src/components/__tests__/Suppliers.test.jsx:139:18)

  ΓùÅ Suppliers Component - Phase 1 & Catalog Management (Phase 2D) ΓÇ║ should search suppliers by name

    Unable to find an element with the placeholder text of: /Search suppliers/i

    Ignored nodes: comments, script, style
    [36m<body>[39m
      [36m<div>[39m
        [36m<div[39m
          [33mclass[39m=[32m"p-4 md:p-6 text-black lg:pr-[400px]"[39m
        [36m>[39m
          [36m<div[39m
            [33mclass[39m=[32m"mb-6"[39m
          [36m>[39m
            [36m<div[39m
              [33mclass[39m=[32m"flex flex-col sm:flex-row justify-between items-start sm:items-center gap-3 mb-4"[39m
            [36m>[39m
              [36m<div[39m
                [33mclass[39m=[32m"flex gap-2 flex-wrap"[39m
              [36m>[39m
                [36m<a[39m
                  [33mclass[39m=[32m"bg-blue-500 text-white px-3 py-2 rounded hover:bg-blue-600 text-sm md:text-base"[39m
                  [33mdata-discover[39m=[32m"true"[39m
                  [33mhref[39m=[32m"/"[39m
                [36m>[39m
                  [0mDashboard[0m
                [36m</a>[39m
                [36m<a[39m
                  [33mclass[39m=[32m"bg-orange-500 text-white px-3 py-2 rounded hover:bg-orange-600 text-sm md:text-base"[39m
                  [33mdata-discover[39m=[32m"true"[39m
                  [33mhref[39m=[32m"/purchase-orders"[39m
                [36m>[39m
                  [0m≡ƒôï POs ([0m
                  [0m3[0m
                  [0m)[0m
                [36m</a>[39m
              [36m</div>[39m
              [36m<button[39m
                [33mclass[39m=[32m"bg-green-500 text-white px-4 py-2 rounded hover:bg-green-600 text-sm md:text-base w-full sm:w-auto"[39m
              [36m>[39m
                [0m+ Add Supplier[0m
              [36m</button>[39m
            [36m</div>[39m
            [36m<h1[39m
              [33mclass[39m=[32m"text-2xl md:text-3xl font-bold text-black"[39m
            [36m>[39m
              [0mSuppliers & Materials[0m
            [36m</h1>[39m
          [36m</div>[39m
          [36m<div[39m
            [33mclass[39m=[32m"grid grid-cols-1 md:grid-cols-4 gap-4 mb-6"[39m
          [36m>[39m
            [36m<div[39m
              [33mclass[39m=[32m"bg-white border border-gray-300 rounded-lg p-4"[39m
            [36m>[39m
              [36m<p[39m
                [33mclass[39m=[32m"text-gray-600 text-sm"[39m
              [36m>[39m
                [0mActive Suppliers[0m
              [36m</p>[39m
              [36m<p[39m
                [33mclass[39m=[32m"text-3xl font-bold text-black"[39m
              [36m>[39m
                [0m0[0m
              [36m</p>[39m
            [36m</div>[39m
            [36m<div[39m
              [33mclass[39m=[32m"bg-white border border-gray-300 rounded-lg p-4"[39m
            [36m>[39m
              [36m<p[39m
                [33mclass[39m=[32m"text-gray-600 text-sm"[39m
              [36m>[39m
                [0mOpen POs / Quotes[0m
              [36m</p>[39m
              [36m<p[39m
                [33mclass[39m=[32m"text-3xl font-bold text-blue-600"[39m
              [36m>[39m
                [0m3[0m
              [36m</p>[39m
            [36m</div>[39m
            [36m<div[39m
              [33mclass[39m=[32m"bg-white border border-gray-300 rounded-lg p-4"[39m
            [36m>[39m
              [36m<p[39m
                [33mclass[39m=[32m"text-gray-600 text-sm"[39m
              [36m>[39m
                [0mSpend This Month[0m
              [36m</p>[39m
              [36m<p[39m
                [33mclass[39m=[32m"text-3xl font-bold text-green-600"[39m
              [36m>[39m
                [0m$[0m
                [0m0.00[0m
              [36m</p>[39m
            [36m</div>[39m
            [36m<div[39m
              [33mclass[39m=[32m"bg-white border border-gray-300 rounded-lg p-4"[39m
            [36m>[39m
              [36m<p[39m
                [33mclass[39m=[32m"text-gray-600 text-sm"[39m
              [36m>[39m
                [0mLow Stock Items[0m
              [36m</p>[39m
              [36m<p[39m
                [33mclass[39m=[32m"text-3xl font-bold text-orange-600"[39m
              [36m>[39m
                [0m5[0m
                [36m<span[39m
                  [33mclass[39m=[32m"text-sm ml-2"[39m
                [36m>[39m
                  [0mΓÜá∩╕Å[0m
                [36m</span>[39m
              [36m</p>[39m
            [36m</div>[39m
          [36m</div>[39m
          [36m<div[39m
            [33mclass[39m=[32m"bg-white border border-gray-300 rounded-lg p-4 mb-6"[39m
          [36m>[39m
            [36m<div[39m
              [33mclass[39m=[32m"grid grid-cols-1 md:grid-cols-4 gap-4"[39m
            [36m>[39m
              [36m<div>[39m
                [36m<label[39m
                  [33mclass[39m=[32m"block text-sm font-medium text-black mb-1"[39m
                [36m>[39m
                  [0mSearch[0m
                [36m</label>[39m
                [36m<input[39m
                  [33mclass[39m=[32m"w-full p-2 border border-gray-300 rounded text-black bg-white"[39m
                  [33mplaceholder[39m=[32m"Search by name..."[39m
                  [33mtype[39m=[32m"text"[39m
                  [33mvalue[39m=[32m""[39m
                [36m/>[39m
              [36m</div>[39m
              [36m<div>[39m
                [36m<label[39m
                  [33mclass[39m=[32m"block text-sm font-medium text-black mb-1"[39m
                [36m>[39m
                  [0mCategory[0m
                [36m</label>[39m
                [36m<select[39m
                  [33mclass[39m=[32m"w-full p-2 border border-gray-300 rounded text-black bg-white"[39m
                [36m>[39m
                  [36m<option[39m
                    [33mvalue[39m=[32m""[39m
                  [36m>[39m
                    [0mAll Categories[0m
                  [36m</option>[39m
                  [36m<option[39m
                    [33mvalue[39m=[32m"Electrical"[39m
                  [36m>[39m
                    [0mElectrical[0m
                  [36m</option>[39m
                  [36m<option[39m
                    [33mvalue[39m=[32m"Plumbing"[39m
                  [36m>[39m
                    [0mPlumbing[0m
                  [36m</option>[39m
                  [36m<option[39m
                    [33mvalue[39m=[32m"Lumber"[39m
                  [36m>[39m
                    [0mLumber[0m
                  [36m</option>[39m
                  [36m<option[39m
                    [33mvalue[39m=[32m"Hardware"[39m
                  [36m>[39m
                    [0mHardware[0m
                  [36m</option>[39m
                  [36m<option[39m
                    [33mvalue[39m=[32m"HVAC"[39m
                  [36m>[39m
                    [0mHVAC[0m
                  [36m</option>[39m
                  [36m<option[39m
                    [33mvalue[39m=[32m"Roofing"[39m
                  [36m>[39m
                    [0mRoofing[0m
                  [36m</option>[39m
                  [36m<option[39m
                    [33mvalue[39m=[32m"Flooring"[39m
                  [36m>[39m
                    [0mFlooring[0m
                  [36m</option>[39m
                  [36m<option[39m
                    [33mvalue[39m=[32m"Paint"[39m
                  [36m>[39m
                    [0mPaint[0m
                  [36m</option>[39m
                [36m</select>[39m
              [36m</div>[39m
              [36m<div[39m
                [33mclass[39m=[32m"flex items-end"[39m
              [36m>[39m
                [36m<label[39m
                  [33mclass[39m=[32m"flex items-center cursor-pointer"[39m
                [36m>[39m
                  [36m<input[39m
                    [33mclass[39m=[32m"mr-2 h-4 w-4"[39m
                    [33mtype[39m=[32m"checkbox"[39m
                  [36m/>[39m
                  [36m<span[39m
                    [33mclass[39m=[32m"text-sm font-medium text-black"[39m
                  [36m>[39m
                    [0mΓ¡É Favorites Only[0m
                  [36m</span>[39m
                [36m</label>[39m
              [36m</div>[39m
              [36m<div[39m
                [33mclass[39m=[32m"flex items-end"[39m
              [36m>[39m
                [36m<button[39m
                  [33mclass[39m=[32m"text-blue-600 hover:text-blue-800 text-sm font-medium"[39m
                [36m>[39m
                  [0mClear Filters[0m
                [36m</button>[39m
              [36m</div>[39m
            [36m</div>[39m
          [36m</div>[39m
          [36m<div[39m
            [33mclass[39m=[32m"bg-white border border-gray-300 rounded-lg shadow-sm overflow-hidden"[39m
          [36m>[39m
            [36m<div[39m
              [33mclass[39m=[32m"overflow-x-auto"[39m
            [36m>[39m
              [36m<table[39m
                [33mclass[39m=[32m"w-full border-collapse min-w-[800px]"[39m
              [36m>[39m
                [36m<thead>[39m
                  [36m<tr[39m
                    [33mclass[39m=[32m"border-b border-gray-200 bg-gray-50"[39m
                  [36m>[39m
                    [36m<th[39m
                      [33mclass[39m=[32m"text-left p-4 text-black font-semibold"[39m
                    [36m>[39m
                      [0mΓ¡É[0m
                    [36m</th>[39m
                    [36m<th[39m
                      [33mclass[39m=[32m"text-left p-4 text-black font-semibold"[39m
                    [36m>[39m
                      [0mName[0m
                    [36m</th>[39m
                    [36m<th[39m
                      [33mclass[39m=[32m"text-left p-4 text-black font-semibold"[39m
                    [36m>[39m
                      [0mContact[0m
                    [36m</th>[39m
                    [36m<th[39m
                      [33mclass[39m=[32m"text-left p-4 text-black font-semibold"[39m
                    [36m>[39m
                      [0mCategories[0m
                    [36m</th>[39m
                    [36m<th[39m
                      [33mclass[39m=[32m"text-left p-4 text-black font-semibold"[39m
                    [36m>[39m
                      [0mLead Time[0m
                    [36m</th>[39m
                    [36m<th[39m
                      [33mclass[39m=[32m"text-left p-4 text-black font-semibold"[39m
                    [36m>[39m
                      [0mMin Order[0m
                    [36m</th>[39m
                    [36m<th[39m
                      [33mclass[39m=[32m"text-left p-4 text-black font-semibold"[39m
                    [36m>[39m
                      [0mLast Order[0m
                    [36m</th>[39m
                    [36m<th[39m
                      [33mclass[39m=[32m"text-left p-4 text-black font-semibold"[39m
                    [36m>[39m
                      [0mTotal Spent[0m
                    [36m</th>[39m
                    [36m<th[39m
                      [33mclass[39m=[32m"text-left p-4 text-black font-semibold"[39m
                    [36m>[39m
                      [0mActions[0m
                    [36m</th>[39m
                  [36m</tr>[39m
                [36m</thead>[39m
                [36m<tbody>[39m
                  [36m<tr[39m
                    [33mclass[39m=[32m"border-b border-gray-100 hover:bg-gray-50"[39m
                  [36m>[39m
                    [36m<td[39m
                      [33mclass[39m=[32m"p-4"[39m
                    [36m>[39m
                      [36m<button[39m
                        [33mclass[39m=[32m"text-2xl hover:scale-110 transition-transform"[39m
                      [36m>[39m
                        [0mΓ¡É[0m
                      [36m</button>[39m
                    [36m</td>[39m
                    [36m<td[39m
                      [33mclass[39m=[32m"p-4"[39m
                    [36m>[39m
                      [36m<button[39m
                        [33mclass[39m=[32m"text-blue-600 hover:text-blue-800 font-semibold"[39m
                      [36m>[39m
                        [0mHome Depot[0m
                      [36m</button>[39m
                    [36m</td>[39m
                    [36m<td[39m
                      [33mclass[39m=[32m"p-4 text-black text-sm"[39m
                    [36m>[39m
                      [36m<div>[39m
                        [0mJohn Smith[0m
                      [36m</div>[39m
                      [36m<a[39m
                        [33mclass[39m=[32m"text-blue-600 hover:underline block"[39m
                        [33mhref[39m=[32m"tel:555-1234"[39m
                      [36m>[39m
                        [0m≡ƒô₧ [0m
                        [0m555-1234[0m
                      [36m</a>[39m
                      [36m<a[39m
                        [33mclass[39m=[32m"text-blue-600 hover:underline block"[39m
                        [33mhref[39m=[32m"mailto:john@homedepot.com"[39m
                      [36m>[39m
                        [0mΓ£ë∩╕Å [0m
                        [0mjohn@homedepot.com[0m
                      [36m</a>[39m
                    [36m</td>[39m
                    [36m<td[39m
                      [33mclass[39m=[32m"p-4"[39m
                    [36m>[39m
                      [36m<div[39m
                        [33mclass[39m=[32m"flex flex-wrap gap-1"[39m
                      [36m>[39m
                        [36m<span[39m
                          [33mclass[39m=[32m"bg-blue-100 text-blue-800 text-xs px-2 py-1 rounded"[39m
                        [36m>[39m
                          [0mLumber[0m
                        [36m</span>[39m
                        [36m<span[39m
                          [33mclass[39m=[32m"bg-blue-100 text-blue-800 text-xs px-2 py-1 rounded"[39m
                        [36m>[39m
                          [0mHardware[0m
                        [36m</span>[39m
                      [36m</div>[39m
                    [36m</td>[39m
                    [36m<td[39m
                      [33mclass[39m=[32m"p-4 text-black"[39m
                    [36m>[39m
                      [0m3[0m
                      [0m days[0m
                    [36m</td>[39m
                    [36m<td[39m
                      [33mclass[39m=[32m"p-4 text-black"[39m
                    [36m>[39m
                      [0m$100[0m
                    [36m</td>[39m
                    [36m<td[39m
                      [33mclass[39m=[32m"p-4 text-gray-600 text-sm"[39m
                    [36m>[39m
                      [0mOct 31, 2024[0m
                    [36m</td>[39m
                    [36m<td[39m
                      [33mclass[39m=[32m"p-4 text-black font-semibold"[39m
                    [36m>[39m
                      [0m$[0m
                      [0m5,432.10[0m
                    [36m</td>[39m
                    [36m<td[39m
                      [33mclass[39m=[32m"p-4"[39m
                    [36m>[39m
                      [36m<button[39m
                        [33mclass[39m=[32m"text-blue-600 hover:text-blue-800 text-sm"[39m
                      [36m>[39m
                        [0mView Details ΓåÆ[0m
                      [36m</button>[39m
                    [36m</td>[39m
                  [36m</tr>[39m
                  [36m<tr[39m
                    [33mclass[39m=[32m"border-b border-gray-100 hover:bg-gray-50"[39m
                  [36m>[39m
                    [36m<td[39m
                      [33mclass[39m=[32m"p-4"[39m
                    [36m>[39m
                      [36m<button[39m
                        [33mclass[39m=[32m"text-2xl hover:scale-110 transition-transform"[39m
                      [36m>[39m
                        [0mΓÿå[0m
                      [36m</button>[39m
                    [36m</td>[39m
                    [36m<td[39m
                      [33mclass[39m=[32m"p-4"[39m
                    [36m>[39m
                      [36m<button[39m
                        [33mclass[39m=[32m"text-blue-600 hover:text-blue-800 font-semibold"[39m
                      [36m>[39m
                        [0mLowe's[0m
                      [36m</button>[39m
                    [36m</td>[39m
                    [36m<td[39m
                      [33mclass[39m=[32m"p-4 text-black text-sm"[39m
                    [36m>[39m
                      [36m<div>[39m
                        [0mJane Doe[0m
                      [36m</div>[39m
                      [36m<a[39m
                        [33mclass[39m=[32m"text-blue-600 hover:underline block"[39m
                        [33mhref[39m=[32m"tel:555-5678"[39m
                      [36m>[39m
                        [0m≡ƒô₧ [0m
                        [0m555-5678[0m
                      [36m</a>[39m
                      [36m<a[39m
                        [33mclass[39m=[32m"text-blue-600 hover:underline block"[39m
                        [33mhref[39m=[32m"mailto:jane@lowes.com"[39m
                      [36m>[39m
                        [0mΓ£ë∩╕Å [0m
                        [0mjane@lowes.com[0m
                      [36m</a>[39m
                    [36m</td>[39m
                    [36m<td[39m
                      [33mclass[39m=[32m"p-4"[39m
                    [36m>[39m
                      [36m<div[39m
                        [33mclass[39m=[32m"flex flex-wrap gap-1"[39m
                      [36m>[39m
                        [36m<span[39m
                          [33mclass[39m=[32m"bg-blue-100 text-blue-800 text-xs px-2 py-1 rounded"[39m
                        [36m>[39m
                          [0mPaint[0m
                        [36m</span>[39m
                        [36m<span[39m
                          [33mclass[39m=[32m"bg-blue-100 text-blue-800 text-xs px-2 py-1 rounded"[39m
                        [36m>[39m
                          [0mFlooring[0m
                        [36m</span>[39m
                      [36m</div>[39m
                    [36m</td>[39m
                    [36m<td[39m
                      [33mclass[39m=[32m"p-4 text-black"[39m
                    [36m>[39m
                      [0m5[0m
                      [0m days[0m
                    [36m</td>[39m
                    [36m<td[39m
                      [33mclass[39m=[32m"p-4 text-black"[39m
                    [36m>[39m
                      [0m$50[0m
                    [36m</td>[39m
                    [36m<td[39m
                      [33mclass[39m=[32m"p-4 text-gray-600 text-sm"[39m
                    [36m>[39m
                      [0mNever[0m
                    [36m</td>[39m
                    [36m<td[39m
                      [33mclass[39m=[32m"p-4 text-black font-semibold"[39m
                    [36m>[39m
                      [0m$[0m
                      [0m2,345.67[0m
                    [36m</td>[39m
                    [36m<td[39m
                      [33mclass[39m=[32m"p-4"[39m
                    [36m>[39m
                      [36m<button[39m
                        [33mclass[39m=[32m"text-blue-600 hover:text-blue-800 text-sm"[39m
                      [36m>[39m
                        [0mView Details ΓåÆ[0m
                      [36m</button>[39m
                    [36m</td>[39m
                  [36m</tr>[39m
                [36m</tbody>[39m
              [36m</table>[39m
            [36m</div>[39m
          [36m</div>[39m
          [36m<div[39m
            [33mclass[39m=[32m"fixed right-0 top-0 h-full bg-white border-l-2 border-gray-300 shadow-xl transition-all duration-300 z-40 
          w-96 max-w-full 
          lg:block false"[39m
          [36m>[39m
            [36m<button[39m
              [33mclass[39m=[32m"absolute -left-10 top-4 bg-blue-500 text-white px-3 py-2 rounded-l hover:bg-blue-600 font-bold lg:flex hidden"[39m
            [36m>[39m
              [0mΓåÆ[0m
            [36m</button>[39m
            [36m<button[39m
              [33mclass[39m=[32m"lg:hidden fixed bottom-4 right-4 bg-blue-500 text-white w-14 h-14 rounded-full shadow-lg hover:bg-blue-600 flex items-center 
justify-center text-2xl z-50"[39m
            [36m>[39m
              [0m≡ƒ¢Æ[0m
            [36m</button>[39m
            [36m<div[39m
              [33mclass[39m=[32m"h-full flex flex-col"[39m
            [36m>[39m
              [36m<div[39m
                [33mclass[39m=[32m"p-4 border-b border-gray-300 bg-blue-50"[39m
              [36m>[39m
                [36m<h2[39m
                  [33mclass[39m=[32m"text-xl font-bold text-black"[39m
                [36m>[39m
                  [0mQuick Reorder[0m
                [36m</h2>[39m
                [36m<p[39m
                  [33mclass[39m=[32m"text-sm text-gray-600"[39m
                [36m>[39m
                  [0mAdd items and generate PO[0m
                [36m</p>[39m
              [36m</div>[39m
              [36m<div[39m
                [33mclass[39m=[32m"flex-1 overflow-y-auto"[39m
              [36m>[39m
                [36m<div[39m
                  [33mclass[39m=[32m"p-4"[39m
                [36m>[39m
                  [36m<h3[39m
                    [33mclass[39m=[32m"font-bold text-black mb-2"[39m
                  [36m>[39m
                    [0mFrequently Ordered[0m
                  [36m</h3>[39m
                  [36m<p[39m
                    [33mclass[39m=[32m"text-sm text-gray-600"[39m
                  [36m>[39m
                    [0mNo items yet. Set up inventory items to enable quick reordering.[0m
                  [36m</p>[39m
                [36m</div>[39m
              [36m</div>[39m
              [36m<div[39m
                [33mclass[39m=[32m"p-4 bg-gray-50 border-t border-gray-300 text-xs text-gray-600"[39m
              [36m>[39m
                [0m≡ƒÆí Tip: Set par levels in inventory to see smart reorder suggestions[0m
              [36m</div>[39m
            [36m</div>[39m
          [36m</div>[39m
        [36m</div>[39m
      [36m</div>[39m
    [36m</body>[39m

    [0m [90m 152 |[39m     render([33m<[39m[33mBrowserRouter[39m[33m>[39m[33m<[39m[33mSuppliers[39m 
[33m/[39m[33m>[39m[33m<[39m[33m/[39m[33mBrowserRouter[39m[33m>[39m)[33m;[39m
     [90m 153 |[39m     
    [31m[1m>[22m[39m[90m 154 |[39m     [36mawait[39m waitFor(() [33m=>[39m {
     [90m     |[39m                  [31m[1m^[22m[39m
     [90m 155 |[39m       [36mconst[39m searchInput [33m=[39m screen[33m.[39mgetByPlaceholderText([35m/Search suppliers/i[39m)[33m;[39m
     [90m 156 |[39m       fireEvent[33m.[39mchange(searchInput[33m,[39m { target[33m:[39m { value[33m:[39m [32m'Home'[39m } })[33m;[39m
     [90m 157 |[39m     })[33m;[39m[0m

      at waitForWrapper (node_modules/@testing-library/dom/dist/wait-for.js:163:27)
      at Object.<anonymous> (src/components/__tests__/Suppliers.test.jsx:154:18)

  ΓùÅ Suppliers Component - Phase 1 & Catalog Management (Phase 2D) ΓÇ║ should filter by category

    Found a label with the text of: /Category/i, however no form control was found associated to that label. Make sure you're using the "for" attribute or 
"aria-labelledby" attribute correctly.

    Ignored nodes: comments, script, style
    [36m<body>[39m
      [36m<div>[39m
        [36m<div[39m
          [33mclass[39m=[32m"p-4 md:p-6 text-black lg:pr-[400px]"[39m
        [36m>[39m
          [36m<div[39m
            [33mclass[39m=[32m"mb-6"[39m
          [36m>[39m
            [36m<div[39m
              [33mclass[39m=[32m"flex flex-col sm:flex-row justify-between items-start sm:items-center gap-3 mb-4"[39m
            [36m>[39m
              [36m<div[39m
                [33mclass[39m=[32m"flex gap-2 flex-wrap"[39m
              [36m>[39m
                [36m<a[39m
                  [33mclass[39m=[32m"bg-blue-500 text-white px-3 py-2 rounded hover:bg-blue-600 text-sm md:text-base"[39m
                  [33mdata-discover[39m=[32m"true"[39m
                  [33mhref[39m=[32m"/"[39m
                [36m>[39m
                  [0mDashboard[0m
                [36m</a>[39m
                [36m<a[39m
                  [33mclass[39m=[32m"bg-orange-500 text-white px-3 py-2 rounded hover:bg-orange-600 text-sm md:text-base"[39m
                  [33mdata-discover[39m=[32m"true"[39m
                  [33mhref[39m=[32m"/purchase-orders"[39m
                [36m>[39m
                  [0m≡ƒôï POs ([0m
                  [0m3[0m
                  [0m)[0m
                [36m</a>[39m
              [36m</div>[39m
              [36m<button[39m
                [33mclass[39m=[32m"bg-green-500 text-white px-4 py-2 rounded hover:bg-green-600 text-sm md:text-base w-full sm:w-auto"[39m
              [36m>[39m
                [0m+ Add Supplier[0m
              [36m</button>[39m
            [36m</div>[39m
            [36m<h1[39m
              [33mclass[39m=[32m"text-2xl md:text-3xl font-bold text-black"[39m
            [36m>[39m
              [0mSuppliers & Materials[0m
            [36m</h1>[39m
          [36m</div>[39m
          [36m<div[39m
            [33mclass[39m=[32m"grid grid-cols-1 md:grid-cols-4 gap-4 mb-6"[39m
          [36m>[39m
            [36m<div[39m
              [33mclass[39m=[32m"bg-white border border-gray-300 rounded-lg p-4"[39m
            [36m>[39m
              [36m<p[39m
                [33mclass[39m=[32m"text-gray-600 text-sm"[39m
              [36m>[39m
                [0mActive Suppliers[0m
              [36m</p>[39m
              [36m<p[39m
                [33mclass[39m=[32m"text-3xl font-bold text-black"[39m
              [36m>[39m
                [0m0[0m
              [36m</p>[39m
            [36m</div>[39m
            [36m<div[39m
              [33mclass[39m=[32m"bg-white border border-gray-300 rounded-lg p-4"[39m
            [36m>[39m
              [36m<p[39m
                [33mclass[39m=[32m"text-gray-600 text-sm"[39m
              [36m>[39m
                [0mOpen POs / Quotes[0m
              [36m</p>[39m
              [36m<p[39m
                [33mclass[39m=[32m"text-3xl font-bold text-blue-600"[39m
              [36m>[39m
                [0m3[0m
              [36m</p>[39m
            [36m</div>[39m
            [36m<div[39m
              [33mclass[39m=[32m"bg-white border border-gray-300 rounded-lg p-4"[39m
            [36m>[39m
              [36m<p[39m
                [33mclass[39m=[32m"text-gray-600 text-sm"[39m
              [36m>[39m
                [0mSpend This Month[0m
              [36m</p>[39m
              [36m<p[39m
                [33mclass[39m=[32m"text-3xl font-bold text-green-600"[39m
              [36m>[39m
                [0m$[0m
                [0m0.00[0m
              [36m</p>[39m
            [36m</div>[39m
            [36m<div[39m
              [33mclass[39m=[32m"bg-white border border-gray-300 rounded-lg p-4"[39m
            [36m>[39m
              [36m<p[39m
                [33mclass[39m=[32m"text-gray-600 text-sm"[39m
              [36m>[39m
                [0mLow Stock Items[0m
              [36m</p>[39m
              [36m<p[39m
                [33mclass[39m=[32m"text-3xl font-bold text-orange-600"[39m
              [36m>[39m
                [0m5[0m
                [36m<span[39m
                  [33mclass[39m=[32m"text-sm ml-2"[39m
                [36m>[39m
                  [0mΓÜá∩╕Å[0m
                [36m</span>[39m
              [36m</p>[39m
            [36m</div>[39m
          [36m</div>[39m
          [36m<div[39m
            [33mclass[39m=[32m"bg-white border border-gray-300 rounded-lg p-4 mb-6"[39m
          [36m>[39m
            [36m<div[39m
              [33mclass[39m=[32m"grid grid-cols-1 md:grid-cols-4 gap-4"[39m
            [36m>[39m
              [36m<div>[39m
                [36m<label[39m
                  [33mclass[39m=[32m"block text-sm font-medium text-black mb-1"[39m
                [36m>[39m
                  [0mSearch[0m
                [36m</label>[39m
                [36m<input[39m
                  [33mclass[39m=[32m"w-full p-2 border border-gray-300 rounded text-black bg-white"[39m
                  [33mplaceholder[39m=[32m"Search by name..."[39m
                  [33mtype[39m=[32m"text"[39m
                  [33mvalue[39m=[32m""[39m
                [36m/>[39m
              [36m</div>[39m
              [36m<div>[39m
                [36m<label[39m
                  [33mclass[39m=[32m"block text-sm font-medium text-black mb-1"[39m
                [36m>[39m
                  [0mCategory[0m
                [36m</label>[39m
                [36m<select[39m
                  [33mclass[39m=[32m"w-full p-2 border border-gray-300 rounded text-black bg-white"[39m
                [36m>[39m
                  [36m<option[39m
                    [33mvalue[39m=[32m""[39m
                  [36m>[39m
                    [0mAll Categories[0m
                  [36m</option>[39m
                  [36m<option[39m
                    [33mvalue[39m=[32m"Electrical"[39m
                  [36m>[39m
                    [0mElectrical[0m
                  [36m</option>[39m
                  [36m<option[39m
                    [33mvalue[39m=[32m"Plumbing"[39m
                  [36m>[39m
                    [0mPlumbing[0m
                  [36m</option>[39m
                  [36m<option[39m
                    [33mvalue[39m=[32m"Lumber"[39m
                  [36m>[39m
                    [0mLumber[0m
                  [36m</option>[39m
                  [36m<option[39m
                    [33mvalue[39m=[32m"Hardware"[39m
                  [36m>[39m
                    [0mHardware[0m
                  [36m</option>[39m
                  [36m<option[39m
                    [33mvalue[39m=[32m"HVAC"[39m
                  [36m>[39m
                    [0mHVAC[0m
                  [36m</option>[39m
                  [36m<option[39m
                    [33mvalue[39m=[32m"Roofing"[39m
                  [36m>[39m
                    [0mRoofing[0m
                  [36m</option>[39m
                  [36m<option[39m
                    [33mvalue[39m=[32m"Flooring"[39m
                  [36m>[39m
                    [0mFlooring[0m
                  [36m</option>[39m
                  [36m<option[39m
                    [33mvalue[39m=[32m"Paint"[39m
                  [36m>[39m
                    [0mPaint[0m
                  [36m</option>[39m
                [36m</select>[39m
              [36m</div>[39m
              [36m<div[39m
                [33mclass[39m=[32m"flex items-end"[39m
              [36m>[39m
                [36m<label[39m
                  [33mclass[39m=[32m"flex items-center cursor-pointer"[39m
                [36m>[39m
                  [36m<input[39m
                    [33mclass[39m=[32m"mr-2 h-4 w-4"[39m
                    [33mtype[39m=[32m"checkbox"[39m
                  [36m/>[39m
                  [36m<span[39m
                    [33mclass[39m=[32m"text-sm font-medium text-black"[39m
                  [36m>[39m
                    [0mΓ¡É Favorites Only[0m
                  [36m</span>[39m
                [36m</label>[39m
              [36m</div>[39m
              [36m<div[39m
                [33mclass[39m=[32m"flex items-end"[39m
              [36m>[39m
                [36m<button[39m
                  [33mclass[39m=[32m"text-blue-600 hover:text-blue-800 text-sm font-medium"[39m
                [36m>[39m
                  [0mClear Filters[0m
                [36m</button>[39m
              [36m</div>[39m
            [36m</div>[39m
          [36m</div>[39m
          [36m<div[39m
            [33mclass[39m=[32m"bg-white border border-gray-300 rounded-lg shadow-sm overflow-hidden"[39m
          [36m>[39m
            [36m<div[39m
              [33mclass[39m=[32m"overflow-x-auto"[39m
            [36m>[39m
              [36m<table[39m
                [33mclass[39m=[32m"w-full border-collapse min-w-[800px]"[39m
              [36m>[39m
                [36m<thead>[39m
                  [36m<tr[39m
                    [33mclass[39m=[32m"border-b border-gray-200 bg-gray-50"[39m
                  [36m>[39m
                    [36m<th[39m
                      [33mclass[39m=[32m"text-left p-4 text-black font-semibold"[39m
                    [36m>[39m
                      [0mΓ¡É[0m
                    [36m</th>[39m
                    [36m<th[39m
                      [33mclass[39m=[32m"text-left p-4 text-black font-semibold"[39m
                    [36m>[39m
                      [0mName[0m
                    [36m</th>[39m
                    [36m<th[39m
                      [33mclass[39m=[32m"text-left p-4 text-black font-semibold"[39m
                    [36m>[39m
                      [0mContact[0m
                    [36m</th>[39m
                    [36m<th[39m
                      [33mclass[39m=[32m"text-left p-4 text-black font-semibold"[39m
                    [36m>[39m
                      [0mCategories[0m
                    [36m</th>[39m
                    [36m<th[39m
                      [33mclass[39m=[32m"text-left p-4 text-black font-semibold"[39m
                    [36m>[39m
                      [0mLead Time[0m
                    [36m</th>[39m
                    [36m<th[39m
                      [33mclass[39m=[32m"text-left p-4 text-black font-semibold"[39m
                    [36m>[39m
                      [0mMin Order[0m
                    [36m</th>[39m
                    [36m<th[39m
                      [33mclass[39m=[32m"text-left p-4 text-black font-semibold"[39m
                    [36m>[39m
                      [0mLast Order[0m
                    [36m</th>[39m
                    [36m<th[39m
                      [33mclass[39m=[32m"text-left p-4 text-black font-semibold"[39m
                    [36m>[39m
                      [0mTotal Spent[0m
                    [36m</th>[39m
                    [36m<th[39m
                      [33mclass[39m=[32m"text-left p-4 text-black font-semibold"[39m
                    [36m>[39m
                      [0mActions[0m
                    [36m</th>[39m
                  [36m</tr>[39m
                [36m</thead>[39m
                [36m<tbody>[39m
                  [36m<tr[39m
                    [33mclass[39m=[32m"border-b border-gray-100 hover:bg-gray-50"[39m
                  [36m>[39m
                    [36m<td[39m
                      [33mclass[39m=[32m"p-4"[39m
                    [36m>[39m
                      [36m<button[39m
                        [33mclass[39m=[32m"text-2xl hover:scale-110 transition-transform"[39m
                      [36m>[39m
                        [0mΓ¡É[0m
                      [36m</button>[39m
                    [36m</td>[39m
                    [36m<td[39m
                      [33mclass[39m=[32m"p-4"[39m
                    [36m>[39m
                      [36m<button[39m
                        [33mclass[39m=[32m"text-blue-600 hover:text-blue-800 font-semibold"[39m
                      [36m>[39m
                        [0mHome Depot[0m
                      [36m</button>[39m
                    [36m</td>[39m
                    [36m<td[39m
                      [33mclass[39m=[32m"p-4 text-black text-sm"[39m
                    [36m>[39m
                      [36m<div>[39m
                        [0mJohn Smith[0m
                      [36m</div>[39m
                      [36m<a[39m
                        [33mclass[39m=[32m"text-blue-600 hover:underline block"[39m
                        [33mhref[39m=[32m"tel:555-1234"[39m
                      [36m>[39m
                        [0m≡ƒô₧ [0m
                        [0m555-1234[0m
                      [36m</a>[39m
                      [36m<a[39m
                        [33mclass[39m=[32m"text-blue-600 hover:underline block"[39m
                        [33mhref[39m=[32m"mailto:john@homedepot.com"[39m
                      [36m>[39m
                        [0mΓ£ë∩╕Å [0m
                        [0mjohn@homedepot.com[0m
                      [36m</a>[39m
                    [36m</td>[39m
                    [36m<td[39m
                      [33mclass[39m=[32m"p-4"[39m
                    [36m>[39m
                      [36m<div[39m
                        [33mclass[39m=[32m"flex flex-wrap gap-1"[39m
                      [36m>[39m
                        [36m<span[39m
                          [33mclass[39m=[32m"bg-blue-100 text-blue-800 text-xs px-2 py-1 rounded"[39m
                        [36m>[39m
                          [0mLumber[0m
                        [36m</span>[39m
                        [36m<span[39m
                          [33mclass[39m=[32m"bg-blue-100 text-blue-800 text-xs px-2 py-1 rounded"[39m
                        [36m>[39m
                          [0mHardware[0m
                        [36m</span>[39m
                      [36m</div>[39m
                    [36m</td>[39m
                    [36m<td[39m
                      [33mclass[39m=[32m"p-4 text-black"[39m
                    [36m>[39m
                      [0m3[0m
                      [0m days[0m
                    [36m</td>[39m
                    [36m<td[39m
                      [33mclass[39m=[32m"p-4 text-black"[39m
                    [36m>[39m
                      [0m$100[0m
                    [36m</td>[39m
                    [36m<td[39m
                      [33mclass[39m=[32m"p-4 text-gray-600 text-sm"[39m
                    [36m>[39m
                      [0mOct 31, 2024[0m
                    [36m</td>[39m
                    [36m<td[39m
                      [33mclass[39m=[32m"p-4 text-black font-semibold"[39m
                    [36m>[39m
                      [0m$[0m
                      [0m5,432.10[0m
                    [36m</td>[39m
                    [36m<td[39m
                      [33mclass[39m=[32m"p-4"[39m
                    [36m>[39m
                      [36m<button[39m
                        [33mclass[39m=[32m"text-blue-600 hover:text-blue-800 text-sm"[39m
                      [36m>[39m
                        [0mView Details ΓåÆ[0m
                      [36m</button>[39m
                    [36m</td>[39m
                  [36m</tr>[39m
                  [36m<tr[39m
                    [33mclass[39m=[32m"border-b border-gray-100 hover:bg-gray-50"[39m
                  [36m>[39m
                    [36m<td[39m
                      [33mclass[39m=[32m"p-4"[39m
                    [36m>[39m
                      [36m<button[39m
                        [33mclass[39m=[32m"text-2xl hover:scale-110 transition-transform"[39m
                      [36m>[39m
                        [0mΓÿå[0m
                      [36m</button>[39m
                    [36m</td>[39m
                    [36m<td[39m
                      [33mclass[39m=[32m"p-4"[39m
                    [36m>[39m
                      [36m<button[39m
                        [33mclass[39m=[32m"text-blue-600 hover:text-blue-800 font-semibold"[39m
                      [36m>[39m
                        [0mLowe's[0m
                      [36m</button>[39m
                    [36m</td>[39m
                    [36m<td[39m
                      [33mclass[39m=[32m"p-4 text-black text-sm"[39m
                    [36m>[39m
                      [36m<div>[39m
                        [0mJane Doe[0m
                      [36m</div>[39m
                      [36m<a[39m
                        [33mclass[39m=[32m"text-blue-600 hover:underline block"[39m
                        [33mhref[39m=[32m"tel:555-5678"[39m
                      [36m>[39m
                        [0m≡ƒô₧ [0m
                        [0m555-5678[0m
                      [36m</a>[39m
                      [36m<a[39m
                        [33mclass[39m=[32m"text-blue-600 hover:underline block"[39m
                        [33mhref[39m=[32m"mailto:jane@lowes.com"[39m
                      [36m>[39m
                        [0mΓ£ë∩╕Å [0m
                        [0mjane@lowes.com[0m
                      [36m</a>[39m
                    [36m</td>[39m
                    [36m<td[39m
                      [33mclass[39m=[32m"p-4"[39m
                    [36m>[39m
                      [36m<div[39m
                        [33mclass[39m=[32m"flex flex-wrap gap-1"[39m
                      [36m>[39m
                        [36m<span[39m
                          [33mclass[39m=[32m"bg-blue-100 text-blue-800 text-xs px-2 py-1 rounded"[39m
                        [36m>[39m
                          [0mPaint[0m
                        [36m</span>[39m
                        [36m<span[39m
                          [33mclass[39m=[32m"bg-blue-100 text-blue-800 text-xs px-2 py-1 rounded"[39m
                        [36m>[39m
                          [0mFlooring[0m
                        [36m</span>[39m
                      [36m</div>[39m
                    [36m</td>[39m
                    [36m<td[39m
                      [33mclass[39m=[32m"p-4 text-black"[39m
                    [36m>[39m
                      [0m5[0m
                      [0m days[0m
                    [36m</td>[39m
                    [36m<td[39m
                      [33mclass[39m=[32m"p-4 text-black"[39m
                    [36m>[39m
                      [0m$50[0m
                    [36m</td>[39m
                    [36m<td[39m
                      [33mclass[39m=[32m"p-4 text-gray-600 text-sm"[39m
                    [36m>[39m
                      [0mNever[0m
                    [36m</td>[39m
                    [36m<td[39m
                      [33mclass[39m=[32m"p-4 text-black font-semibold"[39m
                    [36m>[39m
                      [0m$[0m
                      [0m2,345.67[0m
                    [36m</td>[39m
                    [36m<td[39m
                      [33mclass[39m=[32m"p-4"[39m
                    [36m>[39m
                      [36m<button[39m
                        [33mclass[39m=[32m"text-blue-600 hover:text-blue-800 text-sm"[39m
                      [36m>[39m
                        [0mView Details ΓåÆ[0m
                      [36m</button>[39m
                    [36m</td>[39m
                  [36m</tr>[39m
                [36m</tbody>[39m
              [36m</table>[39m
            [36m</div>[39m
          [36m</div>[39m
          [36m<div[39m
            [33mclass[39m=[32m"fixed right-0 top-0 h-full bg-white border-l-2 border-gray-300 shadow-xl transition-all duration-300 z-40 
          w-96 max-w-full 
          lg:block false"[39m
          [36m>[39m
            [36m<button[39m
              [33mclass[39m=[32m"absolute -left-10 top-4 bg-blue-500 text-white px-3 py-2 rounded-l hover:bg-blue-600 font-bold lg:flex hidden"[39m
            [36m>[39m
              [0mΓåÆ[0m
            [36m</button>[39m
            [36m<button[39m
              [33mclass[39m=[32m"lg:hidden fixed bottom-4 right-4 bg-blue-500 text-white w-14 h-14 rounded-full shadow-lg hover:bg-blue-600 flex items-center 
justify-center text-2xl z-50"[39m
            [36m>[39m
              [0m≡ƒ¢Æ[0m
            [36m</button>[39m
            [36m<div[39m
              [33mclass[39m=[32m"h-full flex flex-col"[39m
            [36m>[39m
              [36m<div[39m
                [33mclass[39m=[32m"p-4 border-b border-gray-300 bg-blue-50"[39m
              [36m>[39m
                [36m<h2[39m
                  [33mclass[39m=[32m"text-xl font-bold text-black"[39m
                [36m>[39m
                  [0mQuick Reorder[0m
                [36m</h2>[39m
                [36m<p[39m
                  [33mclass[39m=[32m"text-sm text-gray-600"[39m
                [36m>[39m
                  [0mAdd items and generate PO[0m
                [36m</p>[39m
              [36m</div>[39m
              [36m<div[39m
                [33mclass[39m=[32m"flex-1 overflow-y-auto"[39m
              [36m>[39m
                [36m<div[39m
                  [33mclass[39m=[32m"p-4"[39m
                [36m>[39m
                  [36m<h3[39m
                    [33mclass[39m=[32m"font-bold text-black mb-2"[39m
                  [36m>[39m
                    [0mFrequently Ordered[0m
                  [36m</h3>[39m
                  [36m<p[39m
                    [33mclass[39m=[32m"text-sm text-gray-600"[39m
                  [36m>[39m
                    [0mNo items yet. Set up inventory items to enable quick reordering.[0m
                  [36m</p>[39m
                [36m</div>[39m
              [36m</div>[39m
              [36m<div[39m
                [33mclass[39m=[32m"p-4 bg-gray-50 border-t border-gray-300 text-xs text-gray-600"[39m
              [36m>[39m
                [0m≡ƒÆí Tip: Set par levels in inventory to see smart reorder suggestions[0m
              [36m</div>[39m
            [36m</div>[39m
          [36m</div>[39m
        [36m</div>[39m
      [36m</div>[39m
    [36m</body>[39m

    [0m [90m 168 |[39m     render([33m<[39m[33mBrowserRouter[39m[33m>[39m[33m<[39m[33mSuppliers[39m 
[33m/[39m[33m>[39m[33m<[39m[33m/[39m[33mBrowserRouter[39m[33m>[39m)[33m;[39m
     [90m 169 |[39m     
    [31m[1m>[22m[39m[90m 170 |[39m     [36mawait[39m waitFor(() [33m=>[39m {
     [90m     |[39m                  [31m[1m^[22m[39m
     [90m 171 |[39m       [36mconst[39m categoryFilter [33m=[39m screen[33m.[39mgetByLabelText([35m/Category/i[39m)[33m;[39m
     [90m 172 |[39m       fireEvent[33m.[39mchange(categoryFilter[33m,[39m { target[33m:[39m { value[33m:[39m [32m'Lumber'[39m } })[33m;[39m
     [90m 173 |[39m     })[33m;[39m[0m

      at waitForWrapper (node_modules/@testing-library/dom/dist/wait-for.js:163:27)
      at Object.<anonymous> (src/components/__tests__/Suppliers.test.jsx:170:18)

  ΓùÅ Suppliers Component - Phase 1 & Catalog Management (Phase 2D) ΓÇ║ should toggle favorite status

    expect(jest.fn()).toHaveBeenCalledWith(...expected)

    Expected: StringContaining "sup1/favorite", {}, Any<Object>

    Number of calls: 0

    Ignored nodes: comments, script, style
    [36m<html>[39m
      [36m<head />[39m
      [36m<body>[39m
        [36m<div>[39m
          [36m<div[39m
            [33mclass[39m=[32m"p-4 md:p-6 text-black lg:pr-[400px]"[39m
          [36m>[39m
            [36m<div[39m
              [33mclass[39m=[32m"mb-6"[39m
            [36m>[39m
              [36m<div[39m
                [33mclass[39m=[32m"flex flex-col sm:flex-row justify-between items-start sm:items-center gap-3 mb-4"[39m
              [36m>[39m
                [36m<div[39m
                  [33mclass[39m=[32m"flex gap-2 flex-wrap"[39m
                [36m>[39m
                  [36m<a[39m
                    [33mclass[39m=[32m"bg-blue-500 text-white px-3 py-2 rounded hover:bg-blue-600 text-sm md:text-base"[39m
                    [33mdata-discover[39m=[32m"true"[39m
                    [33mhref[39m=[32m"/"[39m
                  [36m>[39m
                    [0mDashboard[0m
                  [36m</a>[39m
                  [36m<a[39m
                    [33mclass[39m=[32m"bg-orange-500 text-white px-3 py-2 rounded hover:bg-orange-600 text-sm md:text-base"[39m
                    [33mdata-discover[39m=[32m"true"[39m
                    [33mhref[39m=[32m"/purchase-orders"[39m
                  [36m>[39m
                    [0m≡ƒôï POs ([0m
                    [0m3[0m
                    [0m)[0m
                  [36m</a>[39m
                [36m</div>[39m
                [36m<button[39m
                  [33mclass[39m=[32m"bg-green-500 text-white px-4 py-2 rounded hover:bg-green-600 text-sm md:text-base w-full sm:w-auto"[39m
                [36m>[39m
                  [0m+ Add Supplier[0m
                [36m</button>[39m
              [36m</div>[39m
              [36m<h1[39m
                [33mclass[39m=[32m"text-2xl md:text-3xl font-bold text-black"[39m
              [36m>[39m
                [0mSuppliers & Materials[0m
              [36m</h1>[39m
            [36m</div>[39m
            [36m<div[39m
              [33mclass[39m=[32m"grid grid-cols-1 md:grid-cols-4 gap-4 mb-6"[39m
            [36m>[39m
              [36m<div[39m
                [33mclass[39m=[32m"bg-white border border-gray-300 rounded-lg p-4"[39m
              [36m>[39m
                [36m<p[39m
                  [33mclass[39m=[32m"text-gray-600 text-sm"[39m
                [36m>[39m
                  [0mActive Suppliers[0m
                [36m</p>[39m
                [36m<p[39m
                  [33mclass[39m=[32m"text-3xl font-bold text-black"[39m
                [36m>[39m
                  [0m0[0m
                [36m</p>[39m
              [36m</div>[39m
              [36m<div[39m
                [33mclass[39m=[32m"bg-white border border-gray-300 rounded-lg p-4"[39m
              [36m>[39m
                [36m<p[39m
                  [33mclass[39m=[32m"text-gray-600 text-sm"[39m
                [36m>[39m
                  [0mOpen POs / Quotes[0m
                [36m</p>[39m
                [36m<p[39m
                  [33mclass[39m=[32m"text-3xl font-bold text-blue-600"[39m
                [36m>[39m
                  [0m3[0m
                [36m</p>[39m
              [36m</div>[39m
              [36m<div[39m
                [33mclass[39m=[32m"bg-white border border-gray-300 rounded-lg p-4"[39m
              [36m>[39m
                [36m<p[39m
                  [33mclass[39m=[32m"text-gray-600 text-sm"[39m
                [36m>[39m
                  [0mSpend This Month[0m
                [36m</p>[39m
                [36m<p[39m
                  [33mclass[39m=[32m"text-3xl font-bold text-green-600"[39m
                [36m>[39m
                  [0m$[0m
                  [0m0.00[0m
                [36m</p>[39m
              [36m</div>[39m
              [36m<div[39m
                [33mclass[39m=[32m"bg-white border border-gray-300 rounded-lg p-4"[39m
              [36m>[39m
                [36m<p[39m
                  [33mclass[39m=[32m"text-gray-600 text-sm"[39m
                [36m>[39m
                  [0mLow Stock Items[0m
                [36m</p>[39m
                [36m<p[39m
                  [33mclass[39m=[32m"text-3xl font-bold text-orange-600"[39m
                [36m>[39m
                  [0m5[0m
                  [36m<span[39m
                    [33mclass[39m=[32m"text-sm ml-2"[39m
                  [36m>[39m
                    [0mΓÜá∩╕Å[0m
                  [36m</span>[39m
                [36m</p>[39m
              [36m</div>[39m
            [36m</div>[39m
            [36m<div[39m
              [33mclass[39m=[32m"bg-white border border-gray-300 rounded-lg p-4 mb-6"[39m
            [36m>[39m
              [36m<div[39m
                [33mclass[39m=[32m"grid grid-cols-1 md:grid-cols-4 gap-4"[39m
              [36m>[39m
                [36m<div>[39m
                  [36m<label[39m
                    [33mclass[39m=[32m"block text-sm font-medium text-black mb-1"[39m
                  [36m>[39m
                    [0mSearch[0m
                  [36m</label>[39m
                  [36m<input[39m
                    [33mclass[39m=[32m"w-full p-2 border border-gray-300 rounded text-black bg-white"[39m
                    [33mplaceholder[39m=[32m"Search by name..."[39m
                    [33mtype[39m=[32m"text"[39m
                    [33mvalue[39m=[32m""[39m
                  [36m/>[39m
                [36m</div>[39m
                [36m<div>[39m
                  [36m<label[39m
                    [33mclass[39m=[32m"block text-sm font-medium text-black mb-1"[39m
                  [36m>[39m
                    [0mCategory[0m
                  [36m</label>[39m
                  [36m<select[39m
                    [33mclass[39m=[32m"w-full p-2 border border-gray-300 rounded text-black bg-white"[39m
                  [36m>[39m
                    [36m<option[39m
                      [33mvalue[39m=[32m""[39m
                    [36m>[39m
                      [0mAll Categories[0m
                    [36m</option>[39m
                    [36m<option[39m
                      [33mvalue[39m=[32m"Electrical"[39m
                    [36m>[39m
                      [0mElectrical[0m
                    [36m</option>[39m
                    [36m<option[39m
                      [33mvalue[39m=[32m"Plumbing"[39m
                    [36m>[39m
                      [0mPlumbing[0m
                    [36m</option>[39m
                    [36m<option[39m
                      [33mvalue[39m=[32m"Lumber"[39m
                    [36m>[39m
                      [0mLumber[0m
                    [36m</option>[39m
                    [36m<option[39m
                      [33mvalue[39m=[32m"Hardware"[39m
                    [36m>[39m
                      [0mHardware[0m
                    [36m</option>[39m
                    [36m<option[39m
                      [33mvalue[39m=[32m"HVAC"[39m
                    [36m>[39m
                      [0mHVAC[0m
                    [36m</option>[39m
                    [36m<option[39m
                      [33mvalue[39m=[32m"Roofing"[39m
                    [36m>[39m
                      [0mRoofing[0m
                    [36m</option>[39m
                    [36m<option[39m
                      [33mvalue[39m=[32m"Flooring"[39m
                    [36m>[39m
                      [0mFlooring[0m
                    [36m</option>[39m
                    [36m<option[39m
                      [33mvalue[39m=[32m"Paint"[39m
                    [36m>[39m
                      [0mPaint[0m
                    [36m</option>[39m
                  [36m</select>[39m
                [36m</div>[39m
                [36m<div[39m
                  [33mclass[39m=[32m"flex items-end"[39m
                [36m>[39m
                  [36m<label[39m
                    [33mclass[39m=[32m"flex items-center cursor-pointer"[39m
                  [36m>[39m
                    [36m<input[39m
                      [33mclass[39m=[32m"mr-2 h-4 w-4"[39m
                      [33mtype[39m=[32m"checkbox"[39m
                    [36m/>[39m
                    [36m<span[39m
                      [33mclass[39m=[32m"text-sm font-medium text-black"[39m
                    [36m>[39m
                      [0mΓ¡É Favorites Only[0m
                    [36m</span>[39m
                  [36m</label>[39m
                [36m</div>[39m
                [36m<div[39m
                  [33mclass[39m=[32m"flex items-end"[39m
                [36m>[39m
                  [36m<button[39m
                    [33mclass[39m=[32m"text-blue-600 hover:text-blue-800 text-sm font-medium"[39m
                  [36m>[39m
                    [0mClear Filters[0m
                  [36m</button>[39m
                [36m</div>[39m
              [36m</div>[39m
            [36m</div>[39m
            [36m<div[39m
              [33mclass[39m=[32m"bg-white border border-gray-300 rounded-lg shadow-sm overflow-hidden"[39m
            [36m>[39m
              [36m<div[39m
                [33mclass[39m=[32m"overflow-x-auto"[39m
              [36m>[39m
                [36m<table[39m
                  [33mclass[39m=[32m"w-full border-collapse min-w-[800px]"[39m
                [36m>[39m
                  [36m<thead>[39m
                    [36m<tr[39m
                      [33mclass[39m=[32m"border-b border-gray-200 bg-gray-50"[39m
                    [36m>[39m
                      [36m<th[39m
                        [33mclass[39m=[32m"text-left p-4 text-black font-semibold"[39m
                      [36m>[39m
                        [0mΓ¡É[0m
                      [36m</th>[39m
                      [36m<th[39m
                        [33mclass[39m=[32m"text-left p-4 text-black font-semibold"[39m
                      [36m>[39m
                        [0mName[0m
                      [36m</th>[39m
                      [36m<th[39m
                        [33mclass[39m=[32m"text-left p-4 text-black font-semibold"[39m
                      [36m>[39m
                        [0mContact[0m
                      [36m</th>[39m
                      [36m<th[39m
                        [33mclass[39m=[32m"text-left p-4 text-black font-semibold"[39m
                      [36m>[39m
                        [0mCategories[0m
                      [36m</th>[39m
                      [36m<th[39m
                        [33mclass[39m=[32m"text-left p-4 text-black font-semibold"[39m
                      [36m>[39m
                        [0mLead Time[0m
                      [36m</th>[39m
                      [36m<th[39m
                        [33mclass[39m=[32m"text-left p-4 text-black font-semibold"[39m
                      [36m>[39m
                        [0mMin Order[0m
                      [36m</th>[39m
                      [36m<th[39m
                        [33mclass[39m=[32m"text-left p-4 text-black font-semibold"[39m
                      [36m>[39m
                        [0mLast Order[0m
                      [36m</th>[39m
                      [36m<th[39m
                        [33mclass[39m=[32m"text-left p-4 text-black font-semibold"[39m
                      [36m>[39m
                        [0mTotal Spent[0m
                      [36m</th>[39m
                      [36m<th[39m
                        [33mclass[39m=[32m"text-left p-4 text-black font-semibold"[39m
                      [36m>[39m
                        [0mActions[0m
                      [36m</th>[39m
                    [36m</tr>[39m
                  [36m</thead>[39m
                  [36m<tbody>[39m
                    [36m<tr[39m
                      [33mclass[39m=[32m"border-b border-gray-100 hover:bg-gray-50"[39m
                    [36m>[39m
                      [36m<td[39m
                        [33mclass[39m=[32m"p-4"[39m
                      [36m>[39m
                        [36m<button[39m
                          [33mclass[39m=[32m"text-2xl hover:scale-110 transition-transform"[39m
                        [36m>[39m
                          [0mΓ¡É[0m
                        [36m</button>[39m
                      [36m</td>[39m
                      [36m<td[39m
                        [33mclass[39m=[32m"p-4"[39m
                      [36m>[39m
                        [36m<button[39m
                          [33mclass[39m=[32m"text-blue-600 hover:text-blue-800 font-semibold"[39m
                        [36m>[39m
                          [0mHome Depot[0m
                        [36m</button>[39m
                      [36m</td>[39m
                      [36m<td[39m
                        [33mclass[39m=[32m"p-4 text-black text-sm"[39m
                      [36m>[39m
                        [36m<div>[39m
                          [0mJohn Smith[0m
                        [36m</div>[39m
                        [36m<a[39m
                          [33mclass[39m=[32m"text-blue-600 hover:underline block"[39m
                          [33mhref[39m=[32m"tel:555-1234"[39m
                        [36m>[39m
                          [0m≡ƒô₧ [0m
                          [0m555-1234[0m
                        [36m</a>[39m
                        [36m<a[39m
                          [33mclass[39m=[32m"text-blue-600 hover:underline block"[39m
                          [33mhref[39m=[32m"mailto:john@homedepot.com"[39m
                        [36m>[39m
                          [0mΓ£ë∩╕Å [0m
                          [0mjohn@homedepot.com[0m
                        [36m</a>[39m
                      [36m</td>[39m
                      [36m<td[39m
                        [33mclass[39m=[32m"p-4"[39m
                      [36m>[39m
                        [36m<div[39m
                          [33mclass[39m=[32m"flex flex-wrap gap-1"[39m
                        [36m>[39m
                          [36m<span[39m
                            [33mclass[39m=[32m"bg-blue-100 text-blue-800 text-xs px-2 py-1 rounded"[39m
                          [36m>[39m
                            [0mLumber[0m
                          [36m</span>[39m
                          [36m<span[39m
                            [33mclass[39m=[32m"bg-blue-100 text-blue-800 text-xs px-2 py-1 rounded"[39m
                          [36m>[39m
                            [0mHardware[0m
                          [36m</span>[39m
                        [36m</div>[39m
                      [36m</td>[39m
                      [36m<td[39m
                        [33mclass[39m=[32m"p-4 text-black"[39m
                      [36m>[39m
                        [0m3[0m
                        [0m days[0m
                      [36m</td>[39m
                      [36m<td[39m
                        [33mclass[39m=[32m"p-4 text-black"[39m
                      [36m>[39m
                        [0m$100[0m
                      [36m</td>[39m
                      [36m<td[39m
                        [33mclass[39m=[32m"p-4 text-gray-600 text-sm"[39m
                      [36m>[39m
                        [0mOct 31, 2024[0m
                      [36m</td>[39m
                      [36m<td[39m
                        [33mclass[39m=[32m"p-4 text-black font-semibold"[39m
                      [36m>[39m
                        [0m$[0m
                        [0m5,432.10[0m
                      [36m</td>[39m
                      [36m<td[39m
                        [33mclass[39m=[32m"p-4"[39m
                      [36m>[39m
                        [36m<button[39m
                          [33mclass[39m=[32m"text-blue-600 hover:text-blue-800 text-sm"[39m
                        [36m>[39m
                          [0mView Details ΓåÆ[0m
                        [36m</button>[39m
                      [36m</td>[39m
                    [36m</tr>[39m
                    [36m<tr[39m
                      [33mclass[39m=[32m"border-b border-gray-100 hover:bg-gray-50"[39m
                    [36m>[39m
                      [36m<td[39m
                        [33mclass[39m=[32m"p-4"[39m
                      [36m>[39m
                        [36m<button[39m
                          [33mclass[39m=[32m"text-2xl hover:scale-110 transition-transform"[39m
                        [36m>[39m
                          [0mΓÿå[0m
                        [36m</button>[39m
                      [36m</td>[39m
                      [36m<td[39m
                        [33mclass[39m=[32m"p-4"[39m
                      [36m>[39m
                        [36m<button[39m
                          [33mclass[39m=[32m"text-blue-600 hover:text-blue-800 font-semibold"[39m
                        [36m>[39m
                          [0mLowe's[0m
                        [36m</button>[39m
                      [36m</td>[39m
                      [36m<td[39m
                        [33mclass[39m=[32m"p-4 text-black text-sm"[39m
                      [36m>[39m
                        [36m<div>[39m
                          [0mJane Doe[0m
                        [36m</div>[39m
                        [36m<a[39m
                          [33mclass[39m=[32m"text-blue-600 hover:underline block"[39m
                          [33mhref[39m=[32m"tel:555-5678"[39m
                        [36m>[39m
                          [0m≡ƒô₧ [0m
                          [0m555-5678[0m
                        [36m</a>[39m
                        [36m<a[39m
                          [33mclass[39m=[32m"text-blue-600 hover:underline block"[39m
                          [33mhref[39m=[32m"mailto:jane@lowes.com"[39m
                        [36m>[39m
                          [0mΓ£ë∩╕Å [0m
                          [0mjane@lowes.com[0m
                        [36m</a>[39m
                      [36m</td>[39m
                      [36m<td[39m
                        [33mclass[39m=[32m"p-4"[39m
                      [36m>[39m
                        [36m<div[39m
                          [33mclass[39m=[32m"flex flex-wrap gap-1"[39m
                        [36m>[39m
                          [36m<span[39m
                            [33mclass[39m=[32m"bg-blue-100 text-blue-800 text-xs px-2 py-1 rounded"[39m
                          [36m>[39m
                            [0mPaint[0m
                          [36m</span>[39m
                          [36m<span[39m
                            [33mclass[39m=[32m"bg-blue-100 text-blue-800 text-xs px-2 py-1 rounded"[39m
                          [36m>[39m
                            [0mFlooring[0m
                          [36m</span>[39m
                        [36m</div>[39m
                      [36m</td>[39m
                      [36m<td[39m
                        [33mclass[39m=[32m"p-4 text-black"[39m
                      [36m>[39m
                        [0m5[0m
                        [0m days[0m
                      [36m</td>[39m
                      [36m<td[39m
                        [33mclass[39m=[32m"p-4 text-black"[39m
                      [36m>[39m
                        [0m$50[0m
                      [36m</td>[39m
                      [36m<td[39m
                        [33mclass[39m=[32m"p-4 text-gray-600 text-sm"[39m
                      [36m>[39m
                        [0mNever[0m
                      [36m</td>[39m
                      [36m<td[39m
                        [33mclass[39m=[32m"p-4 text-black font-semibold"[39m
                      [36m>[39m
                        [0m$[0m
                        [0m2,345.67[0m
                      [36m</td>[39m
                      [36m<td[39m
                        [33mclass[39m=[32m"p-4"[39m
                      [36m>[39m
                        [36m<button[39m
                          [33mclass[39m=[32m"text-blue-600 hover:text-blue-800 text-sm"[39m
                        [36m>[39m
                          [0mView Details ΓåÆ[0m
                        [36m</button>[39m
                      [36m</td>[39m
                    [36m</tr>[39m
                  [36m</tbody>[39m
                [36m</table>[39m
              [36m</div>[39m
            [36m</div>[39m
            [36m<div[39m
              [33mclass[39m=[32m"fixed right-0 top-0 h-full bg-white border-l-2 border-gray-300 shadow-xl transition-all duration-300 z-40 
          w-96 max-w-full 
          lg:block false"[39m
            [36m>[39m
              [36m<button[39m
                [33mclass[39m=[32m"absolute -left-10 top-4 bg-blue-500 text-white px-3 py-2 rounded-l hover:bg-blue-600 font-bold lg:flex hidden"[39m
              [36m>[39m
                [0mΓåÆ[0m
              [36m</button>[39m
              [36m<button[39m
                [33mclass[39m=[32m"lg:hidden fixed bottom-4 right-4 bg-blue-500 text-white w-14 h-14 rounded-full shadow-lg hover:bg-blue-600 flex items-center 
justify-center text-2xl z-50"[39m
              [36m>[39m
                [0m≡ƒ¢Æ[0m
              [36m</button>[39m
              [36m<div[39m
                [33mclass[39m=[32m"h-full flex flex-col"[39m
              [36m>[39m
                [36m<div[39m
                  [33mclass[39m=[32m"p-4 border-b border-gray-300 bg-blue-50"[39m
                [36m>[39m
                  [36m<h2[39m
                    [33mclass[39m=[32m"text-xl font-bold text-black"[39m
                  [36m>[39m
                    [0mQuick Reorder[0m
                  [36m</h2>[39m
                  [36m<p[39m
                    [33mclass[39m=[32m"text-sm text-gray-600"[39m
                  [36m>[39m
                    [0mAdd items and generate PO[0m
                  [36m</p>[39m
                [36m</div>[39m
                [36m<div[39m
                  [33mclass[39m=[32m"flex-1 overflow-y-auto"[39m
                [36m>[39m
                  [36m<div[39m
                    [33mclass[39m=[32m"p-4"[39m
                  [36m>[39m
                    [36m<h3[39m
                      [33mclass[39m=[32m"font-bold text-black mb-2"[39m
                    [36m>[39m
                      [0mFrequently Ordered[0m
                    [36m</h3>[39m
                    [36m<p[39m
                      [33mclass[39m=[32m"text-sm text-gray-600"[39m
                    [36m>[39m
                      [0mNo items yet. Set up inventory items to enable quick reordering.[0m
                    [36m</p>[39m
                  [36m</div>[39m
                [36m</div>[39m
                [36m<div[39m
                  [33mclass[39m=[32m"p-4 bg-gray-50 border-t border-gray-300 text-xs text-gray-600"[39m
                [36m>[39m
                  [0m≡ƒÆí Tip: Set par levels in inventory to see smart reorder suggestions[0m
                [36m</div>[39m
              [36m</div>[39m
            [36m</div>[39m
          [36m</div>[39m
        [36m</div>[39m
      [36m</body>[39m
    [36m</html>[39m

    [0m [90m 204 |[39m     
     [90m 205 |[39m     [36mawait[39m waitFor(() [33m=>[39m {
    [31m[1m>[22m[39m[90m 206 |[39m       expect(axios[33m.[39mput)[33m.[39mtoHaveBeenCalledWith(
     [90m     |[39m                         [31m[1m^[22m[39m
     [90m 207 |[39m         expect[33m.[39mstringContaining([32m'sup1/favorite'[39m)[33m,[39m
     [90m 208 |[39m         {}[33m,[39m
     [90m 209 |[39m         expect[33m.[39many([33mObject[39m)[0m

      at toHaveBeenCalledWith (src/components/__tests__/Suppliers.test.jsx:206:25)
      at runWithExpensiveErrorDiagnosticsDisabled (node_modules/@testing-library/dom/dist/config.js:47:12)
      at checkCallback (node_modules/@testing-library/dom/dist/wait-for.js:124:77)
      at checkRealTimersCallback (node_modules/@testing-library/dom/dist/wait-for.js:118:16)
      at Timeout.task [as _onTimeout] (node_modules/jsdom/lib/jsdom/browser/Window.js:579:19)

  ΓùÅ Suppliers Component - Phase 1 & Catalog Management (Phase 2D) ΓÇ║ should open supplier detail modal

    Unable to find an element with the text: Supplier Details. This could be because the text is broken up by multiple elements. In this case, you can provide a 
function for your text matcher to make your matcher more flexible.

    Ignored nodes: comments, script, style
    [36m<body>[39m
      [36m<div>[39m
        [36m<div[39m
          [33mclass[39m=[32m"p-4 md:p-6 text-black lg:pr-[400px]"[39m
        [36m>[39m
          [36m<div[39m
            [33mclass[39m=[32m"mb-6"[39m
          [36m>[39m
            [36m<div[39m
              [33mclass[39m=[32m"flex flex-col sm:flex-row justify-between items-start sm:items-center gap-3 mb-4"[39m
            [36m>[39m
              [36m<div[39m
                [33mclass[39m=[32m"flex gap-2 flex-wrap"[39m
              [36m>[39m
                [36m<a[39m
                  [33mclass[39m=[32m"bg-blue-500 text-white px-3 py-2 rounded hover:bg-blue-600 text-sm md:text-base"[39m
                  [33mdata-discover[39m=[32m"true"[39m
                  [33mhref[39m=[32m"/"[39m
                [36m>[39m
                  [0mDashboard[0m
                [36m</a>[39m
                [36m<a[39m
                  [33mclass[39m=[32m"bg-orange-500 text-white px-3 py-2 rounded hover:bg-orange-600 text-sm md:text-base"[39m
                  [33mdata-discover[39m=[32m"true"[39m
                  [33mhref[39m=[32m"/purchase-orders"[39m
                [36m>[39m
                  [0m≡ƒôï POs ([0m
                  [0m3[0m
                  [0m)[0m
                [36m</a>[39m
              [36m</div>[39m
              [36m<button[39m
                [33mclass[39m=[32m"bg-green-500 text-white px-4 py-2 rounded hover:bg-green-600 text-sm md:text-base w-full sm:w-auto"[39m
              [36m>[39m
                [0m+ Add Supplier[0m
              [36m</button>[39m
            [36m</div>[39m
            [36m<h1[39m
              [33mclass[39m=[32m"text-2xl md:text-3xl font-bold text-black"[39m
            [36m>[39m
              [0mSuppliers & Materials[0m
            [36m</h1>[39m
          [36m</div>[39m
          [36m<div[39m
            [33mclass[39m=[32m"grid grid-cols-1 md:grid-cols-4 gap-4 mb-6"[39m
          [36m>[39m
            [36m<div[39m
              [33mclass[39m=[32m"bg-white border border-gray-300 rounded-lg p-4"[39m
            [36m>[39m
              [36m<p[39m
                [33mclass[39m=[32m"text-gray-600 text-sm"[39m
              [36m>[39m
                [0mActive Suppliers[0m
              [36m</p>[39m
              [36m<p[39m
                [33mclass[39m=[32m"text-3xl font-bold text-black"[39m
              [36m>[39m
                [0m0[0m
              [36m</p>[39m
            [36m</div>[39m
            [36m<div[39m
              [33mclass[39m=[32m"bg-white border border-gray-300 rounded-lg p-4"[39m
            [36m>[39m
              [36m<p[39m
                [33mclass[39m=[32m"text-gray-600 text-sm"[39m
              [36m>[39m
                [0mOpen POs / Quotes[0m
              [36m</p>[39m
              [36m<p[39m
                [33mclass[39m=[32m"text-3xl font-bold text-blue-600"[39m
              [36m>[39m
                [0m3[0m
              [36m</p>[39m
            [36m</div>[39m
            [36m<div[39m
              [33mclass[39m=[32m"bg-white border border-gray-300 rounded-lg p-4"[39m
            [36m>[39m
              [36m<p[39m
                [33mclass[39m=[32m"text-gray-600 text-sm"[39m
              [36m>[39m
                [0mSpend This Month[0m
              [36m</p>[39m
              [36m<p[39m
                [33mclass[39m=[32m"text-3xl font-bold text-green-600"[39m
              [36m>[39m
                [0m$[0m
                [0m0.00[0m
              [36m</p>[39m
            [36m</div>[39m
            [36m<div[39m
              [33mclass[39m=[32m"bg-white border border-gray-300 rounded-lg p-4"[39m
            [36m>[39m
              [36m<p[39m
                [33mclass[39m=[32m"text-gray-600 text-sm"[39m
              [36m>[39m
                [0mLow Stock Items[0m
              [36m</p>[39m
              [36m<p[39m
                [33mclass[39m=[32m"text-3xl font-bold text-orange-600"[39m
              [36m>[39m
                [0m5[0m
                [36m<span[39m
                  [33mclass[39m=[32m"text-sm ml-2"[39m
                [36m>[39m
                  [0mΓÜá∩╕Å[0m
                [36m</span>[39m
              [36m</p>[39m
            [36m</div>[39m
          [36m</div>[39m
          [36m<div[39m
            [33mclass[39m=[32m"bg-white border border-gray-300 rounded-lg p-4 mb-6"[39m
          [36m>[39m
            [36m<div[39m
              [33mclass[39m=[32m"grid grid-cols-1 md:grid-cols-4 gap-4"[39m
            [36m>[39m
              [36m<div>[39m
                [36m<label[39m
                  [33mclass[39m=[32m"block text-sm font-medium text-black mb-1"[39m
                [36m>[39m
                  [0mSearch[0m
                [36m</label>[39m
                [36m<input[39m
                  [33mclass[39m=[32m"w-full p-2 border border-gray-300 rounded text-black bg-white"[39m
                  [33mplaceholder[39m=[32m"Search by name..."[39m
                  [33mtype[39m=[32m"text"[39m
                  [33mvalue[39m=[32m""[39m
                [36m/>[39m
              [36m</div>[39m
              [36m<div>[39m
                [36m<label[39m
                  [33mclass[39m=[32m"block text-sm font-medium text-black mb-1"[39m
                [36m>[39m
                  [0mCategory[0m
                [36m</label>[39m
                [36m<select[39m
                  [33mclass[39m=[32m"w-full p-2 border border-gray-300 rounded text-black bg-white"[39m
                [36m>[39m
                  [36m<option[39m
                    [33mvalue[39m=[32m""[39m
                  [36m>[39m
                    [0mAll Categories[0m
                  [36m</option>[39m
                  [36m<option[39m
                    [33mvalue[39m=[32m"Electrical"[39m
                  [36m>[39m
                    [0mElectrical[0m
                  [36m</option>[39m
                  [36m<option[39m
                    [33mvalue[39m=[32m"Plumbing"[39m
                  [36m>[39m
                    [0mPlumbing[0m
                  [36m</option>[39m
                  [36m<option[39m
                    [33mvalue[39m=[32m"Lumber"[39m
                  [36m>[39m
                    [0mLumber[0m
                  [36m</option>[39m
                  [36m<option[39m
                    [33mvalue[39m=[32m"Hardware"[39m
                  [36m>[39m
                    [0mHardware[0m
                  [36m</option>[39m
                  [36m<option[39m
                    [33mvalue[39m=[32m"HVAC"[39m
                  [36m>[39m
                    [0mHVAC[0m
                  [36m</option>[39m
                  [36m<option[39m
                    [33mvalue[39m=[32m"Roofing"[39m
                  [36m>[39m
                    [0mRoofing[0m
                  [36m</option>[39m
                  [36m<option[39m
                    [33mvalue[39m=[32m"Flooring"[39m
                  [36m>[39m
                    [0mFlooring[0m
                  [36m</option>[39m
                  [36m<option[39m
                    [33mvalue[39m=[32m"Paint"[39m
                  [36m>[39m
                    [0mPaint[0m
                  [36m</option>[39m
                [36m</select>[39m
              [36m</div>[39m
              [36m<div[39m
                [33mclass[39m=[32m"flex items-end"[39m
              [36m>[39m
                [36m<label[39m
                  [33mclass[39m=...

    [0m [90m 222 |[39m     })[33m;[39m
     [90m 223 |[39m     
    [31m[1m>[22m[39m[90m 224 |[39m     [36mawait[39m waitFor(() [33m=>[39m {
     [90m     |[39m                  [31m[1m^[22m[39m
     [90m 225 |[39m       expect(screen[33m.[39mgetByText([32m'Supplier Details'[39m))[33m.[39mtoBeInTheDocument()[33m;[39m
     [90m 226 |[39m       expect(screen[33m.[39mgetByText([32m'john@homedepot.com'[39m))[33m.[39mtoBeInTheDocument()[33m;[39m
     [90m 227 |[39m     })[33m;[39m[0m

      at waitForWrapper (node_modules/@testing-library/dom/dist/wait-for.js:163:27)
      at Object.<anonymous> (src/components/__tests__/Suppliers.test.jsx:224:18)

  ΓùÅ Suppliers Component - Phase 1 & Catalog Management (Phase 2D) ΓÇ║ should display supplier contact information

    Unable to find an element with the text: 555-1234. This could be because the text is broken up by multiple elements. In this case, you can provide a function for 
your text matcher to make your matcher more flexible.

    Ignored nodes: comments, script, style
    [36m<body>[39m
      [36m<div>[39m
        [36m<div[39m
          [33mclass[39m=[32m"p-4 md:p-6 text-black lg:pr-[400px]"[39m
        [36m>[39m
          [36m<div[39m
            [33mclass[39m=[32m"mb-6"[39m
          [36m>[39m
            [36m<div[39m
              [33mclass[39m=[32m"flex flex-col sm:flex-row justify-between items-start sm:items-center gap-3 mb-4"[39m
            [36m>[39m
              [36m<div[39m
                [33mclass[39m=[32m"flex gap-2 flex-wrap"[39m
              [36m>[39m
                [36m<a[39m
                  [33mclass[39m=[32m"bg-blue-500 text-white px-3 py-2 rounded hover:bg-blue-600 text-sm md:text-base"[39m
                  [33mdata-discover[39m=[32m"true"[39m
                  [33mhref[39m=[32m"/"[39m
                [36m>[39m
                  [0mDashboard[0m
                [36m</a>[39m
                [36m<a[39m
                  [33mclass[39m=[32m"bg-orange-500 text-white px-3 py-2 rounded hover:bg-orange-600 text-sm md:text-base"[39m
                  [33mdata-discover[39m=[32m"true"[39m
                  [33mhref[39m=[32m"/purchase-orders"[39m
                [36m>[39m
                  [0m≡ƒôï POs ([0m
                  [0m3[0m
                  [0m)[0m
                [36m</a>[39m
              [36m</div>[39m
              [36m<button[39m
                [33mclass[39m=[32m"bg-green-500 text-white px-4 py-2 rounded hover:bg-green-600 text-sm md:text-base w-full sm:w-auto"[39m
              [36m>[39m
                [0m+ Add Supplier[0m
              [36m</button>[39m
            [36m</div>[39m
            [36m<h1[39m
              [33mclass[39m=[32m"text-2xl md:text-3xl font-bold text-black"[39m
            [36m>[39m
              [0mSuppliers & Materials[0m
            [36m</h1>[39m
          [36m</div>[39m
          [36m<div[39m
            [33mclass[39m=[32m"grid grid-cols-1 md:grid-cols-4 gap-4 mb-6"[39m
          [36m>[39m
            [36m<div[39m
              [33mclass[39m=[32m"bg-white border border-gray-300 rounded-lg p-4"[39m
            [36m>[39m
              [36m<p[39m
                [33mclass[39m=[32m"text-gray-600 text-sm"[39m
              [36m>[39m
                [0mActive Suppliers[0m
              [36m</p>[39m
              [36m<p[39m
                [33mclass[39m=[32m"text-3xl font-bold text-black"[39m
              [36m>[39m
                [0m0[0m
              [36m</p>[39m
            [36m</div>[39m
            [36m<div[39m
              [33mclass[39m=[32m"bg-white border border-gray-300 rounded-lg p-4"[39m
            [36m>[39m
              [36m<p[39m
                [33mclass[39m=[32m"text-gray-600 text-sm"[39m
              [36m>[39m
                [0mOpen POs / Quotes[0m
              [36m</p>[39m
              [36m<p[39m
                [33mclass[39m=[32m"text-3xl font-bold text-blue-600"[39m
              [36m>[39m
                [0m3[0m
              [36m</p>[39m
            [36m</div>[39m
            [36m<div[39m
              [33mclass[39m=[32m"bg-white border border-gray-300 rounded-lg p-4"[39m
            [36m>[39m
              [36m<p[39m
                [33mclass[39m=[32m"text-gray-600 text-sm"[39m
              [36m>[39m
                [0mSpend This Month[0m
              [36m</p>[39m
              [36m<p[39m
                [33mclass[39m=[32m"text-3xl font-bold text-green-600"[39m
              [36m>[39m
                [0m$[0m
                [0m0.00[0m
              [36m</p>[39m
            [36m</div>[39m
            [36m<div[39m
              [33mclass[39m=[32m"bg-white border border-gray-300 rounded-lg p-4"[39m
            [36m>[39m
              [36m<p[39m
                [33mclass[39m=[32m"text-gray-600 text-sm"[39m
              [36m>[39m
                [0mLow Stock Items[0m
              [36m</p>[39m
              [36m<p[39m
                [33mclass[39m=[32m"text-3xl font-bold text-orange-600"[39m
              [36m>[39m
                [0m5[0m
                [36m<span[39m
                  [33mclass[39m=[32m"text-sm ml-2"[39m
                [36m>[39m
                  [0mΓÜá∩╕Å[0m
                [36m</span>[39m
              [36m</p>[39m
            [36m</div>[39m
          [36m</div>[39m
          [36m<div[39m
            [33mclass[39m=[32m"bg-white border border-gray-300 rounded-lg p-4 mb-6"[39m
          [36m>[39m
            [36m<div[39m
              [33mclass[39m=[32m"grid grid-cols-1 md:grid-cols-4 gap-4"[39m
            [36m>[39m
              [36m<div>[39m
                [36m<label[39m
                  [33mclass[39m=[32m"block text-sm font-medium text-black mb-1"[39m
                [36m>[39m
                  [0mSearch[0m
                [36m</label>[39m
                [36m<input[39m
                  [33mclass[39m=[32m"w-full p-2 border border-gray-300 rounded text-black bg-white"[39m
                  [33mplaceholder[39m=[32m"Search by name..."[39m
                  [33mtype[39m=[32m"text"[39m
                  [33mvalue[39m=[32m""[39m
                [36m/>[39m
              [36m</div>[39m
              [36m<div>[39m
                [36m<label[39m
                  [33mclass[39m=[32m"block text-sm font-medium text-black mb-1"[39m
                [36m>[39m
                  [0mCategory[0m
                [36m</label>[39m
                [36m<select[39m
                  [33mclass[39m=[32m"w-full p-2 border border-gray-300 rounded text-black bg-white"[39m
                [36m>[39m
                  [36m<option[39m
                    [33mvalue[39m=[32m""[39m
                  [36m>[39m
                    [0mAll Categories[0m
                  [36m</option>[39m
                  [36m<option[39m
                    [33mvalue[39m=[32m"Electrical"[39m
                  [36m>[39m
                    [0mElectrical[0m
                  [36m</option>[39m
                  [36m<option[39m
                    [33mvalue[39m=[32m"Plumbing"[39m
                  [36m>[39m
                    [0mPlumbing[0m
                  [36m</option>[39m
                  [36m<option[39m
                    [33mvalue[39m=[32m"Lumber"[39m
                  [36m>[39m
                    [0mLumber[0m
                  [36m</option>[39m
                  [36m<option[39m
                    [33mvalue[39m=[32m"Hardware"[39m
                  [36m>[39m
                    [0mHardware[0m
                  [36m</option>[39m
                  [36m<option[39m
                    [33mvalue[39m=[32m"HVAC"[39m
                  [36m>[39m
                    [0mHVAC[0m
                  [36m</option>[39m
                  [36m<option[39m
                    [33mvalue[39m=[32m"Roofing"[39m
                  [36m>[39m
                    [0mRoofing[0m
                  [36m</option>[39m
                  [36m<option[39m
                    [33mvalue[39m=[32m"Flooring"[39m
                  [36m>[39m
                    [0mFlooring[0m
                  [36m</option>[39m
                  [36m<option[39m
                    [33mvalue[39m=[32m"Paint"[39m
                  [36m>[39m
                    [0mPaint[0m
                  [36m</option>[39m
                [36m</select>[39m
              [36m</div>[39m
              [36m<div[39m
                [33mclass[39m=[32m"flex items-end"[39m
              [36m>[39m
                [36m<label[39m
                  [33mclass[39m=...

    [0m [90m 236 |[39m     })[33m;[39m
     [90m 237 |[39m     
    [31m[1m>[22m[39m[90m 238 |[39m     [36mawait[39m waitFor(() [33m=>[39m {
     [90m     |[39m                  [31m[1m^[22m[39m
     [90m 239 |[39m       expect(screen[33m.[39mgetByText([32m'John Smith'[39m))[33m.[39mtoBeInTheDocument()[33m;[39m
     [90m 240 |[39m       expect(screen[33m.[39mgetByText([32m'555-1234'[39m))[33m.[39mtoBeInTheDocument()[33m;[39m
     [90m 241 |[39m       expect(screen[33m.[39mgetByText([32m'john@homedepot.com'[39m))[33m.[39mtoBeInTheDocument()[33m;[39m[0m

      at waitForWrapper (node_modules/@testing-library/dom/dist/wait-for.js:163:27)
      at Object.<anonymous> (src/components/__tests__/Suppliers.test.jsx:238:18)

  ΓùÅ Suppliers Component - Phase 1 & Catalog Management (Phase 2D) ΓÇ║ should display supplier address

    Unable to find an element with the text: /123 Main St/i. This could be because the text is broken up by multiple elements. In this case, you can provide a function 
for your text matcher to make your matcher more flexible.

    Ignored nodes: comments, script, style
    [36m<body>[39m
      [36m<div>[39m
        [36m<div[39m
          [33mclass[39m=[32m"p-4 md:p-6 text-black lg:pr-[400px]"[39m
        [36m>[39m
          [36m<div[39m
            [33mclass[39m=[32m"mb-6"[39m
          [36m>[39m
            [36m<div[39m
              [33mclass[39m=[32m"flex flex-col sm:flex-row justify-between items-start sm:items-center gap-3 mb-4"[39m
            [36m>[39m
              [36m<div[39m
                [33mclass[39m=[32m"flex gap-2 flex-wrap"[39m
              [36m>[39m
                [36m<a[39m
                  [33mclass[39m=[32m"bg-blue-500 text-white px-3 py-2 rounded hover:bg-blue-600 text-sm md:text-base"[39m
                  [33mdata-discover[39m=[32m"true"[39m
                  [33mhref[39m=[32m"/"[39m
                [36m>[39m
                  [0mDashboard[0m
                [36m</a>[39m
                [36m<a[39m
                  [33mclass[39m=[32m"bg-orange-500 text-white px-3 py-2 rounded hover:bg-orange-600 text-sm md:text-base"[39m
                  [33mdata-discover[39m=[32m"true"[39m
                  [33mhref[39m=[32m"/purchase-orders"[39m
                [36m>[39m
                  [0m≡ƒôï POs ([0m
                  [0m3[0m
                  [0m)[0m
                [36m</a>[39m
              [36m</div>[39m
              [36m<button[39m
                [33mclass[39m=[32m"bg-green-500 text-white px-4 py-2 rounded hover:bg-green-600 text-sm md:text-base w-full sm:w-auto"[39m
              [36m>[39m
                [0m+ Add Supplier[0m
              [36m</button>[39m
            [36m</div>[39m
            [36m<h1[39m
              [33mclass[39m=[32m"text-2xl md:text-3xl font-bold text-black"[39m
            [36m>[39m
              [0mSuppliers & Materials[0m
            [36m</h1>[39m
          [36m</div>[39m
          [36m<div[39m
            [33mclass[39m=[32m"grid grid-cols-1 md:grid-cols-4 gap-4 mb-6"[39m
          [36m>[39m
            [36m<div[39m
              [33mclass[39m=[32m"bg-white border border-gray-300 rounded-lg p-4"[39m
            [36m>[39m
              [36m<p[39m
                [33mclass[39m=[32m"text-gray-600 text-sm"[39m
              [36m>[39m
                [0mActive Suppliers[0m
              [36m</p>[39m
              [36m<p[39m
                [33mclass[39m=[32m"text-3xl font-bold text-black"[39m
              [36m>[39m
                [0m0[0m
              [36m</p>[39m
            [36m</div>[39m
            [36m<div[39m
              [33mclass[39m=[32m"bg-white border border-gray-300 rounded-lg p-4"[39m
            [36m>[39m
              [36m<p[39m
                [33mclass[39m=[32m"text-gray-600 text-sm"[39m
              [36m>[39m
                [0mOpen POs / Quotes[0m
              [36m</p>[39m
              [36m<p[39m
                [33mclass[39m=[32m"text-3xl font-bold text-blue-600"[39m
              [36m>[39m
                [0m3[0m
              [36m</p>[39m
            [36m</div>[39m
            [36m<div[39m
              [33mclass[39m=[32m"bg-white border border-gray-300 rounded-lg p-4"[39m
            [36m>[39m
              [36m<p[39m
                [33mclass[39m=[32m"text-gray-600 text-sm"[39m
              [36m>[39m
                [0mSpend This Month[0m
              [36m</p>[39m
              [36m<p[39m
                [33mclass[39m=[32m"text-3xl font-bold text-green-600"[39m
              [36m>[39m
                [0m$[0m
                [0m0.00[0m
              [36m</p>[39m
            [36m</div>[39m
            [36m<div[39m
              [33mclass[39m=[32m"bg-white border border-gray-300 rounded-lg p-4"[39m
            [36m>[39m
              [36m<p[39m
                [33mclass[39m=[32m"text-gray-600 text-sm"[39m
              [36m>[39m
                [0mLow Stock Items[0m
              [36m</p>[39m
              [36m<p[39m
                [33mclass[39m=[32m"text-3xl font-bold text-orange-600"[39m
              [36m>[39m
                [0m5[0m
                [36m<span[39m
                  [33mclass[39m=[32m"text-sm ml-2"[39m
                [36m>[39m
                  [0mΓÜá∩╕Å[0m
                [36m</span>[39m
              [36m</p>[39m
            [36m</div>[39m
          [36m</div>[39m
          [36m<div[39m
            [33mclass[39m=[32m"bg-white border border-gray-300 rounded-lg p-4 mb-6"[39m
          [36m>[39m
            [36m<div[39m
              [33mclass[39m=[32m"grid grid-cols-1 md:grid-cols-4 gap-4"[39m
            [36m>[39m
              [36m<div>[39m
                [36m<label[39m
                  [33mclass[39m=[32m"block text-sm font-medium text-black mb-1"[39m
                [36m>[39m
                  [0mSearch[0m
                [36m</label>[39m
                [36m<input[39m
                  [33mclass[39m=[32m"w-full p-2 border border-gray-300 rounded text-black bg-white"[39m
                  [33mplaceholder[39m=[32m"Search by name..."[39m
                  [33mtype[39m=[32m"text"[39m
                  [33mvalue[39m=[32m""[39m
                [36m/>[39m
              [36m</div>[39m
              [36m<div>[39m
                [36m<label[39m
                  [33mclass[39m=[32m"block text-sm font-medium text-black mb-1"[39m
                [36m>[39m
                  [0mCategory[0m
                [36m</label>[39m
                [36m<select[39m
                  [33mclass[39m=[32m"w-full p-2 border border-gray-300 rounded text-black bg-white"[39m
                [36m>[39m
                  [36m<option[39m
                    [33mvalue[39m=[32m""[39m
                  [36m>[39m
                    [0mAll Categories[0m
                  [36m</option>[39m
                  [36m<option[39m
                    [33mvalue[39m=[32m"Electrical"[39m
                  [36m>[39m
                    [0mElectrical[0m
                  [36m</option>[39m
                  [36m<option[39m
                    [33mvalue[39m=[32m"Plumbing"[39m
                  [36m>[39m
                    [0mPlumbing[0m
                  [36m</option>[39m
                  [36m<option[39m
                    [33mvalue[39m=[32m"Lumber"[39m
                  [36m>[39m
                    [0mLumber[0m
                  [36m</option>[39m
                  [36m<option[39m
                    [33mvalue[39m=[32m"Hardware"[39m
                  [36m>[39m
                    [0mHardware[0m
                  [36m</option>[39m
                  [36m<option[39m
                    [33mvalue[39m=[32m"HVAC"[39m
                  [36m>[39m
                    [0mHVAC[0m
                  [36m</option>[39m
                  [36m<option[39m
                    [33mvalue[39m=[32m"Roofing"[39m
                  [36m>[39m
                    [0mRoofing[0m
                  [36m</option>[39m
                  [36m<option[39m
                    [33mvalue[39m=[32m"Flooring"[39m
                  [36m>[39m
                    [0mFlooring[0m
                  [36m</option>[39m
                  [36m<option[39m
                    [33mvalue[39m=[32m"Paint"[39m
                  [36m>[39m
                    [0mPaint[0m
                  [36m</option>[39m
                [36m</select>[39m
              [36m</div>[39m
              [36m<div[39m
                [33mclass[39m=[32m"flex items-end"[39m
              [36m>[39m
                [36m<label[39m
                  [33mclass[39m=...

    [0m [90m 251 |[39m     })[33m;[39m
     [90m 252 |[39m     
    [31m[1m>[22m[39m[90m 253 |[39m     [36mawait[39m waitFor(() [33m=>[39m {
     [90m     |[39m                  [31m[1m^[22m[39m
     [90m 254 |[39m       expect(screen[33m.[39mgetByText([35m/123 Main St/i[39m))[33m.[39mtoBeInTheDocument()[33m;[39m
     [90m 255 |[39m       expect(screen[33m.[39mgetByText([35m/Atlanta, GA 30301/i[39m))[33m.[39mtoBeInTheDocument()[33m;[39m
     [90m 256 |[39m     })[33m;[39m[0m

      at waitForWrapper (node_modules/@testing-library/dom/dist/wait-for.js:163:27)
      at Object.<anonymous> (src/components/__tests__/Suppliers.test.jsx:253:18)

  ΓùÅ Suppliers Component - Phase 1 & Catalog Management (Phase 2D) ΓÇ║ should display catalog items

    Unable to find an element with the text: 2x4 Lumber 8ft. This could be because the text is broken up by multiple elements. In this case, you can provide a function 
for your text matcher to make your matcher more flexible.

    Ignored nodes: comments, script, style
    [36m<body>[39m
      [36m<div>[39m
        [36m<div[39m
          [33mclass[39m=[32m"p-4 md:p-6 text-black lg:pr-[400px]"[39m
        [36m>[39m
          [36m<div[39m
            [33mclass[39m=[32m"mb-6"[39m
          [36m>[39m
            [36m<div[39m
              [33mclass[39m=[32m"flex flex-col sm:flex-row justify-between items-start sm:items-center gap-3 mb-4"[39m
            [36m>[39m
              [36m<div[39m
                [33mclass[39m=[32m"flex gap-2 flex-wrap"[39m
              [36m>[39m
                [36m<a[39m
                  [33mclass[39m=[32m"bg-blue-500 text-white px-3 py-2 rounded hover:bg-blue-600 text-sm md:text-base"[39m
                  [33mdata-discover[39m=[32m"true"[39m
                  [33mhref[39m=[32m"/"[39m
                [36m>[39m
                  [0mDashboard[0m
                [36m</a>[39m
                [36m<a[39m
                  [33mclass[39m=[32m"bg-orange-500 text-white px-3 py-2 rounded hover:bg-orange-600 text-sm md:text-base"[39m
                  [33mdata-discover[39m=[32m"true"[39m
                  [33mhref[39m=[32m"/purchase-orders"[39m
                [36m>[39m
                  [0m≡ƒôï POs ([0m
                  [0m3[0m
                  [0m)[0m
                [36m</a>[39m
              [36m</div>[39m
              [36m<button[39m
                [33mclass[39m=[32m"bg-green-500 text-white px-4 py-2 rounded hover:bg-green-600 text-sm md:text-base w-full sm:w-auto"[39m
              [36m>[39m
                [0m+ Add Supplier[0m
              [36m</button>[39m
            [36m</div>[39m
            [36m<h1[39m
              [33mclass[39m=[32m"text-2xl md:text-3xl font-bold text-black"[39m
            [36m>[39m
              [0mSuppliers & Materials[0m
            [36m</h1>[39m
          [36m</div>[39m
          [36m<div[39m
            [33mclass[39m=[32m"grid grid-cols-1 md:grid-cols-4 gap-4 mb-6"[39m
          [36m>[39m
            [36m<div[39m
              [33mclass[39m=[32m"bg-white border border-gray-300 rounded-lg p-4"[39m
            [36m>[39m
              [36m<p[39m
                [33mclass[39m=[32m"text-gray-600 text-sm"[39m
              [36m>[39m
                [0mActive Suppliers[0m
              [36m</p>[39m
              [36m<p[39m
                [33mclass[39m=[32m"text-3xl font-bold text-black"[39m
              [36m>[39m
                [0m0[0m
              [36m</p>[39m
            [36m</div>[39m
            [36m<div[39m
              [33mclass[39m=[32m"bg-white border border-gray-300 rounded-lg p-4"[39m
            [36m>[39m
              [36m<p[39m
                [33mclass[39m=[32m"text-gray-600 text-sm"[39m
              [36m>[39m
                [0mOpen POs / Quotes[0m
              [36m</p>[39m
              [36m<p[39m
                [33mclass[39m=[32m"text-3xl font-bold text-blue-600"[39m
              [36m>[39m
                [0m3[0m
              [36m</p>[39m
            [36m</div>[39m
            [36m<div[39m
              [33mclass[39m=[32m"bg-white border border-gray-300 rounded-lg p-4"[39m
            [36m>[39m
              [36m<p[39m
                [33mclass[39m=[32m"text-gray-600 text-sm"[39m
              [36m>[39m
                [0mSpend This Month[0m
              [36m</p>[39m
              [36m<p[39m
                [33mclass[39m=[32m"text-3xl font-bold text-green-600"[39m
              [36m>[39m
                [0m$[0m
                [0m0.00[0m
              [36m</p>[39m
            [36m</div>[39m
            [36m<div[39m
              [33mclass[39m=[32m"bg-white border border-gray-300 rounded-lg p-4"[39m
            [36m>[39m
              [36m<p[39m
                [33mclass[39m=[32m"text-gray-600 text-sm"[39m
              [36m>[39m
                [0mLow Stock Items[0m
              [36m</p>[39m
              [36m<p[39m
                [33mclass[39m=[32m"text-3xl font-bold text-orange-600"[39m
              [36m>[39m
                [0m5[0m
                [36m<span[39m
                  [33mclass[39m=[32m"text-sm ml-2"[39m
                [36m>[39m
                  [0mΓÜá∩╕Å[0m
                [36m</span>[39m
              [36m</p>[39m
            [36m</div>[39m
          [36m</div>[39m
          [36m<div[39m
            [33mclass[39m=[32m"bg-white border border-gray-300 rounded-lg p-4 mb-6"[39m
          [36m>[39m
            [36m<div[39m
              [33mclass[39m=[32m"grid grid-cols-1 md:grid-cols-4 gap-4"[39m
            [36m>[39m
              [36m<div>[39m
                [36m<label[39m
                  [33mclass[39m=[32m"block text-sm font-medium text-black mb-1"[39m
                [36m>[39m
                  [0mSearch[0m
                [36m</label>[39m
                [36m<input[39m
                  [33mclass[39m=[32m"w-full p-2 border border-gray-300 rounded text-black bg-white"[39m
                  [33mplaceholder[39m=[32m"Search by name..."[39m
                  [33mtype[39m=[32m"text"[39m
                  [33mvalue[39m=[32m""[39m
                [36m/>[39m
              [36m</div>[39m
              [36m<div>[39m
                [36m<label[39m
                  [33mclass[39m=[32m"block text-sm font-medium text-black mb-1"[39m
                [36m>[39m
                  [0mCategory[0m
                [36m</label>[39m
                [36m<select[39m
                  [33mclass[39m=[32m"w-full p-2 border border-gray-300 rounded text-black bg-white"[39m
                [36m>[39m
                  [36m<option[39m
                    [33mvalue[39m=[32m""[39m
                  [36m>[39m
                    [0mAll Categories[0m
                  [36m</option>[39m
                  [36m<option[39m
                    [33mvalue[39m=[32m"Electrical"[39m
                  [36m>[39m
                    [0mElectrical[0m
                  [36m</option>[39m
                  [36m<option[39m
                    [33mvalue[39m=[32m"Plumbing"[39m
                  [36m>[39m
                    [0mPlumbing[0m
                  [36m</option>[39m
                  [36m<option[39m
                    [33mvalue[39m=[32m"Lumber"[39m
                  [36m>[39m
                    [0mLumber[0m
                  [36m</option>[39m
                  [36m<option[39m
                    [33mvalue[39m=[32m"Hardware"[39m
                  [36m>[39m
                    [0mHardware[0m
                  [36m</option>[39m
                  [36m<option[39m
                    [33mvalue[39m=[32m"HVAC"[39m
                  [36m>[39m
                    [0mHVAC[0m
                  [36m</option>[39m
                  [36m<option[39m
                    [33mvalue[39m=[32m"Roofing"[39m
                  [36m>[39m
                    [0mRoofing[0m
                  [36m</option>[39m
                  [36m<option[39m
                    [33mvalue[39m=[32m"Flooring"[39m
                  [36m>[39m
                    [0mFlooring[0m
                  [36m</option>[39m
                  [36m<option[39m
                    [33mvalue[39m=[32m"Paint"[39m
                  [36m>[39m
                    [0mPaint[0m
                  [36m</option>[39m
                [36m</select>[39m
              [36m</div>[39m
              [36m<div[39m
                [33mclass[39m=[32m"flex items-end"[39m
              [36m>[39m
                [36m<label[39m
                  [33mclass[39m=...

    [0m [90m 273 |[39m     })[33m;[39m
     [90m 274 |[39m     
    [31m[1m>[22m[39m[90m 275 |[39m     [36mawait[39m waitFor(() [33m=>[39m {
     [90m     |[39m                  [31m[1m^[22m[39m
     [90m 276 |[39m       expect(screen[33m.[39mgetByText([32m'2x4 Lumber 8ft'[39m))[33m.[39mtoBeInTheDocument()[33m;[39m
     [90m 277 |[39m       expect(screen[33m.[39mgetByText([32m'Drywall Screws'[39m))[33m.[39mtoBeInTheDocument()[33m;[39m
     [90m 278 |[39m     })[33m;[39m[0m

      at waitForWrapper (node_modules/@testing-library/dom/dist/wait-for.js:163:27)
      at Object.<anonymous> (src/components/__tests__/Suppliers.test.jsx:275:18)

  ΓùÅ Suppliers Component - Phase 1 & Catalog Management (Phase 2D) ΓÇ║ should search catalog items

    Unable to find an element with the placeholder text of: /Search catalog/i

    Ignored nodes: comments, script, style
    [36m<body>[39m
      [36m<div>[39m
        [36m<div[39m
          [33mclass[39m=[32m"p-4 md:p-6 text-black lg:pr-[400px]"[39m
        [36m>[39m
          [36m<div[39m
            [33mclass[39m=[32m"mb-6"[39m
          [36m>[39m
            [36m<div[39m
              [33mclass[39m=[32m"flex flex-col sm:flex-row justify-between items-start sm:items-center gap-3 mb-4"[39m
            [36m>[39m
              [36m<div[39m
                [33mclass[39m=[32m"flex gap-2 flex-wrap"[39m
              [36m>[39m
                [36m<a[39m
                  [33mclass[39m=[32m"bg-blue-500 text-white px-3 py-2 rounded hover:bg-blue-600 text-sm md:text-base"[39m
                  [33mdata-discover[39m=[32m"true"[39m
                  [33mhref[39m=[32m"/"[39m
                [36m>[39m
                  [0mDashboard[0m
                [36m</a>[39m
                [36m<a[39m
                  [33mclass[39m=[32m"bg-orange-500 text-white px-3 py-2 rounded hover:bg-orange-600 text-sm md:text-base"[39m
                  [33mdata-discover[39m=[32m"true"[39m
                  [33mhref[39m=[32m"/purchase-orders"[39m
                [36m>[39m
                  [0m≡ƒôï POs ([0m
                  [0m3[0m
                  [0m)[0m
                [36m</a>[39m
              [36m</div>[39m
              [36m<button[39m
                [33mclass[39m=[32m"bg-green-500 text-white px-4 py-2 rounded hover:bg-green-600 text-sm md:text-base w-full sm:w-auto"[39m
              [36m>[39m
                [0m+ Add Supplier[0m
              [36m</button>[39m
            [36m</div>[39m
            [36m<h1[39m
              [33mclass[39m=[32m"text-2xl md:text-3xl font-bold text-black"[39m
            [36m>[39m
              [0mSuppliers & Materials[0m
            [36m</h1>[39m
          [36m</div>[39m
          [36m<div[39m
            [33mclass[39m=[32m"grid grid-cols-1 md:grid-cols-4 gap-4 mb-6"[39m
          [36m>[39m
            [36m<div[39m
              [33mclass[39m=[32m"bg-white border border-gray-300 rounded-lg p-4"[39m
            [36m>[39m
              [36m<p[39m
                [33mclass[39m=[32m"text-gray-600 text-sm"[39m
              [36m>[39m
                [0mActive Suppliers[0m
              [36m</p>[39m
              [36m<p[39m
                [33mclass[39m=[32m"text-3xl font-bold text-black"[39m
              [36m>[39m
                [0m0[0m
              [36m</p>[39m
            [36m</div>[39m
            [36m<div[39m
              [33mclass[39m=[32m"bg-white border border-gray-300 rounded-lg p-4"[39m
            [36m>[39m
              [36m<p[39m
                [33mclass[39m=[32m"text-gray-600 text-sm"[39m
              [36m>[39m
                [0mOpen POs / Quotes[0m
              [36m</p>[39m
              [36m<p[39m
                [33mclass[39m=[32m"text-3xl font-bold text-blue-600"[39m
              [36m>[39m
                [0m3[0m
              [36m</p>[39m
            [36m</div>[39m
            [36m<div[39m
              [33mclass[39m=[32m"bg-white border border-gray-300 rounded-lg p-4"[39m
            [36m>[39m
              [36m<p[39m
                [33mclass[39m=[32m"text-gray-600 text-sm"[39m
              [36m>[39m
                [0mSpend This Month[0m
              [36m</p>[39m
              [36m<p[39m
                [33mclass[39m=[32m"text-3xl font-bold text-green-600"[39m
              [36m>[39m
                [0m$[0m
                [0m0.00[0m
              [36m</p>[39m
            [36m</div>[39m
            [36m<div[39m
              [33mclass[39m=[32m"bg-white border border-gray-300 rounded-lg p-4"[39m
            [36m>[39m
              [36m<p[39m
                [33mclass[39m=[32m"text-gray-600 text-sm"[39m
              [36m>[39m
                [0mLow Stock Items[0m
              [36m</p>[39m
              [36m<p[39m
                [33mclass[39m=[32m"text-3xl font-bold text-orange-600"[39m
              [36m>[39m
                [0m5[0m
                [36m<span[39m
                  [33mclass[39m=[32m"text-sm ml-2"[39m
                [36m>[39m
                  [0mΓÜá∩╕Å[0m
                [36m</span>[39m
              [36m</p>[39m
            [36m</div>[39m
          [36m</div>[39m
          [36m<div[39m
            [33mclass[39m=[32m"bg-white border border-gray-300 rounded-lg p-4 mb-6"[39m
          [36m>[39m
            [36m<div[39m
              [33mclass[39m=[32m"grid grid-cols-1 md:grid-cols-4 gap-4"[39m
            [36m>[39m
              [36m<div>[39m
                [36m<label[39m
                  [33mclass[39m=[32m"block text-sm font-medium text-black mb-1"[39m
                [36m>[39m
                  [0mSearch[0m
                [36m</label>[39m
                [36m<input[39m
                  [33mclass[39m=[32m"w-full p-2 border border-gray-300 rounded text-black bg-white"[39m
                  [33mplaceholder[39m=[32m"Search by name..."[39m
                  [33mtype[39m=[32m"text"[39m
                  [33mvalue[39m=[32m""[39m
                [36m/>[39m
              [36m</div>[39m
              [36m<div>[39m
                [36m<label[39m
                  [33mclass[39m=[32m"block text-sm font-medium text-black mb-1"[39m
                [36m>[39m
                  [0mCategory[0m
                [36m</label>[39m
                [36m<select[39m
                  [33mclass[39m=[32m"w-full p-2 border border-gray-300 rounded text-black bg-white"[39m
                [36m>[39m
                  [36m<option[39m
                    [33mvalue[39m=[32m""[39m
                  [36m>[39m
                    [0mAll Categories[0m
                  [36m</option>[39m
                  [36m<option[39m
                    [33mvalue[39m=[32m"Electrical"[39m
                  [36m>[39m
                    [0mElectrical[0m
                  [36m</option>[39m
                  [36m<option[39m
                    [33mvalue[39m=[32m"Plumbing"[39m
                  [36m>[39m
                    [0mPlumbing[0m
                  [36m</option>[39m
                  [36m<option[39m
                    [33mvalue[39m=[32m"Lumber"[39m
                  [36m>[39m
                    [0mLumber[0m
                  [36m</option>[39m
                  [36m<option[39m
                    [33mvalue[39m=[32m"Hardware"[39m
                  [36m>[39m
                    [0mHardware[0m
                  [36m</option>[39m
                  [36m<option[39m
                    [33mvalue[39m=[32m"HVAC"[39m
                  [36m>[39m
                    [0mHVAC[0m
                  [36m</option>[39m
                  [36m<option[39m
                    [33mvalue[39m=[32m"Roofing"[39m
                  [36m>[39m
                    [0mRoofing[0m
                  [36m</option>[39m
                  [36m<option[39m
                    [33mvalue[39m=[32m"Flooring"[39m
                  [36m>[39m
                    [0mFlooring[0m
                  [36m</option>[39m
                  [36m<option[39m
                    [33mvalue[39m=[32m"Paint"[39m
                  [36m>[39m
                    [0mPaint[0m
                  [36m</option>[39m
                [36m</select>[39m
              [36m</div>[39m
              [36m<div[39m
                [33mclass[39m=[32m"flex items-end"[39m
              [36m>[39m
                [36m<label[39m
                  [33mclass[39m=...

    [0m [90m 295 |[39m     
     [90m 296 |[39m     [90m// Search catalog[39m
    [31m[1m>[22m[39m[90m 297 |[39m     [36mawait[39m waitFor(() [33m=>[39m {
     [90m     |[39m                  [31m[1m^[22m[39m
     [90m 298 |[39m       [36mconst[39m catalogSearch [33m=[39m screen[33m.[39mgetByPlaceholderText([35m/Search catalog/i[39m)[33m;[39m
     [90m 299 |[39m       fireEvent[33m.[39mchange(catalogSearch[33m,[39m { target[33m:[39m { value[33m:[39m [32m'Lumber'[39m } })[33m;[39m
     [90m 300 |[39m     })[33m;[39m[0m

      at waitForWrapper (node_modules/@testing-library/dom/dist/wait-for.js:163:27)
      at Object.<anonymous> (src/components/__tests__/Suppliers.test.jsx:297:18)

  ΓùÅ Suppliers Component - Phase 1 & Catalog Management (Phase 2D) ΓÇ║ should add new catalog item

    Unable to find an element with the text: /Γ₧ò Add Item/i. This could be because the text is broken up by multiple elements. In this case, you can provide a 
function for your text matcher to make your matcher more flexible.

    Ignored nodes: comments, script, style
    [36m<body>[39m
      [36m<div>[39m
        [36m<div[39m
          [33mclass[39m=[32m"p-4 md:p-6 text-black lg:pr-[400px]"[39m
        [36m>[39m
          [36m<div[39m
            [33mclass[39m=[32m"mb-6"[39m
          [36m>[39m
            [36m<div[39m
              [33mclass[39m=[32m"flex flex-col sm:flex-row justify-between items-start sm:items-center gap-3 mb-4"[39m
            [36m>[39m
              [36m<div[39m
                [33mclass[39m=[32m"flex gap-2 flex-wrap"[39m
              [36m>[39m
                [36m<a[39m
                  [33mclass[39m=[32m"bg-blue-500 text-white px-3 py-2 rounded hover:bg-blue-600 text-sm md:text-base"[39m
                  [33mdata-discover[39m=[32m"true"[39m
                  [33mhref[39m=[32m"/"[39m
                [36m>[39m
                  [0mDashboard[0m
                [36m</a>[39m
                [36m<a[39m
                  [33mclass[39m=[32m"bg-orange-500 text-white px-3 py-2 rounded hover:bg-orange-600 text-sm md:text-base"[39m
                  [33mdata-discover[39m=[32m"true"[39m
                  [33mhref[39m=[32m"/purchase-orders"[39m
                [36m>[39m
                  [0m≡ƒôï POs ([0m
                  [0m3[0m
                  [0m)[0m
                [36m</a>[39m
              [36m</div>[39m
              [36m<button[39m
                [33mclass[39m=[32m"bg-green-500 text-white px-4 py-2 rounded hover:bg-green-600 text-sm md:text-base w-full sm:w-auto"[39m
              [36m>[39m
                [0m+ Add Supplier[0m
              [36m</button>[39m
            [36m</div>[39m
            [36m<h1[39m
              [33mclass[39m=[32m"text-2xl md:text-3xl font-bold text-black"[39m
            [36m>[39m
              [0mSuppliers & Materials[0m
            [36m</h1>[39m
          [36m</div>[39m
          [36m<div[39m
            [33mclass[39m=[32m"grid grid-cols-1 md:grid-cols-4 gap-4 mb-6"[39m
          [36m>[39m
            [36m<div[39m
              [33mclass[39m=[32m"bg-white border border-gray-300 rounded-lg p-4"[39m
            [36m>[39m
              [36m<p[39m
                [33mclass[39m=[32m"text-gray-600 text-sm"[39m
              [36m>[39m
                [0mActive Suppliers[0m
              [36m</p>[39m
              [36m<p[39m
                [33mclass[39m=[32m"text-3xl font-bold text-black"[39m
              [36m>[39m
                [0m0[0m
              [36m</p>[39m
            [36m</div>[39m
            [36m<div[39m
              [33mclass[39m=[32m"bg-white border border-gray-300 rounded-lg p-4"[39m
            [36m>[39m
              [36m<p[39m
                [33mclass[39m=[32m"text-gray-600 text-sm"[39m
              [36m>[39m
                [0mOpen POs / Quotes[0m
              [36m</p>[39m
              [36m<p[39m
                [33mclass[39m=[32m"text-3xl font-bold text-blue-600"[39m
              [36m>[39m
                [0m3[0m
              [36m</p>[39m
            [36m</div>[39m
            [36m<div[39m
              [33mclass[39m=[32m"bg-white border border-gray-300 rounded-lg p-4"[39m
            [36m>[39m
              [36m<p[39m
                [33mclass[39m=[32m"text-gray-600 text-sm"[39m
              [36m>[39m
                [0mSpend This Month[0m
              [36m</p>[39m
              [36m<p[39m
                [33mclass[39m=[32m"text-3xl font-bold text-green-600"[39m
              [36m>[39m
                [0m$[0m
                [0m0.00[0m
              [36m</p>[39m
            [36m</div>[39m
            [36m<div[39m
              [33mclass[39m=[32m"bg-white border border-gray-300 rounded-lg p-4"[39m
            [36m>[39m
              [36m<p[39m
                [33mclass[39m=[32m"text-gray-600 text-sm"[39m
              [36m>[39m
                [0mLow Stock Items[0m
              [36m</p>[39m
              [36m<p[39m
                [33mclass[39m=[32m"text-3xl font-bold text-orange-600"[39m
              [36m>[39m
                [0m5[0m
                [36m<span[39m
                  [33mclass[39m=[32m"text-sm ml-2"[39m
                [36m>[39m
                  [0mΓÜá∩╕Å[0m
                [36m</span>[39m
              [36m</p>[39m
            [36m</div>[39m
          [36m</div>[39m
          [36m<div[39m
            [33mclass[39m=[32m"bg-white border border-gray-300 rounded-lg p-4 mb-6"[39m
          [36m>[39m
            [36m<div[39m
              [33mclass[39m=[32m"grid grid-cols-1 md:grid-cols-4 gap-4"[39m
            [36m>[39m
              [36m<div>[39m
                [36m<label[39m
                  [33mclass[39m=[32m"block text-sm font-medium text-black mb-1"[39m
                [36m>[39m
                  [0mSearch[0m
                [36m</label>[39m
                [36m<input[39m
                  [33mclass[39m=[32m"w-full p-2 border border-gray-300 rounded text-black bg-white"[39m
                  [33mplaceholder[39m=[32m"Search by name..."[39m
                  [33mtype[39m=[32m"text"[39m
                  [33mvalue[39m=[32m""[39m
                [36m/>[39m
              [36m</div>[39m
              [36m<div>[39m
                [36m<label[39m
                  [33mclass[39m=[32m"block text-sm font-medium text-black mb-1"[39m
                [36m>[39m
                  [0mCategory[0m
                [36m</label>[39m
                [36m<select[39m
                  [33mclass[39m=[32m"w-full p-2 border border-gray-300 rounded text-black bg-white"[39m
                [36m>[39m
                  [36m<option[39m
                    [33mvalue[39m=[32m""[39m
                  [36m>[39m
                    [0mAll Categories[0m
                  [36m</option>[39m
                  [36m<option[39m
                    [33mvalue[39m=[32m"Electrical"[39m
                  [36m>[39m
                    [0mElectrical[0m
                  [36m</option>[39m
                  [36m<option[39m
                    [33mvalue[39m=[32m"Plumbing"[39m
                  [36m>[39m
                    [0mPlumbing[0m
                  [36m</option>[39m
                  [36m<option[39m
                    [33mvalue[39m=[32m"Lumber"[39m
                  [36m>[39m
                    [0mLumber[0m
                  [36m</option>[39m
                  [36m<option[39m
                    [33mvalue[39m=[32m"Hardware"[39m
                  [36m>[39m
                    [0mHardware[0m
                  [36m</option>[39m
                  [36m<option[39m
                    [33mvalue[39m=[32m"HVAC"[39m
                  [36m>[39m
                    [0mHVAC[0m
                  [36m</option>[39m
                  [36m<option[39m
                    [33mvalue[39m=[32m"Roofing"[39m
                  [36m>[39m
                    [0mRoofing[0m
                  [36m</option>[39m
                  [36m<option[39m
                    [33mvalue[39m=[32m"Flooring"[39m
                  [36m>[39m
                    [0mFlooring[0m
                  [36m</option>[39m
                  [36m<option[39m
                    [33mvalue[39m=[32m"Paint"[39m
                  [36m>[39m
                    [0mPaint[0m
                  [36m</option>[39m
                [36m</select>[39m
              [36m</div>[39m
              [36m<div[39m
                [33mclass[39m=[32m"flex items-end"[39m
              [36m>[39m
                [36m<label[39m
                  [33mclass[39m=...

    [0m [90m 322 |[39m     
     [90m 323 |[39m     [90m// Click Add Item[39m
    [31m[1m>[22m[39m[90m 324 |[39m     [36mawait[39m waitFor(() [33m=>[39m {
     [90m     |[39m                  [31m[1m^[22m[39m
     [90m 325 |[39m       [36mconst[39m addButton [33m=[39m screen[33m.[39mgetByText([35m/Γ₧ò Add Item/i[39m)[33m;[39m
     [90m 326 |[39m       fireEvent[33m.[39mclick(addButton)[33m;[39m
     [90m 327 |[39m     })[33m;[39m[0m

      at waitForWrapper (node_modules/@testing-library/dom/dist/wait-for.js:163:27)
      at Object.<anonymous> (src/components/__tests__/Suppliers.test.jsx:324:18)

  ΓùÅ Suppliers Component - Phase 1 & Catalog Management (Phase 2D) ΓÇ║ should delete catalog item

    Unable to find an element with the text: 2x4 Lumber 8ft. This could be because the text is broken up by multiple elements. In this case, you can provide a function 
for your text matcher to make your matcher more flexible.

    Ignored nodes: comments, script, style
    [36m<body>[39m
      [36m<div>[39m
        [36m<div[39m
          [33mclass[39m=[32m"p-4 md:p-6 text-black lg:pr-[400px]"[39m
        [36m>[39m
          [36m<div[39m
            [33mclass[39m=[32m"mb-6"[39m
          [36m>[39m
            [36m<div[39m
              [33mclass[39m=[32m"flex flex-col sm:flex-row justify-between items-start sm:items-center gap-3 mb-4"[39m
            [36m>[39m
              [36m<div[39m
                [33mclass[39m=[32m"flex gap-2 flex-wrap"[39m
              [36m>[39m
                [36m<a[39m
                  [33mclass[39m=[32m"bg-blue-500 text-white px-3 py-2 rounded hover:bg-blue-600 text-sm md:text-base"[39m
                  [33mdata-discover[39m=[32m"true"[39m
                  [33mhref[39m=[32m"/"[39m
                [36m>[39m
                  [0mDashboard[0m
                [36m</a>[39m
                [36m<a[39m
                  [33mclass[39m=[32m"bg-orange-500 text-white px-3 py-2 rounded hover:bg-orange-600 text-sm md:text-base"[39m
                  [33mdata-discover[39m=[32m"true"[39m
                  [33mhref[39m=[32m"/purchase-orders"[39m
                [36m>[39m
                  [0m≡ƒôï POs ([0m
                  [0m3[0m
                  [0m)[0m
                [36m</a>[39m
              [36m</div>[39m
              [36m<button[39m
                [33mclass[39m=[32m"bg-green-500 text-white px-4 py-2 rounded hover:bg-green-600 text-sm md:text-base w-full sm:w-auto"[39m
              [36m>[39m
                [0m+ Add Supplier[0m
              [36m</button>[39m
            [36m</div>[39m
            [36m<h1[39m
              [33mclass[39m=[32m"text-2xl md:text-3xl font-bold text-black"[39m
            [36m>[39m
              [0mSuppliers & Materials[0m
            [36m</h1>[39m
          [36m</div>[39m
          [36m<div[39m
            [33mclass[39m=[32m"grid grid-cols-1 md:grid-cols-4 gap-4 mb-6"[39m
          [36m>[39m
            [36m<div[39m
              [33mclass[39m=[32m"bg-white border border-gray-300 rounded-lg p-4"[39m
            [36m>[39m
              [36m<p[39m
                [33mclass[39m=[32m"text-gray-600 text-sm"[39m
              [36m>[39m
                [0mActive Suppliers[0m
              [36m</p>[39m
              [36m<p[39m
                [33mclass[39m=[32m"text-3xl font-bold text-black"[39m
              [36m>[39m
                [0m0[0m
              [36m</p>[39m
            [36m</div>[39m
            [36m<div[39m
              [33mclass[39m=[32m"bg-white border border-gray-300 rounded-lg p-4"[39m
            [36m>[39m
              [36m<p[39m
                [33mclass[39m=[32m"text-gray-600 text-sm"[39m
              [36m>[39m
                [0mOpen POs / Quotes[0m
              [36m</p>[39m
              [36m<p[39m
                [33mclass[39m=[32m"text-3xl font-bold text-blue-600"[39m
              [36m>[39m
                [0m3[0m
              [36m</p>[39m
            [36m</div>[39m
            [36m<div[39m
              [33mclass[39m=[32m"bg-white border border-gray-300 rounded-lg p-4"[39m
            [36m>[39m
              [36m<p[39m
                [33mclass[39m=[32m"text-gray-600 text-sm"[39m
              [36m>[39m
                [0mSpend This Month[0m
              [36m</p>[39m
              [36m<p[39m
                [33mclass[39m=[32m"text-3xl font-bold text-green-600"[39m
              [36m>[39m
                [0m$[0m
                [0m0.00[0m
              [36m</p>[39m
            [36m</div>[39m
            [36m<div[39m
              [33mclass[39m=[32m"bg-white border border-gray-300 rounded-lg p-4"[39m
            [36m>[39m
              [36m<p[39m
                [33mclass[39m=[32m"text-gray-600 text-sm"[39m
              [36m>[39m
                [0mLow Stock Items[0m
              [36m</p>[39m
              [36m<p[39m
                [33mclass[39m=[32m"text-3xl font-bold text-orange-600"[39m
              [36m>[39m
                [0m5[0m
                [36m<span[39m
                  [33mclass[39m=[32m"text-sm ml-2"[39m
                [36m>[39m
                  [0mΓÜá∩╕Å[0m
                [36m</span>[39m
              [36m</p>[39m
            [36m</div>[39m
          [36m</div>[39m
          [36m<div[39m
            [33mclass[39m=[32m"bg-white border border-gray-300 rounded-lg p-4 mb-6"[39m
          [36m>[39m
            [36m<div[39m
              [33mclass[39m=[32m"grid grid-cols-1 md:grid-cols-4 gap-4"[39m
            [36m>[39m
              [36m<div>[39m
                [36m<label[39m
                  [33mclass[39m=[32m"block text-sm font-medium text-black mb-1"[39m
                [36m>[39m
                  [0mSearch[0m
                [36m</label>[39m
                [36m<input[39m
                  [33mclass[39m=[32m"w-full p-2 border border-gray-300 rounded text-black bg-white"[39m
                  [33mplaceholder[39m=[32m"Search by name..."[39m
                  [33mtype[39m=[32m"text"[39m
                  [33mvalue[39m=[32m""[39m
                [36m/>[39m
              [36m</div>[39m
              [36m<div>[39m
                [36m<label[39m
                  [33mclass[39m=[32m"block text-sm font-medium text-black mb-1"[39m
                [36m>[39m
                  [0mCategory[0m
                [36m</label>[39m
                [36m<select[39m
                  [33mclass[39m=[32m"w-full p-2 border border-gray-300 rounded text-black bg-white"[39m
                [36m>[39m
                  [36m<option[39m
                    [33mvalue[39m=[32m""[39m
                  [36m>[39m
                    [0mAll Categories[0m
                  [36m</option>[39m
                  [36m<option[39m
                    [33mvalue[39m=[32m"Electrical"[39m
                  [36m>[39m
                    [0mElectrical[0m
                  [36m</option>[39m
                  [36m<option[39m
                    [33mvalue[39m=[32m"Plumbing"[39m
                  [36m>[39m
                    [0mPlumbing[0m
                  [36m</option>[39m
                  [36m<option[39m
                    [33mvalue[39m=[32m"Lumber"[39m
                  [36m>[39m
                    [0mLumber[0m
                  [36m</option>[39m
                  [36m<option[39m
                    [33mvalue[39m=[32m"Hardware"[39m
                  [36m>[39m
                    [0mHardware[0m
                  [36m</option>[39m
                  [36m<option[39m
                    [33mvalue[39m=[32m"HVAC"[39m
                  [36m>[39m
                    [0mHVAC[0m
                  [36m</option>[39m
                  [36m<option[39m
                    [33mvalue[39m=[32m"Roofing"[39m
                  [36m>[39m
                    [0mRoofing[0m
                  [36m</option>[39m
                  [36m<option[39m
                    [33mvalue[39m=[32m"Flooring"[39m
                  [36m>[39m
                    [0mFlooring[0m
                  [36m</option>[39m
                  [36m<option[39m
                    [33mvalue[39m=[32m"Paint"[39m
                  [36m>[39m
                    [0mPaint[0m
                  [36m</option>[39m
                [36m</select>[39m
              [36m</div>[39m
              [36m<div[39m
                [33mclass[39m=[32m"flex items-end"[39m
              [36m>[39m
                [36m<label[39m
                  [33mclass[39m=...

    [0m [90m 361 |[39m     
     [90m 362 |[39m     [90m// Wait for catalog items to render[39m
    [31m[1m>[22m[39m[90m 363 |[39m     [36mawait[39m waitFor(() [33m=>[39m {
     [90m     |[39m                  [31m[1m^[22m[39m
     [90m 364 |[39m       expect(screen[33m.[39mgetByText([32m'2x4 Lumber 8ft'[39m))[33m.[39mtoBeInTheDocument()[33m;[39m
     [90m 365 |[39m     })[33m;[39m
     [90m 366 |[39m     [0m

      at waitForWrapper (node_modules/@testing-library/dom/dist/wait-for.js:163:27)
      at Object.<anonymous> (src/components/__tests__/Suppliers.test.jsx:363:18)

  ΓùÅ Suppliers Component - Phase 1 & Catalog Management (Phase 2D) ΓÇ║ should export catalog to CSV

    RangeError: Maximum call stack size exceeded

    [0m [90m 383 |[39m     
     [90m 384 |[39m     mockCreateElement[33m.[39mmockImplementation((tagName) [33m=>[39m {
    [31m[1m>[22m[39m[90m 385 |[39m       [36mconst[39m element [33m=[39m originalCreateElement(tagName)[33m;[39m
     [90m     |[39m                       [31m[1m^[22m[39m
     [90m 386 |[39m       [36mif[39m (tagName [33m===[39m [32m'a'[39m) {
     [90m 387 |[39m         element[33m.[39mclick [33m=[39m mockClick[33m;[39m
     [90m 388 |[39m       }[0m

      at Document.<anonymous> (node_modules/jest-mock/build/index.js:246:51)
      at Document.originalCreateElement (src/components/__tests__/Suppliers.test.jsx:385:23)
      at Document.originalCreateElement (src/components/__tests__/Suppliers.test.jsx:385:23)
      at Document.originalCreateElement (src/components/__tests__/Suppliers.test.jsx:385:23)
      at Document.originalCreateElement (src/components/__tests__/Suppliers.test.jsx:385:23)
      at Document.originalCreateElement (src/components/__tests__/Suppliers.test.jsx:385:23)
      at Document.originalCreateElement (src/components/__tests__/Suppliers.test.jsx:385:23)
      at Document.originalCreateElement (src/components/__tests__/Suppliers.test.jsx:385:23)
      at Document.originalCreateElement (src/components/__tests__/Suppliers.test.jsx:385:23)
      at Document.originalCreateElement (src/components/__tests__/Suppliers.test.jsx:385:23)
      at Document.originalCreateElement (src/components/__tests__/Suppliers.test.jsx:385:23)
      at Document.originalCreateElement (src/components/__tests__/Suppliers.test.jsx:385:23)
      at Document.originalCreateElement (src/components/__tests__/Suppliers.test.jsx:385:23)
      at Document.originalCreateElement (src/components/__tests__/Suppliers.test.jsx:385:23)
      at Document.originalCreateElement (src/components/__tests__/Suppliers.test.jsx:385:23)
      at Document.originalCreateElement (src/components/__tests__/Suppliers.test.jsx:385:23)
      at Document.originalCreateElement (src/components/__tests__/Suppliers.test.jsx:385:23)
      at Document.originalCreateElement (src/components/__tests__/Suppliers.test.jsx:385:23)
      at Document.originalCreateElement (src/components/__tests__/Suppliers.test.jsx:385:23)
      at Document.originalCreateElement (src/components/__tests__/Suppliers.test.jsx:385:23)
      at Document.originalCreateElement (src/components/__tests__/Suppliers.test.jsx:385:23)
      at Document.originalCreateElement (src/components/__tests__/Suppliers.test.jsx:385:23)
      at Document.originalCreateElement (src/components/__tests__/Suppliers.test.jsx:385:23)
      at Document.originalCreateElement (src/components/__tests__/Suppliers.test.jsx:385:23)
      at Document.originalCreateElement (src/components/__tests__/Suppliers.test.jsx:385:23)
      at Document.originalCreateElement (src/components/__tests__/Suppliers.test.jsx:385:23)

  ΓùÅ Suppliers Component - Phase 1 & Catalog Management (Phase 2D) ΓÇ║ should export catalog to CSV

    Unable to find an element with the text: Home Depot. This could be because the text is broken up by multiple elements. In this case, you can provide a function for 
your text matcher to make your matcher more flexible.

    Ignored nodes: comments, script, style
    [36m<body>[39m
      [36m<div />[39m
    [36m</body>[39m

    [0m [90m 391 |[39m     
     [90m 392 |[39m     [90m// Open supplier detail[39m
    [31m[1m>[22m[39m[90m 393 |[39m     [36mawait[39m waitFor(() [33m=>[39m {
     [90m     |[39m                  [31m[1m^[22m[39m
     [90m 394 |[39m       [36mconst[39m supplierRow [33m=[39m screen[33m.[39mgetByText([32m'Home Depot'[39m)[33m;[39m
     [90m 395 |[39m       fireEvent[33m.[39mclick(supplierRow)[33m;[39m
     [90m 396 |[39m     })[33m;[39m[0m

      at waitForWrapper (node_modules/@testing-library/dom/dist/wait-for.js:163:27)
      at Object.<anonymous> (src/components/__tests__/Suppliers.test.jsx:393:18)

  ΓùÅ Suppliers Component - Phase 1 & Catalog Management (Phase 2D) ΓÇ║ should import catalog from CSV

    RangeError: Maximum call stack size exceeded

    [0m [90m 383 |[39m     
     [90m 384 |[39m     mockCreateElement[33m.[39mmockImplementation((tagName) [33m=>[39m {
    [31m[1m>[22m[39m[90m 385 |[39m       [36mconst[39m element [33m=[39m originalCreateElement(tagName)[33m;[39m
     [90m     |[39m                       [31m[1m^[22m[39m
     [90m 386 |[39m       [36mif[39m (tagName [33m===[39m [32m'a'[39m) {
     [90m 387 |[39m         element[33m.[39mclick [33m=[39m mockClick[33m;[39m
     [90m 388 |[39m       }[0m

      at Document.<anonymous> (node_modules/jest-mock/build/index.js:246:51)
      at Document.originalCreateElement (src/components/__tests__/Suppliers.test.jsx:385:23)
      at Document.originalCreateElement (src/components/__tests__/Suppliers.test.jsx:385:23)
      at Document.originalCreateElement (src/components/__tests__/Suppliers.test.jsx:385:23)
      at Document.originalCreateElement (src/components/__tests__/Suppliers.test.jsx:385:23)
      at Document.originalCreateElement (src/components/__tests__/Suppliers.test.jsx:385:23)
      at Document.originalCreateElement (src/components/__tests__/Suppliers.test.jsx:385:23)
      at Document.originalCreateElement (src/components/__tests__/Suppliers.test.jsx:385:23)
      at Document.originalCreateElement (src/components/__tests__/Suppliers.test.jsx:385:23)
      at Document.originalCreateElement (src/components/__tests__/Suppliers.test.jsx:385:23)
      at Document.originalCreateElement (src/components/__tests__/Suppliers.test.jsx:385:23)
      at Document.originalCreateElement (src/components/__tests__/Suppliers.test.jsx:385:23)
      at Document.originalCreateElement (src/components/__tests__/Suppliers.test.jsx:385:23)
      at Document.originalCreateElement (src/components/__tests__/Suppliers.test.jsx:385:23)
      at Document.originalCreateElement (src/components/__tests__/Suppliers.test.jsx:385:23)
      at Document.originalCreateElement (src/components/__tests__/Suppliers.test.jsx:385:23)
      at Document.originalCreateElement (src/components/__tests__/Suppliers.test.jsx:385:23)
      at Document.originalCreateElement (src/components/__tests__/Suppliers.test.jsx:385:23)
      at Document.originalCreateElement (src/components/__tests__/Suppliers.test.jsx:385:23)
      at Document.originalCreateElement (src/components/__tests__/Suppliers.test.jsx:385:23)
      at Document.originalCreateElement (src/components/__tests__/Suppliers.test.jsx:385:23)
      at Document.originalCreateElement (src/components/__tests__/Suppliers.test.jsx:385:23)
      at Document.originalCreateElement (src/components/__tests__/Suppliers.test.jsx:385:23)
      at Document.originalCreateElement (src/components/__tests__/Suppliers.test.jsx:385:23)
      at Document.originalCreateElement (src/components/__tests__/Suppliers.test.jsx:385:23)
      at Document.originalCreateElement (src/components/__tests__/Suppliers.test.jsx:385:23)

  ΓùÅ Suppliers Component - Phase 1 & Catalog Management (Phase 2D) ΓÇ║ should create new supplier

    RangeError: Maximum call stack size exceeded

    [0m [90m 383 |[39m     
     [90m 384 |[39m     mockCreateElement[33m.[39mmockImplementation((tagName) [33m=>[39m {
    [31m[1m>[22m[39m[90m 385 |[39m       [36mconst[39m element [33m=[39m originalCreateElement(tagName)[33m;[39m
     [90m     |[39m                       [31m[1m^[22m[39m
     [90m 386 |[39m       [36mif[39m (tagName [33m===[39m [32m'a'[39m) {
     [90m 387 |[39m         element[33m.[39mclick [33m=[39m mockClick[33m;[39m
     [90m 388 |[39m       }[0m

      at Document.<anonymous> (node_modules/jest-mock/build/index.js:246:51)
      at Document.originalCreateElement (src/components/__tests__/Suppliers.test.jsx:385:23)
      at Document.originalCreateElement (src/components/__tests__/Suppliers.test.jsx:385:23)
      at Document.originalCreateElement (src/components/__tests__/Suppliers.test.jsx:385:23)
      at Document.originalCreateElement (src/components/__tests__/Suppliers.test.jsx:385:23)
      at Document.originalCreateElement (src/components/__tests__/Suppliers.test.jsx:385:23)
      at Document.originalCreateElement (src/components/__tests__/Suppliers.test.jsx:385:23)
      at Document.originalCreateElement (src/components/__tests__/Suppliers.test.jsx:385:23)
      at Document.originalCreateElement (src/components/__tests__/Suppliers.test.jsx:385:23)
      at Document.originalCreateElement (src/components/__tests__/Suppliers.test.jsx:385:23)
      at Document.originalCreateElement (src/components/__tests__/Suppliers.test.jsx:385:23)
      at Document.originalCreateElement (src/components/__tests__/Suppliers.test.jsx:385:23)
      at Document.originalCreateElement (src/components/__tests__/Suppliers.test.jsx:385:23)
      at Document.originalCreateElement (src/components/__tests__/Suppliers.test.jsx:385:23)
      at Document.originalCreateElement (src/components/__tests__/Suppliers.test.jsx:385:23)
      at Document.originalCreateElement (src/components/__tests__/Suppliers.test.jsx:385:23)
      at Document.originalCreateElement (src/components/__tests__/Suppliers.test.jsx:385:23)
      at Document.originalCreateElement (src/components/__tests__/Suppliers.test.jsx:385:23)
      at Document.originalCreateElement (src/components/__tests__/Suppliers.test.jsx:385:23)
      at Document.originalCreateElement (src/components/__tests__/Suppliers.test.jsx:385:23)
      at Document.originalCreateElement (src/components/__tests__/Suppliers.test.jsx:385:23)
      at Document.originalCreateElement (src/components/__tests__/Suppliers.test.jsx:385:23)
      at Document.originalCreateElement (src/components/__tests__/Suppliers.test.jsx:385:23)
      at Document.originalCreateElement (src/components/__tests__/Suppliers.test.jsx:385:23)
      at Document.originalCreateElement (src/components/__tests__/Suppliers.test.jsx:385:23)
      at Document.originalCreateElement (src/components/__tests__/Suppliers.test.jsx:385:23)

  ΓùÅ Suppliers Component - Phase 1 & Catalog Management (Phase 2D) ΓÇ║ should update supplier information

    RangeError: Maximum call stack size exceeded

    [0m [90m 383 |[39m     
     [90m 384 |[39m     mockCreateElement[33m.[39mmockImplementation((tagName) [33m=>[39m {
    [31m[1m>[22m[39m[90m 385 |[39m       [36mconst[39m element [33m=[39m originalCreateElement(tagName)[33m;[39m
     [90m     |[39m                       [31m[1m^[22m[39m
     [90m 386 |[39m       [36mif[39m (tagName [33m===[39m [32m'a'[39m) {
     [90m 387 |[39m         element[33m.[39mclick [33m=[39m mockClick[33m;[39m
     [90m 388 |[39m       }[0m

      at Document.<anonymous> (node_modules/jest-mock/build/index.js:246:51)
      at Document.originalCreateElement (src/components/__tests__/Suppliers.test.jsx:385:23)
      at Document.originalCreateElement (src/components/__tests__/Suppliers.test.jsx:385:23)
      at Document.originalCreateElement (src/components/__tests__/Suppliers.test.jsx:385:23)
      at Document.originalCreateElement (src/components/__tests__/Suppliers.test.jsx:385:23)
      at Document.originalCreateElement (src/components/__tests__/Suppliers.test.jsx:385:23)
      at Document.originalCreateElement (src/components/__tests__/Suppliers.test.jsx:385:23)
      at Document.originalCreateElement (src/components/__tests__/Suppliers.test.jsx:385:23)
      at Document.originalCreateElement (src/components/__tests__/Suppliers.test.jsx:385:23)
      at Document.originalCreateElement (src/components/__tests__/Suppliers.test.jsx:385:23)
      at Document.originalCreateElement (src/components/__tests__/Suppliers.test.jsx:385:23)
      at Document.originalCreateElement (src/components/__tests__/Suppliers.test.jsx:385:23)
      at Document.originalCreateElement (src/components/__tests__/Suppliers.test.jsx:385:23)
      at Document.originalCreateElement (src/components/__tests__/Suppliers.test.jsx:385:23)
      at Document.originalCreateElement (src/components/__tests__/Suppliers.test.jsx:385:23)
      at Document.originalCreateElement (src/components/__tests__/Suppliers.test.jsx:385:23)
      at Document.originalCreateElement (src/components/__tests__/Suppliers.test.jsx:385:23)
      at Document.originalCreateElement (src/components/__tests__/Suppliers.test.jsx:385:23)
      at Document.originalCreateElement (src/components/__tests__/Suppliers.test.jsx:385:23)
      at Document.originalCreateElement (src/components/__tests__/Suppliers.test.jsx:385:23)
      at Document.originalCreateElement (src/components/__tests__/Suppliers.test.jsx:385:23)
      at Document.originalCreateElement (src/components/__tests__/Suppliers.test.jsx:385:23)
      at Document.originalCreateElement (src/components/__tests__/Suppliers.test.jsx:385:23)
      at Document.originalCreateElement (src/components/__tests__/Suppliers.test.jsx:385:23)
      at Document.originalCreateElement (src/components/__tests__/Suppliers.test.jsx:385:23)
      at Document.originalCreateElement (src/components/__tests__/Suppliers.test.jsx:385:23)

  ΓùÅ Suppliers Component - Phase 1 & Catalog Management (Phase 2D) ΓÇ║ should delete supplier

    RangeError: Maximum call stack size exceeded

    [0m [90m 383 |[39m     
     [90m 384 |[39m     mockCreateElement[33m.[39mmockImplementation((tagName) [33m=>[39m {
    [31m[1m>[22m[39m[90m 385 |[39m       [36mconst[39m element [33m=[39m originalCreateElement(tagName)[33m;[39m
     [90m     |[39m                       [31m[1m^[22m[39m
     [90m 386 |[39m       [36mif[39m (tagName [33m===[39m [32m'a'[39m) {
     [90m 387 |[39m         element[33m.[39mclick [33m=[39m mockClick[33m;[39m
     [90m 388 |[39m       }[0m

      at Document.<anonymous> (node_modules/jest-mock/build/index.js:246:51)
      at Document.originalCreateElement (src/components/__tests__/Suppliers.test.jsx:385:23)
      at Document.originalCreateElement (src/components/__tests__/Suppliers.test.jsx:385:23)
      at Document.originalCreateElement (src/components/__tests__/Suppliers.test.jsx:385:23)
      at Document.originalCreateElement (src/components/__tests__/Suppliers.test.jsx:385:23)
      at Document.originalCreateElement (src/components/__tests__/Suppliers.test.jsx:385:23)
      at Document.originalCreateElement (src/components/__tests__/Suppliers.test.jsx:385:23)
      at Document.originalCreateElement (src/components/__tests__/Suppliers.test.jsx:385:23)
      at Document.originalCreateElement (src/components/__tests__/Suppliers.test.jsx:385:23)
      at Document.originalCreateElement (src/components/__tests__/Suppliers.test.jsx:385:23)
      at Document.originalCreateElement (src/components/__tests__/Suppliers.test.jsx:385:23)
      at Document.originalCreateElement (src/components/__tests__/Suppliers.test.jsx:385:23)
      at Document.originalCreateElement (src/components/__tests__/Suppliers.test.jsx:385:23)
      at Document.originalCreateElement (src/components/__tests__/Suppliers.test.jsx:385:23)
      at Document.originalCreateElement (src/components/__tests__/Suppliers.test.jsx:385:23)
      at Document.originalCreateElement (src/components/__tests__/Suppliers.test.jsx:385:23)
      at Document.originalCreateElement (src/components/__tests__/Suppliers.test.jsx:385:23)
      at Document.originalCreateElement (src/components/__tests__/Suppliers.test.jsx:385:23)
      at Document.originalCreateElement (src/components/__tests__/Suppliers.test.jsx:385:23)
      at Document.originalCreateElement (src/components/__tests__/Suppliers.test.jsx:385:23)
      at Document.originalCreateElement (src/components/__tests__/Suppliers.test.jsx:385:23)
      at Document.originalCreateElement (src/components/__tests__/Suppliers.test.jsx:385:23)
      at Document.originalCreateElement (src/components/__tests__/Suppliers.test.jsx:385:23)
      at Document.originalCreateElement (src/components/__tests__/Suppliers.test.jsx:385:23)
      at Document.originalCreateElement (src/components/__tests__/Suppliers.test.jsx:385:23)
      at Document.originalCreateElement (src/components/__tests__/Suppliers.test.jsx:385:23)

  ΓùÅ Suppliers Component - Phase 1 & Catalog Management (Phase 2D) ΓÇ║ should display lead time information

    RangeError: Maximum call stack size exceeded

    [0m [90m 383 |[39m     
     [90m 384 |[39m     mockCreateElement[33m.[39mmockImplementation((tagName) [33m=>[39m {
    [31m[1m>[22m[39m[90m 385 |[39m       [36mconst[39m element [33m=[39m originalCreateElement(tagName)[33m;[39m
     [90m     |[39m                       [31m[1m^[22m[39m
     [90m 386 |[39m       [36mif[39m (tagName [33m===[39m [32m'a'[39m) {
     [90m 387 |[39m         element[33m.[39mclick [33m=[39m mockClick[33m;[39m
     [90m 388 |[39m       }[0m

      at Document.<anonymous> (node_modules/jest-mock/build/index.js:246:51)
      at Document.originalCreateElement (src/components/__tests__/Suppliers.test.jsx:385:23)
      at Document.originalCreateElement (src/components/__tests__/Suppliers.test.jsx:385:23)
      at Document.originalCreateElement (src/components/__tests__/Suppliers.test.jsx:385:23)
      at Document.originalCreateElement (src/components/__tests__/Suppliers.test.jsx:385:23)
      at Document.originalCreateElement (src/components/__tests__/Suppliers.test.jsx:385:23)
      at Document.originalCreateElement (src/components/__tests__/Suppliers.test.jsx:385:23)
      at Document.originalCreateElement (src/components/__tests__/Suppliers.test.jsx:385:23)
      at Document.originalCreateElement (src/components/__tests__/Suppliers.test.jsx:385:23)
      at Document.originalCreateElement (src/components/__tests__/Suppliers.test.jsx:385:23)
      at Document.originalCreateElement (src/components/__tests__/Suppliers.test.jsx:385:23)
      at Document.originalCreateElement (src/components/__tests__/Suppliers.test.jsx:385:23)
      at Document.originalCreateElement (src/components/__tests__/Suppliers.test.jsx:385:23)
      at Document.originalCreateElement (src/components/__tests__/Suppliers.test.jsx:385:23)
      at Document.originalCreateElement (src/components/__tests__/Suppliers.test.jsx:385:23)
      at Document.originalCreateElement (src/components/__tests__/Suppliers.test.jsx:385:23)
      at Document.originalCreateElement (src/components/__tests__/Suppliers.test.jsx:385:23)
      at Document.originalCreateElement (src/components/__tests__/Suppliers.test.jsx:385:23)
      at Document.originalCreateElement (src/components/__tests__/Suppliers.test.jsx:385:23)
      at Document.originalCreateElement (src/components/__tests__/Suppliers.test.jsx:385:23)
      at Document.originalCreateElement (src/components/__tests__/Suppliers.test.jsx:385:23)
      at Document.originalCreateElement (src/components/__tests__/Suppliers.test.jsx:385:23)
      at Document.originalCreateElement (src/components/__tests__/Suppliers.test.jsx:385:23)
      at Document.originalCreateElement (src/components/__tests__/Suppliers.test.jsx:385:23)
      at Document.originalCreateElement (src/components/__tests__/Suppliers.test.jsx:385:23)
      at Document.originalCreateElement (src/components/__tests__/Suppliers.test.jsx:385:23)

  ΓùÅ Suppliers Component - Phase 1 & Catalog Management (Phase 2D) ΓÇ║ should display minimum order amount

    RangeError: Maximum call stack size exceeded

    [0m [90m 383 |[39m     
     [90m 384 |[39m     mockCreateElement[33m.[39mmockImplementation((tagName) [33m=>[39m {
    [31m[1m>[22m[39m[90m 385 |[39m       [36mconst[39m element [33m=[39m originalCreateElement(tagName)[33m;[39m
     [90m     |[39m                       [31m[1m^[22m[39m
     [90m 386 |[39m       [36mif[39m (tagName [33m===[39m [32m'a'[39m) {
     [90m 387 |[39m         element[33m.[39mclick [33m=[39m mockClick[33m;[39m
     [90m 388 |[39m       }[0m

      at Document.<anonymous> (node_modules/jest-mock/build/index.js:246:51)
      at Document.originalCreateElement (src/components/__tests__/Suppliers.test.jsx:385:23)
      at Document.originalCreateElement (src/components/__tests__/Suppliers.test.jsx:385:23)
      at Document.originalCreateElement (src/components/__tests__/Suppliers.test.jsx:385:23)
      at Document.originalCreateElement (src/components/__tests__/Suppliers.test.jsx:385:23)
      at Document.originalCreateElement (src/components/__tests__/Suppliers.test.jsx:385:23)
      at Document.originalCreateElement (src/components/__tests__/Suppliers.test.jsx:385:23)
      at Document.originalCreateElement (src/components/__tests__/Suppliers.test.jsx:385:23)
      at Document.originalCreateElement (src/components/__tests__/Suppliers.test.jsx:385:23)
      at Document.originalCreateElement (src/components/__tests__/Suppliers.test.jsx:385:23)
      at Document.originalCreateElement (src/components/__tests__/Suppliers.test.jsx:385:23)
      at Document.originalCreateElement (src/components/__tests__/Suppliers.test.jsx:385:23)
      at Document.originalCreateElement (src/components/__tests__/Suppliers.test.jsx:385:23)
      at Document.originalCreateElement (src/components/__tests__/Suppliers.test.jsx:385:23)
      at Document.originalCreateElement (src/components/__tests__/Suppliers.test.jsx:385:23)
      at Document.originalCreateElement (src/components/__tests__/Suppliers.test.jsx:385:23)
      at Document.originalCreateElement (src/components/__tests__/Suppliers.test.jsx:385:23)
      at Document.originalCreateElement (src/components/__tests__/Suppliers.test.jsx:385:23)
      at Document.originalCreateElement (src/components/__tests__/Suppliers.test.jsx:385:23)
      at Document.originalCreateElement (src/components/__tests__/Suppliers.test.jsx:385:23)
      at Document.originalCreateElement (src/components/__tests__/Suppliers.test.jsx:385:23)
      at Document.originalCreateElement (src/components/__tests__/Suppliers.test.jsx:385:23)
      at Document.originalCreateElement (src/components/__tests__/Suppliers.test.jsx:385:23)
      at Document.originalCreateElement (src/components/__tests__/Suppliers.test.jsx:385:23)
      at Document.originalCreateElement (src/components/__tests__/Suppliers.test.jsx:385:23)
      at Document.originalCreateElement (src/components/__tests__/Suppliers.test.jsx:385:23)

  ΓùÅ Suppliers Component - Phase 1 & Catalog Management (Phase 2D) ΓÇ║ should show total spent with supplier

    RangeError: Maximum call stack size exceeded

    [0m [90m 383 |[39m     
     [90m 384 |[39m     mockCreateElement[33m.[39mmockImplementation((tagName) [33m=>[39m {
    [31m[1m>[22m[39m[90m 385 |[39m       [36mconst[39m element [33m=[39m originalCreateElement(tagName)[33m;[39m
     [90m     |[39m                       [31m[1m^[22m[39m
     [90m 386 |[39m       [36mif[39m (tagName [33m===[39m [32m'a'[39m) {
     [90m 387 |[39m         element[33m.[39mclick [33m=[39m mockClick[33m;[39m
     [90m 388 |[39m       }[0m

      at Document.<anonymous> (node_modules/jest-mock/build/index.js:246:51)
      at Document.originalCreateElement (src/components/__tests__/Suppliers.test.jsx:385:23)
      at Document.originalCreateElement (src/components/__tests__/Suppliers.test.jsx:385:23)
      at Document.originalCreateElement (src/components/__tests__/Suppliers.test.jsx:385:23)
      at Document.originalCreateElement (src/components/__tests__/Suppliers.test.jsx:385:23)
      at Document.originalCreateElement (src/components/__tests__/Suppliers.test.jsx:385:23)
      at Document.originalCreateElement (src/components/__tests__/Suppliers.test.jsx:385:23)
      at Document.originalCreateElement (src/components/__tests__/Suppliers.test.jsx:385:23)
      at Document.originalCreateElement (src/components/__tests__/Suppliers.test.jsx:385:23)
      at Document.originalCreateElement (src/components/__tests__/Suppliers.test.jsx:385:23)
      at Document.originalCreateElement (src/components/__tests__/Suppliers.test.jsx:385:23)
      at Document.originalCreateElement (src/components/__tests__/Suppliers.test.jsx:385:23)
      at Document.originalCreateElement (src/components/__tests__/Suppliers.test.jsx:385:23)
      at Document.originalCreateElement (src/components/__tests__/Suppliers.test.jsx:385:23)
      at Document.originalCreateElement (src/components/__tests__/Suppliers.test.jsx:385:23)
      at Document.originalCreateElement (src/components/__tests__/Suppliers.test.jsx:385:23)
      at Document.originalCreateElement (src/components/__tests__/Suppliers.test.jsx:385:23)
      at Document.originalCreateElement (src/components/__tests__/Suppliers.test.jsx:385:23)
      at Document.originalCreateElement (src/components/__tests__/Suppliers.test.jsx:385:23)
      at Document.originalCreateElement (src/components/__tests__/Suppliers.test.jsx:385:23)
      at Document.originalCreateElement (src/components/__tests__/Suppliers.test.jsx:385:23)
      at Document.originalCreateElement (src/components/__tests__/Suppliers.test.jsx:385:23)
      at Document.originalCreateElement (src/components/__tests__/Suppliers.test.jsx:385:23)
      at Document.originalCreateElement (src/components/__tests__/Suppliers.test.jsx:385:23)
      at Document.originalCreateElement (src/components/__tests__/Suppliers.test.jsx:385:23)
      at Document.originalCreateElement (src/components/__tests__/Suppliers.test.jsx:385:23)

  ΓùÅ Suppliers Component - Phase 1 & Catalog Management (Phase 2D) ΓÇ║ should display payment terms

    RangeError: Maximum call stack size exceeded

    [0m [90m 383 |[39m     
     [90m 384 |[39m     mockCreateElement[33m.[39mmockImplementation((tagName) [33m=>[39m {
    [31m[1m>[22m[39m[90m 385 |[39m       [36mconst[39m element [33m=[39m originalCreateElement(tagName)[33m;[39m
     [90m     |[39m                       [31m[1m^[22m[39m
     [90m 386 |[39m       [36mif[39m (tagName [33m===[39m [32m'a'[39m) {
     [90m 387 |[39m         element[33m.[39mclick [33m=[39m mockClick[33m;[39m
     [90m 388 |[39m       }[0m

      at Document.<anonymous> (node_modules/jest-mock/build/index.js:246:51)
      at Document.originalCreateElement (src/components/__tests__/Suppliers.test.jsx:385:23)
      at Document.originalCreateElement (src/components/__tests__/Suppliers.test.jsx:385:23)
      at Document.originalCreateElement (src/components/__tests__/Suppliers.test.jsx:385:23)
      at Document.originalCreateElement (src/components/__tests__/Suppliers.test.jsx:385:23)
      at Document.originalCreateElement (src/components/__tests__/Suppliers.test.jsx:385:23)
      at Document.originalCreateElement (src/components/__tests__/Suppliers.test.jsx:385:23)
      at Document.originalCreateElement (src/components/__tests__/Suppliers.test.jsx:385:23)
      at Document.originalCreateElement (src/components/__tests__/Suppliers.test.jsx:385:23)
      at Document.originalCreateElement (src/components/__tests__/Suppliers.test.jsx:385:23)
      at Document.originalCreateElement (src/components/__tests__/Suppliers.test.jsx:385:23)
      at Document.originalCreateElement (src/components/__tests__/Suppliers.test.jsx:385:23)
      at Document.originalCreateElement (src/components/__tests__/Suppliers.test.jsx:385:23)
      at Document.originalCreateElement (src/components/__tests__/Suppliers.test.jsx:385:23)
      at Document.originalCreateElement (src/components/__tests__/Suppliers.test.jsx:385:23)
      at Document.originalCreateElement (src/components/__tests__/Suppliers.test.jsx:385:23)
      at Document.originalCreateElement (src/components/__tests__/Suppliers.test.jsx:385:23)
      at Document.originalCreateElement (src/components/__tests__/Suppliers.test.jsx:385:23)
      at Document.originalCreateElement (src/components/__tests__/Suppliers.test.jsx:385:23)
      at Document.originalCreateElement (src/components/__tests__/Suppliers.test.jsx:385:23)
      at Document.originalCreateElement (src/components/__tests__/Suppliers.test.jsx:385:23)
      at Document.originalCreateElement (src/components/__tests__/Suppliers.test.jsx:385:23)
      at Document.originalCreateElement (src/components/__tests__/Suppliers.test.jsx:385:23)
      at Document.originalCreateElement (src/components/__tests__/Suppliers.test.jsx:385:23)
      at Document.originalCreateElement (src/components/__tests__/Suppliers.test.jsx:385:23)
      at Document.originalCreateElement (src/components/__tests__/Suppliers.test.jsx:385:23)

FAIL src/components/__tests__/CameraCapture.test.jsx
  ΓùÅ Console

    console.error
      Error accessing camera: Error: Permission denied
          at Object.<anonymous> (F:\AI Projects\handyman-tracker\src\components\__tests__\CameraCapture.test.jsx:61:44)
          at Promise.finally.completed (F:\AI Projects\handyman-tracker\node_modules\jest-circus\build\jestAdapterInit.js:1557:28)
          at new Promise (<anonymous>)
          at callAsyncCircusFn (F:\AI Projects\handyman-tracker\node_modules\jest-circus\build\jestAdapterInit.js:1497:10)
          at _callCircusTest (F:\AI Projects\handyman-tracker\node_modules\jest-circus\build\jestAdapterInit.js:1007:40)
          at runNextTicks (node:internal/process/task_queues:65:5)
          at listOnTimeout (node:internal/timers:549:9)
          at processTimers (node:internal/timers:523:7)
          at _runTest (F:\AI Projects\handyman-tracker\node_modules\jest-circus\build\jestAdapterInit.js:947:3)
          at F:\AI Projects\handyman-tracker\node_modules\jest-circus\build\jestAdapterInit.js:849:7
          at _runTestsForDescribeBlock (F:\AI Projects\handyman-tracker\node_modules\jest-circus\build\jestAdapterInit.js:862:11)
          at _runTestsForDescribeBlock (F:\AI Projects\handyman-tracker\node_modules\jest-circus\build\jestAdapterInit.js:857:11)
          at run (F:\AI Projects\handyman-tracker\node_modules\jest-circus\build\jestAdapterInit.js:761:3)
          at runAndTransformResultsToJestFormat (F:\AI Projects\handyman-tracker\node_modules\jest-circus\build\jestAdapterInit.js:1918:21)
          at jestAdapter (F:\AI Projects\handyman-tracker\node_modules\jest-circus\build\runner.js:101:19)
          at runTestInternal (F:\AI Projects\handyman-tracker\node_modules\jest-runner\build\testWorker.js:275:16)
          at runTest (F:\AI Projects\handyman-tracker\node_modules\jest-runner\build\testWorker.js:343:7)
          at Object.worker (F:\AI Projects\handyman-tracker\node_modules\jest-runner\build\testWorker.js:497:12)

    [0m [90m 18 |[39m       }
     [90m 19 |[39m     } [36mcatch[39m (err) {
    [31m[1m>[22m[39m[90m 20 |[39m       console[33m.[39merror([32m'Error accessing camera:'[39m[33m,[39m err)[33m;[39m
     [90m    |[39m               [31m[1m^[22m[39m
     [90m 21 |[39m       alert([32m'Γ¥î Could not access camera. Please check permissions.'[39m)[33m;[39m
     [90m 22 |[39m     }
     [90m 23 |[39m   }[33m;[39m[0m

      at error (src/components/CameraCapture.jsx:20:15)

    console.error
      Error accessing camera: Error: Camera not found
          at Object.<anonymous> (F:\AI Projects\handyman-tracker\src\components\__tests__\CameraCapture.test.jsx:303:44)
          at Promise.finally.completed (F:\AI Projects\handyman-tracker\node_modules\jest-circus\build\jestAdapterInit.js:1557:28)
          at new Promise (<anonymous>)
          at callAsyncCircusFn (F:\AI Projects\handyman-tracker\node_modules\jest-circus\build\jestAdapterInit.js:1497:10)
          at _callCircusTest (F:\AI Projects\handyman-tracker\node_modules\jest-circus\build\jestAdapterInit.js:1007:40)
          at runNextTicks (node:internal/process/task_queues:65:5)
          at listOnTimeout (node:internal/timers:549:9)
          at processTimers (node:internal/timers:523:7)
          at _runTest (F:\AI Projects\handyman-tracker\node_modules\jest-circus\build\jestAdapterInit.js:947:3)
          at F:\AI Projects\handyman-tracker\node_modules\jest-circus\build\jestAdapterInit.js:849:7
          at _runTestsForDescribeBlock (F:\AI Projects\handyman-tracker\node_modules\jest-circus\build\jestAdapterInit.js:862:11)
          at _runTestsForDescribeBlock (F:\AI Projects\handyman-tracker\node_modules\jest-circus\build\jestAdapterInit.js:857:11)
          at run (F:\AI Projects\handyman-tracker\node_modules\jest-circus\build\jestAdapterInit.js:761:3)
          at runAndTransformResultsToJestFormat (F:\AI Projects\handyman-tracker\node_modules\jest-circus\build\jestAdapterInit.js:1918:21)
          at jestAdapter (F:\AI Projects\handyman-tracker\node_modules\jest-circus\build\runner.js:101:19)
          at runTestInternal (F:\AI Projects\handyman-tracker\node_modules\jest-runner\build\testWorker.js:275:16)
          at runTest (F:\AI Projects\handyman-tracker\node_modules\jest-runner\build\testWorker.js:343:7)
          at Object.worker (F:\AI Projects\handyman-tracker\node_modules\jest-runner\build\testWorker.js:497:12)

    [0m [90m 18 |[39m       }
     [90m 19 |[39m     } [36mcatch[39m (err) {
    [31m[1m>[22m[39m[90m 20 |[39m       console[33m.[39merror([32m'Error accessing camera:'[39m[33m,[39m err)[33m;[39m
     [90m    |[39m               [31m[1m^[22m[39m
     [90m 21 |[39m       alert([32m'Γ¥î Could not access camera. Please check permissions.'[39m)[33m;[39m
     [90m 22 |[39m     }
     [90m 23 |[39m   }[33m;[39m[0m

      at error (src/components/CameraCapture.jsx:20:15)

  ΓùÅ CameraCapture Component - Phase 2E Mobile Features ΓÇ║ should capture photo when capture button clicked

    SyntaxError: 'button:has-text(,,≡ƒô╖,,:not(:has-text(,,Start,' is not a valid selector

    [0m [90m 103 |[39m     
     [90m 104 |[39m     [90m// Find and click capture button (the camera emoji button)[39m
    [31m[1m>[22m[39m[90m 105 |[39m     [36mconst[39m captureButton [33m=[39m 
document[33m.[39mquerySelector([32m'button:has-text("≡ƒô╖"):not(:has-text("Start"))'[39m)[33m;[39m
     [90m     |[39m                                    [31m[1m^[22m[39m
     [90m 106 |[39m     [36mif[39m (captureButton) {
     [90m 107 |[39m       fireEvent[33m.[39mclick(captureButton)[33m;[39m
     [90m 108 |[39m     }[0m

      at emit (node_modules/nwsapi/src/nwsapi.js:670:17)
      at parse (node_modules/nwsapi/src/nwsapi.js:1612:13)
      at _querySelectorAll (node_modules/nwsapi/src/nwsapi.js:1701:44)
      at Object._querySelector [as first] (node_modules/nwsapi/src/nwsapi.js:1637:14)
      at DocumentImpl.querySelector (node_modules/jsdom/lib/jsdom/living/nodes/ParentNode-impl.js:69:44)
      at Document.querySelector (node_modules/jsdom/lib/jsdom/living/generated/Document.js:1026:58)
      at Object.querySelector (src/components/__tests__/CameraCapture.test.jsx:105:36)

  ΓùÅ CameraCapture Component - Phase 2E Mobile Features ΓÇ║ should show captured photo preview

    Unable to find an element with the text: /≡ƒöä Retake/i. This could be because the text is broken up by multiple elements. In this case, you can provide a function 
for your text matcher to make your matcher more flexible.

    Ignored nodes: comments, script, style
    [36m<body>[39m
      [36m<div>[39m
        [36m<div[39m
          [33mclass[39m=[32m"fixed inset-0 bg-black bg-opacity-90 flex items-center justify-center z-50"[39m
        [36m>[39m
          [36m<div[39m
            [33mclass[39m=[32m"bg-white rounded-lg shadow-xl max-w-2xl w-full max-h-[90vh] overflow-hidden"[39m
          [36m>[39m
            [36m<div[39m
              [33mclass[39m=[32m"bg-white border-b border-gray-300 p-4 flex justify-between items-center"[39m
            [36m>[39m
              [36m<h2[39m
                [33mclass[39m=[32m"text-xl font-bold text-black"[39m
              [36m>[39m
                [0mTake Photo[0m
              [36m</h2>[39m
              [36m<button[39m
                [33mclass[39m=[32m"text-gray-600 hover:text-gray-900 text-2xl font-bold"[39m
              [36m>[39m
                [0m├ù[0m
              [36m</button>[39m
            [36m</div>[39m
            [36m<div[39m
              [33mclass[39m=[32m"relative bg-black"[39m
            [36m>[39m
              [36m<div[39m
                [33mclass[39m=[32m"relative"[39m
              [36m>[39m
                [36m<video[39m
                  [33mautoplay[39m=[32m""[39m
                  [33mclass[39m=[32m"w-full h-auto"[39m
                  [33mplaysinline[39m=[32m""[39m
                [36m/>[39m
                [36m<div[39m
                  [33mclass[39m=[32m"absolute bottom-4 left-0 right-0 flex justify-center"[39m
                [36m>[39m
                  [36m<button[39m
                    [33mclass[39m=[32m"w-16 h-16 bg-white rounded-full border-4 border-blue-500 hover:bg-gray-100 flex items-center justify-center text-3xl"[39m
                  [36m>[39m
                    [0m≡ƒô╖[0m
                  [36m</button>[39m
                [36m</div>[39m
              [36m</div>[39m
              [36m<canvas[39m
                [33mclass[39m=[32m"hidden"[39m
              [36m/>[39m
            [36m</div>[39m
            [36m<div[39m
              [33mclass[39m=[32m"bg-gray-50 border-t border-gray-300 p-4 flex justify-center gap-3"[39m
            [36m>[39m
              [36m<button[39m
                [33mclass[39m=[32m"px-6 py-3 border border-gray-300 rounded text-black bg-white hover:bg-gray-100 font-medium"[39m
              [36m>[39m
                [0mCancel[0m
              [36m</button>[39m
            [36m</div>[39m
          [36m</div>[39m
        [36m</div>[39m
      [36m</div>[39m
    [36m</body>[39m

    [0m [90m 149 |[39m     })[33m;[39m
     [90m 150 |[39m     
    [31m[1m>[22m[39m[90m 151 |[39m     [36mawait[39m waitFor(() [33m=>[39m {
     [90m     |[39m                  [31m[1m^[22m[39m
     [90m 152 |[39m       expect(screen[33m.[39mgetByText([35m/≡ƒöä Retake/i[39m))[33m.[39mtoBeInTheDocument()[33m;[39m
     [90m 153 |[39m       expect(screen[33m.[39mgetByText([35m/Γ£ô Use Photo/i[39m))[33m.[39mtoBeInTheDocument()[33m;[39m
     [90m 154 |[39m     })[33m;[39m[0m

      at waitForWrapper (node_modules/@testing-library/dom/dist/wait-for.js:163:27)
      at Object.<anonymous> (src/components/__tests__/CameraCapture.test.jsx:151:18)

  ΓùÅ CameraCapture Component - Phase 2E Mobile Features ΓÇ║ should allow retaking photo

    Unable to find an element with the text: /≡ƒöä Retake/i. This could be because the text is broken up by multiple elements. In this case, you can provide a function 
for your text matcher to make your matcher more flexible.

    Ignored nodes: comments, script, style
    [36m<body>[39m
      [36m<div>[39m
        [36m<div[39m
          [33mclass[39m=[32m"fixed inset-0 bg-black bg-opacity-90 flex items-center justify-center z-50"[39m
        [36m>[39m
          [36m<div[39m
            [33mclass[39m=[32m"bg-white rounded-lg shadow-xl max-w-2xl w-full max-h-[90vh] overflow-hidden"[39m
          [36m>[39m
            [36m<div[39m
              [33mclass[39m=[32m"bg-white border-b border-gray-300 p-4 flex justify-between items-center"[39m
            [36m>[39m
              [36m<h2[39m
                [33mclass[39m=[32m"text-xl font-bold text-black"[39m
              [36m>[39m
                [0mTake Photo[0m
              [36m</h2>[39m
              [36m<button[39m
                [33mclass[39m=[32m"text-gray-600 hover:text-gray-900 text-2xl font-bold"[39m
              [36m>[39m
                [0m├ù[0m
              [36m</button>[39m
            [36m</div>[39m
            [36m<div[39m
              [33mclass[39m=[32m"relative bg-black"[39m
            [36m>[39m
              [36m<div[39m
                [33mclass[39m=[32m"relative"[39m
              [36m>[39m
                [36m<video[39m
                  [33mautoplay[39m=[32m""[39m
                  [33mclass[39m=[32m"w-full h-auto"[39m
                  [33mplaysinline[39m=[32m""[39m
                [36m/>[39m
                [36m<div[39m
                  [33mclass[39m=[32m"absolute bottom-4 left-0 right-0 flex justify-center"[39m
                [36m>[39m
                  [36m<button[39m
                    [33mclass[39m=[32m"w-16 h-16 bg-white rounded-full border-4 border-blue-500 hover:bg-gray-100 flex items-center justify-center text-3xl"[39m
                  [36m>[39m
                    [0m≡ƒô╖[0m
                  [36m</button>[39m
                [36m</div>[39m
              [36m</div>[39m
              [36m<canvas[39m
                [33mclass[39m=[32m"hidden"[39m
              [36m/>[39m
            [36m</div>[39m
            [36m<div[39m
              [33mclass[39m=[32m"bg-gray-50 border-t border-gray-300 p-4 flex justify-center gap-3"[39m
            [36m>[39m
              [36m<button[39m
                [33mclass[39m=[32m"px-6 py-3 border border-gray-300 rounded text-black bg-white hover:bg-gray-100 font-medium"[39m
              [36m>[39m
                [0mCancel[0m
              [36m</button>[39m
            [36m</div>[39m
          [36m</div>[39m
        [36m</div>[39m
      [36m</div>[39m
    [36m</body>[39m

    [0m [90m 180 |[39m     
     [90m 181 |[39m     [90m// Click retake[39m
    [31m[1m>[22m[39m[90m 182 |[39m     [36mawait[39m waitFor(() [33m=>[39m {
     [90m     |[39m                  [31m[1m^[22m[39m
     [90m 183 |[39m       [36mconst[39m retakeButton [33m=[39m screen[33m.[39mgetByText([35m/≡ƒöä Retake/i[39m)[33m;[39m
     [90m 184 |[39m       fireEvent[33m.[39mclick(retakeButton)[33m;[39m
     [90m 185 |[39m     })[33m;[39m[0m

      at waitForWrapper (node_modules/@testing-library/dom/dist/wait-for.js:163:27)
      at Object.<anonymous> (src/components/__tests__/CameraCapture.test.jsx:182:18)

  ΓùÅ CameraCapture Component - Phase 2E Mobile Features ΓÇ║ should confirm and use captured photo

    Unable to find an element with the text: /Γ£ô Use Photo/i. This could be because the text is broken up by multiple elements. In this case, you can provide a 
function for your text matcher to make your matcher more flexible.

    Ignored nodes: comments, script, style
    [36m<body>[39m
      [36m<div>[39m
        [36m<div[39m
          [33mclass[39m=[32m"fixed inset-0 bg-black bg-opacity-90 flex items-center justify-center z-50"[39m
        [36m>[39m
          [36m<div[39m
            [33mclass[39m=[32m"bg-white rounded-lg shadow-xl max-w-2xl w-full max-h-[90vh] overflow-hidden"[39m
          [36m>[39m
            [36m<div[39m
              [33mclass[39m=[32m"bg-white border-b border-gray-300 p-4 flex justify-between items-center"[39m
            [36m>[39m
              [36m<h2[39m
                [33mclass[39m=[32m"text-xl font-bold text-black"[39m
              [36m>[39m
                [0mTake Photo[0m
              [36m</h2>[39m
              [36m<button[39m
                [33mclass[39m=[32m"text-gray-600 hover:text-gray-900 text-2xl font-bold"[39m
              [36m>[39m
                [0m├ù[0m
              [36m</button>[39m
            [36m</div>[39m
            [36m<div[39m
              [33mclass[39m=[32m"relative bg-black"[39m
            [36m>[39m
              [36m<div[39m
                [33mclass[39m=[32m"relative"[39m
              [36m>[39m
                [36m<video[39m
                  [33mautoplay[39m=[32m""[39m
                  [33mclass[39m=[32m"w-full h-auto"[39m
                  [33mplaysinline[39m=[32m""[39m
                [36m/>[39m
                [36m<div[39m
                  [33mclass[39m=[32m"absolute bottom-4 left-0 right-0 flex justify-center"[39m
                [36m>[39m
                  [36m<button[39m
                    [33mclass[39m=[32m"w-16 h-16 bg-white rounded-full border-4 border-blue-500 hover:bg-gray-100 flex items-center justify-center text-3xl"[39m
                  [36m>[39m
                    [0m≡ƒô╖[0m
                  [36m</button>[39m
                [36m</div>[39m
              [36m</div>[39m
              [36m<canvas[39m
                [33mclass[39m=[32m"hidden"[39m
              [36m/>[39m
            [36m</div>[39m
            [36m<div[39m
              [33mclass[39m=[32m"bg-gray-50 border-t border-gray-300 p-4 flex justify-center gap-3"[39m
            [36m>[39m
              [36m<button[39m
                [33mclass[39m=[32m"px-6 py-3 border border-gray-300 rounded text-black bg-white hover:bg-gray-100 font-medium"[39m
              [36m>[39m
                [0mCancel[0m
              [36m</button>[39m
            [36m</div>[39m
          [36m</div>[39m
        [36m</div>[39m
      [36m</div>[39m
    [36m</body>[39m

    [0m [90m 217 |[39m     
     [90m 218 |[39m     [90m// Confirm photo[39m
    [31m[1m>[22m[39m[90m 219 |[39m     [36mawait[39m waitFor(() [33m=>[39m {
     [90m     |[39m                  [31m[1m^[22m[39m
     [90m 220 |[39m       [36mconst[39m useButton [33m=[39m screen[33m.[39mgetByText([35m/Γ£ô Use Photo/i[39m)[33m;[39m
     [90m 221 |[39m       fireEvent[33m.[39mclick(useButton)[33m;[39m
     [90m 222 |[39m     })[33m;[39m[0m

      at waitForWrapper (node_modules/@testing-library/dom/dist/wait-for.js:163:27)
      at Object.<anonymous> (src/components/__tests__/CameraCapture.test.jsx:219:18)

  ΓùÅ CameraCapture Component - Phase 2E Mobile Features ΓÇ║ should cleanup on unmount

    expect(jest.fn()).toHaveBeenCalled()

    Expected number of calls: >= 1
    Received number of calls:    0

    Ignored nodes: comments, script, style
    [36m<html>[39m
      [36m<head />[39m
      [36m<body>[39m
        [36m<div />[39m
      [36m</body>[39m
    [36m</html>[39m

    [0m [90m 270 |[39m     
     [90m 271 |[39m     [36mawait[39m waitFor(() [33m=>[39m {
    [31m[1m>[22m[39m[90m 272 |[39m       expect(mockStop)[33m.[39mtoHaveBeenCalled()[33m;[39m
     [90m     |[39m                        [31m[1m^[22m[39m
     [90m 273 |[39m     })[33m;[39m
     [90m 274 |[39m   })[33m;[39m
     [90m 275 |[39m[0m

      at toHaveBeenCalled (src/components/__tests__/CameraCapture.test.jsx:272:24)
      at runWithExpensiveErrorDiagnosticsDisabled (node_modules/@testing-library/dom/dist/config.js:47:12)
      at checkCallback (node_modules/@testing-library/dom/dist/wait-for.js:124:77)
      at checkRealTimersCallback (node_modules/@testing-library/dom/dist/wait-for.js:118:16)
      at Timeout.task [as _onTimeout] (node_modules/jsdom/lib/jsdom/browser/Window.js:579:19)

FAIL src/components/__tests__/QuickReorder.test.jsx
  ΓùÅ QuickReorder Component - Phase 2A ΓÇ║ should add item to cart with par level quantity

    Found multiple elements with the text: 2x4 Lumber

    Here are the matching elements:

    Ignored nodes: comments, script, style
    [36m<div[39m
      [33mclass[39m=[32m"text-sm font-medium text-black"[39m
    [36m>[39m
      [0m2x4 Lumber[0m
    [36m</div>[39m

    Ignored nodes: comments, script, style
    [36m<div[39m
      [33mclass[39m=[32m"text-sm font-medium text-black"[39m
    [36m>[39m
      [0m2x4 Lumber[0m
    [36m</div>[39m

    (If this is intentional, then use the `*AllBy*` variant of the query (like `queryAllByText`, `getAllByText`, or `findAllByText`)).

    Ignored nodes: comments, script, style
    [36m<body>[39m
      [36m<div>[39m
        [36m<div[39m
          [33mclass[39m=[32m"fixed right-0 top-0 h-full bg-white border-l-2 border-gray-300 shadow-xl transition-all duration-300 z-40 
          w-96 max-w-full 
          lg:block false"[39m
        [36m>[39m
          [36m<button[39m
            [33mclass[39m=[32m"absolute -left-10 top-4 bg-blue-500 text-white px-3 py-2 rounded-l hover:bg-blue-600 font-bold lg:flex hidden"[39m
          [36m>[39m
            [0mΓåÆ[0m
          [36m</button>[39m
          [36m<button[39m
            [33mclass[39m=[32m"lg:hidden fixed bottom-4 right-4 bg-blue-500 text-white w-14 h-14 rounded-full shadow-lg hover:bg-blue-600 flex items-center 
justify-center text-2xl z-50"[39m
          [36m>[39m
            [0m≡ƒ¢Æ[0m
          [36m</button>[39m
          [36m<div[39m
            [33mclass[39m=[32m"h-full flex flex-col"[39m
          [36m>[39m
            [36m<div[39m
              [33mclass[39m=[32m"p-4 border-b border-gray-300 bg-blue-50"[39m
            [36m>[39m
              [36m<h2[39m
                [33mclass[39m=[32m"text-xl font-bold text-black"[39m
              [36m>[39m
                [0mQuick Reorder[0m
              [36m</h2>[39m
              [36m<p[39m
                [33mclass[39m=[32m"text-sm text-gray-600"[39m
              [36m>[39m
                [0mAdd items and generate PO[0m
              [36m</p>[39m
            [36m</div>[39m
            [36m<div[39m
              [33mclass[39m=[32m"flex-1 overflow-y-auto"[39m
            [36m>[39m
              [36m<div[39m
                [33mclass[39m=[32m"p-4 border-b border-gray-300 bg-orange-50"[39m
              [36m>[39m
                [36m<h3[39m
                  [33mclass[39m=[32m"font-bold text-black mb-2 flex items-center gap-2"[39m
                [36m>[39m
                  [0mΓÜá∩╕Å Low Stock ([0m
                  [0m1[0m
                  [0m)[0m
                [36m</h3>[39m
                [36m<div[39m
                  [33mclass[39m=[32m"space-y-2"[39m
                [36m>[39m
                  [36m<div[39m
                    [33mclass[39m=[32m"bg-white border border-orange-300 rounded p-2"[39m
                  [36m>[39m
                    [36m<div[39m
                      [33mclass[39m=[32m"flex justify-between items-start"[39m
                    [36m>[39m
                      [36m<div[39m
                        [33mclass[39m=[32m"flex-1"[39m
                      [36m>[39m
                        [36m<div[39m
                          [33mclass[39m=[32m"text-sm font-medium text-black"[39m
                        [36m>[39m
                          [0m2x4 Lumber[0m
                        [36m</div>[39m
                        [36m<div[39m
                          [33mclass[39m=[32m"text-xs text-gray-600"[39m
                        [36m>[39m
                          [0mStock: [0m
                          [0m5[0m
                          [0m / Par: [0m
                          [0m20[0m
                        [36m</div>[39m
                        [36m<div[39m
                          [33mclass[39m=[32m"text-xs text-gray-500"[39m
                        [36m>[39m
                          [0m≡ƒôª [0m
                          [0mHome Depot[0m
                        [36m</div>[39m
                      [36m</div>[39m
                      [36m<button[39m
                        [33mclass[39m=[32m"bg-orange-500 text-white px-2 py-1 rounded hover:bg-orange-600 text-xs"[39m
                      [36m>[39m
                        [0m+ Add[0m
                      [36m</button>[39m
                    [36m</div>[39m
                  [36m</div>[39m
                [36m</div>[39m
              [36m</div>[39m
              [36m<div[39m
                [33mclass[39m=[32m"p-4"[39m
              [36m>[39m
                [36m<h3[39m
                  [33mclass[39m=[32m"font-bold text-black mb-2"[39m
                [36m>[39m
                  [0mFrequently Ordered[0m
                [36m</h3>[39m
                [36m<div[39m
                  [33mclass[39m=[32m"space-y-2"[39m
                [36m>[39m
                  [36m<div[39m
                    [33mclass[39m=[32m"bg-gray-50 border border-gray-300 rounded p-2"[39m
                  [36m>[39m
                    [36m<div[39m
                      [33mclass[39m=[32m"flex justify-between items-start"[39m
                    [36m>[39m
                      [36m<div[39m
                        [33mclass[39m=[32m"flex-1"[39m
                      [36m>[39m
                        [36m<div[39m
                          [33mclass[39m=[32m"text-sm font-medium text-black"[39m
                        [36m>[39m
                          [0m2x4 Lumber[0m
                        [36m</div>[39m
                        [36m<div[39m
                          [33mclass[39m=[32m"text-xs text-gray-600"[39m
                        [36m>[39m
                          [0mPar: [0m
                          [0m20[0m
                          [0m [0m
                          [0meach[0m
                        [36m</div>[39m
                        [36m<div[39m
                          [33mclass[39m=[32m"text-xs text-gray-500"[39m
                        [36m>[39m
                          [0m≡ƒôª [0m
                          [0mHome Depot[0m
                        [36m</div>[39m
                      [36m</div>[39m
                      [36m<button[39m
                        [33mclass[39m=[32m"px-2 py-1 rounded text-xs font-medium bg-blue-500 text-white hover:bg-blue-600"[39m
                      [36m>[39m
                        [0m+ Add[0m
                      [36m</button>[39m
                    [36m</div>[39m
                  [36m</div>[39m
                  [36m<div[39m
                    [33mclass[39m=[32m"bg-gray-50 border border-gray-300 rounded p-2"[39m
                  [36m>[39m
                    [36m<div[39m
                      [33mclass[39m=[32m"flex justify-between items-start"[39m
                    [36m>[39m
                      [36m<div[39m
                        [33mclass[39m=[32m"flex-1"[39m
                      [36m>[39m
                        [36m<div[39m
                          [33mclass[39m=[32m"text-sm font-medium text-black"[39m
                        [36m>[39m
                          [0mDrywall Screws[0m
                        [36m</div>[39m
                        [36m<div[39m
                          [33mclass[39m=[32m"text-xs text-gray-600"[39m
                        [36m>[39m
                          [0mPar: [0m
                          [0m10[0m
                          [0m [0m
                          [0mbox[0m
                        [36m</div>[39m
                        [36m<div[39m
                          [33mclass[39m=[32m"text-xs text-gray-500"[39m
                        [36m>[39m
                          [0m≡ƒôª [0m
                          [0mHome Depot[0m
                        [36m</div>[39m
                      [36m</div>[39m
                      [36m<button[39m
                        [33mclass[39m=[32m"px-2 py-1 rounded text-xs font-medium bg-blue-500 text-white hover:bg-blue-600"[39m
                      [36m>[39m
                        [0m+ Add[0m
                      [36m</button>[39m
                    [36m</div>[39m
                  [36m</div>[39m
                [36m</div>[39m
              [36m</div>[39m
            [36m</div>[39m
            [36m<div[39m
              [33mclass[39m=[32m"p-4 bg-gray-50 border-t border-gray-300 text-xs text-gray-600"[39m
            [36m>[39m
              [0m≡ƒÆí Tip: Set par levels in inventory to see smart reorder suggestions[0m
            [36m</div>[39m
          [36m</div>[39m
        [36m</div>[39m
      [36m</div>[39m
    [36m</body>[39m

    [0m [90m 71 |[39m     render([33m<[39m[33mQuickReorder[39m onCreatePO[33m=[39m{mockOnCreatePO} [33m/[39m[33m>[39m)[33m;[39m
     [90m 72 |[39m     
    [31m[1m>[22m[39m[90m 73 |[39m     [36mawait[39m waitFor(() [33m=>[39m {
     [90m    |[39m                  [31m[1m^[22m[39m
     [90m 74 |[39m       expect(screen[33m.[39mgetByText([32m'2x4 Lumber'[39m))[33m.[39mtoBeInTheDocument()[33m;[39m
     [90m 75 |[39m     })[33m;[39m
     [90m 76 |[39m     [0m

      at waitForWrapper (node_modules/@testing-library/dom/dist/wait-for.js:163:27)
      at Object.<anonymous> (src/components/__tests__/QuickReorder.test.jsx:73:18)

  ΓùÅ QuickReorder Component - Phase 2A ΓÇ║ should generate PO and group by supplier

    Found multiple elements with the text: /Generate PO/i

    Here are the matching elements:

    Ignored nodes: comments, script, style
    [36m<p[39m
      [33mclass[39m=[32m"text-sm text-gray-600"[39m
    [36m>[39m
      [0mAdd items and generate PO[0m
    [36m</p>[39m

    Ignored nodes: comments, script, style
    [36m<button[39m
      [33mclass[39m=[32m"w-full bg-green-500 text-white py-2 rounded hover:bg-green-600 font-medium"[39m
    [36m>[39m
      [0m≡ƒôï Generate PO[0m
    [36m</button>[39m

    (If this is intentional, then use the `*AllBy*` variant of the query (like `queryAllByText`, `getAllByText`, or `findAllByText`)).

    Ignored nodes: comments, script, style
    [36m<body>[39m
      [36m<div>[39m
        [36m<div[39m
          [33mclass[39m=[32m"fixed right-0 top-0 h-full bg-white border-l-2 border-gray-300 shadow-xl transition-all duration-300 z-40 
          w-96 max-w-full 
          lg:block false"[39m
        [36m>[39m
          [36m<button[39m
            [33mclass[39m=[32m"absolute -left-10 top-4 bg-blue-500 text-white px-3 py-2 rounded-l hover:bg-blue-600 font-bold lg:flex hidden"[39m
          [36m>[39m
            [0mΓåÆ[0m
          [36m</button>[39m
          [36m<button[39m
            [33mclass[39m=[32m"lg:hidden fixed bottom-4 right-4 bg-blue-500 text-white w-14 h-14 rounded-full shadow-lg hover:bg-blue-600 flex items-center 
justify-center text-2xl z-50"[39m
          [36m>[39m
            [0m≡ƒ¢Æ[0m
          [36m</button>[39m
          [36m<div[39m
            [33mclass[39m=[32m"h-full flex flex-col"[39m
          [36m>[39m
            [36m<div[39m
              [33mclass[39m=[32m"p-4 border-b border-gray-300 bg-blue-50"[39m
            [36m>[39m
              [36m<h2[39m
                [33mclass[39m=[32m"text-xl font-bold text-black"[39m
              [36m>[39m
                [0mQuick Reorder[0m
              [36m</h2>[39m
              [36m<p[39m
                [33mclass[39m=[32m"text-sm text-gray-600"[39m
              [36m>[39m
                [0mAdd items and generate PO[0m
              [36m</p>[39m
            [36m</div>[39m
            [36m<div[39m
              [33mclass[39m=[32m"p-4 bg-green-50 border-b border-gray-300"[39m
            [36m>[39m
              [36m<div[39m
                [33mclass[39m=[32m"flex justify-between items-center mb-2"[39m
              [36m>[39m
                [36m<span[39m
                  [33mclass[39m=[32m"font-bold text-black"[39m
                [36m>[39m
                  [0mCart ([0m
                  [0m20[0m
                  [0m items)[0m
                [36m</span>[39m
                [36m<button[39m
                  [33mclass[39m=[32m"text-red-600 hover:text-red-800 text-sm"[39m
                [36m>[39m
                  [0mClear All[0m
                [36m</button>[39m
              [36m</div>[39m
              [36m<button[39m
                [33mclass[39m=[32m"w-full bg-green-500 text-white py-2 rounded hover:bg-green-600 font-medium"[39m
              [36m>[39m
                [0m≡ƒôï Generate PO[0m
              [36m</button>[39m
            [36m</div>[39m
            [36m<div[39m
              [33mclass[39m=[32m"flex-1 overflow-y-auto"[39m
            [36m>[39m
              [36m<div[39m
                [33mclass[39m=[32m"p-4 border-b border-gray-300"[39m
              [36m>[39m
                [36m<h3[39m
                  [33mclass[39m=[32m"font-bold text-black mb-2"[39m
                [36m>[39m
                  [0mCart Items[0m
                [36m</h3>[39m
                [36m<div[39m
                  [33mclass[39m=[32m"space-y-2"[39m
                [36m>[39m
                  [36m<div[39m
                    [33mclass[39m=[32m"bg-gray-50 border border-gray-300 rounded p-2"[39m
                  [36m>[39m
                    [36m<div[39m
                      [33mclass[39m=[32m"flex justify-between items-start mb-1"[39m
                    [36m>[39m
                      [36m<span[39m
                        [33mclass[39m=[32m"text-sm font-medium text-black"[39m
                      [36m>[39m
                        [0m2x4 Lumber[0m
                      [36m</span>[39m
                      [36m<button[39m
                        [33mclass[39m=[32m"text-red-600 hover:text-red-800 text-xs"[39m
                      [36m>[39m
                        [0mΓ£ò[0m
                      [36m</button>[39m
                    [36m</div>[39m
                    [36m<div[39m
                      [33mclass[39m=[32m"flex items-center gap-2"[39m
                    [36m>[39m
                      [36m<input[39m
                        [33mclass[39m=[32m"w-16 p-1 border border-gray-300 rounded text-black text-sm bg-white"[39m
                        [33mmin[39m=[32m"1"[39m
                        [33mtype[39m=[32m"number"[39m
                        [33mvalue[39m=[32m"20"[39m
                      [36m/>[39m
                      [36m<span[39m
                        [33mclass[39m=[32m"text-xs text-gray-600"[39m
                      [36m>[39m
                        [0meach[0m
                      [36m</span>[39m
                    [36m</div>[39m
                    [36m<div[39m
                      [33mclass[39m=[32m"text-xs text-gray-500 mt-1"[39m
                    [36m>[39m
                      [0m≡ƒôª [0m
                      [0mHome Depot[0m
                    [36m</div>[39m
                  [36m</div>[39m
                [36m</div>[39m
              [36m</div>[39m
              [36m<div[39m
                [33mclass[39m=[32m"p-4 border-b border-gray-300 bg-orange-50"[39m
              [36m>[39m
                [36m<h3[39m
                  [33mclass[39m=[32m"font-bold text-black mb-2 flex items-center gap-2"[39m
                [36m>[39m
                  [0mΓÜá∩╕Å Low Stock ([0m
                  [0m1[0m
                  [0m)[0m
                [36m</h3>[39m
                [36m<div[39m
                  [33mclass[39m=[32m"space-y-2"[39m
                [36m>[39m
                  [36m<div[39m
                    [33mclass[39m=[32m"bg-white border border-orange-300 rounded p-2"[39m
                  [36m>[39m
                    [36m<div[39m
                      [33mclass[39m=[32m"flex justify-between items-start"[39m
                    [36m>[39m
                      [36m<div[39m
                        [33mclass[39m=[32m"flex-1"[39m
                      [36m>[39m
                        [36m<div[39m
                          [33mclass[39m=[32m"text-sm font-medium text-black"[39m
                        [36m>[39m
                          [0m2x4 Lumber[0m
                        [36m</div>[39m
                        [36m<div[39m
                          [33mclass[39m=[32m"text-xs text-gray-600"[39m
                        [36m>[39m
                          [0mStock: [0m
                          [0m5[0m
                          [0m / Par: [0m
                          [0m20[0m
                        [36m</div>[39m
                        [36m<div[39m
                          [33mclass[39m=[32m"text-xs text-gray-500"[39m
                        [36m>[39m
                          [0m≡ƒôª [0m
                          [0mHome Depot[0m
                        [36m</div>[39m
                      [36m</div>[39m
                      [36m<button[39m
                        [33mclass[39m=[32m"bg-orange-500 text-white px-2 py-1 rounded hover:bg-orange-600 text-xs"[39m
                      [36m>[39m
                        [0m+ Add[0m
                      [36m</button>[39m
                    [36m</div>[39m
                  [36m</div>[39m
                [36m</div>[39m
              [36m</div>[39m
              [36m<div[39m
                [33mclass[39m=[32m"p-4"[39m
              [36m>[39m
                [36m<h3[39m
                  [33mclass[39m=[32m"font-bold text-black mb-2"[39m
                [36m>[39m
                  [0mFrequently Ordered[0m
                [36m</h3>[39m
                [36m<div[39m
                  [33mclass[39m=[32m"space-y-2"[39m
                [36m>[39m
                  [36m<div[39m
                    [33mclass[39m=[32m"bg-gray-50 border border-gray-300 rounded p-2"[39m
                  [36m>[39m
                    [36m<div[39m
                      [33mclass[39m=[32m"flex justify-between items-start"[39m
                    [36m>[39m
                      [36m<div[39m
                        [33mclass[39m=[32m"flex-1"[39m
                      [36m>[39m
                        [36m<div[39m
                          [33mclass[39m=[32m"text-sm font-medium text-black"[39m
                        [36m>[39m
                          [0m2x4 Lumber[0m
                        [36m</div>[39m
                        [36m<div[39m
                          [33mclass[39m=[32m"text-xs text-gray-600"[39m
                        [36m>[39m
                          [0mPar: [0m
                          [0m20[0m
                          [0m [0m
                          [0meach[0m
                        [36m</div>[39m
                        [36m<div[39m
                          [33mclass[39m=[32m"text-xs text-gray-500"[39m
                        [36m>[39m
                          [0m≡ƒôª [0m
                          [0mHome Depot[0m
                        [36m</div>[39m
                      [36m</div>[39m
                      [36m<button[39m
                        [33mclass[39m=[32m"px-2 py-1 rounded text-xs font-medium bg-gray-300 text-gray-600 cursor-not-allowed"[39m
                        [33mdisabled[39m=[32m""[39m
                      [36m>[39m
                        [0mΓ£ô Added[0m
                      [36m</button>[39m
                    [36m</div>[39m
                  [36m</div>[39m
                  [36m<div[39m
                    [33mclass[39m=[32m"bg-gray-50 border border-gray-300 rounded p-2"[39m
                  [36m>[39m
                    [36m<div[39m
                      [33mclass[39m=[32m"flex justify-between items-start"[39m
                    [36m>[39m
                      [36m<div[39m
                        [33mclass[39m=[32m"flex-1"[39m
                      [36m>[39m
                        [36m<div[39m
                          [33mclass[39m=[32m"text-sm font-medium text-black"[39m
                        [36m>[39m
                          [0mDrywall Screws[0m
                        [36m</div>[39m
                        [36m<div[39m
                          [33mclass[39m=[32m"text-xs text-gray-600"[39m
                        [36m>[39m
                          [0mPar: [0m
                          [0m10[0m
                          [0m [0m
                          [0mbox[0m
                        [36m</div>[39m
                        [36m<div[39m
                          [33mclass[39m=[32m"text-xs text-gray-500"[39m
                        [36m>[39m
                          [0m≡ƒôª [0m
                          [0mHome Depot[0m
                        [36m</div>[39m
                      [36m</div>[39m
                      [36m<button[39m
                        [33mclass[39m=[32m"px-2 py-1 rounded text-xs font-medium bg-blue-500 text-white hover:bg-blue-600"[39m
                      [36m>[39m
                        [0m+ Add[0m
                      [36m</button>[39m
                    [36m</div>[39m
                  [36m</div>[39m
                [36m</div>[39m
              [36m</div>[39m
            [36m</div>[39m
            [36m<div[39m
              [33mclass[39m=[32m"p-4 bg-gray-50 border-t border-gray-300 text-xs text-gray-600"[39m
            [36m>[39m
              [0m≡ƒÆí Tip: Set par levels in inventory to see smart reorder suggestions[0m
            [36m</div>[39m
          [36m</div>[39m
        [36m</div>[39m
      [36m</div>[39m
    [36m</body>[39m

    [0m [90m 146 |[39m     
     [90m 147 |[39m     [90m// Generate PO[39m
    [31m[1m>[22m[39m[90m 148 |[39m     [36mawait[39m waitFor(() [33m=>[39m {
     [90m     |[39m                  [31m[1m^[22m[39m
     [90m 149 |[39m       [36mconst[39m generateButton [33m=[39m screen[33m.[39mgetByText([35m/Generate PO/i[39m)[33m;[39m
     [90m 150 |[39m       fireEvent[33m.[39mclick(generateButton)[33m;[39m
     [90m 151 |[39m       [0m

      at waitForWrapper (node_modules/@testing-library/dom/dist/wait-for.js:163:27)
      at Object.<anonymous> (src/components/__tests__/QuickReorder.test.jsx:148:18)

  ΓùÅ QuickReorder Component - Phase 2A ΓÇ║ should calculate total items in cart

    Found multiple elements with the text: 2x4 Lumber

    Here are the matching elements:

    Ignored nodes: comments, script, style
    [36m<div[39m
      [33mclass[39m=[32m"text-sm font-medium text-black"[39m
    [36m>[39m
      [0m2x4 Lumber[0m
    [36m</div>[39m

    Ignored nodes: comments, script, style
    [36m<div[39m
      [33mclass[39m=[32m"text-sm font-medium text-black"[39m
    [36m>[39m
      [0m2x4 Lumber[0m
    [36m</div>[39m

    (If this is intentional, then use the `*AllBy*` variant of the query (like `queryAllByText`, `getAllByText`, or `findAllByText`)).

    Ignored nodes: comments, script, style
    [36m<body>[39m
      [36m<div>[39m
        [36m<div[39m
          [33mclass[39m=[32m"fixed right-0 top-0 h-full bg-white border-l-2 border-gray-300 shadow-xl transition-all duration-300 z-40 
          w-96 max-w-full 
          lg:block false"[39m
        [36m>[39m
          [36m<button[39m
            [33mclass[39m=[32m"absolute -left-10 top-4 bg-blue-500 text-white px-3 py-2 rounded-l hover:bg-blue-600 font-bold lg:flex hidden"[39m
          [36m>[39m
            [0mΓåÆ[0m
          [36m</button>[39m
          [36m<button[39m
            [33mclass[39m=[32m"lg:hidden fixed bottom-4 right-4 bg-blue-500 text-white w-14 h-14 rounded-full shadow-lg hover:bg-blue-600 flex items-center 
justify-center text-2xl z-50"[39m
          [36m>[39m
            [0m≡ƒ¢Æ[0m
          [36m</button>[39m
          [36m<div[39m
            [33mclass[39m=[32m"h-full flex flex-col"[39m
          [36m>[39m
            [36m<div[39m
              [33mclass[39m=[32m"p-4 border-b border-gray-300 bg-blue-50"[39m
            [36m>[39m
              [36m<h2[39m
                [33mclass[39m=[32m"text-xl font-bold text-black"[39m
              [36m>[39m
                [0mQuick Reorder[0m
              [36m</h2>[39m
              [36m<p[39m
                [33mclass[39m=[32m"text-sm text-gray-600"[39m
              [36m>[39m
                [0mAdd items and generate PO[0m
              [36m</p>[39m
            [36m</div>[39m
            [36m<div[39m
              [33mclass[39m=[32m"flex-1 overflow-y-auto"[39m
            [36m>[39m
              [36m<div[39m
                [33mclass[39m=[32m"p-4 border-b border-gray-300 bg-orange-50"[39m
              [36m>[39m
                [36m<h3[39m
                  [33mclass[39m=[32m"font-bold text-black mb-2 flex items-center gap-2"[39m
                [36m>[39m
                  [0mΓÜá∩╕Å Low Stock ([0m
                  [0m1[0m
                  [0m)[0m
                [36m</h3>[39m
                [36m<div[39m
                  [33mclass[39m=[32m"space-y-2"[39m
                [36m>[39m
                  [36m<div[39m
                    [33mclass[39m=[32m"bg-white border border-orange-300 rounded p-2"[39m
                  [36m>[39m
                    [36m<div[39m
                      [33mclass[39m=[32m"flex justify-between items-start"[39m
                    [36m>[39m
                      [36m<div[39m
                        [33mclass[39m=[32m"flex-1"[39m
                      [36m>[39m
                        [36m<div[39m
                          [33mclass[39m=[32m"text-sm font-medium text-black"[39m
                        [36m>[39m
                          [0m2x4 Lumber[0m
                        [36m</div>[39m
                        [36m<div[39m
                          [33mclass[39m=[32m"text-xs text-gray-600"[39m
                        [36m>[39m
                          [0mStock: [0m
                          [0m5[0m
                          [0m / Par: [0m
                          [0m20[0m
                        [36m</div>[39m
                        [36m<div[39m
                          [33mclass[39m=[32m"text-xs text-gray-500"[39m
                        [36m>[39m
                          [0m≡ƒôª [0m
                          [0mHome Depot[0m
                        [36m</div>[39m
                      [36m</div>[39m
                      [36m<button[39m
                        [33mclass[39m=[32m"bg-orange-500 text-white px-2 py-1 rounded hover:bg-orange-600 text-xs"[39m
                      [36m>[39m
                        [0m+ Add[0m
                      [36m</button>[39m
                    [36m</div>[39m
                  [36m</div>[39m
                [36m</div>[39m
              [36m</div>[39m
              [36m<div[39m
                [33mclass[39m=[32m"p-4"[39m
              [36m>[39m
                [36m<h3[39m
                  [33mclass[39m=[32m"font-bold text-black mb-2"[39m
                [36m>[39m
                  [0mFrequently Ordered[0m
                [36m</h3>[39m
                [36m<div[39m
                  [33mclass[39m=[32m"space-y-2"[39m
                [36m>[39m
                  [36m<div[39m
                    [33mclass[39m=[32m"bg-gray-50 border border-gray-300 rounded p-2"[39m
                  [36m>[39m
                    [36m<div[39m
                      [33mclass[39m=[32m"flex justify-between items-start"[39m
                    [36m>[39m
                      [36m<div[39m
                        [33mclass[39m=[32m"flex-1"[39m
                      [36m>[39m
                        [36m<div[39m
                          [33mclass[39m=[32m"text-sm font-medium text-black"[39m
                        [36m>[39m
                          [0m2x4 Lumber[0m
                        [36m</div>[39m
                        [36m<div[39m
                          [33mclass[39m=[32m"text-xs text-gray-600"[39m
                        [36m>[39m
                          [0mPar: [0m
                          [0m20[0m
                          [0m [0m
                          [0meach[0m
                        [36m</div>[39m
                        [36m<div[39m
                          [33mclass[39m=[32m"text-xs text-gray-500"[39m
                        [36m>[39m
                          [0m≡ƒôª [0m
                          [0mHome Depot[0m
                        [36m</div>[39m
                      [36m</div>[39m
                      [36m<button[39m
                        [33mclass[39m=[32m"px-2 py-1 rounded text-xs font-medium bg-blue-500 text-white hover:bg-blue-600"[39m
                      [36m>[39m
                        [0m+ Add[0m
                      [36m</button>[39m
                    [36m</div>[39m
                  [36m</div>[39m
                  [36m<div[39m
                    [33mclass[39m=[32m"bg-gray-50 border border-gray-300 rounded p-2"[39m
                  [36m>[39m
                    [36m<div[39m
                      [33mclass[39m=[32m"flex justify-between items-start"[39m
                    [36m>[39m
                      [36m<div[39m
                        [33mclass[39m=[32m"flex-1"[39m
                      [36m>[39m
                        [36m<div[39m
                          [33mclass[39m=[32m"text-sm font-medium text-black"[39m
                        [36m>[39m
                          [0mDrywall Screws[0m
                        [36m</div>[39m
                        [36m<div[39m
                          [33mclass[39m=[32m"text-xs text-gray-600"[39m
                        [36m>[39m
                          [0mPar: [0m
                          [0m10[0m
                          [0m [0m
                          [0mbox[0m
                        [36m</div>[39m
                        [36m<div[39m
                          [33mclass[39m=[32m"text-xs text-gray-500"[39m
                        [36m>[39m
                          [0m≡ƒôª [0m
                          [0mHome Depot[0m
                        [36m</div>[39m
                      [36m</div>[39m
                      [36m<button[39m
                        [33mclass[39m=[32m"px-2 py-1 rounded text-xs font-medium bg-blue-500 text-white hover:bg-blue-600"[39m
                      [36m>[39m
                        [0m+ Add[0m
                      [36m</button>[39m
                    [36m</div>[39m
                  [36m</div>[39m
                [36m</div>[39m
              [36m</div>[39m
            [36m</div>[39m
            [36m<div[39m
              [33mclass[39m=[32m"p-4 bg-gray-50 border-t border-gray-300 text-xs text-gray-600"[39m
            [36m>[39m
              [0m≡ƒÆí Tip: Set par levels in inventory to see smart reorder suggestions[0m
            [36m</div>[39m
          [36m</div>[39m
        [36m</div>[39m
      [36m</div>[39m
    [36m</body>[39m

    [0m [90m 194 |[39m     
     [90m 195 |[39m     [90m// Wait for items to load[39m
    [31m[1m>[22m[39m[90m 196 |[39m     [36mawait[39m waitFor(() [33m=>[39m {
     [90m     |[39m                  [31m[1m^[22m[39m
     [90m 197 |[39m       expect(screen[33m.[39mgetByText([32m'2x4 Lumber'[39m))[33m.[39mtoBeInTheDocument()[33m;[39m
     [90m 198 |[39m     })[33m;[39m
     [90m 199 |[39m     [0m

      at waitForWrapper (node_modules/@testing-library/dom/dist/wait-for.js:163:27)
      at Object.<anonymous> (src/components/__tests__/QuickReorder.test.jsx:196:18)

FAIL src/components/__tests__/MobileNav.test.jsx
  ΓùÅ Console

    console.error
      Error: Not implemented: navigation (except hash changes)
          at module.exports (F:\AI Projects\handyman-tracker\node_modules\jsdom\lib\jsdom\browser\not-implemented.js:9:17)
          at navigateFetch (F:\AI Projects\handyman-tracker\node_modules\jsdom\lib\jsdom\living\window\navigation.js:77:3)
          at exports.navigate (F:\AI Projects\handyman-tracker\node_modules\jsdom\lib\jsdom\living\window\navigation.js:55:3)
          at LocationImpl._locationObjectNavigate (F:\AI Projects\handyman-tracker\node_modules\jsdom\lib\jsdom\living\window\Location-impl.js:30:5)
          at LocationImpl._locationObjectSetterNavigate (F:\AI Projects\handyman-tracker\node_modules\jsdom\lib\jsdom\living\window\Location-impl.js:24:17)
          at LocationImpl.set href [as href] (F:\AI Projects\handyman-tracker\node_modules\jsdom\lib\jsdom\living\window\Location-impl.js:46:10)
          at Location.set href [as href] (F:\AI Projects\handyman-tracker\node_modules\jsdom\lib\jsdom\living\generated\Location.js:125:37)
          at Reflect.set (<anonymous>)
          at Window.set location [as location] (F:\AI Projects\handyman-tracker\node_modules\jsdom\lib\jsdom\browser\Window.js:424:15)
          at Object.<anonymous> (F:\AI Projects\handyman-tracker\src\components\__tests__\MobileNav.test.jsx:123:20)
          at Promise.finally.completed (F:\AI Projects\handyman-tracker\node_modules\jest-circus\build\jestAdapterInit.js:1557:28)
          at new Promise (<anonymous>)
          at callAsyncCircusFn (F:\AI Projects\handyman-tracker\node_modules\jest-circus\build\jestAdapterInit.js:1497:10)
          at _callCircusTest (F:\AI Projects\handyman-tracker\node_modules\jest-circus\build\jestAdapterInit.js:1007:40)
          at _runTest (F:\AI Projects\handyman-tracker\node_modules\jest-circus\build\jestAdapterInit.js:947:3)
          at F:\AI Projects\handyman-tracker\node_modules\jest-circus\build\jestAdapterInit.js:849:7
          at _runTestsForDescribeBlock (F:\AI Projects\handyman-tracker\node_modules\jest-circus\build\jestAdapterInit.js:862:11)
          at _runTestsForDescribeBlock (F:\AI Projects\handyman-tracker\node_modules\jest-circus\build\jestAdapterInit.js:857:11)
          at run (F:\AI Projects\handyman-tracker\node_modules\jest-circus\build\jestAdapterInit.js:761:3)
          at runAndTransformResultsToJestFormat (F:\AI Projects\handyman-tracker\node_modules\jest-circus\build\jestAdapterInit.js:1918:21)
          at jestAdapter (F:\AI Projects\handyman-tracker\node_modules\jest-circus\build\runner.js:101:19)
          at runTestInternal (F:\AI Projects\handyman-tracker\node_modules\jest-runner\build\testWorker.js:275:16)
          at runTest (F:\AI Projects\handyman-tracker\node_modules\jest-runner\build\testWorker.js:343:7)
          at Object.worker (F:\AI Projects\handyman-tracker\node_modules\jest-runner\build\testWorker.js:497:12) {
        type: 'not implemented'
      }

    [0m [90m 121 |[39m     
     [90m 122 |[39m     [36mdelete[39m window[33m.[39mlocation[33m;[39m
    [31m[1m>[22m[39m[90m 123 |[39m     window[33m.[39mlocation [33m=[39m mockLocation[33m;[39m
     [90m     |[39m                    [31m[1m^[22m[39m
     [90m 124 |[39m     
     [90m 125 |[39m     render([33m<[39m[33mBrowserRouter[39m[33m>[39m[33m<[39m[33mMobileNav[39m 
[33m/[39m[33m>[39m[33m<[39m[33m/[39m[33mBrowserRouter[39m[33m>[39m)[33m;[39m
     [90m 126 |[39m     [0m

      at VirtualConsole.<anonymous> (node_modules/@jest/environment-jsdom-abstract/build/index.js:87:23)
      at module.exports (node_modules/jsdom/lib/jsdom/browser/not-implemented.js:12:26)
      at navigateFetch (node_modules/jsdom/lib/jsdom/living/window/navigation.js:77:3)
      at exports.navigate (node_modules/jsdom/lib/jsdom/living/window/navigation.js:55:3)
      at LocationImpl._locationObjectNavigate (node_modules/jsdom/lib/jsdom/living/window/Location-impl.js:30:5)
      at LocationImpl._locationObjectSetterNavigate (node_modules/jsdom/lib/jsdom/living/window/Location-impl.js:24:17)
      at LocationImpl.set href [as href] (node_modules/jsdom/lib/jsdom/living/window/Location-impl.js:46:10)
      at Location.set href [as href] (node_modules/jsdom/lib/jsdom/living/generated/Location.js:125:37)
          at Reflect.set (<anonymous>)
      at Window.set location [as location] (node_modules/jsdom/lib/jsdom/browser/Window.js:424:15)
      at Object.<anonymous> (src/components/__tests__/MobileNav.test.jsx:123:20)

    console.error
      Error: Not implemented: navigation (except hash changes)
          at module.exports (F:\AI Projects\handyman-tracker\node_modules\jsdom\lib\jsdom\browser\not-implemented.js:9:17)
          at navigateFetch (F:\AI Projects\handyman-tracker\node_modules\jsdom\lib\jsdom\living\window\navigation.js:77:3)
          at exports.navigate (F:\AI Projects\handyman-tracker\node_modules\jsdom\lib\jsdom\living\window\navigation.js:55:3)
          at LocationImpl._locationObjectNavigate (F:\AI Projects\handyman-tracker\node_modules\jsdom\lib\jsdom\living\window\Location-impl.js:30:5)
          at LocationImpl._locationObjectSetterNavigate (F:\AI Projects\handyman-tracker\node_modules\jsdom\lib\jsdom\living\window\Location-impl.js:24:17)
          at LocationImpl.set href [as href] (F:\AI Projects\handyman-tracker\node_modules\jsdom\lib\jsdom\living\window\Location-impl.js:46:10)
          at Location.set href [as href] (F:\AI Projects\handyman-tracker\node_modules\jsdom\lib\jsdom\living\generated\Location.js:125:37)
          at onClick (F:\AI Projects\handyman-tracker\src\components\MobileNav.jsx:78:41)
          at executeDispatch (F:\AI Projects\handyman-tracker\node_modules\react-dom\cjs\react-dom-client.development.js:19116:9)
          at runWithFiberInDEV (F:\AI Projects\handyman-tracker\node_modules\react-dom\cjs\react-dom-client.development.js:874:13)
          at processDispatchQueue (F:\AI Projects\handyman-tracker\node_modules\react-dom\cjs\react-dom-client.development.js:19166:19)
          at F:\AI Projects\handyman-tracker\node_modules\react-dom\cjs\react-dom-client.development.js:19767:9
          at batchedUpdates$1 (F:\AI Projects\handyman-tracker\node_modules\react-dom\cjs\react-dom-client.development.js:3255:40)
          at dispatchEventForPluginEventSystem (F:\AI Projects\handyman-tracker\node_modules\react-dom\cjs\react-dom-client.development.js:19320:7)
          at dispatchEvent (F:\AI Projects\handyman-tracker\node_modules\react-dom\cjs\react-dom-client.development.js:23585:11)
          at dispatchDiscreteEvent (F:\AI Projects\handyman-tracker\node_modules\react-dom\cjs\react-dom-client.development.js:23553:11)
          at HTMLDivElement.callTheUserObjectsOperation (F:\AI Projects\handyman-tracker\node_modules\jsdom\lib\jsdom\living\generated\EventListener.js:26:30)
          at innerInvokeEventListeners (F:\AI Projects\handyman-tracker\node_modules\jsdom\lib\jsdom\living\events\EventTarget-impl.js:350:25)
          at invokeEventListeners (F:\AI Projects\handyman-tracker\node_modules\jsdom\lib\jsdom\living\events\EventTarget-impl.js:286:3)
          at HTMLSpanElementImpl._dispatch (F:\AI Projects\handyman-tracker\node_modules\jsdom\lib\jsdom\living\events\EventTarget-impl.js:233:9)
          at HTMLSpanElementImpl.dispatchEvent (F:\AI Projects\handyman-tracker\node_modules\jsdom\lib\jsdom\living\events\EventTarget-impl.js:104:17)
          at HTMLSpanElement.dispatchEvent (F:\AI Projects\handyman-tracker\node_modules\jsdom\lib\jsdom\living\generated\EventTarget.js:241:34)
          at F:\AI Projects\handyman-tracker\node_modules\@testing-library\dom\dist\events.js:19:20
          at F:\AI Projects\handyman-tracker\node_modules\@testing-library\react\dist\pure.js:108:16
          at F:\AI Projects\handyman-tracker\node_modules\@testing-library\react\dist\act-compat.js:48:24
          at process.env.NODE_ENV.exports.act (F:\AI Projects\handyman-tracker\node_modules\react\cjs\react.development.js:814:22)
          at F:\AI Projects\handyman-tracker\node_modules\@testing-library\react\dist\act-compat.js:47:25
          at Object.eventWrapper (F:\AI Projects\handyman-tracker\node_modules\@testing-library\react\dist\pure.js:107:28)
          at fireEvent (F:\AI Projects\handyman-tracker\node_modules\@testing-library\dom\dist\events.js:12:35)
          at Function.fireEvent.<computed> [as click] (F:\AI Projects\handyman-tracker\node_modules\@testing-library\dom\dist\events.js:110:36)
          at Function.fireEvent.<computed> [as click] (F:\AI Projects\handyman-tracker\node_modules\@testing-library\react\dist\fire-event.js:15:52)
          at click (F:\AI Projects\handyman-tracker\src\components\__tests__\MobileNav.test.jsx:133:17)
          at runWithExpensiveErrorDiagnosticsDisabled (F:\AI Projects\handyman-tracker\node_modules\@testing-library\dom\dist\config.js:47:12)
          at checkCallback (F:\AI Projects\handyman-tracker\node_modules\@testing-library\dom\dist\wait-for.js:124:77)
          at F:\AI Projects\handyman-tracker\node_modules\@testing-library\dom\dist\wait-for.js:97:7
          at new Promise (<anonymous>)
          at waitFor (F:\AI Projects\handyman-tracker\node_modules\@testing-library\dom\dist\wait-for.js:36:10)
          at F:\AI Projects\handyman-tracker\node_modules\@testing-library\dom\dist\wait-for.js:164:54
          at Object.asyncWrapper (F:\AI Projects\handyman-tracker\node_modules\@testing-library\react\dist\pure.js:88:28)
          at waitForWrapper (F:\AI Projects\handyman-tracker\node_modules\@testing-library\dom\dist\wait-for.js:164:35)
          at Object.<anonymous> (F:\AI Projects\handyman-tracker\src\components\__tests__\MobileNav.test.jsx:131:18)
          at Promise.finally.completed (F:\AI Projects\handyman-tracker\node_modules\jest-circus\build\jestAdapterInit.js:1557:28)
          at new Promise (<anonymous>)
          at callAsyncCircusFn (F:\AI Projects\handyman-tracker\node_modules\jest-circus\build\jestAdapterInit.js:1497:10)
          at _callCircusTest (F:\AI Projects\handyman-tracker\node_modules\jest-circus\build\jestAdapterInit.js:1007:40)
          at _runTest (F:\AI Projects\handyman-tracker\node_modules\jest-circus\build\jestAdapterInit.js:947:3)
          at F:\AI Projects\handyman-tracker\node_modules\jest-circus\build\jestAdapterInit.js:849:7
          at _runTestsForDescribeBlock (F:\AI Projects\handyman-tracker\node_modules\jest-circus\build\jestAdapterInit.js:862:11)
          at _runTestsForDescribeBlock (F:\AI Projects\handyman-tracker\node_modules\jest-circus\build\jestAdapterInit.js:857:11)
          at run (F:\AI Projects\handyman-tracker\node_modules\jest-circus\build\jestAdapterInit.js:761:3)
          at runAndTransformResultsToJestFormat (F:\AI Projects\handyman-tracker\node_modules\jest-circus\build\jestAdapterInit.js:1918:21)
          at jestAdapter (F:\AI Projects\handyman-tracker\node_modules\jest-circus\build\runner.js:101:19)
          at runTestInternal (F:\AI Projects\handyman-tracker\node_modules\jest-runner\build\testWorker.js:275:16)
          at runTest (F:\AI Projects\handyman-tracker\node_modules\jest-runner\build\testWorker.js:343:7)
          at Object.worker (F:\AI Projects\handyman-tracker\node_modules\jest-runner\build\testWorker.js:497:12) {
        type: 'not implemented'
      }

    [0m [90m 76 |[39m                   onClick[33m=[39m{() [33m=>[39m {
     [90m 77 |[39m                     localStorage[33m.[39mremoveItem([32m'token'[39m)[33m;[39m
    [31m[1m>[22m[39m[90m 78 |[39m                     window[33m.[39mlocation[33m.[39mhref [33m=[39m [32m'/login'[39m[33m;[39m
     [90m    |[39m                                         [31m[1m^[22m[39m
     [90m 79 |[39m                   }}
     [90m 80 |[39m                   className[33m=[39m[32m"flex items-center gap-3 p-3 rounded mt-4 w-full text-left text-red-600 hover:bg-red-50"[39m
     [90m 81 |[39m                 [33m>[39m[0m

      at VirtualConsole.<anonymous> (node_modules/@jest/environment-jsdom-abstract/build/index.js:87:23)
      at module.exports (node_modules/jsdom/lib/jsdom/browser/not-implemented.js:12:26)
      at navigateFetch (node_modules/jsdom/lib/jsdom/living/window/navigation.js:77:3)
      at exports.navigate (node_modules/jsdom/lib/jsdom/living/window/navigation.js:55:3)
      at LocationImpl._locationObjectNavigate (node_modules/jsdom/lib/jsdom/living/window/Location-impl.js:30:5)
      at LocationImpl._locationObjectSetterNavigate (node_modules/jsdom/lib/jsdom/living/window/Location-impl.js:24:17)
      at LocationImpl.set href [as href] (node_modules/jsdom/lib/jsdom/living/window/Location-impl.js:46:10)
      at Location.set href [as href] (node_modules/jsdom/lib/jsdom/living/generated/Location.js:125:37)
      at onClick (src/components/MobileNav.jsx:78:41)
      at executeDispatch (node_modules/react-dom/cjs/react-dom-client.development.js:19116:9)
      at runWithFiberInDEV (node_modules/react-dom/cjs/react-dom-client.development.js:874:13)
      at processDispatchQueue (node_modules/react-dom/cjs/react-dom-client.development.js:19166:19)
      at node_modules/react-dom/cjs/react-dom-client.development.js:19767:9
      at batchedUpdates$1 (node_modules/react-dom/cjs/react-dom-client.development.js:3255:40)
      at dispatchEventForPluginEventSystem (node_modules/react-dom/cjs/react-dom-client.development.js:19320:7)
      at dispatchEvent (node_modules/react-dom/cjs/react-dom-client.development.js:23585:11)
      at dispatchDiscreteEvent (node_modules/react-dom/cjs/react-dom-client.development.js:23553:11)
      at HTMLDivElement.callTheUserObjectsOperation (node_modules/jsdom/lib/jsdom/living/generated/EventListener.js:26:30)
      at innerInvokeEventListeners (node_modules/jsdom/lib/jsdom/living/events/EventTarget-impl.js:350:25)
      at invokeEventListeners (node_modules/jsdom/lib/jsdom/living/events/EventTarget-impl.js:286:3)
      at HTMLSpanElementImpl._dispatch (node_modules/jsdom/lib/jsdom/living/events/EventTarget-impl.js:233:9)
      at HTMLSpanElementImpl.dispatchEvent (node_modules/jsdom/lib/jsdom/living/events/EventTarget-impl.js:104:17)
      at HTMLSpanElement.dispatchEvent (node_modules/jsdom/lib/jsdom/living/generated/EventTarget.js:241:34)
      at node_modules/@testing-library/dom/dist/events.js:19:20
      at node_modules/@testing-library/react/dist/pure.js:108:16
      at node_modules/@testing-library/react/dist/act-compat.js:48:24
      at process.env.NODE_ENV.exports.act (node_modules/react/cjs/react.development.js:814:22)
      at node_modules/@testing-library/react/dist/act-compat.js:47:25
      at Object.eventWrapper (node_modules/@testing-library/react/dist/pure.js:107:28)
      at fireEvent (node_modules/@testing-library/dom/dist/events.js:12:35)
      at Function.fireEvent.<computed> [as click] (node_modules/@testing-library/dom/dist/events.js:110:36)
      at Function.fireEvent.<computed> [as click] (node_modules/@testing-library/react/dist/fire-event.js:15:52)
      at click (src/components/__tests__/MobileNav.test.jsx:133:17)
      at runWithExpensiveErrorDiagnosticsDisabled (node_modules/@testing-library/dom/dist/config.js:47:12)
      at checkCallback (node_modules/@testing-library/dom/dist/wait-for.js:124:77)
      at node_modules/@testing-library/dom/dist/wait-for.js:97:7
      at waitFor (node_modules/@testing-library/dom/dist/wait-for.js:36:10)
      at node_modules/@testing-library/dom/dist/wait-for.js:164:54
      at Object.asyncWrapper (node_modules/@testing-library/react/dist/pure.js:88:28)
      at waitForWrapper (node_modules/@testing-library/dom/dist/wait-for.js:164:35)
      at Object.<anonymous> (src/components/__tests__/MobileNav.test.jsx:131:18)

  ΓùÅ MobileNav Component - Phase 2E Mobile Features ΓÇ║ should handle logout

    expect(received).toContain(expected) // indexOf

    Expected substring: "/login"
    Received string:    "http://localhost/customers"

    [0m [90m 137 |[39m     expect(localStorage[33m.[39mgetItem([32m'token'[39m))[33m.[39mtoBeNull()[33m;[39m
     [90m 138 |[39m     [90m// Check that href was set (jsdom will append to current URL)[39m
    [31m[1m>[22m[39m[90m 139 |[39m     expect(window[33m.[39mlocation[33m.[39mhref)[33m.[39mtoContain([32m'/login'[39m)[33m;[39m
     [90m     |[39m                                  [31m[1m^[22m[39m
     [90m 140 |[39m   })[33m;[39m
     [90m 141 |[39m
     [90m 142 |[39m   test([32m'should show navigation icons'[39m[33m,[39m [36masync[39m () [33m=>[39m {[0m

      at Object.toContain (src/components/__tests__/MobileNav.test.jsx:139:34)

PASS src/components/__tests__/Customers.test.jsx
  ΓùÅ Console

    console.log
      Fetched customers: [
        { id: '1', name: 'John Doe', projects: 1 },
        { id: '2', name: 'Jane Smith', projects: 0 }
      ]

      at log (src/components/Customers.jsx:23:13)

    console.log
      Fetched customers: [
        { id: '1', name: 'John Doe', projects: 1 },
        { id: '2', name: 'Jane Smith', projects: 0 }
      ]

      at log (src/components/Customers.jsx:23:13)

    console.log
      Fetched customers: []

      at log (src/components/Customers.jsx:23:13)

    console.error
      An update to Customers inside a test was not wrapped in act(...).
      
      When testing, code that causes React state updates should be wrapped into act(...):
      
      act(() => {
        /* fire events that update state */
      });
      /* assert on the output */
      
      This ensures that you're testing the behavior the user would see in the browser. Learn more at https://react.dev/link/wrap-tests-with-act

    [0m [90m 22 |[39m     [90m// Debug: Log customer IDs[39m
     [90m 23 |[39m     console[33m.[39mlog([32m'Fetched customers:'[39m[33m,[39m customersData[33m.[39mmap(c [33m=>[39m ({ id[33m:[39m 
c[33m.[39m_id[33m,[39m name[33m:[39m c[33m.[39mname[33m,[39m projects[33m:[39m c[33m.[39mprojects[33m?[39m[33m.[39mlength [33m||[39m [35m0[39m 
})))[33m;[39m
    [31m[1m>[22m[39m[90m 24 |[39m     setCustomers(customersData)[33m;[39m
     [90m    |[39m     [31m[1m^[22m[39m
     [90m 25 |[39m   }[33m;[39m
     [90m 26 |[39m
     [90m 27 |[39m   [36mconst[39m addCustomer [33m=[39m [36masync[39m () [33m=>[39m {[0m

      at node_modules/react-dom/cjs/react-dom-client.development.js:18758:19
      at runWithFiberInDEV (node_modules/react-dom/cjs/react-dom-client.development.js:874:13)
      at warnIfUpdatesNotWrappedWithActDEV (node_modules/react-dom/cjs/react-dom-client.development.js:18757:9)
      at scheduleUpdateOnFiber (node_modules/react-dom/cjs/react-dom-client.development.js:16409:11)
      at dispatchSetStateInternal (node_modules/react-dom/cjs/react-dom-client.development.js:9170:13)
      at dispatchSetState (node_modules/react-dom/cjs/react-dom-client.development.js:9127:7)
      at setCustomers (src/components/Customers.jsx:24:5)

    console.log
      Fetched customers: []

      at log (src/components/Customers.jsx:23:13)

    console.log
      Fetched customers: [ { id: '3', name: 'New Customer', projects: 0 } ]

      at log (src/components/Customers.jsx:23:13)

    console.log
      Fetched customers: []

      at log (src/components/Customers.jsx:23:13)

    console.log
      Fetched customers: []

      at log (src/components/Customers.jsx:23:13)

    console.log
      Fetched customers: []

      at log (src/components/Customers.jsx:23:13)

    console.error
      Error adding customer: { response: { data: { msg: 'Validation error' } } }

    [0m [90m 32 |[39m       fetchCustomers()[33m;[39m
     [90m 33 |[39m     } [36mcatch[39m (err) {
    [31m[1m>[22m[39m[90m 34 |[39m       console[33m.[39merror([32m'Error adding customer:'[39m[33m,[39m err)[33m;[39m
     [90m    |[39m               [31m[1m^[22m[39m
     [90m 35 |[39m       alert([32m'Failed to add customer: '[39m [33m+[39m (err[33m.[39mresponse[33m?[39m[33m.[39mdata[33m?[39m[33m.[39mmsg 
[33m||[39m err[33m.[39mmessage))[33m;[39m
     [90m 36 |[39m     }
     [90m 37 |[39m   }[33m;[39m[0m

      at error (src/components/Customers.jsx:34:15)

    console.log
      Fetched customers: [
        { id: '1', name: 'John Doe', projects: 1 },
        { id: '2', name: 'Jane Smith', projects: 0 }
      ]

      at log (src/components/Customers.jsx:23:13)

    console.log
      Fetched customers: [ { id: '2', name: 'Jane Smith', projects: 0 } ]

      at log (src/components/Customers.jsx:23:13)

    console.log
      Fetched customers: [
        { id: '1', name: 'John Doe', projects: 1 },
        { id: '2', name: 'Jane Smith', projects: 0 }
      ]

      at log (src/components/Customers.jsx:23:13)

    console.log
      Fetched customers: [
        { id: '1', name: 'John Doe', projects: 1 },
        { id: '2', name: 'Jane Smith', projects: 0 }
      ]

      at log (src/components/Customers.jsx:23:13)

    console.log
      Fetched customers: [
        { id: '1', name: 'John Doe', projects: 1 },
        { id: '2', name: 'Jane Smith', projects: 0 }
      ]

      at log (src/components/Customers.jsx:23:13)

    console.log
      Fetched customers: [
        { id: '1', name: 'John Doe', projects: 1 },
        { id: '2', name: 'Jane Smith', projects: 0 }
      ]

      at log (src/components/Customers.jsx:23:13)

    console.log
      Fetched customers: []

      at log (src/components/Customers.jsx:23:13)

    console.log
      Fetched customers: [
        { id: '1', name: 'John Doe', projects: 1 },
        { id: '2', name: 'Jane Smith', projects: 0 }
      ]

      at log (src/components/Customers.jsx:23:13)

    console.log
      Fetched customers: [
        { id: '1', name: 'John Doe', projects: 1 },
        { id: '2', name: 'Jane Smith', projects: 0 }
      ]

      at log (src/components/Customers.jsx:23:13)

    console.log
      Fetched customers: [ { id: '1', name: 'Updated Name', projects: 1 } ]

      at log (src/components/Customers.jsx:23:13)

    console.log
      Fetched customers: []

      at log (src/components/Customers.jsx:23:13)

    console.error
      Error: Not implemented: navigation (except hash changes)
          at module.exports (F:\AI Projects\handyman-tracker\node_modules\jsdom\lib\jsdom\browser\not-implemented.js:9:17)
          at navigateFetch (F:\AI Projects\handyman-tracker\node_modules\jsdom\lib\jsdom\living\window\navigation.js:77:3)
          at exports.navigate (F:\AI Projects\handyman-tracker\node_modules\jsdom\lib\jsdom\living\window\navigation.js:55:3)
          at LocationImpl._locationObjectNavigate (F:\AI Projects\handyman-tracker\node_modules\jsdom\lib\jsdom\living\window\Location-impl.js:30:5)
          at LocationImpl._locationObjectSetterNavigate (F:\AI Projects\handyman-tracker\node_modules\jsdom\lib\jsdom\living\window\Location-impl.js:24:17)
          at LocationImpl.set href [as href] (F:\AI Projects\handyman-tracker\node_modules\jsdom\lib\jsdom\living\window\Location-impl.js:46:10)
          at Location.set href [as href] (F:\AI Projects\handyman-tracker\node_modules\jsdom\lib\jsdom\living\generated\Location.js:125:37)
          at handleLogout (F:\AI Projects\handyman-tracker\src\components\Customers.jsx:81:25)
          at executeDispatch (F:\AI Projects\handyman-tracker\node_modules\react-dom\cjs\react-dom-client.development.js:19116:9)
          at runWithFiberInDEV (F:\AI Projects\handyman-tracker\node_modules\react-dom\cjs\react-dom-client.development.js:874:13)
          at processDispatchQueue (F:\AI Projects\handyman-tracker\node_modules\react-dom\cjs\react-dom-client.development.js:19166:19)
          at F:\AI Projects\handyman-tracker\node_modules\react-dom\cjs\react-dom-client.development.js:19767:9
          at batchedUpdates$1 (F:\AI Projects\handyman-tracker\node_modules\react-dom\cjs\react-dom-client.development.js:3255:40)
          at dispatchEventForPluginEventSystem (F:\AI Projects\handyman-tracker\node_modules\react-dom\cjs\react-dom-client.development.js:19320:7)
          at dispatchEvent (F:\AI Projects\handyman-tracker\node_modules\react-dom\cjs\react-dom-client.development.js:23585:11)
          at dispatchDiscreteEvent (F:\AI Projects\handyman-tracker\node_modules\react-dom\cjs\react-dom-client.development.js:23553:11)
          at HTMLDivElement.callTheUserObjectsOperation (F:\AI Projects\handyman-tracker\node_modules\jsdom\lib\jsdom\living\generated\EventListener.js:26:30)
          at innerInvokeEventListeners (F:\AI Projects\handyman-tracker\node_modules\jsdom\lib\jsdom\living\events\EventTarget-impl.js:350:25)
          at invokeEventListeners (F:\AI Projects\handyman-tracker\node_modules\jsdom\lib\jsdom\living\events\EventTarget-impl.js:286:3)
          at HTMLButtonElementImpl._dispatch (F:\AI Projects\handyman-tracker\node_modules\jsdom\lib\jsdom\living\events\EventTarget-impl.js:233:9)
          at HTMLButtonElementImpl.dispatchEvent (F:\AI Projects\handyman-tracker\node_modules\jsdom\lib\jsdom\living\events\EventTarget-impl.js:104:17)
          at HTMLButtonElement.dispatchEvent (F:\AI Projects\handyman-tracker\node_modules\jsdom\lib\jsdom\living\generated\EventTarget.js:241:34)
          at F:\AI Projects\handyman-tracker\node_modules\@testing-library\user-event\dist\cjs\event\dispatchEvent.js:45:43
          at F:\AI Projects\handyman-tracker\node_modules\@testing-library\react\dist\pure.js:108:16
          at F:\AI Projects\handyman-tracker\node_modules\@testing-library\react\dist\act-compat.js:48:24
          at process.env.NODE_ENV.exports.act (F:\AI Projects\handyman-tracker\node_modules\react\cjs\react.development.js:814:22)
          at F:\AI Projects\handyman-tracker\node_modules\@testing-library\react\dist\act-compat.js:47:25
          at Object.eventWrapper (F:\AI Projects\handyman-tracker\node_modules\@testing-library\react\dist\pure.js:107:28)
          at Object.wrapEvent (F:\AI Projects\handyman-tracker\node_modules\@testing-library\user-event\dist\cjs\event\wrapEvent.js:6:28)
          at Object.dispatchEvent (F:\AI Projects\handyman-tracker\node_modules\@testing-library\user-event\dist\cjs\event\dispatchEvent.js:45:22)
          at Object.dispatchUIEvent (F:\AI Projects\handyman-tracker\node_modules\@testing-library\user-event\dist\cjs\event\dispatchEvent.js:22:26)
          at Mouse.up (F:\AI Projects\handyman-tracker\node_modules\@testing-library\user-event\dist\cjs\system\pointer\mouse.js:100:30)
          at PointerHost.release (F:\AI Projects\handyman-tracker\node_modules\@testing-library\user-event\dist\cjs\system\pointer\index.js:87:24)
          at pointerAction (F:\AI Projects\handyman-tracker\node_modules\@testing-library\user-event\dist\cjs\pointer\index.js:54:47)
          at runNextTicks (node:internal/process/task_queues:65:5)
          at listOnTimeout (node:internal/timers:549:9)
          at processTimers (node:internal/timers:523:7)
          at Object.pointer (F:\AI Projects\handyman-tracker\node_modules\@testing-library\user-event\dist\cjs\pointer\index.js:27:9)
          at Object.asyncWrapper (F:\AI Projects\handyman-tracker\node_modules\@testing-library\react\dist\pure.js:88:22)
          at Object.<anonymous> (F:\AI Projects\handyman-tracker\src\components\__tests__\Customers.test.jsx:337:7) {
        type: 'not implemented'
      }

    [0m [90m 79 |[39m   [36mconst[39m handleLogout [33m=[39m () [33m=>[39m {
     [90m 80 |[39m     localStorage[33m.[39mremoveItem([32m'token'[39m)[33m;[39m
    [31m[1m>[22m[39m[90m 81 |[39m     window[33m.[39mlocation[33m.[39mhref [33m=[39m [32m'/login'[39m[33m;[39m
     [90m    |[39m                         [31m[1m^[22m[39m
     [90m 82 |[39m   }[33m;[39m
     [90m 83 |[39m
     [90m 84 |[39m   [36mconst[39m formatPhoneNumber [33m=[39m (value) [33m=>[39m {[0m

      at VirtualConsole.<anonymous> (node_modules/@jest/environment-jsdom-abstract/build/index.js:87:23)
      at module.exports (node_modules/jsdom/lib/jsdom/browser/not-implemented.js:12:26)
      at navigateFetch (node_modules/jsdom/lib/jsdom/living/window/navigation.js:77:3)
      at exports.navigate (node_modules/jsdom/lib/jsdom/living/window/navigation.js:55:3)
      at LocationImpl._locationObjectNavigate (node_modules/jsdom/lib/jsdom/living/window/Location-impl.js:30:5)
      at LocationImpl._locationObjectSetterNavigate (node_modules/jsdom/lib/jsdom/living/window/Location-impl.js:24:17)
      at LocationImpl.set href [as href] (node_modules/jsdom/lib/jsdom/living/window/Location-impl.js:46:10)
      at Location.set href [as href] (node_modules/jsdom/lib/jsdom/living/generated/Location.js:125:37)
      at handleLogout (src/components/Customers.jsx:81:25)
      at executeDispatch (node_modules/react-dom/cjs/react-dom-client.development.js:19116:9)
      at runWithFiberInDEV (node_modules/react-dom/cjs/react-dom-client.development.js:874:13)
      at processDispatchQueue (node_modules/react-dom/cjs/react-dom-client.development.js:19166:19)
      at node_modules/react-dom/cjs/react-dom-client.development.js:19767:9
      at batchedUpdates$1 (node_modules/react-dom/cjs/react-dom-client.development.js:3255:40)
      at dispatchEventForPluginEventSystem (node_modules/react-dom/cjs/react-dom-client.development.js:19320:7)
      at dispatchEvent (node_modules/react-dom/cjs/react-dom-client.development.js:23585:11)
      at dispatchDiscreteEvent (node_modules/react-dom/cjs/react-dom-client.development.js:23553:11)
      at HTMLDivElement.callTheUserObjectsOperation (node_modules/jsdom/lib/jsdom/living/generated/EventListener.js:26:30)
      at innerInvokeEventListeners (node_modules/jsdom/lib/jsdom/living/events/EventTarget-impl.js:350:25)
      at invokeEventListeners (node_modules/jsdom/lib/jsdom/living/events/EventTarget-impl.js:286:3)
      at HTMLButtonElementImpl._dispatch (node_modules/jsdom/lib/jsdom/living/events/EventTarget-impl.js:233:9)
      at HTMLButtonElementImpl.dispatchEvent (node_modules/jsdom/lib/jsdom/living/events/EventTarget-impl.js:104:17)
      at HTMLButtonElement.dispatchEvent (node_modules/jsdom/lib/jsdom/living/generated/EventTarget.js:241:34)
      at node_modules/@testing-library/user-event/dist/cjs/event/dispatchEvent.js:45:43
      at node_modules/@testing-library/react/dist/pure.js:108:16
      at node_modules/@testing-library/react/dist/act-compat.js:48:24
      at process.env.NODE_ENV.exports.act (node_modules/react/cjs/react.development.js:814:22)
      at node_modules/@testing-library/react/dist/act-compat.js:47:25
      at Object.eventWrapper (node_modules/@testing-library/react/dist/pure.js:107:28)
      at Object.wrapEvent (node_modules/@testing-library/user-event/dist/cjs/event/wrapEvent.js:6:28)
      at Object.dispatchEvent (node_modules/@testing-library/user-event/dist/cjs/event/dispatchEvent.js:45:22)
      at Object.dispatchUIEvent (node_modules/@testing-library/user-event/dist/cjs/event/dispatchEvent.js:22:26)
      at Mouse.up (node_modules/@testing-library/user-event/dist/cjs/system/pointer/mouse.js:100:30)
      at PointerHost.release (node_modules/@testing-library/user-event/dist/cjs/system/pointer/index.js:87:24)
      at pointerAction (node_modules/@testing-library/user-event/dist/cjs/pointer/index.js:54:47)
      at Object.pointer (node_modules/@testing-library/user-event/dist/cjs/pointer/index.js:27:9)
      at Object.asyncWrapper (node_modules/@testing-library/react/dist/pure.js:88:22)
      at Object.<anonymous> (src/components/__tests__/Customers.test.jsx:337:7)

    console.log
      Fetched customers: [
        { id: '1', name: 'John Doe', projects: 1 },
        { id: '2', name: 'Jane Smith', projects: 0 }
      ]

      at log (src/components/Customers.jsx:23:13)

    console.log
      Fetched customers: []

      at log (src/components/Customers.jsx:23:13)

PASS src/components/__tests__/ProjectDetails.test.jsx
  ΓùÅ Console

    console.log
      Fetching customer with ID: cust123

      at log (src/components/ProjectDetails.jsx:29:15)

    console.log
      Customer ID type: string

      at log (src/components/ProjectDetails.jsx:30:15)

    console.log
      Looking for projectId: proj456

      at log (src/components/ProjectDetails.jsx:45:15)

    console.log
      Available project IDs: [ 'proj456' ]

      at log (src/components/ProjectDetails.jsx:46:15)

    console.log
      Fetching customer with ID: cust123

      at log (src/components/ProjectDetails.jsx:29:15)

    console.log
      Customer ID type: string

      at log (src/components/ProjectDetails.jsx:30:15)

    console.log
      Fetching customer with ID: cust123

      at log (src/components/ProjectDetails.jsx:29:15)

    console.log
      Customer ID type: string

      at log (src/components/ProjectDetails.jsx:30:15)

    console.log
      Looking for projectId: proj456

      at log (src/components/ProjectDetails.jsx:45:15)

    console.log
      Available project IDs: [ 'different-id' ]

      at log (src/components/ProjectDetails.jsx:46:15)

    console.log
      Fetching customer with ID: cust123

      at log (src/components/ProjectDetails.jsx:29:15)

    console.log
      Customer ID type: string

      at log (src/components/ProjectDetails.jsx:30:15)

    console.log
      Looking for projectId: proj456

      at log (src/components/ProjectDetails.jsx:45:15)

    console.log
      Available project IDs: [ 'proj456' ]

      at log (src/components/ProjectDetails.jsx:46:15)

    console.log
      Fetching customer with ID: cust123

      at log (src/components/ProjectDetails.jsx:29:15)

    console.log
      Customer ID type: string

      at log (src/components/ProjectDetails.jsx:30:15)

    console.log
      Looking for projectId: proj456

      at log (src/components/ProjectDetails.jsx:45:15)

    console.log
      Available project IDs: [ 'proj456' ]

      at log (src/components/ProjectDetails.jsx:46:15)

    console.log
      Fetching customer with ID: cust123

      at log (src/components/ProjectDetails.jsx:29:15)

    console.log
      Customer ID type: string

      at log (src/components/ProjectDetails.jsx:30:15)

    console.log
      Looking for projectId: proj456

      at log (src/components/ProjectDetails.jsx:45:15)

    console.log
      Available project IDs: [ 'proj456' ]

      at log (src/components/ProjectDetails.jsx:46:15)

    console.log
      Fetching customer with ID: cust123

      at log (src/components/ProjectDetails.jsx:29:15)

    console.log
      Customer ID type: string

      at log (src/components/ProjectDetails.jsx:30:15)

    console.log
      Looking for projectId: proj456

      at log (src/components/ProjectDetails.jsx:45:15)

    console.log
      Available project IDs: [ 'proj456' ]

      at log (src/components/ProjectDetails.jsx:46:15)

    console.log
      Fetching customer with ID: cust123

      at log (src/components/ProjectDetails.jsx:29:15)

    console.log
      Customer ID type: string

      at log (src/components/ProjectDetails.jsx:30:15)

    console.log
      Looking for projectId: proj456

      at log (src/components/ProjectDetails.jsx:45:15)

    console.log
      Available project IDs: [ 'proj456' ]

      at log (src/components/ProjectDetails.jsx:46:15)

    console.log
      Fetching customer with ID: cust123

      at log (src/components/ProjectDetails.jsx:29:15)

    console.log
      Customer ID type: string

      at log (src/components/ProjectDetails.jsx:30:15)

    console.error
      Error fetching project: Error: Network error
          at Object.<anonymous> (F:\AI Projects\handyman-tracker\src\components\__tests__\ProjectDetails.test.jsx:171:35)
          at Promise.finally.completed (F:\AI Projects\handyman-tracker\node_modules\jest-circus\build\jestAdapterInit.js:1557:28)
          at new Promise (<anonymous>)
          at callAsyncCircusFn (F:\AI Projects\handyman-tracker\node_modules\jest-circus\build\jestAdapterInit.js:1497:10)
          at _callCircusTest (F:\AI Projects\handyman-tracker\node_modules\jest-circus\build\jestAdapterInit.js:1007:40)
          at runNextTicks (node:internal/process/task_queues:65:5)
          at listOnTimeout (node:internal/timers:549:9)
          at processTimers (node:internal/timers:523:7)
          at _runTest (F:\AI Projects\handyman-tracker\node_modules\jest-circus\build\jestAdapterInit.js:947:3)
          at F:\AI Projects\handyman-tracker\node_modules\jest-circus\build\jestAdapterInit.js:849:7
          at _runTestsForDescribeBlock (F:\AI Projects\handyman-tracker\node_modules\jest-circus\build\jestAdapterInit.js:862:11)
          at _runTestsForDescribeBlock (F:\AI Projects\handyman-tracker\node_modules\jest-circus\build\jestAdapterInit.js:857:11)
          at _runTestsForDescribeBlock (F:\AI Projects\handyman-tracker\node_modules\jest-circus\build\jestAdapterInit.js:857:11)
          at run (F:\AI Projects\handyman-tracker\node_modules\jest-circus\build\jestAdapterInit.js:761:3)
          at runAndTransformResultsToJestFormat (F:\AI Projects\handyman-tracker\node_modules\jest-circus\build\jestAdapterInit.js:1918:21)
          at jestAdapter (F:\AI Projects\handyman-tracker\node_modules\jest-circus\build\runner.js:101:19)
          at runTestInternal (F:\AI Projects\handyman-tracker\node_modules\jest-runner\build\testWorker.js:275:16)
          at runTest (F:\AI Projects\handyman-tracker\node_modules\jest-runner\build\testWorker.js:343:7)
          at Object.worker (F:\AI Projects\handyman-tracker\node_modules\jest-runner\build\testWorker.js:497:12)

    [0m [90m 58 |[39m       }
     [90m 59 |[39m     } [36mcatch[39m (err) {
    [31m[1m>[22m[39m[90m 60 |[39m       console[33m.[39merror([32m'Error fetching project:'[39m[33m,[39m err)[33m;[39m
     [90m    |[39m               [31m[1m^[22m[39m
     [90m 61 |[39m       [36mif[39m (err[33m.[39mresponse[33m?[39m[33m.[39mstatus [33m===[39m [35m401[39m) {
     [90m 62 |[39m         setError([32m'Authentication failed. Please login again.'[39m)[33m;[39m
     [90m 63 |[39m         localStorage[33m.[39mremoveItem([32m'token'[39m)[33m;[39m[0m

      at error (src/components/ProjectDetails.jsx:60:15)

    console.log
      Fetching customer with ID: cust123

      at log (src/components/ProjectDetails.jsx:29:15)

    console.log
      Customer ID type: string

      at log (src/components/ProjectDetails.jsx:30:15)

PASS src/components/__tests__/BarcodeScanner.test.jsx
  ΓùÅ Console

    console.log
      Γ£à Barcode Detection API available

      at log (src/components/BarcodeScanner.jsx:14:15)

    console.log
      Γ£à Barcode Detection API available

      at log (src/components/BarcodeScanner.jsx:14:15)

    console.log
      Γ£à Barcode Detection API available

      at log (src/components/BarcodeScanner.jsx:14:15)

    console.log
      Γ£à Barcode Detection API available

      at log (src/components/BarcodeScanner.jsx:14:15)

    console.log
      Γ£à Barcode Detection API available

      at log (src/components/BarcodeScanner.jsx:14:15)

    console.log
      Γ£à Barcode Detection API available

      at log (src/components/BarcodeScanner.jsx:14:15)

    console.log
      Γ£à Barcode Detection API available

      at log (src/components/BarcodeScanner.jsx:14:15)

    console.log
      Γ£à Barcode Detection API available

      at log (src/components/BarcodeScanner.jsx:14:15)

    console.log
      Γ£à Barcode Detection API available

      at log (src/components/BarcodeScanner.jsx:14:15)

    console.log
      Γ£à Barcode Detection API available

      at log (src/components/BarcodeScanner.jsx:14:15)

    console.log
      Γ£à Barcode Detection API available

      at log (src/components/BarcodeScanner.jsx:14:15)

    console.error
      Error accessing camera: Error: Permission denied
          at Object.<anonymous> (F:\AI Projects\handyman-tracker\src\components\__tests__\BarcodeScanner.test.jsx:178:44)
          at Promise.finally.completed (F:\AI Projects\handyman-tracker\node_modules\jest-circus\build\jestAdapterInit.js:1557:28)
          at new Promise (<anonymous>)
          at callAsyncCircusFn (F:\AI Projects\handyman-tracker\node_modules\jest-circus\build\jestAdapterInit.js:1497:10)
          at _callCircusTest (F:\AI Projects\handyman-tracker\node_modules\jest-circus\build\jestAdapterInit.js:1007:40)
          at _runTest (F:\AI Projects\handyman-tracker\node_modules\jest-circus\build\jestAdapterInit.js:947:3)
          at F:\AI Projects\handyman-tracker\node_modules\jest-circus\build\jestAdapterInit.js:849:7
          at _runTestsForDescribeBlock (F:\AI Projects\handyman-tracker\node_modules\jest-circus\build\jestAdapterInit.js:862:11)
          at _runTestsForDescribeBlock (F:\AI Projects\handyman-tracker\node_modules\jest-circus\build\jestAdapterInit.js:857:11)
          at run (F:\AI Projects\handyman-tracker\node_modules\jest-circus\build\jestAdapterInit.js:761:3)
          at runAndTransformResultsToJestFormat (F:\AI Projects\handyman-tracker\node_modules\jest-circus\build\jestAdapterInit.js:1918:21)
          at jestAdapter (F:\AI Projects\handyman-tracker\node_modules\jest-circus\build\runner.js:101:19)
          at runTestInternal (F:\AI Projects\handyman-tracker\node_modules\jest-runner\build\testWorker.js:275:16)
          at runTest (F:\AI Projects\handyman-tracker\node_modules\jest-runner\build\testWorker.js:343:7)
          at Object.worker (F:\AI Projects\handyman-tracker\node_modules\jest-runner\build\testWorker.js:497:12)

    [0m [90m 34 |[39m       }
     [90m 35 |[39m     } [36mcatch[39m (err) {
    [31m[1m>[22m[39m[90m 36 |[39m       console[33m.[39merror([32m'Error accessing camera:'[39m[33m,[39m err)[33m;[39m
     [90m    |[39m               [31m[1m^[22m[39m
     [90m 37 |[39m       alert([32m'Γ¥î Could not access camera. Please check permissions or use manual entry.'[39m)[33m;[39m
     [90m 38 |[39m       setUseManual([36mtrue[39m)[33m;[39m
     [90m 39 |[39m     }[0m

      at error (src/components/BarcodeScanner.jsx:36:15)

    console.log
      Γ£à Barcode Detection API available

      at log (src/components/BarcodeScanner.jsx:14:15)

    console.log
      Γ£à Barcode Detection API available

      at log (src/components/BarcodeScanner.jsx:14:15)

    console.log
      Γ£à Barcode Detection API available

      at log (src/components/BarcodeScanner.jsx:14:15)

    console.log
      Γ£à Barcode Detection API available

      at log (src/components/BarcodeScanner.jsx:14:15)

    console.log
      Γ£à Barcode Detection API available

      at log (src/components/BarcodeScanner.jsx:14:15)

PASS src/components/__tests__/Dashboard.test.jsx
  ΓùÅ Console

    console.error
      Error fetching projects: Error: Network error
          at Object.<anonymous> (F:\AI Projects\handyman-tracker\src\components\__tests__\Dashboard.test.jsx:75:33)
          at Promise.finally.completed (F:\AI Projects\handyman-tracker\node_modules\jest-circus\build\jestAdapterInit.js:1557:28)
          at new Promise (<anonymous>)
          at callAsyncCircusFn (F:\AI Projects\handyman-tracker\node_modules\jest-circus\build\jestAdapterInit.js:1497:10)
          at _callCircusTest (F:\AI Projects\handyman-tracker\node_modules\jest-circus\build\jestAdapterInit.js:1007:40)
          at _runTest (F:\AI Projects\handyman-tracker\node_modules\jest-circus\build\jestAdapterInit.js:947:3)
          at F:\AI Projects\handyman-tracker\node_modules\jest-circus\build\jestAdapterInit.js:849:7
          at _runTestsForDescribeBlock (F:\AI Projects\handyman-tracker\node_modules\jest-circus\build\jestAdapterInit.js:862:11)
          at _runTestsForDescribeBlock (F:\AI Projects\handyman-tracker\node_modules\jest-circus\build\jestAdapterInit.js:857:11)
          at run (F:\AI Projects\handyman-tracker\node_modules\jest-circus\build\jestAdapterInit.js:761:3)
          at runAndTransformResultsToJestFormat (F:\AI Projects\handyman-tracker\node_modules\jest-circus\build\jestAdapterInit.js:1918:21)
          at jestAdapter (F:\AI Projects\handyman-tracker\node_modules\jest-circus\build\runner.js:101:19)
          at runTestInternal (F:\AI Projects\handyman-tracker\node_modules\jest-runner\build\testWorker.js:275:16)
          at runTest (F:\AI Projects\handyman-tracker\node_modules\jest-runner\build\testWorker.js:343:7)
          at Object.worker (F:\AI Projects\handyman-tracker\node_modules\jest-runner\build\testWorker.js:497:12)

    [0m [90m 43 |[39m       setLoading([36mfalse[39m)[33m;[39m
     [90m 44 |[39m     } [36mcatch[39m (err) {
    [31m[1m>[22m[39m[90m 45 |[39m       console[33m.[39merror([32m'Error fetching projects:'[39m[33m,[39m err)[33m;[39m
     [90m    |[39m               [31m[1m^[22m[39m
     [90m 46 |[39m       setLoading([36mfalse[39m)[33m;[39m
     [90m 47 |[39m     }
     [90m 48 |[39m   }[33m;[39m[0m

      at error (src/components/Dashboard.jsx:45:15)

PASS src/__tests__/App.test.jsx
  ΓùÅ Console

    console.warn
      No routes matched location "/non-existent-route"

    [0m [90m 387 |[39m       localStorage[33m.[39msetItem([32m'token'[39m[33m,[39m [32m'test-token'[39m)[33m;[39m
     [90m 388 |[39m
    [31m[1m>[22m[39m[90m 389 |[39m       [36mconst[39m { container } [33m=[39m render(
     [90m     |[39m                                   [31m[1m^[22m[39m
     [90m 390 |[39m         [33m<[39m[33mMemoryRouter[39m initialEntries[33m=[39m{[[32m'/non-existent-route'[39m]}[33m>[39m
     [90m 391 |[39m           [33m<[39m[33mApp[39m [33m/[39m[33m>[39m
     [90m 392 |[39m         [33m<[39m[33m/[39m[33mMemoryRouter[39m[33m>[39m[0m

      at warning (node_modules/react-router/dist/development/chunk-VNR6V74N.js:193:49)
      at useRoutesImpl (node_modules/react-router/dist/development/chunk-VNR6V74N.js:6664:5)
      at useRoutes (node_modules/react-router/dist/development/chunk-VNR6V74N.js:6617:10)
      at Routes (node_modules/react-router/dist/development/chunk-VNR6V74N.js:9132:10)
      at Object.react_stack_bottom_frame (node_modules/react-dom/cjs/react-dom-client.development.js:25904:20)
      at renderWithHooks (node_modules/react-dom/cjs/react-dom-client.development.js:7662:22)
      at updateFunctionComponent (node_modules/react-dom/cjs/react-dom-client.development.js:10166:19)
      at beginWork (node_modules/react-dom/cjs/react-dom-client.development.js:11778:18)
      at runWithFiberInDEV (node_modules/react-dom/cjs/react-dom-client.development.js:874:13)
      at performUnitOfWork (node_modules/react-dom/cjs/react-dom-client.development.js:17641:22)
      at workLoopSync (node_modules/react-dom/cjs/react-dom-client.development.js:17469:41)
      at renderRootSync (node_modules/react-dom/cjs/react-dom-client.development.js:17450:11)
      at performWorkOnRoot (node_modules/react-dom/cjs/react-dom-client.development.js:16504:11)
      at performWorkOnRootViaSchedulerTask (node_modules/react-dom/cjs/react-dom-client.development.js:18957:7)
      at flushActQueue (node_modules/react/cjs/react.development.js:590:34)
      at process.env.NODE_ENV.exports.act (node_modules/react/cjs/react.development.js:884:10)
      at node_modules/@testing-library/react/dist/act-compat.js:47:25
      at renderRoot (node_modules/@testing-library/react/dist/pure.js:190:26)
      at render (node_modules/@testing-library/react/dist/pure.js:292:10)
      at Object.<anonymous> (src/__tests__/App.test.jsx:389:35)

PASS src/components/__tests__/UserManagement.test.jsx
  ΓùÅ Console

    console.error
      Error decoding token: TypeError: Cannot read properties of undefined (reading 'replace')
          at replace (F:\AI Projects\handyman-tracker\src\components\UserManagement.jsx:26:34)
          at fetchCurrentUser (F:\AI Projects\handyman-tracker\src\components\UserManagement.jsx:16:5)
          at Object.react_stack_bottom_frame (F:\AI Projects\handyman-tracker\node_modules\react-dom\cjs\react-dom-client.development.js:25989:20)
          at runWithFiberInDEV (F:\AI Projects\handyman-tracker\node_modules\react-dom\cjs\react-dom-client.development.js:874:13)
          at commitHookEffectListMount (F:\AI Projects\handyman-tracker\node_modules\react-dom\cjs\react-dom-client.development.js:13249:29)
          at commitHookPassiveMountEffects (F:\AI Projects\handyman-tracker\node_modules\react-dom\cjs\react-dom-client.development.js:13336:11)
          at commitPassiveMountOnFiber (F:\AI Projects\handyman-tracker\node_modules\react-dom\cjs\react-dom-client.development.js:15484:13)
          at recursivelyTraversePassiveMountEffects (F:\AI Projects\handyman-tracker\node_modules\react-dom\cjs\react-dom-client.development.js:15439:11)
          at commitPassiveMountOnFiber (F:\AI Projects\handyman-tracker\node_modules\react-dom\cjs\react-dom-client.development.js:15718:11)
          at recursivelyTraversePassiveMountEffects (F:\AI Projects\handyman-tracker\node_modules\react-dom\cjs\react-dom-client.development.js:15439:11)
          at commitPassiveMountOnFiber (F:\AI Projects\handyman-tracker\node_modules\react-dom\cjs\react-dom-client.development.js:15718:11)
          at recursivelyTraversePassiveMountEffects (F:\AI Projects\handyman-tracker\node_modules\react-dom\cjs\react-dom-client.development.js:15439:11)
          at commitPassiveMountOnFiber (F:\AI Projects\handyman-tracker\node_modules\react-dom\cjs\react-dom-client.development.js:15476:11)
          at recursivelyTraversePassiveMountEffects (F:\AI Projects\handyman-tracker\node_modules\react-dom\cjs\react-dom-client.development.js:15439:11)
          at commitPassiveMountOnFiber (F:\AI Projects\handyman-tracker\node_modules\react-dom\cjs\react-dom-client.development.js:15476:11)
          at recursivelyTraversePassiveMountEffects (F:\AI Projects\handyman-tracker\node_modules\react-dom\cjs\react-dom-client.development.js:15439:11)
          at commitPassiveMountOnFiber (F:\AI Projects\handyman-tracker\node_modules\react-dom\cjs\react-dom-client.development.js:15519:11)
          at flushPassiveEffects (F:\AI Projects\handyman-tracker\node_modules\react-dom\cjs\react-dom-client.development.js:18432:9)
          at F:\AI Projects\handyman-tracker\node_modules\react-dom\cjs\react-dom-client.development.js:17923:15
          at flushActQueue (F:\AI Projects\handyman-tracker\node_modules\react\cjs\react.development.js:590:34)
          at process.env.NODE_ENV.exports.act (F:\AI Projects\handyman-tracker\node_modules\react\cjs\react.development.js:884:10)
          at F:\AI Projects\handyman-tracker\node_modules\@testing-library\react\dist\act-compat.js:47:25
          at renderRoot (F:\AI Projects\handyman-tracker\node_modules\@testing-library\react\dist\pure.js:190:26)
          at render (F:\AI Projects\handyman-tracker\node_modules\@testing-library\react\dist\pure.js:292:10)
          at Object.<anonymous> (F:\AI Projects\handyman-tracker\src\components\__tests__\UserManagement.test.jsx:15:11)
          at Promise.finally.completed (F:\AI Projects\handyman-tracker\node_modules\jest-circus\build\jestAdapterInit.js:1557:28)
          at new Promise (<anonymous>)
          at callAsyncCircusFn (F:\AI Projects\handyman-tracker\node_modules\jest-circus\build\jestAdapterInit.js:1497:10)
          at _callCircusTest (F:\AI Projects\handyman-tracker\node_modules\jest-circus\build\jestAdapterInit.js:1007:40)
          at processTicksAndRejections (node:internal/process/task_queues:105:5)
          at _runTest (F:\AI Projects\handyman-tracker\node_modules\jest-circus\build\jestAdapterInit.js:947:3)
          at F:\AI Projects\handyman-tracker\node_modules\jest-circus\build\jestAdapterInit.js:849:7
          at _runTestsForDescribeBlock (F:\AI Projects\handyman-tracker\node_modules\jest-circus\build\jestAdapterInit.js:862:11)
          at _runTestsForDescribeBlock (F:\AI Projects\handyman-tracker\node_modules\jest-circus\build\jestAdapterInit.js:857:11)
          at run (F:\AI Projects\handyman-tracker\node_modules\jest-circus\build\jestAdapterInit.js:761:3)
          at runAndTransformResultsToJestFormat (F:\AI Projects\handyman-tracker\node_modules\jest-circus\build\jestAdapterInit.js:1918:21)
          at jestAdapter (F:\AI Projects\handyman-tracker\node_modules\jest-circus\build\runner.js:101:19)
          at runTestInternal (F:\AI Projects\handyman-tracker\node_modules\jest-runner\build\testWorker.js:275:16)
          at runTest (F:\AI Projects\handyman-tracker\node_modules\jest-runner\build\testWorker.js:343:7)
          at Object.worker (F:\AI Projects\handyman-tracker\node_modules\jest-runner\build\testWorker.js:497:12)

    [0m [90m 28 |[39m         setCurrentUser(payload)[33m;[39m
     [90m 29 |[39m       } [36mcatch[39m (err) {
    [31m[1m>[22m[39m[90m 30 |[39m         console[33m.[39merror([32m'Error decoding token:'[39m[33m,[39m err)[33m;[39m
     [90m    |[39m                 [31m[1m^[22m[39m
     [90m 31 |[39m       }
     [90m 32 |[39m     }
     [90m 33 |[39m   }[33m;[39m[0m

      at error (src/components/UserManagement.jsx:30:17)
      at fetchCurrentUser (src/components/UserManagement.jsx:16:5)
      at Object.react_stack_bottom_frame (node_modules/react-dom/cjs/react-dom-client.development.js:25989:20)
      at runWithFiberInDEV (node_modules/react-dom/cjs/react-dom-client.development.js:874:13)
      at commitHookEffectListMount (node_modules/react-dom/cjs/react-dom-client.development.js:13249:29)
      at commitHookPassiveMountEffects (node_modules/react-dom/cjs/react-dom-client.development.js:13336:11)
      at commitPassiveMountOnFiber (node_modules/react-dom/cjs/react-dom-client.development.js:15484:13)
      at recursivelyTraversePassiveMountEffects (node_modules/react-dom/cjs/react-dom-client.development.js:15439:11)
      at commitPassiveMountOnFiber (node_modules/react-dom/cjs/react-dom-client.development.js:15718:11)
      at recursivelyTraversePassiveMountEffects (node_modules/react-dom/cjs/react-dom-client.development.js:15439:11)
      at commitPassiveMountOnFiber (node_modules/react-dom/cjs/react-dom-client.development.js:15718:11)
      at recursivelyTraversePassiveMountEffects (node_modules/react-dom/cjs/react-dom-client.development.js:15439:11)
      at commitPassiveMountOnFiber (node_modules/react-dom/cjs/react-dom-client.development.js:15476:11)
      at recursivelyTraversePassiveMountEffects (node_modules/react-dom/cjs/react-dom-client.development.js:15439:11)
      at commitPassiveMountOnFiber (node_modules/react-dom/cjs/react-dom-client.development.js:15476:11)
      at recursivelyTraversePassiveMountEffects (node_modules/react-dom/cjs/react-dom-client.development.js:15439:11)
      at commitPassiveMountOnFiber (node_modules/react-dom/cjs/react-dom-client.development.js:15519:11)
      at flushPassiveEffects (node_modules/react-dom/cjs/react-dom-client.development.js:18432:9)
      at node_modules/react-dom/cjs/react-dom-client.development.js:17923:15
      at flushActQueue (node_modules/react/cjs/react.development.js:590:34)
      at process.env.NODE_ENV.exports.act (node_modules/react/cjs/react.development.js:884:10)
      at node_modules/@testing-library/react/dist/act-compat.js:47:25
      at renderRoot (node_modules/@testing-library/react/dist/pure.js:190:26)
      at render (node_modules/@testing-library/react/dist/pure.js:292:10)
      at Object.<anonymous> (src/components/__tests__/UserManagement.test.jsx:15:11)

    console.error
      Error decoding token: TypeError: Cannot read properties of undefined (reading 'replace')
          at replace (F:\AI Projects\handyman-tracker\src\components\UserManagement.jsx:26:34)
          at fetchCurrentUser (F:\AI Projects\handyman-tracker\src\components\UserManagement.jsx:16:5)
          at Object.react_stack_bottom_frame (F:\AI Projects\handyman-tracker\node_modules\react-dom\cjs\react-dom-client.development.js:25989:20)
          at runWithFiberInDEV (F:\AI Projects\handyman-tracker\node_modules\react-dom\cjs\react-dom-client.development.js:874:13)
          at commitHookEffectListMount (F:\AI Projects\handyman-tracker\node_modules\react-dom\cjs\react-dom-client.development.js:13249:29)
          at commitHookPassiveMountEffects (F:\AI Projects\handyman-tracker\node_modules\react-dom\cjs\react-dom-client.development.js:13336:11)
          at commitPassiveMountOnFiber (F:\AI Projects\handyman-tracker\node_modules\react-dom\cjs\react-dom-client.development.js:15484:13)
          at recursivelyTraversePassiveMountEffects (F:\AI Projects\handyman-tracker\node_modules\react-dom\cjs\react-dom-client.development.js:15439:11)
          at commitPassiveMountOnFiber (F:\AI Projects\handyman-tracker\node_modules\react-dom\cjs\react-dom-client.development.js:15718:11)
          at recursivelyTraversePassiveMountEffects (F:\AI Projects\handyman-tracker\node_modules\react-dom\cjs\react-dom-client.development.js:15439:11)
          at commitPassiveMountOnFiber (F:\AI Projects\handyman-tracker\node_modules\react-dom\cjs\react-dom-client.development.js:15718:11)
          at recursivelyTraversePassiveMountEffects (F:\AI Projects\handyman-tracker\node_modules\react-dom\cjs\react-dom-client.development.js:15439:11)
          at commitPassiveMountOnFiber (F:\AI Projects\handyman-tracker\node_modules\react-dom\cjs\react-dom-client.development.js:15476:11)
          at recursivelyTraversePassiveMountEffects (F:\AI Projects\handyman-tracker\node_modules\react-dom\cjs\react-dom-client.development.js:15439:11)
          at commitPassiveMountOnFiber (F:\AI Projects\handyman-tracker\node_modules\react-dom\cjs\react-dom-client.development.js:15476:11)
          at recursivelyTraversePassiveMountEffects (F:\AI Projects\handyman-tracker\node_modules\react-dom\cjs\react-dom-client.development.js:15439:11)
          at commitPassiveMountOnFiber (F:\AI Projects\handyman-tracker\node_modules\react-dom\cjs\react-dom-client.development.js:15519:11)
          at flushPassiveEffects (F:\AI Projects\handyman-tracker\node_modules\react-dom\cjs\react-dom-client.development.js:18432:9)
          at F:\AI Projects\handyman-tracker\node_modules\react-dom\cjs\react-dom-client.development.js:17923:15
          at flushActQueue (F:\AI Projects\handyman-tracker\node_modules\react\cjs\react.development.js:590:34)
          at process.env.NODE_ENV.exports.act (F:\AI Projects\handyman-tracker\node_modules\react\cjs\react.development.js:884:10)
          at F:\AI Projects\handyman-tracker\node_modules\@testing-library\react\dist\act-compat.js:47:25
          at renderRoot (F:\AI Projects\handyman-tracker\node_modules\@testing-library\react\dist\pure.js:190:26)
          at render (F:\AI Projects\handyman-tracker\node_modules\@testing-library\react\dist\pure.js:292:10)
          at Object.<anonymous> (F:\AI Projects\handyman-tracker\src\components\__tests__\UserManagement.test.jsx:22:11)
          at Promise.finally.completed (F:\AI Projects\handyman-tracker\node_modules\jest-circus\build\jestAdapterInit.js:1557:28)
          at new Promise (<anonymous>)
          at callAsyncCircusFn (F:\AI Projects\handyman-tracker\node_modules\jest-circus\build\jestAdapterInit.js:1497:10)
          at _callCircusTest (F:\AI Projects\handyman-tracker\node_modules\jest-circus\build\jestAdapterInit.js:1007:40)
          at processTicksAndRejections (node:internal/process/task_queues:105:5)
          at _runTest (F:\AI Projects\handyman-tracker\node_modules\jest-circus\build\jestAdapterInit.js:947:3)
          at F:\AI Projects\handyman-tracker\node_modules\jest-circus\build\jestAdapterInit.js:849:7
          at _runTestsForDescribeBlock (F:\AI Projects\handyman-tracker\node_modules\jest-circus\build\jestAdapterInit.js:862:11)
          at _runTestsForDescribeBlock (F:\AI Projects\handyman-tracker\node_modules\jest-circus\build\jestAdapterInit.js:857:11)
          at run (F:\AI Projects\handyman-tracker\node_modules\jest-circus\build\jestAdapterInit.js:761:3)
          at runAndTransformResultsToJestFormat (F:\AI Projects\handyman-tracker\node_modules\jest-circus\build\jestAdapterInit.js:1918:21)
          at jestAdapter (F:\AI Projects\handyman-tracker\node_modules\jest-circus\build\runner.js:101:19)
          at runTestInternal (F:\AI Projects\handyman-tracker\node_modules\jest-runner\build\testWorker.js:275:16)
          at runTest (F:\AI Projects\handyman-tracker\node_modules\jest-runner\build\testWorker.js:343:7)
          at Object.worker (F:\AI Projects\handyman-tracker\node_modules\jest-runner\build\testWorker.js:497:12)

    [0m [90m 28 |[39m         setCurrentUser(payload)[33m;[39m
     [90m 29 |[39m       } [36mcatch[39m (err) {
    [31m[1m>[22m[39m[90m 30 |[39m         console[33m.[39merror([32m'Error decoding token:'[39m[33m,[39m err)[33m;[39m
     [90m    |[39m                 [31m[1m^[22m[39m
     [90m 31 |[39m       }
     [90m 32 |[39m     }
     [90m 33 |[39m   }[33m;[39m[0m

      at error (src/components/UserManagement.jsx:30:17)
      at fetchCurrentUser (src/components/UserManagement.jsx:16:5)
      at Object.react_stack_bottom_frame (node_modules/react-dom/cjs/react-dom-client.development.js:25989:20)
      at runWithFiberInDEV (node_modules/react-dom/cjs/react-dom-client.development.js:874:13)
      at commitHookEffectListMount (node_modules/react-dom/cjs/react-dom-client.development.js:13249:29)
      at commitHookPassiveMountEffects (node_modules/react-dom/cjs/react-dom-client.development.js:13336:11)
      at commitPassiveMountOnFiber (node_modules/react-dom/cjs/react-dom-client.development.js:15484:13)
      at recursivelyTraversePassiveMountEffects (node_modules/react-dom/cjs/react-dom-client.development.js:15439:11)
      at commitPassiveMountOnFiber (node_modules/react-dom/cjs/react-dom-client.development.js:15718:11)
      at recursivelyTraversePassiveMountEffects (node_modules/react-dom/cjs/react-dom-client.development.js:15439:11)
      at commitPassiveMountOnFiber (node_modules/react-dom/cjs/react-dom-client.development.js:15718:11)
      at recursivelyTraversePassiveMountEffects (node_modules/react-dom/cjs/react-dom-client.development.js:15439:11)
      at commitPassiveMountOnFiber (node_modules/react-dom/cjs/react-dom-client.development.js:15476:11)
      at recursivelyTraversePassiveMountEffects (node_modules/react-dom/cjs/react-dom-client.development.js:15439:11)
      at commitPassiveMountOnFiber (node_modules/react-dom/cjs/react-dom-client.development.js:15476:11)
      at recursivelyTraversePassiveMountEffects (node_modules/react-dom/cjs/react-dom-client.development.js:15439:11)
      at commitPassiveMountOnFiber (node_modules/react-dom/cjs/react-dom-client.development.js:15519:11)
      at flushPassiveEffects (node_modules/react-dom/cjs/react-dom-client.development.js:18432:9)
      at node_modules/react-dom/cjs/react-dom-client.development.js:17923:15
      at flushActQueue (node_modules/react/cjs/react.development.js:590:34)
      at process.env.NODE_ENV.exports.act (node_modules/react/cjs/react.development.js:884:10)
      at node_modules/@testing-library/react/dist/act-compat.js:47:25
      at renderRoot (node_modules/@testing-library/react/dist/pure.js:190:26)
      at render (node_modules/@testing-library/react/dist/pure.js:292:10)
      at Object.<anonymous> (src/components/__tests__/UserManagement.test.jsx:22:11)

PASS src/utils/__tests__/errorHandler.test.js
PASS src/components/__tests__/Login.test.jsx (16.401 s)
  ΓùÅ Console

    console.error
      Login error details: {
        code: undefined,
        message: undefined,
        response: { status: 400, data: { msg: 'Invalid credentials' } },
        config: { url: undefined, method: undefined }
      }

    [0m [90m 62 |[39m         alert([32m`Γ¥î Login Failed\n\n${err.response?.data?.msg || err.message}`[39m)[33m;[39m
     [90m 63 |[39m       }
    [31m[1m>[22m[39m[90m 64 |[39m       console[33m.[39merror([32m'Login error details:'[39m[33m,[39m {
     [90m    |[39m               [31m[1m^[22m[39m
     [90m 65 |[39m         code[33m:[39m err[33m.[39mcode[33m,[39m
     [90m 66 |[39m         message[33m:[39m err[33m.[39mmessage[33m,[39m
     [90m 67 |[39m         response[33m:[39m err[33m.[39mresponse[33m,[39m[0m

      at error (src/components/Login.jsx:64:15)

    console.error
      Login error details: {
        code: undefined,
        message: undefined,
        response: { status: 403, data: { msg: 'Account pending approval' } },
        config: { url: undefined, method: undefined }
      }

    [0m [90m 62 |[39m         alert([32m`Γ¥î Login Failed\n\n${err.response?.data?.msg || err.message}`[39m)[33m;[39m
     [90m 63 |[39m       }
    [31m[1m>[22m[39m[90m 64 |[39m       console[33m.[39merror([32m'Login error details:'[39m[33m,[39m {
     [90m    |[39m               [31m[1m^[22m[39m
     [90m 65 |[39m         code[33m:[39m err[33m.[39mcode[33m,[39m
     [90m 66 |[39m         message[33m:[39m err[33m.[39mmessage[33m,[39m
     [90m 67 |[39m         response[33m:[39m err[33m.[39mresponse[33m,[39m[0m

      at error (src/components/Login.jsx:64:15)

    console.error
      Login error details: {
        code: undefined,
        message: undefined,
        response: { status: 500 },
        config: { url: undefined, method: undefined }
      }

    [0m [90m 62 |[39m         alert([32m`Γ¥î Login Failed\n\n${err.response?.data?.msg || err.message}`[39m)[33m;[39m
     [90m 63 |[39m       }
    [31m[1m>[22m[39m[90m 64 |[39m       console[33m.[39merror([32m'Login error details:'[39m[33m,[39m {
     [90m    |[39m               [31m[1m^[22m[39m
     [90m 65 |[39m         code[33m:[39m err[33m.[39mcode[33m,[39m
     [90m 66 |[39m         message[33m:[39m err[33m.[39mmessage[33m,[39m
     [90m 67 |[39m         response[33m:[39m err[33m.[39mresponse[33m,[39m[0m

      at error (src/components/Login.jsx:64:15)

    console.error
      Login error details: {
        code: 'ERR_NETWORK',
        message: 'Network Error',
        response: undefined,
        config: { url: undefined, method: undefined }
      }

    [0m [90m 62 |[39m         alert([32m`Γ¥î Login Failed\n\n${err.response?.data?.msg || err.message}`[39m)[33m;[39m
     [90m 63 |[39m       }
    [31m[1m>[22m[39m[90m 64 |[39m       console[33m.[39merror([32m'Login error details:'[39m[33m,[39m {
     [90m    |[39m               [31m[1m^[22m[39m
     [90m 65 |[39m         code[33m:[39m err[33m.[39mcode[33m,[39m
     [90m 66 |[39m         message[33m:[39m err[33m.[39mmessage[33m,[39m
     [90m 67 |[39m         response[33m:[39m err[33m.[39mresponse[33m,[39m[0m

      at error (src/components/Login.jsx:64:15)

    console.error
      Login error details: {
        code: 'ECONNREFUSED',
        message: 'Connection refused',
        response: undefined,
        config: { url: undefined, method: undefined }
      }

    [0m [90m 62 |[39m         alert([32m`Γ¥î Login Failed\n\n${err.response?.data?.msg || err.message}`[39m)[33m;[39m
     [90m 63 |[39m       }
    [31m[1m>[22m[39m[90m 64 |[39m       console[33m.[39merror([32m'Login error details:'[39m[33m,[39m {
     [90m    |[39m               [31m[1m^[22m[39m
     [90m 65 |[39m         code[33m:[39m err[33m.[39mcode[33m,[39m
     [90m 66 |[39m         message[33m:[39m err[33m.[39mmessage[33m,[39m
     [90m 67 |[39m         response[33m:[39m err[33m.[39mresponse[33m,[39m[0m

      at error (src/components/Login.jsx:64:15)

    console.error
      Login error details: {
        code: undefined,
        message: 'Something went wrong',
        response: undefined,
        config: { url: undefined, method: undefined }
      }

    [0m [90m 62 |[39m         alert([32m`Γ¥î Login Failed\n\n${err.response?.data?.msg || err.message}`[39m)[33m;[39m
     [90m 63 |[39m       }
    [31m[1m>[22m[39m[90m 64 |[39m       console[33m.[39merror([32m'Login error details:'[39m[33m,[39m {
     [90m    |[39m               [31m[1m^[22m[39m
     [90m 65 |[39m         code[33m:[39m err[33m.[39mcode[33m,[39m
     [90m 66 |[39m         message[33m:[39m err[33m.[39mmessage[33m,[39m
     [90m 67 |[39m         response[33m:[39m err[33m.[39mresponse[33m,[39m[0m

      at error (src/components/Login.jsx:64:15)

    console.error
      Registration error: { message: 'Network Error' }

    [0m [90m 120 |[39m         alert([32m`Γ¥î ${errorMsg}`[39m)[33m;[39m
     [90m 121 |[39m       }
    [31m[1m>[22m[39m[90m 122 |[39m       console[33m.[39merror([32m'Registration error:'[39m[33m,[39m err)[33m;[39m
     [90m     |[39m               [31m[1m^[22m[39m
     [90m 123 |[39m     }
     [90m 124 |[39m   }[33m;[39m
     [90m 125 |[39m[0m

      at error (src/components/Login.jsx:122:15)

    console.error
      Registration error: { response: { data: { msg: 'Username already exists' } } }

    [0m [90m 120 |[39m         alert([32m`Γ¥î ${errorMsg}`[39m)[33m;[39m
     [90m 121 |[39m       }
    [31m[1m>[22m[39m[90m 122 |[39m       console[33m.[39merror([32m'Registration error:'[39m[33m,[39m err)[33m;[39m
     [90m     |[39m               [31m[1m^[22m[39m
     [90m 123 |[39m     }
     [90m 124 |[39m   }[33m;[39m
     [90m 125 |[39m[0m

      at error (src/components/Login.jsx:122:15)

    console.error
      Network error submitting bid: { message: 'Network Error' }

    [0m [90m 167 |[39m               [32m`The server at ${API_BASE_URL} is not reachable.\n`[39m [33m+[39m
     [90m 168 |[39m               [32m`Please check your internet connection or contact support.`[39m)[33m;[39m
    [31m[1m>[22m[39m[90m 169 |[39m         console[33m.[39merror([32m'Network error submitting bid:'[39m[33m,[39m err)[33m;[39m
     [90m     |[39m                 [31m[1m^[22m[39m
     [90m 170 |[39m       } [36melse[39m {
     [90m 171 |[39m         [36mconst[39m errorMsg [33m=[39m err[33m.[39mresponse[33m?[39m[33m.[39mdata[33m?[39m[33m.[39mmsg [33m||[39m [32m'Failed 
to submit bid request'[39m[33m;[39m
     [90m 172 |[39m         alert([32m`Γ¥î ${errorMsg}`[39m)[33m;[39m[0m

      at error (src/components/Login.jsx:169:17)


Test Suites: 6 failed, 8 passed, 14 total
Tests:       46 failed, 203 passed, 249 total
Snapshots:   0 total
Time:        40.629 s
Ran all test suites.
