node.exe : npm warn Unknown project config "MONGOMS_DISABLE_POSTINSTALL". This will stop working in the next major 
version of npm.
At F:\Development\Node.js\npx.ps1:16 char:5
+     & "$basedir/node$exe"  "$basedir/node_modules/npm/bin/npx-cli.js" ...
+     ~~~~~~~~~~~~~~~~~~~~~~~~~~~~~~~~~~~~~~~~~~~~~~~~~~~~~~~~~~~~~~~~~
    + CategoryInfo          : NotSpecified: (npm warn Unknow...version of npm.:String) [], RemoteException
    + FullyQualifiedErrorId : NativeCommandError
 
FAIL src/components/__tests__/CameraCapture.test.jsx
  ΓùÅ Console

    console.error
      Error accessing camera: Error: Permission denied
          at Object.<anonymous> (F:\AI Projects\handyman-tracker\src\components\__tests__\CameraCapture.test.jsx:61:44)
          at Promise.finally.completed (F:\AI 
Projects\handyman-tracker\node_modules\jest-circus\build\jestAdapterInit.js:1557:28)
          at new Promise (<anonymous>)
          at callAsyncCircusFn (F:\AI 
Projects\handyman-tracker\node_modules\jest-circus\build\jestAdapterInit.js:1497:10)
          at _callCircusTest (F:\AI 
Projects\handyman-tracker\node_modules\jest-circus\build\jestAdapterInit.js:1007:40)
          at runNextTicks (node:internal/process/task_queues:65:5)
          at listOnTimeout (node:internal/timers:549:9)
          at processTimers (node:internal/timers:523:7)
          at _runTest (F:\AI Projects\handyman-tracker\node_modules\jest-circus\build\jestAdapterInit.js:947:3)
          at F:\AI Projects\handyman-tracker\node_modules\jest-circus\build\jestAdapterInit.js:849:7
          at _runTestsForDescribeBlock (F:\AI 
Projects\handyman-tracker\node_modules\jest-circus\build\jestAdapterInit.js:862:11)
          at _runTestsForDescribeBlock (F:\AI 
Projects\handyman-tracker\node_modules\jest-circus\build\jestAdapterInit.js:857:11)
          at run (F:\AI Projects\handyman-tracker\node_modules\jest-circus\build\jestAdapterInit.js:761:3)
          at runAndTransformResultsToJestFormat (F:\AI 
Projects\handyman-tracker\node_modules\jest-circus\build\jestAdapterInit.js:1918:21)
          at jestAdapter (F:\AI Projects\handyman-tracker\node_modules\jest-circus\build\runner.js:101:19)
          at runTestInternal (F:\AI Projects\handyman-tracker\node_modules\jest-runner\build\testWorker.js:275:16)
          at runTest (F:\AI Projects\handyman-tracker\node_modules\jest-runner\build\testWorker.js:343:7)
          at Object.worker (F:\AI Projects\handyman-tracker\node_modules\jest-runner\build\testWorker.js:497:12)

      18 |       }
      19 |     } catch (err) {
    > 20 |       console.error('Error accessing camera:', err);
         |               ^
      21 |       alert('Γ¥î Could not access camera. Please check permissions.');
      22 |     }
      23 |   };

      at error (src/components/CameraCapture.jsx:20:15)

    console.error
      Error accessing camera: Error: Camera not found
          at Object.<anonymous> (F:\AI 
Projects\handyman-tracker\src\components\__tests__\CameraCapture.test.jsx:345:44)
          at Promise.finally.completed (F:\AI 
Projects\handyman-tracker\node_modules\jest-circus\build\jestAdapterInit.js:1557:28)
          at new Promise (<anonymous>)
          at callAsyncCircusFn (F:\AI 
Projects\handyman-tracker\node_modules\jest-circus\build\jestAdapterInit.js:1497:10)
          at _callCircusTest (F:\AI 
Projects\handyman-tracker\node_modules\jest-circus\build\jestAdapterInit.js:1007:40)
          at runNextTicks (node:internal/process/task_queues:65:5)
          at listOnTimeout (node:internal/timers:549:9)
          at processTimers (node:internal/timers:523:7)
          at _runTest (F:\AI Projects\handyman-tracker\node_modules\jest-circus\build\jestAdapterInit.js:947:3)
          at F:\AI Projects\handyman-tracker\node_modules\jest-circus\build\jestAdapterInit.js:849:7
          at _runTestsForDescribeBlock (F:\AI 
Projects\handyman-tracker\node_modules\jest-circus\build\jestAdapterInit.js:862:11)
          at _runTestsForDescribeBlock (F:\AI 
Projects\handyman-tracker\node_modules\jest-circus\build\jestAdapterInit.js:857:11)
          at run (F:\AI Projects\handyman-tracker\node_modules\jest-circus\build\jestAdapterInit.js:761:3)
          at runAndTransformResultsToJestFormat (F:\AI 
Projects\handyman-tracker\node_modules\jest-circus\build\jestAdapterInit.js:1918:21)
          at jestAdapter (F:\AI Projects\handyman-tracker\node_modules\jest-circus\build\runner.js:101:19)
          at runTestInternal (F:\AI Projects\handyman-tracker\node_modules\jest-runner\build\testWorker.js:275:16)
          at runTest (F:\AI Projects\handyman-tracker\node_modules\jest-runner\build\testWorker.js:343:7)
          at Object.worker (F:\AI Projects\handyman-tracker\node_modules\jest-runner\build\testWorker.js:497:12)

      18 |       }
      19 |     } catch (err) {
    > 20 |       console.error('Error accessing camera:', err);
         |               ^
      21 |       alert('Γ¥î Could not access camera. Please check permissions.');
      22 |     }
      23 |   };

      at error (src/components/CameraCapture.jsx:20:15)

  ΓùÅ CameraCapture Component - Phase 2E Mobile Features ΓÇ║ should cleanup on unmount

    expect(received).toBeTruthy()

    Received: undefined

    Ignored nodes: comments, script, style
    [36m<html>[39m
      [36m<head />[39m
      [36m<body>[39m
        [36m<div>[39m
          [36m<div[39m
            [33mclass[39m=[32m"fixed inset-0 bg-black bg-opacity-90 flex items-center justify-center z-50"[39m
          [36m>[39m
            [36m<div[39m
              [33mclass[39m=[32m"bg-white rounded-lg shadow-xl max-w-2xl w-full max-h-[90vh] overflow-hidden"[39m
            [36m>[39m
              [36m<div[39m
                [33mclass[39m=[32m"bg-white border-b border-gray-300 p-4 flex justify-between items-center"[39m
              [36m>[39m
                [36m<h2[39m
                  [33mclass[39m=[32m"text-xl font-bold text-black"[39m
                [36m>[39m
                  [0mTake Photo[0m
                [36m</h2>[39m
                [36m<button[39m
                  [33mclass[39m=[32m"text-gray-600 hover:text-gray-900 text-2xl font-bold"[39m
                [36m>[39m
                  [0m├ù[0m
                [36m</button>[39m
              [36m</div>[39m
              [36m<div[39m
                [33mclass[39m=[32m"relative bg-black"[39m
              [36m>[39m
                [36m<div[39m
                  [33mclass[39m=[32m"relative"[39m
                [36m>[39m
                  [36m<video[39m
                    [33mautoplay[39m=[32m""[39m
                    [33mclass[39m=[32m"w-full h-auto"[39m
                    [33mplaysinline[39m=[32m""[39m
                  [36m/>[39m
                  [36m<div[39m
                    [33mclass[39m=[32m"absolute bottom-4 left-0 right-0 flex justify-center"[39m
                  [36m>[39m
                    [36m<button[39m
                      [33mclass[39m=[32m"w-16 h-16 bg-white rounded-full border-4 border-blue-500 hover:bg-gray-100 
flex items-center justify-center text-3xl"[39m
                    [36m>[39m
                      [0m≡ƒô╖[0m
                    [36m</button>[39m
                  [36m</div>[39m
                [36m</div>[39m
                [36m<canvas[39m
                  [33mclass[39m=[32m"hidden"[39m
                [36m/>[39m
              [36m</div>[39m
              [36m<div[39m
                [33mclass[39m=[32m"bg-gray-50 border-t border-gray-300 p-4 flex justify-center gap-3"[39m
              [36m>[39m
                [36m<button[39m
                  [33mclass[39m=[32m"px-6 py-3 border border-gray-300 rounded text-black bg-white hover:bg-gray-100 
font-medium"[39m
                [36m>[39m
                  [0mCancel[0m
                [36m</button>[39m
              [36m</div>[39m
            [36m</div>[39m
          [36m</div>[39m
        [36m</div>[39m
      [36m</body>[39m
    [36m</html>[39m

      301 |       expect(video).toBeInTheDocument();
      302 |       // Ensure stream is set
    > 303 |       expect(video.srcObject).toBeTruthy();
          |                               ^
      304 |     });
      305 |     
      306 |     // Give React time to set up the stream in component state

      at toBeTruthy (src/components/__tests__/CameraCapture.test.jsx:303:31)
      at runWithExpensiveErrorDiagnosticsDisabled (node_modules/@testing-library/dom/dist/config.js:47:12)
      at checkCallback (node_modules/@testing-library/dom/dist/wait-for.js:124:77)
      at checkRealTimersCallback (node_modules/@testing-library/dom/dist/wait-for.js:118:16)
      at Timeout.task [as _onTimeout] (node_modules/jsdom/lib/jsdom/browser/Window.js:579:19)

PASS src/components/__tests__/Login.test.jsx (16.549 s)
  ΓùÅ Console

    console.error
      Login error details: {
        code: undefined,
        message: undefined,
        response: { status: 400, data: { msg: 'Invalid credentials' } },
        config: { url: undefined, method: undefined }
      }

      62 |         alert(`Γ¥î Login Failed\n\n${err.response?.data?.msg || err.message}`);
      63 |       }
    > 64 |       console.error('Login error details:', {
         |               ^
      65 |         code: err.code,
      66 |         message: err.message,
      67 |         response: err.response,

      at error (src/components/Login.jsx:64:15)

    console.error
      Login error details: {
        code: undefined,
        message: undefined,
        response: { status: 403, data: { msg: 'Account pending approval' } },
        config: { url: undefined, method: undefined }
      }

      62 |         alert(`Γ¥î Login Failed\n\n${err.response?.data?.msg || err.message}`);
      63 |       }
    > 64 |       console.error('Login error details:', {
         |               ^
      65 |         code: err.code,
      66 |         message: err.message,
      67 |         response: err.response,

      at error (src/components/Login.jsx:64:15)

    console.error
      Login error details: {
        code: undefined,
        message: undefined,
        response: { status: 500 },
        config: { url: undefined, method: undefined }
      }

      62 |         alert(`Γ¥î Login Failed\n\n${err.response?.data?.msg || err.message}`);
      63 |       }
    > 64 |       console.error('Login error details:', {
         |               ^
      65 |         code: err.code,
      66 |         message: err.message,
      67 |         response: err.response,

      at error (src/components/Login.jsx:64:15)

    console.error
      Login error details: {
        code: 'ERR_NETWORK',
        message: 'Network Error',
        response: undefined,
        config: { url: undefined, method: undefined }
      }

      62 |         alert(`Γ¥î Login Failed\n\n${err.response?.data?.msg || err.message}`);
      63 |       }
    > 64 |       console.error('Login error details:', {
         |               ^
      65 |         code: err.code,
      66 |         message: err.message,
      67 |         response: err.response,

      at error (src/components/Login.jsx:64:15)

    console.error
      Login error details: {
        code: 'ECONNREFUSED',
        message: 'Connection refused',
        response: undefined,
        config: { url: undefined, method: undefined }
      }

      62 |         alert(`Γ¥î Login Failed\n\n${err.response?.data?.msg || err.message}`);
      63 |       }
    > 64 |       console.error('Login error details:', {
         |               ^
      65 |         code: err.code,
      66 |         message: err.message,
      67 |         response: err.response,

      at error (src/components/Login.jsx:64:15)

    console.error
      Login error details: {
        code: undefined,
        message: 'Something went wrong',
        response: undefined,
        config: { url: undefined, method: undefined }
      }

      62 |         alert(`Γ¥î Login Failed\n\n${err.response?.data?.msg || err.message}`);
      63 |       }
    > 64 |       console.error('Login error details:', {
         |               ^
      65 |         code: err.code,
      66 |         message: err.message,
      67 |         response: err.response,

      at error (src/components/Login.jsx:64:15)

    console.error
      Registration error: { message: 'Network Error' }

      120 |         alert(`Γ¥î ${errorMsg}`);
      121 |       }
    > 122 |       console.error('Registration error:', err);
          |               ^
      123 |     }
      124 |   };
      125 |

      at error (src/components/Login.jsx:122:15)

    console.error
      Registration error: { response: { data: { msg: 'Username already exists' } } }

      120 |         alert(`Γ¥î ${errorMsg}`);
      121 |       }
    > 122 |       console.error('Registration error:', err);
          |               ^
      123 |     }
      124 |   };
      125 |

      at error (src/components/Login.jsx:122:15)

    console.error
      Network error submitting bid: { message: 'Network Error' }

      167 |               `The server at ${API_BASE_URL} is not reachable.\n` +
      168 |               `Please check your internet connection or contact support.`);
    > 169 |         console.error('Network error submitting bid:', err);
          |                 ^
      170 |       } else {
      171 |         const errorMsg = err.response?.data?.msg || 'Failed to submit bid request';
      172 |         alert(`Γ¥î ${errorMsg}`);

      at error (src/components/Login.jsx:169:17)

PASS src/components/__tests__/Customers.test.jsx
  ΓùÅ Console

    console.log
      Fetched customers: [
        { id: '1', name: 'John Doe', projects: 1 },
        { id: '2', name: 'Jane Smith', projects: 0 }
      ]

      at log (src/components/Customers.jsx:23:13)

    console.log
      Fetched customers: [
        { id: '1', name: 'John Doe', projects: 1 },
        { id: '2', name: 'Jane Smith', projects: 0 }
      ]

      at log (src/components/Customers.jsx:23:13)

    console.log
      Fetched customers: []

      at log (src/components/Customers.jsx:23:13)

    console.error
      An update to Customers inside a test was not wrapped in act(...).
      
      When testing, code that causes React state updates should be wrapped into act(...):
      
      act(() => {
        /* fire events that update state */
      });
      /* assert on the output */
      
      This ensures that you're testing the behavior the user would see in the browser. Learn more at 
https://react.dev/link/wrap-tests-with-act

      22 |     // Debug: Log customer IDs
      23 |     console.log('Fetched customers:', customersData.map(c => ({ id: c._id, name: c.name, projects: 
c.projects?.length || 0 })));
    > 24 |     setCustomers(customersData);
         |     ^
      25 |   };
      26 |
      27 |   const addCustomer = async () => {

      at node_modules/react-dom/cjs/react-dom-client.development.js:18758:19
      at runWithFiberInDEV (node_modules/react-dom/cjs/react-dom-client.development.js:874:13)
      at warnIfUpdatesNotWrappedWithActDEV (node_modules/react-dom/cjs/react-dom-client.development.js:18757:9)
      at scheduleUpdateOnFiber (node_modules/react-dom/cjs/react-dom-client.development.js:16409:11)
      at dispatchSetStateInternal (node_modules/react-dom/cjs/react-dom-client.development.js:9170:13)
      at dispatchSetState (node_modules/react-dom/cjs/react-dom-client.development.js:9127:7)
      at setCustomers (src/components/Customers.jsx:24:5)

    console.log
      Fetched customers: []

      at log (src/components/Customers.jsx:23:13)

    console.log
      Fetched customers: [ { id: '3', name: 'New Customer', projects: 0 } ]

      at log (src/components/Customers.jsx:23:13)

    console.log
      Fetched customers: []

      at log (src/components/Customers.jsx:23:13)

    console.log
      Fetched customers: []

      at log (src/components/Customers.jsx:23:13)

    console.log
      Fetched customers: []

      at log (src/components/Customers.jsx:23:13)

    console.error
      Error adding customer: { response: { data: { msg: 'Validation error' } } }

      32 |       fetchCustomers();
      33 |     } catch (err) {
    > 34 |       console.error('Error adding customer:', err);
         |               ^
      35 |       alert('Failed to add customer: ' + (err.response?.data?.msg || err.message));
      36 |     }
      37 |   };

      at error (src/components/Customers.jsx:34:15)

    console.log
      Fetched customers: [
        { id: '1', name: 'John Doe', projects: 1 },
        { id: '2', name: 'Jane Smith', projects: 0 }
      ]

      at log (src/components/Customers.jsx:23:13)

    console.log
      Fetched customers: [ { id: '2', name: 'Jane Smith', projects: 0 } ]

      at log (src/components/Customers.jsx:23:13)

    console.log
      Fetched customers: [
        { id: '1', name: 'John Doe', projects: 1 },
        { id: '2', name: 'Jane Smith', projects: 0 }
      ]

      at log (src/components/Customers.jsx:23:13)

    console.log
      Fetched customers: [
        { id: '1', name: 'John Doe', projects: 1 },
        { id: '2', name: 'Jane Smith', projects: 0 }
      ]

      at log (src/components/Customers.jsx:23:13)

    console.log
      Fetched customers: [
        { id: '1', name: 'John Doe', projects: 1 },
        { id: '2', name: 'Jane Smith', projects: 0 }
      ]

      at log (src/components/Customers.jsx:23:13)

    console.log
      Fetched customers: [
        { id: '1', name: 'John Doe', projects: 1 },
        { id: '2', name: 'Jane Smith', projects: 0 }
      ]

      at log (src/components/Customers.jsx:23:13)

    console.log
      Fetched customers: []

      at log (src/components/Customers.jsx:23:13)

    console.log
      Fetched customers: [
        { id: '1', name: 'John Doe', projects: 1 },
        { id: '2', name: 'Jane Smith', projects: 0 }
      ]

      at log (src/components/Customers.jsx:23:13)

    console.log
      Fetched customers: [
        { id: '1', name: 'John Doe', projects: 1 },
        { id: '2', name: 'Jane Smith', projects: 0 }
      ]

      at log (src/components/Customers.jsx:23:13)

    console.log
      Fetched customers: [ { id: '1', name: 'Updated Name', projects: 1 } ]

      at log (src/components/Customers.jsx:23:13)

    console.log
      Fetched customers: []

      at log (src/components/Customers.jsx:23:13)

    console.error
      Error: Not implemented: navigation (except hash changes)
          at module.exports (F:\AI 
Projects\handyman-tracker\node_modules\jsdom\lib\jsdom\browser\not-implemented.js:9:17)
          at navigateFetch (F:\AI 
Projects\handyman-tracker\node_modules\jsdom\lib\jsdom\living\window\navigation.js:77:3)
          at exports.navigate (F:\AI 
Projects\handyman-tracker\node_modules\jsdom\lib\jsdom\living\window\navigation.js:55:3)
          at LocationImpl._locationObjectNavigate (F:\AI 
Projects\handyman-tracker\node_modules\jsdom\lib\jsdom\living\window\Location-impl.js:30:5)
          at LocationImpl._locationObjectSetterNavigate (F:\AI 
Projects\handyman-tracker\node_modules\jsdom\lib\jsdom\living\window\Location-impl.js:24:17)
          at LocationImpl.set href [as href] (F:\AI 
Projects\handyman-tracker\node_modules\jsdom\lib\jsdom\living\window\Location-impl.js:46:10)
          at Location.set href [as href] (F:\AI 
Projects\handyman-tracker\node_modules\jsdom\lib\jsdom\living\generated\Location.js:125:37)
          at handleLogout (F:\AI Projects\handyman-tracker\src\components\Customers.jsx:81:25)
          at executeDispatch (F:\AI 
Projects\handyman-tracker\node_modules\react-dom\cjs\react-dom-client.development.js:19116:9)
          at runWithFiberInDEV (F:\AI 
Projects\handyman-tracker\node_modules\react-dom\cjs\react-dom-client.development.js:874:13)
          at processDispatchQueue (F:\AI 
Projects\handyman-tracker\node_modules\react-dom\cjs\react-dom-client.development.js:19166:19)
          at F:\AI Projects\handyman-tracker\node_modules\react-dom\cjs\react-dom-client.development.js:19767:9
          at batchedUpdates$1 (F:\AI 
Projects\handyman-tracker\node_modules\react-dom\cjs\react-dom-client.development.js:3255:40)
          at dispatchEventForPluginEventSystem (F:\AI 
Projects\handyman-tracker\node_modules\react-dom\cjs\react-dom-client.development.js:19320:7)
          at dispatchEvent (F:\AI 
Projects\handyman-tracker\node_modules\react-dom\cjs\react-dom-client.development.js:23585:11)
          at dispatchDiscreteEvent (F:\AI 
Projects\handyman-tracker\node_modules\react-dom\cjs\react-dom-client.development.js:23553:11)
          at HTMLDivElement.callTheUserObjectsOperation (F:\AI 
Projects\handyman-tracker\node_modules\jsdom\lib\jsdom\living\generated\EventListener.js:26:30)
          at innerInvokeEventListeners (F:\AI 
Projects\handyman-tracker\node_modules\jsdom\lib\jsdom\living\events\EventTarget-impl.js:350:25)
          at invokeEventListeners (F:\AI 
Projects\handyman-tracker\node_modules\jsdom\lib\jsdom\living\events\EventTarget-impl.js:286:3)
          at HTMLButtonElementImpl._dispatch (F:\AI 
Projects\handyman-tracker\node_modules\jsdom\lib\jsdom\living\events\EventTarget-impl.js:233:9)
          at HTMLButtonElementImpl.dispatchEvent (F:\AI 
Projects\handyman-tracker\node_modules\jsdom\lib\jsdom\living\events\EventTarget-impl.js:104:17)
          at HTMLButtonElement.dispatchEvent (F:\AI 
Projects\handyman-tracker\node_modules\jsdom\lib\jsdom\living\generated\EventTarget.js:241:34)
          at F:\AI 
Projects\handyman-tracker\node_modules\@testing-library\user-event\dist\cjs\event\dispatchEvent.js:45:43
          at F:\AI Projects\handyman-tracker\node_modules\@testing-library\react\dist\pure.js:108:16
          at F:\AI Projects\handyman-tracker\node_modules\@testing-library\react\dist\act-compat.js:48:24
          at process.env.NODE_ENV.exports.act (F:\AI 
Projects\handyman-tracker\node_modules\react\cjs\react.development.js:814:22)
          at F:\AI Projects\handyman-tracker\node_modules\@testing-library\react\dist\act-compat.js:47:25
          at Object.eventWrapper (F:\AI 
Projects\handyman-tracker\node_modules\@testing-library\react\dist\pure.js:107:28)
          at Object.wrapEvent (F:\AI 
Projects\handyman-tracker\node_modules\@testing-library\user-event\dist\cjs\event\wrapEvent.js:6:28)
          at Object.dispatchEvent (F:\AI 
Projects\handyman-tracker\node_modules\@testing-library\user-event\dist\cjs\event\dispatchEvent.js:45:22)
          at Object.dispatchUIEvent (F:\AI 
Projects\handyman-tracker\node_modules\@testing-library\user-event\dist\cjs\event\dispatchEvent.js:22:26)
          at Mouse.up (F:\AI 
Projects\handyman-tracker\node_modules\@testing-library\user-event\dist\cjs\system\pointer\mouse.js:100:30)
          at PointerHost.release (F:\AI 
Projects\handyman-tracker\node_modules\@testing-library\user-event\dist\cjs\system\pointer\index.js:87:24)
          at pointerAction (F:\AI 
Projects\handyman-tracker\node_modules\@testing-library\user-event\dist\cjs\pointer\index.js:54:47)
          at runNextTicks (node:internal/process/task_queues:65:5)
          at listOnTimeout (node:internal/timers:549:9)
          at processTimers (node:internal/timers:523:7)
          at Object.pointer (F:\AI 
Projects\handyman-tracker\node_modules\@testing-library\user-event\dist\cjs\pointer\index.js:27:9)
          at Object.asyncWrapper (F:\AI 
Projects\handyman-tracker\node_modules\@testing-library\react\dist\pure.js:88:22)
          at Object.<anonymous> (F:\AI Projects\handyman-tracker\src\components\__tests__\Customers.test.jsx:337:7) {
        type: 'not implemented'
      }

      79 |   const handleLogout = () => {
      80 |     localStorage.removeItem('token');
    > 81 |     window.location.href = '/login';
         |                         ^
      82 |   };
      83 |
      84 |   const formatPhoneNumber = (value) => {

      at VirtualConsole.<anonymous> (node_modules/@jest/environment-jsdom-abstract/build/index.js:87:23)
      at module.exports (node_modules/jsdom/lib/jsdom/browser/not-implemented.js:12:26)
      at navigateFetch (node_modules/jsdom/lib/jsdom/living/window/navigation.js:77:3)
      at exports.navigate (node_modules/jsdom/lib/jsdom/living/window/navigation.js:55:3)
      at LocationImpl._locationObjectNavigate (node_modules/jsdom/lib/jsdom/living/window/Location-impl.js:30:5)
      at LocationImpl._locationObjectSetterNavigate (node_modules/jsdom/lib/jsdom/living/window/Location-impl.js:24:17)
      at LocationImpl.set href [as href] (node_modules/jsdom/lib/jsdom/living/window/Location-impl.js:46:10)
      at Location.set href [as href] (node_modules/jsdom/lib/jsdom/living/generated/Location.js:125:37)
      at handleLogout (src/components/Customers.jsx:81:25)
      at executeDispatch (node_modules/react-dom/cjs/react-dom-client.development.js:19116:9)
      at runWithFiberInDEV (node_modules/react-dom/cjs/react-dom-client.development.js:874:13)
      at processDispatchQueue (node_modules/react-dom/cjs/react-dom-client.development.js:19166:19)
      at node_modules/react-dom/cjs/react-dom-client.development.js:19767:9
      at batchedUpdates$1 (node_modules/react-dom/cjs/react-dom-client.development.js:3255:40)
      at dispatchEventForPluginEventSystem (node_modules/react-dom/cjs/react-dom-client.development.js:19320:7)
      at dispatchEvent (node_modules/react-dom/cjs/react-dom-client.development.js:23585:11)
      at dispatchDiscreteEvent (node_modules/react-dom/cjs/react-dom-client.development.js:23553:11)
      at HTMLDivElement.callTheUserObjectsOperation 
(node_modules/jsdom/lib/jsdom/living/generated/EventListener.js:26:30)
      at innerInvokeEventListeners (node_modules/jsdom/lib/jsdom/living/events/EventTarget-impl.js:350:25)
      at invokeEventListeners (node_modules/jsdom/lib/jsdom/living/events/EventTarget-impl.js:286:3)
      at HTMLButtonElementImpl._dispatch (node_modules/jsdom/lib/jsdom/living/events/EventTarget-impl.js:233:9)
      at HTMLButtonElementImpl.dispatchEvent (node_modules/jsdom/lib/jsdom/living/events/EventTarget-impl.js:104:17)
      at HTMLButtonElement.dispatchEvent (node_modules/jsdom/lib/jsdom/living/generated/EventTarget.js:241:34)
      at node_modules/@testing-library/user-event/dist/cjs/event/dispatchEvent.js:45:43
      at node_modules/@testing-library/react/dist/pure.js:108:16
      at node_modules/@testing-library/react/dist/act-compat.js:48:24
      at process.env.NODE_ENV.exports.act (node_modules/react/cjs/react.development.js:814:22)
      at node_modules/@testing-library/react/dist/act-compat.js:47:25
      at Object.eventWrapper (node_modules/@testing-library/react/dist/pure.js:107:28)
      at Object.wrapEvent (node_modules/@testing-library/user-event/dist/cjs/event/wrapEvent.js:6:28)
      at Object.dispatchEvent (node_modules/@testing-library/user-event/dist/cjs/event/dispatchEvent.js:45:22)
      at Object.dispatchUIEvent (node_modules/@testing-library/user-event/dist/cjs/event/dispatchEvent.js:22:26)
      at Mouse.up (node_modules/@testing-library/user-event/dist/cjs/system/pointer/mouse.js:100:30)
      at PointerHost.release (node_modules/@testing-library/user-event/dist/cjs/system/pointer/index.js:87:24)
      at pointerAction (node_modules/@testing-library/user-event/dist/cjs/pointer/index.js:54:47)
      at Object.pointer (node_modules/@testing-library/user-event/dist/cjs/pointer/index.js:27:9)
      at Object.asyncWrapper (node_modules/@testing-library/react/dist/pure.js:88:22)
      at Object.<anonymous> (src/components/__tests__/Customers.test.jsx:337:7)

    console.log
      Fetched customers: [
        { id: '1', name: 'John Doe', projects: 1 },
        { id: '2', name: 'Jane Smith', projects: 0 }
      ]

      at log (src/components/Customers.jsx:23:13)

    console.log
      Fetched customers: []

      at log (src/components/Customers.jsx:23:13)

PASS src/components/__tests__/ProjectDetails.test.jsx
  ΓùÅ Console

    console.log
      Fetching customer with ID: cust123

      at log (src/components/ProjectDetails.jsx:29:15)

    console.log
      Customer ID type: string

      at log (src/components/ProjectDetails.jsx:30:15)

    console.log
      Looking for projectId: proj456

      at log (src/components/ProjectDetails.jsx:45:15)

    console.log
      Available project IDs: [ 'proj456' ]

      at log (src/components/ProjectDetails.jsx:46:15)

    console.log
      Fetching customer with ID: cust123

      at log (src/components/ProjectDetails.jsx:29:15)

    console.log
      Customer ID type: string

      at log (src/components/ProjectDetails.jsx:30:15)

    console.log
      Fetching customer with ID: cust123

      at log (src/components/ProjectDetails.jsx:29:15)

    console.log
      Customer ID type: string

      at log (src/components/ProjectDetails.jsx:30:15)

    console.log
      Looking for projectId: proj456

      at log (src/components/ProjectDetails.jsx:45:15)

    console.log
      Available project IDs: [ 'different-id' ]

      at log (src/components/ProjectDetails.jsx:46:15)

    console.log
      Fetching customer with ID: cust123

      at log (src/components/ProjectDetails.jsx:29:15)

    console.log
      Customer ID type: string

      at log (src/components/ProjectDetails.jsx:30:15)

    console.log
      Looking for projectId: proj456

      at log (src/components/ProjectDetails.jsx:45:15)

    console.log
      Available project IDs: [ 'proj456' ]

      at log (src/components/ProjectDetails.jsx:46:15)

    console.log
      Fetching customer with ID: cust123

      at log (src/components/ProjectDetails.jsx:29:15)

    console.log
      Customer ID type: string

      at log (src/components/ProjectDetails.jsx:30:15)

    console.log
      Looking for projectId: proj456

      at log (src/components/ProjectDetails.jsx:45:15)

    console.log
      Available project IDs: [ 'proj456' ]

      at log (src/components/ProjectDetails.jsx:46:15)

    console.log
      Fetching customer with ID: cust123

      at log (src/components/ProjectDetails.jsx:29:15)

    console.log
      Customer ID type: string

      at log (src/components/ProjectDetails.jsx:30:15)

    console.log
      Looking for projectId: proj456

      at log (src/components/ProjectDetails.jsx:45:15)

    console.log
      Available project IDs: [ 'proj456' ]

      at log (src/components/ProjectDetails.jsx:46:15)

    console.log
      Fetching customer with ID: cust123

      at log (src/components/ProjectDetails.jsx:29:15)

    console.log
      Customer ID type: string

      at log (src/components/ProjectDetails.jsx:30:15)

    console.log
      Looking for projectId: proj456

      at log (src/components/ProjectDetails.jsx:45:15)

    console.log
      Available project IDs: [ 'proj456' ]

      at log (src/components/ProjectDetails.jsx:46:15)

    console.log
      Fetching customer with ID: cust123

      at log (src/components/ProjectDetails.jsx:29:15)

    console.log
      Customer ID type: string

      at log (src/components/ProjectDetails.jsx:30:15)

    console.log
      Looking for projectId: proj456

      at log (src/components/ProjectDetails.jsx:45:15)

    console.log
      Available project IDs: [ 'proj456' ]

      at log (src/components/ProjectDetails.jsx:46:15)

    console.log
      Fetching customer with ID: cust123

      at log (src/components/ProjectDetails.jsx:29:15)

    console.log
      Customer ID type: string

      at log (src/components/ProjectDetails.jsx:30:15)

    console.error
      Error fetching project: Error: Network error
          at Object.<anonymous> (F:\AI 
Projects\handyman-tracker\src\components\__tests__\ProjectDetails.test.jsx:171:35)
          at Promise.finally.completed (F:\AI 
Projects\handyman-tracker\node_modules\jest-circus\build\jestAdapterInit.js:1557:28)
          at new Promise (<anonymous>)
          at callAsyncCircusFn (F:\AI 
Projects\handyman-tracker\node_modules\jest-circus\build\jestAdapterInit.js:1497:10)
          at _callCircusTest (F:\AI 
Projects\handyman-tracker\node_modules\jest-circus\build\jestAdapterInit.js:1007:40)
          at runNextTicks (node:internal/process/task_queues:65:5)
          at listOnTimeout (node:internal/timers:549:9)
          at processTimers (node:internal/timers:523:7)
          at _runTest (F:\AI Projects\handyman-tracker\node_modules\jest-circus\build\jestAdapterInit.js:947:3)
          at F:\AI Projects\handyman-tracker\node_modules\jest-circus\build\jestAdapterInit.js:849:7
          at _runTestsForDescribeBlock (F:\AI 
Projects\handyman-tracker\node_modules\jest-circus\build\jestAdapterInit.js:862:11)
          at _runTestsForDescribeBlock (F:\AI 
Projects\handyman-tracker\node_modules\jest-circus\build\jestAdapterInit.js:857:11)
          at _runTestsForDescribeBlock (F:\AI 
Projects\handyman-tracker\node_modules\jest-circus\build\jestAdapterInit.js:857:11)
          at run (F:\AI Projects\handyman-tracker\node_modules\jest-circus\build\jestAdapterInit.js:761:3)
          at runAndTransformResultsToJestFormat (F:\AI 
Projects\handyman-tracker\node_modules\jest-circus\build\jestAdapterInit.js:1918:21)
          at jestAdapter (F:\AI Projects\handyman-tracker\node_modules\jest-circus\build\runner.js:101:19)
          at runTestInternal (F:\AI Projects\handyman-tracker\node_modules\jest-runner\build\testWorker.js:275:16)
          at runTest (F:\AI Projects\handyman-tracker\node_modules\jest-runner\build\testWorker.js:343:7)
          at Object.worker (F:\AI Projects\handyman-tracker\node_modules\jest-runner\build\testWorker.js:497:12)

      58 |       }
      59 |     } catch (err) {
    > 60 |       console.error('Error fetching project:', err);
         |               ^
      61 |       if (err.response?.status === 401) {
      62 |         setError('Authentication failed. Please login again.');
      63 |         localStorage.removeItem('token');

      at error (src/components/ProjectDetails.jsx:60:15)

    console.log
      Fetching customer with ID: cust123

      at log (src/components/ProjectDetails.jsx:29:15)

    console.log
      Customer ID type: string

      at log (src/components/ProjectDetails.jsx:30:15)

PASS src/components/__tests__/PurchaseOrders.test.jsx
  ΓùÅ Console

    console.log
      Opening PO detail: {
        _id: 'po1',
        poNumber: 'PO-2024-001',
        supplier: { _id: 'sup1', name: 'Home Depot', phone: '555-1234' },
        status: 'Draft',
        items: [
          {
            sku: 'LUM-2X4',
            description: '2x4 Lumber',
            quantity: 50,
            unit: 'each',
            unitPrice: 5.99,
            total: 299.5
          }
        ],
        subtotal: 299.5,
        tax: 23.96,
        shipping: 0,
        total: 323.46,
        orderDate: '2024-11-10T00:00:00.000Z',
        expectedDelivery: '2024-11-15T00:00:00.000Z',
        notes: 'Urgent order'
      }

      at log (src/components/PurchaseOrders.jsx:68:13)

    console.log
      PODetailModal rendering with: {
        _id: 'po1',
        poNumber: 'PO-2024-001',
        supplier: { _id: 'sup1', name: 'Home Depot', phone: '555-1234' },
        status: 'Draft',
        items: [
          {
            sku: 'LUM-2X4',
            description: '2x4 Lumber',
            quantity: 50,
            unit: 'each',
            unitPrice: 5.99,
            total: 299.5
          }
        ],
        subtotal: 299.5,
        tax: 23.96,
        shipping: 0,
        total: 323.46,
        orderDate: '2024-11-10T00:00:00.000Z',
        expectedDelivery: '2024-11-15T00:00:00.000Z',
        notes: 'Urgent order'
      }

      at log (src/components/PurchaseOrders.jsx:254:11)

    console.log
      Opening PO detail: {
        _id: 'po1',
        poNumber: 'PO-2024-001',
        supplier: { _id: 'sup1', name: 'Home Depot', phone: '555-1234' },
        status: 'Draft',
        items: [
          {
            sku: 'LUM-2X4',
            description: '2x4 Lumber',
            quantity: 50,
            unit: 'each',
            unitPrice: 5.99,
            total: 299.5
          }
        ],
        subtotal: 299.5,
        tax: 23.96,
        shipping: 0,
        total: 323.46,
        orderDate: '2024-11-10T00:00:00.000Z',
        expectedDelivery: '2024-11-15T00:00:00.000Z',
        notes: 'Urgent order'
      }

      at log (src/components/PurchaseOrders.jsx:68:13)

    console.log
      PODetailModal rendering with: {
        _id: 'po1',
        poNumber: 'PO-2024-001',
        supplier: { _id: 'sup1', name: 'Home Depot', phone: '555-1234' },
        status: 'Draft',
        items: [
          {
            sku: 'LUM-2X4',
            description: '2x4 Lumber',
            quantity: 50,
            unit: 'each',
            unitPrice: 5.99,
            total: 299.5
          }
        ],
        subtotal: 299.5,
        tax: 23.96,
        shipping: 0,
        total: 323.46,
        orderDate: '2024-11-10T00:00:00.000Z',
        expectedDelivery: '2024-11-15T00:00:00.000Z',
        notes: 'Urgent order'
      }

      at log (src/components/PurchaseOrders.jsx:254:11)

    console.log
      Opening PO detail: {
        _id: 'po1',
        poNumber: 'PO-2024-001',
        supplier: { _id: 'sup1', name: 'Home Depot', phone: '555-1234' },
        status: 'Draft',
        items: [
          {
            sku: 'LUM-2X4',
            description: '2x4 Lumber',
            quantity: 50,
            unit: 'each',
            unitPrice: 5.99,
            total: 299.5
          }
        ],
        subtotal: 299.5,
        tax: 23.96,
        shipping: 0,
        total: 323.46,
        orderDate: '2024-11-10T00:00:00.000Z',
        expectedDelivery: '2024-11-15T00:00:00.000Z',
        notes: 'Urgent order'
      }

      at log (src/components/PurchaseOrders.jsx:68:13)

    console.log
      PODetailModal rendering with: {
        _id: 'po1',
        poNumber: 'PO-2024-001',
        supplier: { _id: 'sup1', name: 'Home Depot', phone: '555-1234' },
        status: 'Draft',
        items: [
          {
            sku: 'LUM-2X4',
            description: '2x4 Lumber',
            quantity: 50,
            unit: 'each',
            unitPrice: 5.99,
            total: 299.5
          }
        ],
        subtotal: 299.5,
        tax: 23.96,
        shipping: 0,
        total: 323.46,
        orderDate: '2024-11-10T00:00:00.000Z',
        expectedDelivery: '2024-11-15T00:00:00.000Z',
        notes: 'Urgent order'
      }

      at log (src/components/PurchaseOrders.jsx:254:11)

    console.log
      Opening PO detail: {
        _id: 'po1',
        poNumber: 'PO-2024-001',
        supplier: { _id: 'sup1', name: 'Home Depot', phone: '555-1234' },
        status: 'Draft',
        items: [
          {
            sku: 'LUM-2X4',
            description: '2x4 Lumber',
            quantity: 50,
            unit: 'each',
            unitPrice: 5.99,
            total: 299.5
          }
        ],
        subtotal: 299.5,
        tax: 23.96,
        shipping: 0,
        total: 323.46,
        orderDate: '2024-11-10T00:00:00.000Z',
        expectedDelivery: '2024-11-15T00:00:00.000Z',
        notes: 'Urgent order'
      }

      at log (src/components/PurchaseOrders.jsx:68:13)

    console.log
      PODetailModal rendering with: {
        _id: 'po1',
        poNumber: 'PO-2024-001',
        supplier: { _id: 'sup1', name: 'Home Depot', phone: '555-1234' },
        status: 'Draft',
        items: [
          {
            sku: 'LUM-2X4',
            description: '2x4 Lumber',
            quantity: 50,
            unit: 'each',
            unitPrice: 5.99,
            total: 299.5
          }
        ],
        subtotal: 299.5,
        tax: 23.96,
        shipping: 0,
        total: 323.46,
        orderDate: '2024-11-10T00:00:00.000Z',
        expectedDelivery: '2024-11-15T00:00:00.000Z',
        notes: 'Urgent order'
      }

      at log (src/components/PurchaseOrders.jsx:254:11)

    console.log
      Opening PO detail: {
        _id: 'po1',
        poNumber: 'PO-2024-001',
        supplier: { _id: 'sup1', name: 'Home Depot', phone: '555-1234' },
        status: 'Draft',
        items: [
          {
            sku: 'LUM-2X4',
            description: '2x4 Lumber',
            quantity: 50,
            unit: 'each',
            unitPrice: 5.99,
            total: 299.5
          }
        ],
        subtotal: 299.5,
        tax: 23.96,
        shipping: 0,
        total: 323.46,
        orderDate: '2024-11-10T00:00:00.000Z',
        expectedDelivery: '2024-11-15T00:00:00.000Z',
        notes: 'Urgent order'
      }

      at log (src/components/PurchaseOrders.jsx:68:13)

    console.log
      PODetailModal rendering with: {
        _id: 'po1',
        poNumber: 'PO-2024-001',
        supplier: { _id: 'sup1', name: 'Home Depot', phone: '555-1234' },
        status: 'Draft',
        items: [
          {
            sku: 'LUM-2X4',
            description: '2x4 Lumber',
            quantity: 50,
            unit: 'each',
            unitPrice: 5.99,
            total: 299.5
          }
        ],
        subtotal: 299.5,
        tax: 23.96,
        shipping: 0,
        total: 323.46,
        orderDate: '2024-11-10T00:00:00.000Z',
        expectedDelivery: '2024-11-15T00:00:00.000Z',
        notes: 'Urgent order'
      }

      at log (src/components/PurchaseOrders.jsx:254:11)

    console.log
      Opening PO detail: {
        _id: 'po1',
        poNumber: 'PO-2024-001',
        supplier: { _id: 'sup1', name: 'Home Depot', phone: '555-1234' },
        status: 'Draft',
        items: [
          {
            sku: 'LUM-2X4',
            description: '2x4 Lumber',
            quantity: 50,
            unit: 'each',
            unitPrice: 5.99,
            total: 299.5
          }
        ],
        subtotal: 299.5,
        tax: 23.96,
        shipping: 0,
        total: 323.46,
        orderDate: '2024-11-10T00:00:00.000Z',
        expectedDelivery: '2024-11-15T00:00:00.000Z',
        notes: 'Urgent order'
      }

      at log (src/components/PurchaseOrders.jsx:68:13)

    console.log
      PODetailModal rendering with: {
        _id: 'po1',
        poNumber: 'PO-2024-001',
        supplier: { _id: 'sup1', name: 'Home Depot', phone: '555-1234' },
        status: 'Draft',
        items: [
          {
            sku: 'LUM-2X4',
            description: '2x4 Lumber',
            quantity: 50,
            unit: 'each',
            unitPrice: 5.99,
            total: 299.5
          }
        ],
        subtotal: 299.5,
        tax: 23.96,
        shipping: 0,
        total: 323.46,
        orderDate: '2024-11-10T00:00:00.000Z',
        expectedDelivery: '2024-11-15T00:00:00.000Z',
        notes: 'Urgent order'
      }

      at log (src/components/PurchaseOrders.jsx:254:11)

    console.log
      Opening PO detail: {
        _id: 'po1',
        poNumber: 'PO-2024-001',
        supplier: { _id: 'sup1', name: 'Home Depot', phone: '555-1234' },
        status: 'Draft',
        items: [
          {
            sku: 'LUM-2X4',
            description: '2x4 Lumber',
            quantity: 50,
            unit: 'each',
            unitPrice: 5.99,
            total: 299.5
          }
        ],
        subtotal: 299.5,
        tax: 23.96,
        shipping: 0,
        total: 323.46,
        orderDate: '2024-11-10T00:00:00.000Z',
        expectedDelivery: '2024-11-15T00:00:00.000Z',
        notes: 'Urgent order'
      }

      at log (src/components/PurchaseOrders.jsx:68:13)

    console.log
      PODetailModal rendering with: {
        _id: 'po1',
        poNumber: 'PO-2024-001',
        supplier: { _id: 'sup1', name: 'Home Depot', phone: '555-1234' },
        status: 'Draft',
        items: [
          {
            sku: 'LUM-2X4',
            description: '2x4 Lumber',
            quantity: 50,
            unit: 'each',
            unitPrice: 5.99,
            total: 299.5
          }
        ],
        subtotal: 299.5,
        tax: 23.96,
        shipping: 0,
        total: 323.46,
        orderDate: '2024-11-10T00:00:00.000Z',
        expectedDelivery: '2024-11-15T00:00:00.000Z',
        notes: 'Urgent order'
      }

      at log (src/components/PurchaseOrders.jsx:254:11)

    console.log
      Opening PO detail: {
        _id: 'po3',
        poNumber: 'PO-2024-003',
        supplier: { _id: 'sup1', name: 'Home Depot' },
        status: 'Received',
        items: [
          {
            sku: 'PAINT-INT',
            description: 'Interior Paint',
            quantity: 5,
            unit: 'gallon',
            unitPrice: 29.99,
            total: 149.95
          }
        ],
        subtotal: 149.95,
        tax: 12,
        shipping: 0,
        total: 161.95,
        orderDate: '2024-11-01T00:00:00.000Z',
        receivedDate: '2024-11-05T00:00:00.000Z'
      }

      at log (src/components/PurchaseOrders.jsx:68:13)

    console.log
      PODetailModal rendering with: {
        _id: 'po3',
        poNumber: 'PO-2024-003',
        supplier: { _id: 'sup1', name: 'Home Depot' },
        status: 'Received',
        items: [
          {
            sku: 'PAINT-INT',
            description: 'Interior Paint',
            quantity: 5,
            unit: 'gallon',
            unitPrice: 29.99,
            total: 149.95
          }
        ],
        subtotal: 149.95,
        tax: 12,
        shipping: 0,
        total: 161.95,
        orderDate: '2024-11-01T00:00:00.000Z',
        receivedDate: '2024-11-05T00:00:00.000Z'
      }

      at log (src/components/PurchaseOrders.jsx:254:11)

    console.log
      Opening PO detail: {
        _id: 'po1',
        poNumber: 'PO-2024-001',
        supplier: { _id: 'sup1', name: 'Home Depot', phone: '555-1234' },
        status: 'Draft',
        items: [
          {
            sku: 'LUM-2X4',
            description: '2x4 Lumber',
            quantity: 50,
            unit: 'each',
            unitPrice: 5.99,
            total: 299.5
          }
        ],
        subtotal: 299.5,
        tax: 23.96,
        shipping: 0,
        total: 323.46,
        orderDate: '2024-11-10T00:00:00.000Z',
        expectedDelivery: '2024-11-15T00:00:00.000Z',
        notes: 'Urgent order'
      }

      at log (src/components/PurchaseOrders.jsx:68:13)

    console.log
      PODetailModal rendering with: {
        _id: 'po1',
        poNumber: 'PO-2024-001',
        supplier: { _id: 'sup1', name: 'Home Depot', phone: '555-1234' },
        status: 'Draft',
        items: [
          {
            sku: 'LUM-2X4',
            description: '2x4 Lumber',
            quantity: 50,
            unit: 'each',
            unitPrice: 5.99,
            total: 299.5
          }
        ],
        subtotal: 299.5,
        tax: 23.96,
        shipping: 0,
        total: 323.46,
        orderDate: '2024-11-10T00:00:00.000Z',
        expectedDelivery: '2024-11-15T00:00:00.000Z',
        notes: 'Urgent order'
      }

      at log (src/components/PurchaseOrders.jsx:254:11)

    console.log
      PODetailModal rendering with: {
        _id: 'po1',
        poNumber: 'PO-2024-001',
        supplier: { _id: 'sup1', name: 'Home Depot', phone: '555-1234' },
        status: 'Draft',
        items: [
          {
            sku: 'LUM-2X4',
            description: '2x4 Lumber',
            quantity: 50,
            unit: 'each',
            unitPrice: 5.99,
            total: 299.5
          }
        ],
        subtotal: 299.5,
        tax: 23.96,
        shipping: 0,
        total: 323.46,
        orderDate: '2024-11-10T00:00:00.000Z',
        expectedDelivery: '2024-11-15T00:00:00.000Z',
        notes: 'Urgent order'
      }

      at log (src/components/PurchaseOrders.jsx:254:11)

    console.log
      Opening PO detail: {
        _id: 'po1',
        poNumber: 'PO-2024-001',
        supplier: { _id: 'sup1', name: 'Home Depot', phone: '555-1234' },
        status: 'Draft',
        items: [
          {
            sku: 'LUM-2X4',
            description: '2x4 Lumber',
            quantity: 50,
            unit: 'each',
            unitPrice: 5.99,
            total: 299.5
          }
        ],
        subtotal: 299.5,
        tax: 23.96,
        shipping: 0,
        total: 323.46,
        orderDate: '2024-11-10T00:00:00.000Z',
        expectedDelivery: '2024-11-15T00:00:00.000Z',
        notes: 'Urgent order'
      }

      at log (src/components/PurchaseOrders.jsx:68:13)

    console.log
      PODetailModal rendering with: {
        _id: 'po1',
        poNumber: 'PO-2024-001',
        supplier: { _id: 'sup1', name: 'Home Depot', phone: '555-1234' },
        status: 'Draft',
        items: [
          {
            sku: 'LUM-2X4',
            description: '2x4 Lumber',
            quantity: 50,
            unit: 'each',
            unitPrice: 5.99,
            total: 299.5
          }
        ],
        subtotal: 299.5,
        tax: 23.96,
        shipping: 0,
        total: 323.46,
        orderDate: '2024-11-10T00:00:00.000Z',
        expectedDelivery: '2024-11-15T00:00:00.000Z',
        notes: 'Urgent order'
      }

      at log (src/components/PurchaseOrders.jsx:254:11)

FAIL src/components/__tests__/Suppliers.test.jsx (23.431 s)
  ΓùÅ Suppliers Component - Phase 1 & Catalog Management (Phase 2D) ΓÇ║ should filter by category

    Found a label with the text of: /Category/i, however no form control was found associated to that label. Make sure 
you're using the "for" attribute or "aria-labelledby" attribute correctly.

    Ignored nodes: comments, script, style
    [36m<body>[39m
      [36m<div>[39m
        [36m<div[39m
          [33mclass[39m=[32m"p-4 md:p-6 text-black lg:pr-[400px]"[39m
        [36m>[39m
          [36m<div[39m
            [33mclass[39m=[32m"mb-6"[39m
          [36m>[39m
            [36m<div[39m
              [33mclass[39m=[32m"flex flex-col sm:flex-row justify-between items-start sm:items-center gap-3 
mb-4"[39m
            [36m>[39m
              [36m<div[39m
                [33mclass[39m=[32m"flex gap-2 flex-wrap"[39m
              [36m>[39m
                [36m<a[39m
                  [33mclass[39m=[32m"bg-blue-500 text-white px-3 py-2 rounded hover:bg-blue-600 text-sm 
md:text-base"[39m
                  [33mdata-discover[39m=[32m"true"[39m
                  [33mhref[39m=[32m"/"[39m
                [36m>[39m
                  [0mDashboard[0m
                [36m</a>[39m
                [36m<a[39m
                  [33mclass[39m=[32m"bg-orange-500 text-white px-3 py-2 rounded hover:bg-orange-600 text-sm 
md:text-base"[39m
                  [33mdata-discover[39m=[32m"true"[39m
                  [33mhref[39m=[32m"/purchase-orders"[39m
                [36m>[39m
                  [0m≡ƒôï POs ([0m
                  [0m3[0m
                  [0m)[0m
                [36m</a>[39m
              [36m</div>[39m
              [36m<button[39m
                [33mclass[39m=[32m"bg-green-500 text-white px-4 py-2 rounded hover:bg-green-600 text-sm 
md:text-base w-full sm:w-auto"[39m
              [36m>[39m
                [0m+ Add Supplier[0m
              [36m</button>[39m
            [36m</div>[39m
            [36m<h1[39m
              [33mclass[39m=[32m"text-2xl md:text-3xl font-bold text-black"[39m
            [36m>[39m
              [0mSuppliers & Materials[0m
            [36m</h1>[39m
          [36m</div>[39m
          [36m<div[39m
            [33mclass[39m=[32m"grid grid-cols-1 md:grid-cols-4 gap-4 mb-6"[39m
          [36m>[39m
            [36m<div[39m
              [33mclass[39m=[32m"bg-white border border-gray-300 rounded-lg p-4"[39m
            [36m>[39m
              [36m<p[39m
                [33mclass[39m=[32m"text-gray-600 text-sm"[39m
              [36m>[39m
                [0mActive Suppliers[0m
              [36m</p>[39m
              [36m<p[39m
                [33mclass[39m=[32m"text-3xl font-bold text-black"[39m
              [36m>[39m
                [0m0[0m
              [36m</p>[39m
            [36m</div>[39m
            [36m<div[39m
              [33mclass[39m=[32m"bg-white border border-gray-300 rounded-lg p-4"[39m
            [36m>[39m
              [36m<p[39m
                [33mclass[39m=[32m"text-gray-600 text-sm"[39m
              [36m>[39m
                [0mOpen POs / Quotes[0m
              [36m</p>[39m
              [36m<p[39m
                [33mclass[39m=[32m"text-3xl font-bold text-blue-600"[39m
              [36m>[39m
                [0m3[0m
              [36m</p>[39m
            [36m</div>[39m
            [36m<div[39m
              [33mclass[39m=[32m"bg-white border border-gray-300 rounded-lg p-4"[39m
            [36m>[39m
              [36m<p[39m
                [33mclass[39m=[32m"text-gray-600 text-sm"[39m
              [36m>[39m
                [0mSpend This Month[0m
              [36m</p>[39m
              [36m<p[39m
                [33mclass[39m=[32m"text-3xl font-bold text-green-600"[39m
              [36m>[39m
                [0m$[0m
                [0m0.00[0m
              [36m</p>[39m
            [36m</div>[39m
            [36m<div[39m
              [33mclass[39m=[32m"bg-white border border-gray-300 rounded-lg p-4"[39m
            [36m>[39m
              [36m<p[39m
                [33mclass[39m=[32m"text-gray-600 text-sm"[39m
              [36m>[39m
                [0mLow Stock Items[0m
              [36m</p>[39m
              [36m<p[39m
                [33mclass[39m=[32m"text-3xl font-bold text-orange-600"[39m
              [36m>[39m
                [0m5[0m
                [36m<span[39m
                  [33mclass[39m=[32m"text-sm ml-2"[39m
                [36m>[39m
                  [0mΓÜá∩╕Å[0m
                [36m</span>[39m
              [36m</p>[39m
            [36m</div>[39m
          [36m</div>[39m
          [36m<div[39m
            [33mclass[39m=[32m"bg-white border border-gray-300 rounded-lg p-4 mb-6"[39m
          [36m>[39m
            [36m<div[39m
              [33mclass[39m=[32m"grid grid-cols-1 md:grid-cols-4 gap-4"[39m
            [36m>[39m
              [36m<div>[39m
                [36m<label[39m
                  [33mclass[39m=[32m"block text-sm font-medium text-black mb-1"[39m
                [36m>[39m
                  [0mSearch[0m
                [36m</label>[39m
                [36m<input[39m
                  [33mclass[39m=[32m"w-full p-2 border border-gray-300 rounded text-black bg-white"[39m
                  [33mplaceholder[39m=[32m"Search by name..."[39m
                  [33mtype[39m=[32m"text"[39m
                  [33mvalue[39m=[32m""[39m
                [36m/>[39m
              [36m</div>[39m
              [36m<div>[39m
                [36m<label[39m
                  [33mclass[39m=[32m"block text-sm font-medium text-black mb-1"[39m
                [36m>[39m
                  [0mCategory[0m
                [36m</label>[39m
                [36m<select[39m
                  [33mclass[39m=[32m"w-full p-2 border border-gray-300 rounded text-black bg-white"[39m
                [36m>[39m
                  [36m<option[39m
                    [33mvalue[39m=[32m""[39m
                  [36m>[39m
                    [0mAll Categories[0m
                  [36m</option>[39m
                  [36m<option[39m
                    [33mvalue[39m=[32m"Electrical"[39m
                  [36m>[39m
                    [0mElectrical[0m
                  [36m</option>[39m
                  [36m<option[39m
                    [33mvalue[39m=[32m"Plumbing"[39m
                  [36m>[39m
                    [0mPlumbing[0m
                  [36m</option>[39m
                  [36m<option[39m
                    [33mvalue[39m=[32m"Lumber"[39m
                  [36m>[39m
                    [0mLumber[0m
                  [36m</option>[39m
                  [36m<option[39m
                    [33mvalue[39m=[32m"Hardware"[39m
                  [36m>[39m
                    [0mHardware[0m
                  [36m</option>[39m
                  [36m<option[39m
                    [33mvalue[39m=[32m"HVAC"[39m
                  [36m>[39m
                    [0mHVAC[0m
                  [36m</option>[39m
                  [36m<option[39m
                    [33mvalue[39m=[32m"Roofing"[39m
                  [36m>[39m
                    [0mRoofing[0m
                  [36m</option>[39m
                  [36m<option[39m
                    [33mvalue[39m=[32m"Flooring"[39m
                  [36m>[39m
                    [0mFlooring[0m
                  [36m</option>[39m
                  [36m<option[39m
                    [33mvalue[39m=[32m"Paint"[39m
                  [36m>[39m
                    [0mPaint[0m
                  [36m</option>[39m
                [36m</select>[39m
              [36m</div>[39m
              [36m<div[39m
                [33mclass[39m=[32m"flex items-end"[39m
              [36m>[39m
                [36m<label[39m
                  [33mclass[39m=...

      206 |     
      207 |     // Change category filter
    > 208 |     await waitFor(() => {
          |                  ^
      209 |       const categoryFilter = screen.getByLabelText(/Category/i);
      210 |       fireEvent.change(categoryFilter, { target: { value: 'Lumber' } });
      211 |     });

      at waitForWrapper (node_modules/@testing-library/dom/dist/wait-for.js:163:27)
      at Object.<anonymous> (src/components/__tests__/Suppliers.test.jsx:208:18)

  ΓùÅ Suppliers Component - Phase 1 & Catalog Management (Phase 2D) ΓÇ║ should toggle favorite status

    expect(jest.fn()).toHaveBeenCalledWith(...expected)

    Expected: StringContaining "/api/suppliers/sup1/favorite", {}, ObjectContaining {"headers": Any<Object>}

    Number of calls: 0

    Ignored nodes: comments, script, style
    [36m<html>[39m
      [36m<head />[39m
      [36m<body>[39m
        [36m<div>[39m
          [36m<div[39m
            [33mclass[39m=[32m"p-4 md:p-6 text-black lg:pr-[400px]"[39m
          [36m>[39m
            [36m<div[39m
              [33mclass[39m=[32m"mb-6"[39m
            [36m>[39m
              [36m<div[39m
                [33mclass[39m=[32m"flex flex-col sm:flex-row justify-between items-start sm:items-center gap-3 
mb-4"[39m
              [36m>[39m
                [36m<div[39m
                  [33mclass[39m=[32m"flex gap-2 flex-wrap"[39m
                [36m>[39m
                  [36m<a[39m
                    [33mclass[39m=[32m"bg-blue-500 text-white px-3 py-2 rounded hover:bg-blue-600 text-sm 
md:text-base"[39m
                    [33mdata-discover[39m=[32m"true"[39m
                    [33mhref[39m=[32m"/"[39m
                  [36m>[39m
                    [0mDashboard[0m
                  [36m</a>[39m
                  [36m<a[39m
                    [33mclass[39m=[32m"bg-orange-500 text-white px-3 py-2 rounded hover:bg-orange-600 text-sm 
md:text-base"[39m
                    [33mdata-discover[39m=[32m"true"[39m
                    [33mhref[39m=[32m"/purchase-orders"[39m
                  [36m>[39m
                    [0m≡ƒôï POs ([0m
                    [0m3[0m
                    [0m)[0m
                  [36m</a>[39m
                [36m</div>[39m
                [36m<button[39m
                  [33mclass[39m=[32m"bg-green-500 text-white px-4 py-2 rounded hover:bg-green-600 text-sm 
md:text-base w-full sm:w-auto"[39m
                [36m>[39m
                  [0m+ Add Supplier[0m
                [36m</button>[39m
              [36m</div>[39m
              [36m<h1[39m
                [33mclass[39m=[32m"text-2xl md:text-3xl font-bold text-black"[39m
              [36m>[39m
                [0mSuppliers & Materials[0m
              [36m</h1>[39m
            [36m</div>[39m
            [36m<div[39m
              [33mclass[39m=[32m"grid grid-cols-1 md:grid-cols-4 gap-4 mb-6"[39m
            [36m>[39m
              [36m<div[39m
                [33mclass[39m=[32m"bg-white border border-gray-300 rounded-lg p-4"[39m
              [36m>[39m
                [36m<p[39m
                  [33mclass[39m=[32m"text-gray-600 text-sm"[39m
                [36m>[39m
                  [0mActive Suppliers[0m
                [36m</p>[39m
                [36m<p[39m
                  [33mclass[39m=[32m"text-3xl font-bold text-black"[39m
                [36m>[39m
                  [0m0[0m
                [36m</p>[39m
              [36m</div>[39m
              [36m<div[39m
                [33mclass[39m=[32m"bg-white border border-gray-300 rounded-lg p-4"[39m
              [36m>[39m
                [36m<p[39m
                  [33mclass[39m=[32m"text-gray-600 text-sm"[39m
                [36m>[39m
                  [0mOpen POs / Quotes[0m
                [36m</p>[39m
                [36m<p[39m
                  [33mclass[39m=[32m"text-3xl font-bold text-blue-600"[39m
                [36m>[39m
                  [0m3[0m
                [36m</p>[39m
              [36m</div>[39m
              [36m<div[39m
                [33mclass[39m=[32m"bg-white border border-gray-300 rounded-lg p-4"[39m
              [36m>[39m
                [36m<p[39m
                  [33mclass[39m=[32m"text-gray-600 text-sm"[39m
                [36m>[39m
                  [0mSpend This Month[0m
                [36m</p>[39m
                [36m<p[39m
                  [33mclass[39m=[32m"text-3xl font-bold text-green-600"[39m
                [36m>[39m
                  [0m$[0m
                  [0m0.00[0m
                [36m</p>[39m
              [36m</div>[39m
              [36m<div[39m
                [33mclass[39m=[32m"bg-white border border-gray-300 rounded-lg p-4"[39m
              [36m>[39m
                [36m<p[39m
                  [33mclass[39m=[32m"text-gray-600 text-sm"[39m
                [36m>[39m
                  [0mLow Stock Items[0m
                [36m</p>[39m
                [36m<p[39m
                  [33mclass[39m=[32m"text-3xl font-bold text-orange-600"[39m
                [36m>[39m
                  [0m5[0m
                  [36m<span[39m
                    [33mclass[39m=[32m"text-sm ml-2"[39m
                  [36m>[39m
                    [0mΓÜá∩╕Å[0m
                  [36m</span>[39m
                [36m</p>[39m
              [36m</div>[39m
            [36m</div>[39m
            [36m<div[39m
              [33mclass[39m=[32m"bg-white border border-gray-300 rounded-lg p-4 mb-6"[39m
            [36m>[39m
              [36m<div[39m
                [33mclass[39m=[32m"grid grid-cols-1 md:grid-cols-4 gap-4"[39m
              [36m>[39m
                [36m<div>[39m
                  [36m<label[39m
                    [33mclass[39m=[32m"block text-sm font-medium text-black mb-1"[39m
                  [36m>[39m
                    [0mSearch[0m
                  [36m</label>[39m
                  [36m<input[39m
                    [33mclass[39m=[32m"w-full p-2 border border-gray-300 rounded text-black bg-white"[39m
                    [33mplaceholder[39m=[32m"Search by name..."[39m
                    [33mtype[39m=[32m"text"[39m
                    [33mvalue[39m=[32m""[39m
                  [36m/>[39m
                [36m</div>[39m
                [36m<div>[39m
                  [36m<label[39m
                    [33mclass[39m=[32m"block text-sm font-medium text-black mb-1"[39m
                  [36m>[39m
                    [0mCategory[0m
                  [36m</label>[39m
                  [36m<select[39m
                    [33mclass[39m=[32m"w-full p-2 border border-gray-300 rounded text-black bg-white"[39m
                  [36m>[39m
                    [36m<option[39m
                      [33mvalue[39m=[32m""[39m
                    [36m>[39m
                      [0mAll Categories[0m
                    [36m</option>[39m
                    [36m<option[39m
                      [33mvalue[39m=[32m"Electrical"[39m
                    [36m>[39m
                      [0mElectrical[0m
                    [36m</option>[39m
                    [36m<option[39m
                      [33mvalue[39m=[32m"Plumbing"[39m
                    [36m>[39m
                      [0mPlumbing[0m
                    [36m</option>[39m
                    [36m<option[39m
                      [33mvalue[39m=[32m"Lumber"[39m
                    [36m>[39m
                      [0mLumber[0m
                    [36m</option>[39m
                    [36m<option[39m
                      [33mvalue[39m=[32m"Hardware"[39m
                    [36m>[39m
                      [0mHardware[0m
                    [36m</option>[39m
                    [36m<option[39m
                      [33mvalue[39m=[32m"HVAC"[39m
                    [36m>[39m
                      [0mHVAC[0m
                    [36m</option>[39m
                    [36m<option[39m
                      [33mvalue[39m=[32m"Roofing"[39m
                    [36m>[39m
                      [0mRoofing[0m
                    [36m</option>[39m
                    [36m<option[39m
                      [33mvalue[39m=[32m"Flooring"[39m
                    [36m>[39m
                      [0mFlooring[0m
                    [36m</option>[39m
     ...

      249 |     
      250 |     await waitFor(() => {
    > 251 |       expect(axios.put).toHaveBeenCalledWith(
          |                         ^
      252 |         expect.stringContaining('/api/suppliers/sup1/favorite'),
      253 |         {},
      254 |         expect.objectContaining({

      at toHaveBeenCalledWith (src/components/__tests__/Suppliers.test.jsx:251:25)
      at runWithExpensiveErrorDiagnosticsDisabled (node_modules/@testing-library/dom/dist/config.js:47:12)
      at checkCallback (node_modules/@testing-library/dom/dist/wait-for.js:124:77)
      at checkRealTimersCallback (node_modules/@testing-library/dom/dist/wait-for.js:118:16)
      at Timeout.task [as _onTimeout] (node_modules/jsdom/lib/jsdom/browser/Window.js:579:19)

  ΓùÅ Suppliers Component - Phase 1 & Catalog Management (Phase 2D) ΓÇ║ should open supplier detail modal

    Found a label with the text of: /Supplier Name/i, however no form control was found associated to that label. Make 
sure you're using the "for" attribute or "aria-labelledby" attribute correctly.

    Ignored nodes: comments, script, style
    [36m<body>[39m
      [36m<div>[39m
        [36m<div[39m
          [33mclass[39m=[32m"p-4 md:p-6 text-black lg:pr-[400px]"[39m
        [36m>[39m
          [36m<div[39m
            [33mclass[39m=[32m"mb-6"[39m
          [36m>[39m
            [36m<div[39m
              [33mclass[39m=[32m"flex flex-col sm:flex-row justify-between items-start sm:items-center gap-3 
mb-4"[39m
            [36m>[39m
              [36m<div[39m
                [33mclass[39m=[32m"flex gap-2 flex-wrap"[39m
              [36m>[39m
                [36m<a[39m
                  [33mclass[39m=[32m"bg-blue-500 text-white px-3 py-2 rounded hover:bg-blue-600 text-sm 
md:text-base"[39m
                  [33mdata-discover[39m=[32m"true"[39m
                  [33mhref[39m=[32m"/"[39m
                [36m>[39m
                  [0mDashboard[0m
                [36m</a>[39m
                [36m<a[39m
                  [33mclass[39m=[32m"bg-orange-500 text-white px-3 py-2 rounded hover:bg-orange-600 text-sm 
md:text-base"[39m
                  [33mdata-discover[39m=[32m"true"[39m
                  [33mhref[39m=[32m"/purchase-orders"[39m
                [36m>[39m
                  [0m≡ƒôï POs ([0m
                  [0m3[0m
                  [0m)[0m
                [36m</a>[39m
              [36m</div>[39m
              [36m<button[39m
                [33mclass[39m=[32m"bg-green-500 text-white px-4 py-2 rounded hover:bg-green-600 text-sm 
md:text-base w-full sm:w-auto"[39m
              [36m>[39m
                [0m+ Add Supplier[0m
              [36m</button>[39m
            [36m</div>[39m
            [36m<h1[39m
              [33mclass[39m=[32m"text-2xl md:text-3xl font-bold text-black"[39m
            [36m>[39m
              [0mSuppliers & Materials[0m
            [36m</h1>[39m
          [36m</div>[39m
          [36m<div[39m
            [33mclass[39m=[32m"grid grid-cols-1 md:grid-cols-4 gap-4 mb-6"[39m
          [36m>[39m
            [36m<div[39m
              [33mclass[39m=[32m"bg-white border border-gray-300 rounded-lg p-4"[39m
            [36m>[39m
              [36m<p[39m
                [33mclass[39m=[32m"text-gray-600 text-sm"[39m
              [36m>[39m
                [0mActive Suppliers[0m
              [36m</p>[39m
              [36m<p[39m
                [33mclass[39m=[32m"text-3xl font-bold text-black"[39m
              [36m>[39m
                [0m0[0m
              [36m</p>[39m
            [36m</div>[39m
            [36m<div[39m
              [33mclass[39m=[32m"bg-white border border-gray-300 rounded-lg p-4"[39m
            [36m>[39m
              [36m<p[39m
                [33mclass[39m=[32m"text-gray-600 text-sm"[39m
              [36m>[39m
                [0mOpen POs / Quotes[0m
              [36m</p>[39m
              [36m<p[39m
                [33mclass[39m=[32m"text-3xl font-bold text-blue-600"[39m
              [36m>[39m
                [0m3[0m
              [36m</p>[39m
            [36m</div>[39m
            [36m<div[39m
              [33mclass[39m=[32m"bg-white border border-gray-300 rounded-lg p-4"[39m
            [36m>[39m
              [36m<p[39m
                [33mclass[39m=[32m"text-gray-600 text-sm"[39m
              [36m>[39m
                [0mSpend This Month[0m
              [36m</p>[39m
              [36m<p[39m
                [33mclass[39m=[32m"text-3xl font-bold text-green-600"[39m
              [36m>[39m
                [0m$[0m
                [0m0.00[0m
              [36m</p>[39m
            [36m</div>[39m
            [36m<div[39m
              [33mclass[39m=[32m"bg-white border border-gray-300 rounded-lg p-4"[39m
            [36m>[39m
              [36m<p[39m
                [33mclass[39m=[32m"text-gray-600 text-sm"[39m
              [36m>[39m
                [0mLow Stock Items[0m
              [36m</p>[39m
              [36m<p[39m
                [33mclass[39m=[32m"text-3xl font-bold text-orange-600"[39m
              [36m>[39m
                [0m5[0m
                [36m<span[39m
                  [33mclass[39m=[32m"text-sm ml-2"[39m
                [36m>[39m
                  [0mΓÜá∩╕Å[0m
                [36m</span>[39m
              [36m</p>[39m
            [36m</div>[39m
          [36m</div>[39m
          [36m<div[39m
            [33mclass[39m=[32m"bg-white border border-gray-300 rounded-lg p-4 mb-6"[39m
          [36m>[39m
            [36m<div[39m
              [33mclass[39m=[32m"grid grid-cols-1 md:grid-cols-4 gap-4"[39m
            [36m>[39m
              [36m<div>[39m
                [36m<label[39m
                  [33mclass[39m=[32m"block text-sm font-medium text-black mb-1"[39m
                [36m>[39m
                  [0mSearch[0m
                [36m</label>[39m
                [36m<input[39m
                  [33mclass[39m=[32m"w-full p-2 border border-gray-300 rounded text-black bg-white"[39m
                  [33mplaceholder[39m=[32m"Search by name..."[39m
                  [33mtype[39m=[32m"text"[39m
                  [33mvalue[39m=[32m""[39m
                [36m/>[39m
              [36m</div>[39m
              [36m<div>[39m
                [36m<label[39m
                  [33mclass[39m=[32m"block text-sm font-medium text-black mb-1"[39m
                [36m>[39m
                  [0mCategory[0m
                [36m</label>[39m
                [36m<select[39m
                  [33mclass[39m=[32m"w-full p-2 border border-gray-300 rounded text-black bg-white"[39m
                [36m>[39m
                  [36m<option[39m
                    [33mvalue[39m=[32m""[39m
                  [36m>[39m
                    [0mAll Categories[0m
                  [36m</option>[39m
                  [36m<option[39m
                    [33mvalue[39m=[32m"Electrical"[39m
                  [36m>[39m
                    [0mElectrical[0m
                  [36m</option>[39m
                  [36m<option[39m
                    [33mvalue[39m=[32m"Plumbing"[39m
                  [36m>[39m
                    [0mPlumbing[0m
                  [36m</option>[39m
                  [36m<option[39m
                    [33mvalue[39m=[32m"Lumber"[39m
                  [36m>[39m
                    [0mLumber[0m
                  [36m</option>[39m
                  [36m<option[39m
                    [33mvalue[39m=[32m"Hardware"[39m
                  [36m>[39m
                    [0mHardware[0m
                  [36m</option>[39m
                  [36m<option[39m
                    [33mvalue[39m=[32m"HVAC"[39m
                  [36m>[39m
                    [0mHVAC[0m
                  [36m</option>[39m
                  [36m<option[39m
                    [33mvalue[39m=[32m"Roofing"[39m
                  [36m>[39m
                    [0mRoofing[0m
                  [36m</option>[39m
                  [36m<option[39m
                    [33mvalue[39m=[32m"Flooring"[39m
                  [36m>[39m
                    [0mFlooring[0m
                  [36m</option>[39m
                  [36m<option[39m
                    [33mvalue[39m=[32m"Paint"[39m
                  [36m>[39m
                    [0mPaint[0m
                  [36m</option>[39m
                [36m</select>[39m
              [36m</div>[39m
              [36m<div[39m
                [33mclass[39m=[32m"flex items-end"[39m
              [36m>[39m
                [36m<label[39m
                  [33mclass[39m=...

      269 |     });
      270 |     
    > 271 |     await waitFor(() => {
          |                  ^
      272 |       // Modal opens and shows supplier info - check for modal content
      273 |       // Modal shows supplier name in header and form fields
      274 |       const allText = document.body.textContent;

      at waitForWrapper (node_modules/@testing-library/dom/dist/wait-for.js:163:27)
      at Object.<anonymous> (src/components/__tests__/Suppliers.test.jsx:271:18)

  ΓùÅ Suppliers Component - Phase 1 & Catalog Management (Phase 2D) ΓÇ║ should display supplier address

    Found a label with the text of: /Supplier Name/i, however no form control was found associated to that label. Make 
sure you're using the "for" attribute or "aria-labelledby" attribute correctly.

    Ignored nodes: comments, script, style
    [36m<body>[39m
      [36m<div>[39m
        [36m<div[39m
          [33mclass[39m=[32m"p-4 md:p-6 text-black lg:pr-[400px]"[39m
        [36m>[39m
          [36m<div[39m
            [33mclass[39m=[32m"mb-6"[39m
          [36m>[39m
            [36m<div[39m
              [33mclass[39m=[32m"flex flex-col sm:flex-row justify-between items-start sm:items-center gap-3 
mb-4"[39m
            [36m>[39m
              [36m<div[39m
                [33mclass[39m=[32m"flex gap-2 flex-wrap"[39m
              [36m>[39m
                [36m<a[39m
                  [33mclass[39m=[32m"bg-blue-500 text-white px-3 py-2 rounded hover:bg-blue-600 text-sm 
md:text-base"[39m
                  [33mdata-discover[39m=[32m"true"[39m
                  [33mhref[39m=[32m"/"[39m
                [36m>[39m
                  [0mDashboard[0m
                [36m</a>[39m
                [36m<a[39m
                  [33mclass[39m=[32m"bg-orange-500 text-white px-3 py-2 rounded hover:bg-orange-600 text-sm 
md:text-base"[39m
                  [33mdata-discover[39m=[32m"true"[39m
                  [33mhref[39m=[32m"/purchase-orders"[39m
                [36m>[39m
                  [0m≡ƒôï POs ([0m
                  [0m3[0m
                  [0m)[0m
                [36m</a>[39m
              [36m</div>[39m
              [36m<button[39m
                [33mclass[39m=[32m"bg-green-500 text-white px-4 py-2 rounded hover:bg-green-600 text-sm 
md:text-base w-full sm:w-auto"[39m
              [36m>[39m
                [0m+ Add Supplier[0m
              [36m</button>[39m
            [36m</div>[39m
            [36m<h1[39m
              [33mclass[39m=[32m"text-2xl md:text-3xl font-bold text-black"[39m
            [36m>[39m
              [0mSuppliers & Materials[0m
            [36m</h1>[39m
          [36m</div>[39m
          [36m<div[39m
            [33mclass[39m=[32m"grid grid-cols-1 md:grid-cols-4 gap-4 mb-6"[39m
          [36m>[39m
            [36m<div[39m
              [33mclass[39m=[32m"bg-white border border-gray-300 rounded-lg p-4"[39m
            [36m>[39m
              [36m<p[39m
                [33mclass[39m=[32m"text-gray-600 text-sm"[39m
              [36m>[39m
                [0mActive Suppliers[0m
              [36m</p>[39m
              [36m<p[39m
                [33mclass[39m=[32m"text-3xl font-bold text-black"[39m
              [36m>[39m
                [0m0[0m
              [36m</p>[39m
            [36m</div>[39m
            [36m<div[39m
              [33mclass[39m=[32m"bg-white border border-gray-300 rounded-lg p-4"[39m
            [36m>[39m
              [36m<p[39m
                [33mclass[39m=[32m"text-gray-600 text-sm"[39m
              [36m>[39m
                [0mOpen POs / Quotes[0m
              [36m</p>[39m
              [36m<p[39m
                [33mclass[39m=[32m"text-3xl font-bold text-blue-600"[39m
              [36m>[39m
                [0m3[0m
              [36m</p>[39m
            [36m</div>[39m
            [36m<div[39m
              [33mclass[39m=[32m"bg-white border border-gray-300 rounded-lg p-4"[39m
            [36m>[39m
              [36m<p[39m
                [33mclass[39m=[32m"text-gray-600 text-sm"[39m
              [36m>[39m
                [0mSpend This Month[0m
              [36m</p>[39m
              [36m<p[39m
                [33mclass[39m=[32m"text-3xl font-bold text-green-600"[39m
              [36m>[39m
                [0m$[0m
                [0m0.00[0m
              [36m</p>[39m
            [36m</div>[39m
            [36m<div[39m
              [33mclass[39m=[32m"bg-white border border-gray-300 rounded-lg p-4"[39m
            [36m>[39m
              [36m<p[39m
                [33mclass[39m=[32m"text-gray-600 text-sm"[39m
              [36m>[39m
                [0mLow Stock Items[0m
              [36m</p>[39m
              [36m<p[39m
                [33mclass[39m=[32m"text-3xl font-bold text-orange-600"[39m
              [36m>[39m
                [0m5[0m
                [36m<span[39m
                  [33mclass[39m=[32m"text-sm ml-2"[39m
                [36m>[39m
                  [0mΓÜá∩╕Å[0m
                [36m</span>[39m
              [36m</p>[39m
            [36m</div>[39m
          [36m</div>[39m
          [36m<div[39m
            [33mclass[39m=[32m"bg-white border border-gray-300 rounded-lg p-4 mb-6"[39m
          [36m>[39m
            [36m<div[39m
              [33mclass[39m=[32m"grid grid-cols-1 md:grid-cols-4 gap-4"[39m
            [36m>[39m
              [36m<div>[39m
                [36m<label[39m
                  [33mclass[39m=[32m"block text-sm font-medium text-black mb-1"[39m
                [36m>[39m
                  [0mSearch[0m
                [36m</label>[39m
                [36m<input[39m
                  [33mclass[39m=[32m"w-full p-2 border border-gray-300 rounded text-black bg-white"[39m
                  [33mplaceholder[39m=[32m"Search by name..."[39m
                  [33mtype[39m=[32m"text"[39m
                  [33mvalue[39m=[32m""[39m
                [36m/>[39m
              [36m</div>[39m
              [36m<div>[39m
                [36m<label[39m
                  [33mclass[39m=[32m"block text-sm font-medium text-black mb-1"[39m
                [36m>[39m
                  [0mCategory[0m
                [36m</label>[39m
                [36m<select[39m
                  [33mclass[39m=[32m"w-full p-2 border border-gray-300 rounded text-black bg-white"[39m
                [36m>[39m
                  [36m<option[39m
                    [33mvalue[39m=[32m""[39m
                  [36m>[39m
                    [0mAll Categories[0m
                  [36m</option>[39m
                  [36m<option[39m
                    [33mvalue[39m=[32m"Electrical"[39m
                  [36m>[39m
                    [0mElectrical[0m
                  [36m</option>[39m
                  [36m<option[39m
                    [33mvalue[39m=[32m"Plumbing"[39m
                  [36m>[39m
                    [0mPlumbing[0m
                  [36m</option>[39m
                  [36m<option[39m
                    [33mvalue[39m=[32m"Lumber"[39m
                  [36m>[39m
                    [0mLumber[0m
                  [36m</option>[39m
                  [36m<option[39m
                    [33mvalue[39m=[32m"Hardware"[39m
                  [36m>[39m
                    [0mHardware[0m
                  [36m</option>[39m
                  [36m<option[39m
                    [33mvalue[39m=[32m"HVAC"[39m
                  [36m>[39m
                    [0mHVAC[0m
                  [36m</option>[39m
                  [36m<option[39m
                    [33mvalue[39m=[32m"Roofing"[39m
                  [36m>[39m
                    [0mRoofing[0m
                  [36m</option>[39m
                  [36m<option[39m
                    [33mvalue[39m=[32m"Flooring"[39m
                  [36m>[39m
                    [0mFlooring[0m
                  [36m</option>[39m
                  [36m<option[39m
                    [33mvalue[39m=[32m"Paint"[39m
                  [36m>[39m
                    [0mPaint[0m
                  [36m</option>[39m
                [36m</select>[39m
              [36m</div>[39m
              [36m<div[39m
                [33mclass[39m=[32m"flex items-end"[39m
              [36m>[39m
                [36m<label[39m
                  [33mclass[39m=...

      302 |     });
      303 |     
    > 304 |     await waitFor(() => {
          |                  ^
      305 |       // Note: The modal form doesn't display address fields in the current implementation
      306 |       // The address is stored but not shown in the form. This test verifies the modal opens.
      307 |       // If address display is needed, it should be added to the form.

      at waitForWrapper (node_modules/@testing-library/dom/dist/wait-for.js:163:27)
      at Object.<anonymous> (src/components/__tests__/Suppliers.test.jsx:304:18)

  ΓùÅ Suppliers Component - Phase 1 & Catalog Management (Phase 2D) ΓÇ║ should delete catalog item

    Unable to fire a "click" event - please provide a DOM element.

      428 |     // Delete item - find delete buttons
      429 |     const deleteButtons = screen.getAllByRole('button').filter(btn => btn.textContent.includes('≡ƒùæ∩╕Å'));
    > 430 |     fireEvent.click(deleteButtons[0]);
          |               ^
      431 |     
      432 |     await waitFor(() => {
      433 |       expect(axios.put).toHaveBeenCalled();

      at createEvent (node_modules/@testing-library/dom/dist/events.js:27:11)
      at Function.createEvent.<computed> [as click] (node_modules/@testing-library/dom/dist/events.js:106:38)
      at Function.fireEvent.<computed> [as click] (node_modules/@testing-library/dom/dist/events.js:110:68)
      at Function.fireEvent.<computed> [as click] (node_modules/@testing-library/react/dist/fire-event.js:15:52)
      at Object.click (src/components/__tests__/Suppliers.test.jsx:430:15)

  ΓùÅ Suppliers Component - Phase 1 & Catalog Management (Phase 2D) ΓÇ║ should import catalog from CSV

    InvalidStateError: This input element accepts a filename, which may only be programmatically set to the empty 
string.

      Ignored nodes: comments, script, style
      [36m<html>[39m
        [36m<head />[39m
        [36m<body>[39m
          [36m<div>[39m
            [36m<div[39m
              [33mclass[39m=[32m"p-4 md:p-6 text-black lg:pr-[400px]"[39m
            [36m>[39m
              [36m<div[39m
                [33mclass[39m=[32m"mb-6"[39m
              [36m>[39m
                [36m<div[39m
                  [33mclass[39m=[32m"flex flex-col sm:flex-row justify-between items-start sm:items-center gap-3 
mb-4"[39m
                [36m>[39m
                  [36m<div[39m
                    [33mclass[39m=[32m"flex gap-2 flex-wrap"[39m
                  [36m>[39m
                    [36m<a[39m
                      [33mclass[39m=[32m"bg-blue-500 text-white px-3 py-2 rounded hover:bg-blue-600 text-sm 
md:text-base"[39m
                      [33mdata-discover[39m=[32m"true"[39m
                      [33mhref[39m=[32m"/"[39m
                    [36m>[39m
                      [0mDashboard[0m
                    [36m</a>[39m
                    [36m<a[39m
                      [33mclass[39m=[32m"bg-orange-500 text-white px-3 py-2 rounded hover:bg-orange-600 text-sm 
md:text-base"[39m
                      [33mdata-discover[39m=[32m"true"[39m
                      [33mhref[39m=[32m"/purchase-orders"[39m
                    [36m>[39m
                      [0m≡ƒôï POs ([0m
                      [0m3[0m
                      [0m)[0m
                    [36m</a>[39m
                  [36m</div>[39m
                  [36m<button[39m
                    [33mclass[39m=[32m"bg-green-500 text-white px-4 py-2 rounded hover:bg-green-600 text-sm 
md:text-base w-full sm:w-auto"[39m
                  [36m>[39m
                    [0m+ Add Supplier[0m
                  [36m</button>[39m
                [36m</div>[39m
                [36m<h1[39m
                  [33mclass[39m=[32m"text-2xl md:text-3xl font-bold text-black"[39m
                [36m>[39m
                  [0mSuppliers & Materials[0m
                [36m</h1>[39m
              [36m</div>[39m
              [36m<div[39m
                [33mclass[39m=[32m"grid grid-cols-1 md:grid-cols-4 gap-4 mb-6"[39m
              [36m>[39m
                [36m<div[39m
                  [33mclass[39m=[32m"bg-white border border-gray-300 rounded-lg p-4"[39m
                [36m>[39m
                  [36m<p[39m
                    [33mclass[39m=[32m"text-gray-600 text-sm"[39m
                  [36m>[39m
                    [0mActive Suppliers[0m
                  [36m</p>[39m
                  [36m<p[39m
                    [33mclass[39m=[32m"text-3xl font-bold text-black"[39m
                  [36m>[39m
                    [0m0[0m
                  [36m</p>[39m
                [36m</div>[39m
                [36m<div[39m
                  [33mclass[39m=[32m"bg-white border border-gray-300 rounded-lg p-4"[39m
                [36m>[39m
                  [36m<p[39m
                    [33mclass[39m=[32m"text-gray-600 text-sm"[39m
                  [36m>[39m
                    [0mOpen POs / Quotes[0m
                  [36m</p>[39m
                  [36m<p[39m
                    [33mclass[39m=[32m"text-3xl font-bold text-blue-600"[39m
                  [36m>[39m
                    [0m3[0m
                  [36m</p>[39m
                [36m</div>[39m
                [36m<div[39m
                  [33mclass[39m=[32m"bg-white border border-gray-300 rounded-lg p-4"[39m
                [36m>[39m
                  [36m<p[39m
                    [33mclass[39m=[32m"text-gray-600 text-sm"[39m
                  [36m>[39m
                    [0mSpend This Month[0m
                  [36m</p>[39m
                  [36m<p[39m
                    [33mclass[39m=[32m"text-3xl font-bold text-green-600"[39m
                  [36m>[39m
                    [0m$[0m
                    [0m0.00[0m
                  [36m</p>[39m
                [36m</div>[39m
                [36m<div[39m
                  [33mclass[39m=[32m"bg-white border border-gray-300 rounded-lg p-4"[39m
                [36m>[39m
                  [36m<p[39m
                    [33mclass[39m=[32m"text-gray-600 text-sm"[39m
                  [36m>[39m
                    [0mLow Stock Items[0m
                  [36m</p>[39m
                  [36m<p[39m
                    [33mclass[39m=[32m"text-3xl font-bold text-orange-600"[39m
                  [36m>[39m
                    [0m5[0m
                    [36m<span[39m
                      [33mclass[39m=[32m"text-sm ml-2"[39m
                    [36m>[39m
                      [0mΓÜá∩╕Å[0m
                    [36m</span>[39m
                  [36m</p>[39m
                [36m</div>[39m
              [36m</div>[39m
              [36m<div[39m
                [33mclass[39m=[32m"bg-white border border-gray-300 rounded-lg p-4 mb-6"[39m
              [36m>[39m
                [36m<div[39m
                  [33mclass[39m=[32m"grid grid-cols-1 md:grid-cols-4 gap-4"[39m
                [36m>[39m
                  [36m<div>[39m
                    [36m<label[39m
                      [33mclass[39m=[32m"block text-sm font-medium text-black mb-1"[39m
                    [36m>[39m
                      [0mSearch[0m
                    [36m</label>[39m
                    [36m<input[39m
                      [33mclass[39m=[32m"w-full p-2 border border-gray-300 rounded text-black bg-white"[39m
                      [33mplaceholder[39m=[32m"Search by name..."[39m
                      [33mtype[39m=[32m"text"[39m
                      [33mvalue[39m=[32m""[39m
                    [36m/>[39m
                  [36m</div>[39m
                  [36m<div>[39m
                    [36m<label[39m
                      [33mclass[39m=[32m"block text-sm font-medium text-black mb-1"[39m
                    [36m>[39m
                      [0mCategory[0m
                    [36m</label>[39m
                    [36m<select[39m
                      [33mclass[39m=[32m"w-full p-2 border border-gray-300 rounded text-black bg-white"[39m
                    [36m>[39m
                      [36m<option[39m
                        [33mvalue[39m=[32m""[39m
                      [36m>[39m
                        [0mAll Categories[0m
                      [36m</option>[39m
                      [36m<option[39m
                        [33mvalue[39m=[32m"Electrical"[39m
                      [36m>[39m
                        [0mElectrical[0m
                      [36m</option>[39m
                      [36m<option[39m
                        [33mvalue[39m=[32m"Plumbing"[39m
                      [36m>[39m
                        [0mPlumbing[0m
                      [36m</option>[39m
                      [36m<option[39m
                        [33mvalue[39m=[32m"Lumber"[39m
                      [36m>[39m
                        [0mLumber[0m
                      [36m</option>[39m
                      [36m<option[39m
                        [33mvalue[39m=[32m"Hardware"[39m
                      [36m>[39m
                        [0mHardware[0m
                      [36m</option>[39m
                      [36m<option[39m
                        [33mvalue[39m=[32m"HVAC"[39m
                      [36m>[39m
                        [0mHVAC[0m
                      [36m</option>[39m
                      [36m<option[39m
                        [33mvalue[39m=[32m"Roofing"[39m
                      [36m>[39m
                        [0mRoofing[0m
                      [36m</option>[39m
                      [36m<option[39m
                        [33mvalue[39m=[32m"Flooring"[39m
                      [36m>[39m
                        [0mFlooring[0m
                      [36m</option>[39m
       ...

  ΓùÅ Suppliers Component - Phase 1 & Catalog Management (Phase 2D) ΓÇ║ should create new supplier

    Found a label with the text of: /Supplier Name/i, however no form control was found associated to that label. Make 
sure you're using the "for" attribute or "aria-labelledby" attribute correctly.

    Ignored nodes: comments, script, style
    [36m<body>[39m
      [36m<div>[39m
        [36m<div[39m
          [33mclass[39m=[32m"p-4 md:p-6 text-black lg:pr-[400px]"[39m
        [36m>[39m
          [36m<div[39m
            [33mclass[39m=[32m"mb-6"[39m
          [36m>[39m
            [36m<div[39m
              [33mclass[39m=[32m"flex flex-col sm:flex-row justify-between items-start sm:items-center gap-3 
mb-4"[39m
            [36m>[39m
              [36m<div[39m
                [33mclass[39m=[32m"flex gap-2 flex-wrap"[39m
              [36m>[39m
                [36m<a[39m
                  [33mclass[39m=[32m"bg-blue-500 text-white px-3 py-2 rounded hover:bg-blue-600 text-sm 
md:text-base"[39m
                  [33mdata-discover[39m=[32m"true"[39m
                  [33mhref[39m=[32m"/"[39m
                [36m>[39m
                  [0mDashboard[0m
                [36m</a>[39m
                [36m<a[39m
                  [33mclass[39m=[32m"bg-orange-500 text-white px-3 py-2 rounded hover:bg-orange-600 text-sm 
md:text-base"[39m
                  [33mdata-discover[39m=[32m"true"[39m
                  [33mhref[39m=[32m"/purchase-orders"[39m
                [36m>[39m
                  [0m≡ƒôï POs ([0m
                  [0m3[0m
                  [0m)[0m
                [36m</a>[39m
              [36m</div>[39m
              [36m<button[39m
                [33mclass[39m=[32m"bg-green-500 text-white px-4 py-2 rounded hover:bg-green-600 text-sm 
md:text-base w-full sm:w-auto"[39m
              [36m>[39m
                [0m+ Add Supplier[0m
              [36m</button>[39m
            [36m</div>[39m
            [36m<h1[39m
              [33mclass[39m=[32m"text-2xl md:text-3xl font-bold text-black"[39m
            [36m>[39m
              [0mSuppliers & Materials[0m
            [36m</h1>[39m
          [36m</div>[39m
          [36m<div[39m
            [33mclass[39m=[32m"grid grid-cols-1 md:grid-cols-4 gap-4 mb-6"[39m
          [36m>[39m
            [36m<div[39m
              [33mclass[39m=[32m"bg-white border border-gray-300 rounded-lg p-4"[39m
            [36m>[39m
              [36m<p[39m
                [33mclass[39m=[32m"text-gray-600 text-sm"[39m
              [36m>[39m
                [0mActive Suppliers[0m
              [36m</p>[39m
              [36m<p[39m
                [33mclass[39m=[32m"text-3xl font-bold text-black"[39m
              [36m>[39m
                [0m0[0m
              [36m</p>[39m
            [36m</div>[39m
            [36m<div[39m
              [33mclass[39m=[32m"bg-white border border-gray-300 rounded-lg p-4"[39m
            [36m>[39m
              [36m<p[39m
                [33mclass[39m=[32m"text-gray-600 text-sm"[39m
              [36m>[39m
                [0mOpen POs / Quotes[0m
              [36m</p>[39m
              [36m<p[39m
                [33mclass[39m=[32m"text-3xl font-bold text-blue-600"[39m
              [36m>[39m
                [0m3[0m
              [36m</p>[39m
            [36m</div>[39m
            [36m<div[39m
              [33mclass[39m=[32m"bg-white border border-gray-300 rounded-lg p-4"[39m
            [36m>[39m
              [36m<p[39m
                [33mclass[39m=[32m"text-gray-600 text-sm"[39m
              [36m>[39m
                [0mSpend This Month[0m
              [36m</p>[39m
              [36m<p[39m
                [33mclass[39m=[32m"text-3xl font-bold text-green-600"[39m
              [36m>[39m
                [0m$[0m
                [0m0.00[0m
              [36m</p>[39m
            [36m</div>[39m
            [36m<div[39m
              [33mclass[39m=[32m"bg-white border border-gray-300 rounded-lg p-4"[39m
            [36m>[39m
              [36m<p[39m
                [33mclass[39m=[32m"text-gray-600 text-sm"[39m
              [36m>[39m
                [0mLow Stock Items[0m
              [36m</p>[39m
              [36m<p[39m
                [33mclass[39m=[32m"text-3xl font-bold text-orange-600"[39m
              [36m>[39m
                [0m5[0m
                [36m<span[39m
                  [33mclass[39m=[32m"text-sm ml-2"[39m
                [36m>[39m
                  [0mΓÜá∩╕Å[0m
                [36m</span>[39m
              [36m</p>[39m
            [36m</div>[39m
          [36m</div>[39m
          [36m<div[39m
            [33mclass[39m=[32m"bg-white border border-gray-300 rounded-lg p-4 mb-6"[39m
          [36m>[39m
            [36m<div[39m
              [33mclass[39m=[32m"grid grid-cols-1 md:grid-cols-4 gap-4"[39m
            [36m>[39m
              [36m<div>[39m
                [36m<label[39m
                  [33mclass[39m=[32m"block text-sm font-medium text-black mb-1"[39m
                [36m>[39m
                  [0mSearch[0m
                [36m</label>[39m
                [36m<input[39m
                  [33mclass[39m=[32m"w-full p-2 border border-gray-300 rounded text-black bg-white"[39m
                  [33mplaceholder[39m=[32m"Search by name..."[39m
                  [33mtype[39m=[32m"text"[39m
                  [33mvalue[39m=[32m""[39m
                [36m/>[39m
              [36m</div>[39m
              [36m<div>[39m
                [36m<label[39m
                  [33mclass[39m=[32m"block text-sm font-medium text-black mb-1"[39m
                [36m>[39m
                  [0mCategory[0m
                [36m</label>[39m
                [36m<select[39m
                  [33mclass[39m=[32m"w-full p-2 border border-gray-300 rounded text-black bg-white"[39m
                [36m>[39m
                  [36m<option[39m
                    [33mvalue[39m=[32m""[39m
                  [36m>[39m
                    [0mAll Categories[0m
                  [36m</option>[39m
                  [36m<option[39m
                    [33mvalue[39m=[32m"Electrical"[39m
                  [36m>[39m
                    [0mElectrical[0m
                  [36m</option>[39m
                  [36m<option[39m
                    [33mvalue[39m=[32m"Plumbing"[39m
                  [36m>[39m
                    [0mPlumbing[0m
                  [36m</option>[39m
                  [36m<option[39m
                    [33mvalue[39m=[32m"Lumber"[39m
                  [36m>[39m
                    [0mLumber[0m
                  [36m</option>[39m
                  [36m<option[39m
                    [33mvalue[39m=[32m"Hardware"[39m
                  [36m>[39m
                    [0mHardware[0m
                  [36m</option>[39m
                  [36m<option[39m
                    [33mvalue[39m=[32m"HVAC"[39m
                  [36m>[39m
                    [0mHVAC[0m
                  [36m</option>[39m
                  [36m<option[39m
                    [33mvalue[39m=[32m"Roofing"[39m
                  [36m>[39m
                    [0mRoofing[0m
                  [36m</option>[39m
                  [36m<option[39m
                    [33mvalue[39m=[32m"Flooring"[39m
                  [36m>[39m
                    [0mFlooring[0m
                  [36m</option>[39m
                  [36m<option[39m
                    [33mvalue[39m=[32m"Paint"[39m
                  [36m>[39m
                    [0mPaint[0m
                  [36m</option>[39m
                [36m</select>[39m
              [36m</div>[39m
              [36m<div[39m
                [33mclass[39m=[32m"flex items-end"[39m
              [36m>[39m
                [36m<label[39m
                  [33mclass[39m=...

      550 |     });
      551 |     
    > 552 |     await waitFor(() => {
          |                  ^
      553 |       fireEvent.change(screen.getByLabelText(/Supplier Name/i), { target: { value: 'New Supplier' } });
      554 |       fireEvent.change(screen.getByLabelText(/Contact Name/i), { target: { value: 'Bob Jones' } });
      555 |       fireEvent.change(screen.getByLabelText(/Phone/i), { target: { value: '555-9999' } });

      at waitForWrapper (node_modules/@testing-library/dom/dist/wait-for.js:163:27)
      at Object.<anonymous> (src/components/__tests__/Suppliers.test.jsx:552:18)

  ΓùÅ Suppliers Component - Phase 1 & Catalog Management (Phase 2D) ΓÇ║ should delete supplier

    Found a label with the text of: /Supplier Name/i, however no form control was found associated to that label. Make 
sure you're using the "for" attribute or "aria-labelledby" attribute correctly.

    Ignored nodes: comments, script, style
    [36m<body>[39m
      [36m<div>[39m
        [36m<div[39m
          [33mclass[39m=[32m"p-4 md:p-6 text-black lg:pr-[400px]"[39m
        [36m>[39m
          [36m<div[39m
            [33mclass[39m=[32m"mb-6"[39m
          [36m>[39m
            [36m<div[39m
              [33mclass[39m=[32m"flex flex-col sm:flex-row justify-between items-start sm:items-center gap-3 
mb-4"[39m
            [36m>[39m
              [36m<div[39m
                [33mclass[39m=[32m"flex gap-2 flex-wrap"[39m
              [36m>[39m
                [36m<a[39m
                  [33mclass[39m=[32m"bg-blue-500 text-white px-3 py-2 rounded hover:bg-blue-600 text-sm 
md:text-base"[39m
                  [33mdata-discover[39m=[32m"true"[39m
                  [33mhref[39m=[32m"/"[39m
                [36m>[39m
                  [0mDashboard[0m
                [36m</a>[39m
                [36m<a[39m
                  [33mclass[39m=[32m"bg-orange-500 text-white px-3 py-2 rounded hover:bg-orange-600 text-sm 
md:text-base"[39m
                  [33mdata-discover[39m=[32m"true"[39m
                  [33mhref[39m=[32m"/purchase-orders"[39m
                [36m>[39m
                  [0m≡ƒôï POs ([0m
                  [0m3[0m
                  [0m)[0m
                [36m</a>[39m
              [36m</div>[39m
              [36m<button[39m
                [33mclass[39m=[32m"bg-green-500 text-white px-4 py-2 rounded hover:bg-green-600 text-sm 
md:text-base w-full sm:w-auto"[39m
              [36m>[39m
                [0m+ Add Supplier[0m
              [36m</button>[39m
            [36m</div>[39m
            [36m<h1[39m
              [33mclass[39m=[32m"text-2xl md:text-3xl font-bold text-black"[39m
            [36m>[39m
              [0mSuppliers & Materials[0m
            [36m</h1>[39m
          [36m</div>[39m
          [36m<div[39m
            [33mclass[39m=[32m"grid grid-cols-1 md:grid-cols-4 gap-4 mb-6"[39m
          [36m>[39m
            [36m<div[39m
              [33mclass[39m=[32m"bg-white border border-gray-300 rounded-lg p-4"[39m
            [36m>[39m
              [36m<p[39m
                [33mclass[39m=[32m"text-gray-600 text-sm"[39m
              [36m>[39m
                [0mActive Suppliers[0m
              [36m</p>[39m
              [36m<p[39m
                [33mclass[39m=[32m"text-3xl font-bold text-black"[39m
              [36m>[39m
                [0m0[0m
              [36m</p>[39m
            [36m</div>[39m
            [36m<div[39m
              [33mclass[39m=[32m"bg-white border border-gray-300 rounded-lg p-4"[39m
            [36m>[39m
              [36m<p[39m
                [33mclass[39m=[32m"text-gray-600 text-sm"[39m
              [36m>[39m
                [0mOpen POs / Quotes[0m
              [36m</p>[39m
              [36m<p[39m
                [33mclass[39m=[32m"text-3xl font-bold text-blue-600"[39m
              [36m>[39m
                [0m3[0m
              [36m</p>[39m
            [36m</div>[39m
            [36m<div[39m
              [33mclass[39m=[32m"bg-white border border-gray-300 rounded-lg p-4"[39m
            [36m>[39m
              [36m<p[39m
                [33mclass[39m=[32m"text-gray-600 text-sm"[39m
              [36m>[39m
                [0mSpend This Month[0m
              [36m</p>[39m
              [36m<p[39m
                [33mclass[39m=[32m"text-3xl font-bold text-green-600"[39m
              [36m>[39m
                [0m$[0m
                [0m0.00[0m
              [36m</p>[39m
            [36m</div>[39m
            [36m<div[39m
              [33mclass[39m=[32m"bg-white border border-gray-300 rounded-lg p-4"[39m
            [36m>[39m
              [36m<p[39m
                [33mclass[39m=[32m"text-gray-600 text-sm"[39m
              [36m>[39m
                [0mLow Stock Items[0m
              [36m</p>[39m
              [36m<p[39m
                [33mclass[39m=[32m"text-3xl font-bold text-orange-600"[39m
              [36m>[39m
                [0m5[0m
                [36m<span[39m
                  [33mclass[39m=[32m"text-sm ml-2"[39m
                [36m>[39m
                  [0mΓÜá∩╕Å[0m
                [36m</span>[39m
              [36m</p>[39m
            [36m</div>[39m
          [36m</div>[39m
          [36m<div[39m
            [33mclass[39m=[32m"bg-white border border-gray-300 rounded-lg p-4 mb-6"[39m
          [36m>[39m
            [36m<div[39m
              [33mclass[39m=[32m"grid grid-cols-1 md:grid-cols-4 gap-4"[39m
            [36m>[39m
              [36m<div>[39m
                [36m<label[39m
                  [33mclass[39m=[32m"block text-sm font-medium text-black mb-1"[39m
                [36m>[39m
                  [0mSearch[0m
                [36m</label>[39m
                [36m<input[39m
                  [33mclass[39m=[32m"w-full p-2 border border-gray-300 rounded text-black bg-white"[39m
                  [33mplaceholder[39m=[32m"Search by name..."[39m
                  [33mtype[39m=[32m"text"[39m
                  [33mvalue[39m=[32m""[39m
                [36m/>[39m
              [36m</div>[39m
              [36m<div>[39m
                [36m<label[39m
                  [33mclass[39m=[32m"block text-sm font-medium text-black mb-1"[39m
                [36m>[39m
                  [0mCategory[0m
                [36m</label>[39m
                [36m<select[39m
                  [33mclass[39m=[32m"w-full p-2 border border-gray-300 rounded text-black bg-white"[39m
                [36m>[39m
                  [36m<option[39m
                    [33mvalue[39m=[32m""[39m
                  [36m>[39m
                    [0mAll Categories[0m
                  [36m</option>[39m
                  [36m<option[39m
                    [33mvalue[39m=[32m"Electrical"[39m
                  [36m>[39m
                    [0mElectrical[0m
                  [36m</option>[39m
                  [36m<option[39m
                    [33mvalue[39m=[32m"Plumbing"[39m
                  [36m>[39m
                    [0mPlumbing[0m
                  [36m</option>[39m
                  [36m<option[39m
                    [33mvalue[39m=[32m"Lumber"[39m
                  [36m>[39m
                    [0mLumber[0m
                  [36m</option>[39m
                  [36m<option[39m
                    [33mvalue[39m=[32m"Hardware"[39m
                  [36m>[39m
                    [0mHardware[0m
                  [36m</option>[39m
                  [36m<option[39m
                    [33mvalue[39m=[32m"HVAC"[39m
                  [36m>[39m
                    [0mHVAC[0m
                  [36m</option>[39m
                  [36m<option[39m
                    [33mvalue[39m=[32m"Roofing"[39m
                  [36m>[39m
                    [0mRoofing[0m
                  [36m</option>[39m
                  [36m<option[39m
                    [33mvalue[39m=[32m"Flooring"[39m
                  [36m>[39m
                    [0mFlooring[0m
                  [36m</option>[39m
                  [36m<option[39m
                    [33mvalue[39m=[32m"Paint"[39m
                  [36m>[39m
                    [0mPaint[0m
                  [36m</option>[39m
                [36m</select>[39m
              [36m</div>[39m
              [36m<div[39m
                [33mclass[39m=[32m"flex items-end"[39m
              [36m>[39m
                [36m<label[39m
                  [33mclass[39m=...

      608 |     });
      609 |     
    > 610 |     await waitFor(() => {
          |                  ^
      611 |       // Verify modal opened
      612 |       expect(screen.getByLabelText(/Supplier Name/i)).toBeInTheDocument();
      613 |     });

      at waitForWrapper (node_modules/@testing-library/dom/dist/wait-for.js:163:27)
      at Object.<anonymous> (src/components/__tests__/Suppliers.test.jsx:610:18)

  ΓùÅ Suppliers Component - Phase 1 & Catalog Management (Phase 2D) ΓÇ║ should display payment terms

    Found a label with the text of: /Payment Terms/i, however no form control was found associated to that label. Make 
sure you're using the "for" attribute or "aria-labelledby" attribute correctly.

    Ignored nodes: comments, script, style
    [36m<body>[39m
      [36m<div>[39m
        [36m<div[39m
          [33mclass[39m=[32m"p-4 md:p-6 text-black lg:pr-[400px]"[39m
        [36m>[39m
          [36m<div[39m
            [33mclass[39m=[32m"mb-6"[39m
          [36m>[39m
            [36m<div[39m
              [33mclass[39m=[32m"flex flex-col sm:flex-row justify-between items-start sm:items-center gap-3 
mb-4"[39m
            [36m>[39m
              [36m<div[39m
                [33mclass[39m=[32m"flex gap-2 flex-wrap"[39m
              [36m>[39m
                [36m<a[39m
                  [33mclass[39m=[32m"bg-blue-500 text-white px-3 py-2 rounded hover:bg-blue-600 text-sm 
md:text-base"[39m
                  [33mdata-discover[39m=[32m"true"[39m
                  [33mhref[39m=[32m"/"[39m
                [36m>[39m
                  [0mDashboard[0m
                [36m</a>[39m
                [36m<a[39m
                  [33mclass[39m=[32m"bg-orange-500 text-white px-3 py-2 rounded hover:bg-orange-600 text-sm 
md:text-base"[39m
                  [33mdata-discover[39m=[32m"true"[39m
                  [33mhref[39m=[32m"/purchase-orders"[39m
                [36m>[39m
                  [0m≡ƒôï POs ([0m
                  [0m3[0m
                  [0m)[0m
                [36m</a>[39m
              [36m</div>[39m
              [36m<button[39m
                [33mclass[39m=[32m"bg-green-500 text-white px-4 py-2 rounded hover:bg-green-600 text-sm 
md:text-base w-full sm:w-auto"[39m
              [36m>[39m
                [0m+ Add Supplier[0m
              [36m</button>[39m
            [36m</div>[39m
            [36m<h1[39m
              [33mclass[39m=[32m"text-2xl md:text-3xl font-bold text-black"[39m
            [36m>[39m
              [0mSuppliers & Materials[0m
            [36m</h1>[39m
          [36m</div>[39m
          [36m<div[39m
            [33mclass[39m=[32m"grid grid-cols-1 md:grid-cols-4 gap-4 mb-6"[39m
          [36m>[39m
            [36m<div[39m
              [33mclass[39m=[32m"bg-white border border-gray-300 rounded-lg p-4"[39m
            [36m>[39m
              [36m<p[39m
                [33mclass[39m=[32m"text-gray-600 text-sm"[39m
              [36m>[39m
                [0mActive Suppliers[0m
              [36m</p>[39m
              [36m<p[39m
                [33mclass[39m=[32m"text-3xl font-bold text-black"[39m
              [36m>[39m
                [0m0[0m
              [36m</p>[39m
            [36m</div>[39m
            [36m<div[39m
              [33mclass[39m=[32m"bg-white border border-gray-300 rounded-lg p-4"[39m
            [36m>[39m
              [36m<p[39m
                [33mclass[39m=[32m"text-gray-600 text-sm"[39m
              [36m>[39m
                [0mOpen POs / Quotes[0m
              [36m</p>[39m
              [36m<p[39m
                [33mclass[39m=[32m"text-3xl font-bold text-blue-600"[39m
              [36m>[39m
                [0m3[0m
              [36m</p>[39m
            [36m</div>[39m
            [36m<div[39m
              [33mclass[39m=[32m"bg-white border border-gray-300 rounded-lg p-4"[39m
            [36m>[39m
              [36m<p[39m
                [33mclass[39m=[32m"text-gray-600 text-sm"[39m
              [36m>[39m
                [0mSpend This Month[0m
              [36m</p>[39m
              [36m<p[39m
                [33mclass[39m=[32m"text-3xl font-bold text-green-600"[39m
              [36m>[39m
                [0m$[0m
                [0m0.00[0m
              [36m</p>[39m
            [36m</div>[39m
            [36m<div[39m
              [33mclass[39m=[32m"bg-white border border-gray-300 rounded-lg p-4"[39m
            [36m>[39m
              [36m<p[39m
                [33mclass[39m=[32m"text-gray-600 text-sm"[39m
              [36m>[39m
                [0mLow Stock Items[0m
              [36m</p>[39m
              [36m<p[39m
                [33mclass[39m=[32m"text-3xl font-bold text-orange-600"[39m
              [36m>[39m
                [0m5[0m
                [36m<span[39m
                  [33mclass[39m=[32m"text-sm ml-2"[39m
                [36m>[39m
                  [0mΓÜá∩╕Å[0m
                [36m</span>[39m
              [36m</p>[39m
            [36m</div>[39m
          [36m</div>[39m
          [36m<div[39m
            [33mclass[39m=[32m"bg-white border border-gray-300 rounded-lg p-4 mb-6"[39m
          [36m>[39m
            [36m<div[39m
              [33mclass[39m=[32m"grid grid-cols-1 md:grid-cols-4 gap-4"[39m
            [36m>[39m
              [36m<div>[39m
                [36m<label[39m
                  [33mclass[39m=[32m"block text-sm font-medium text-black mb-1"[39m
                [36m>[39m
                  [0mSearch[0m
                [36m</label>[39m
                [36m<input[39m
                  [33mclass[39m=[32m"w-full p-2 border border-gray-300 rounded text-black bg-white"[39m
                  [33mplaceholder[39m=[32m"Search by name..."[39m
                  [33mtype[39m=[32m"text"[39m
                  [33mvalue[39m=[32m""[39m
                [36m/>[39m
              [36m</div>[39m
              [36m<div>[39m
                [36m<label[39m
                  [33mclass[39m=[32m"block text-sm font-medium text-black mb-1"[39m
                [36m>[39m
                  [0mCategory[0m
                [36m</label>[39m
                [36m<select[39m
                  [33mclass[39m=[32m"w-full p-2 border border-gray-300 rounded text-black bg-white"[39m
                [36m>[39m
                  [36m<option[39m
                    [33mvalue[39m=[32m""[39m
                  [36m>[39m
                    [0mAll Categories[0m
                  [36m</option>[39m
                  [36m<option[39m
                    [33mvalue[39m=[32m"Electrical"[39m
                  [36m>[39m
                    [0mElectrical[0m
                  [36m</option>[39m
                  [36m<option[39m
                    [33mvalue[39m=[32m"Plumbing"[39m
                  [36m>[39m
                    [0mPlumbing[0m
                  [36m</option>[39m
                  [36m<option[39m
                    [33mvalue[39m=[32m"Lumber"[39m
                  [36m>[39m
                    [0mLumber[0m
                  [36m</option>[39m
                  [36m<option[39m
                    [33mvalue[39m=[32m"Hardware"[39m
                  [36m>[39m
                    [0mHardware[0m
                  [36m</option>[39m
                  [36m<option[39m
                    [33mvalue[39m=[32m"HVAC"[39m
                  [36m>[39m
                    [0mHVAC[0m
                  [36m</option>[39m
                  [36m<option[39m
                    [33mvalue[39m=[32m"Roofing"[39m
                  [36m>[39m
                    [0mRoofing[0m
                  [36m</option>[39m
                  [36m<option[39m
                    [33mvalue[39m=[32m"Flooring"[39m
                  [36m>[39m
                    [0mFlooring[0m
                  [36m</option>[39m
                  [36m<option[39m
                    [33mvalue[39m=[32m"Paint"[39m
                  [36m>[39m
                    [0mPaint[0m
                  [36m</option>[39m
                [36m</select>[39m
              [36m</div>[39m
              [36m<div[39m
                [33mclass[39m=[32m"flex items-end"[39m
              [36m>[39m
                [36m<label[39m
                  [33mclass[39m=...

      656 |     });
      657 |     
    > 658 |     await waitFor(() => {
          |                  ^
      659 |       // Payment terms are shown in the form field value, not as display text
      660 |       // Check for the payment terms input field
      661 |       const paymentTermsInput = screen.getByLabelText(/Payment Terms/i);

      at waitForWrapper (node_modules/@testing-library/dom/dist/wait-for.js:163:27)
      at Object.<anonymous> (src/components/__tests__/Suppliers.test.jsx:658:18)

PASS src/components/__tests__/QuickReorder.test.jsx
PASS src/components/__tests__/Inventory.test.jsx
PASS src/components/__tests__/MobileNav.test.jsx
  ΓùÅ Console

    console.error
      Error: Not implemented: navigation (except hash changes)
          at module.exports (F:\AI 
Projects\handyman-tracker\node_modules\jsdom\lib\jsdom\browser\not-implemented.js:9:17)
          at navigateFetch (F:\AI 
Projects\handyman-tracker\node_modules\jsdom\lib\jsdom\living\window\navigation.js:77:3)
          at exports.navigate (F:\AI 
Projects\handyman-tracker\node_modules\jsdom\lib\jsdom\living\window\navigation.js:55:3)
          at LocationImpl._locationObjectNavigate (F:\AI 
Projects\handyman-tracker\node_modules\jsdom\lib\jsdom\living\window\Location-impl.js:30:5)
          at LocationImpl._locationObjectSetterNavigate (F:\AI 
Projects\handyman-tracker\node_modules\jsdom\lib\jsdom\living\window\Location-impl.js:24:17)
          at LocationImpl.set href [as href] (F:\AI 
Projects\handyman-tracker\node_modules\jsdom\lib\jsdom\living\window\Location-impl.js:46:10)
          at Location.set href [as href] (F:\AI 
Projects\handyman-tracker\node_modules\jsdom\lib\jsdom\living\generated\Location.js:125:37)
          at Reflect.set (<anonymous>)
          at Window.set location [as location] (F:\AI 
Projects\handyman-tracker\node_modules\jsdom\lib\jsdom\browser\Window.js:424:15)
          at Object.<anonymous> (F:\AI Projects\handyman-tracker\src\components\__tests__\MobileNav.test.jsx:121:20)
          at Promise.finally.completed (F:\AI 
Projects\handyman-tracker\node_modules\jest-circus\build\jestAdapterInit.js:1557:28)
          at new Promise (<anonymous>)
          at callAsyncCircusFn (F:\AI 
Projects\handyman-tracker\node_modules\jest-circus\build\jestAdapterInit.js:1497:10)
          at _callCircusTest (F:\AI 
Projects\handyman-tracker\node_modules\jest-circus\build\jestAdapterInit.js:1007:40)
          at _runTest (F:\AI Projects\handyman-tracker\node_modules\jest-circus\build\jestAdapterInit.js:947:3)
          at F:\AI Projects\handyman-tracker\node_modules\jest-circus\build\jestAdapterInit.js:849:7
          at _runTestsForDescribeBlock (F:\AI 
Projects\handyman-tracker\node_modules\jest-circus\build\jestAdapterInit.js:862:11)
          at _runTestsForDescribeBlock (F:\AI 
Projects\handyman-tracker\node_modules\jest-circus\build\jestAdapterInit.js:857:11)
          at run (F:\AI Projects\handyman-tracker\node_modules\jest-circus\build\jestAdapterInit.js:761:3)
          at runAndTransformResultsToJestFormat (F:\AI 
Projects\handyman-tracker\node_modules\jest-circus\build\jestAdapterInit.js:1918:21)
          at jestAdapter (F:\AI Projects\handyman-tracker\node_modules\jest-circus\build\runner.js:101:19)
          at runTestInternal (F:\AI Projects\handyman-tracker\node_modules\jest-runner\build\testWorker.js:275:16)
          at runTest (F:\AI Projects\handyman-tracker\node_modules\jest-runner\build\testWorker.js:343:7)
          at Object.worker (F:\AI Projects\handyman-tracker\node_modules\jest-runner\build\testWorker.js:497:12) {
        type: 'not implemented'
      }

      119 |     const mockAssign = jest.fn();
      120 |     delete window.location;
    > 121 |     window.location = { assign: mockAssign, href: '' };
          |                    ^
      122 |     
      123 |     render(<BrowserRouter><MobileNav /></BrowserRouter>);
      124 |     

      at VirtualConsole.<anonymous> (node_modules/@jest/environment-jsdom-abstract/build/index.js:87:23)
      at module.exports (node_modules/jsdom/lib/jsdom/browser/not-implemented.js:12:26)
      at navigateFetch (node_modules/jsdom/lib/jsdom/living/window/navigation.js:77:3)
      at exports.navigate (node_modules/jsdom/lib/jsdom/living/window/navigation.js:55:3)
      at LocationImpl._locationObjectNavigate (node_modules/jsdom/lib/jsdom/living/window/Location-impl.js:30:5)
      at LocationImpl._locationObjectSetterNavigate (node_modules/jsdom/lib/jsdom/living/window/Location-impl.js:24:17)
      at LocationImpl.set href [as href] (node_modules/jsdom/lib/jsdom/living/window/Location-impl.js:46:10)
      at Location.set href [as href] (node_modules/jsdom/lib/jsdom/living/generated/Location.js:125:37)
          at Reflect.set (<anonymous>)
      at Window.set location [as location] (node_modules/jsdom/lib/jsdom/browser/Window.js:424:15)
      at Object.<anonymous> (src/components/__tests__/MobileNav.test.jsx:121:20)

    console.error
      Error: Not implemented: navigation (except hash changes)
          at module.exports (F:\AI 
Projects\handyman-tracker\node_modules\jsdom\lib\jsdom\browser\not-implemented.js:9:17)
          at navigateFetch (F:\AI 
Projects\handyman-tracker\node_modules\jsdom\lib\jsdom\living\window\navigation.js:77:3)
          at exports.navigate (F:\AI 
Projects\handyman-tracker\node_modules\jsdom\lib\jsdom\living\window\navigation.js:55:3)
          at LocationImpl._locationObjectNavigate (F:\AI 
Projects\handyman-tracker\node_modules\jsdom\lib\jsdom\living\window\Location-impl.js:30:5)
          at LocationImpl._locationObjectSetterNavigate (F:\AI 
Projects\handyman-tracker\node_modules\jsdom\lib\jsdom\living\window\Location-impl.js:24:17)
          at LocationImpl.set href [as href] (F:\AI 
Projects\handyman-tracker\node_modules\jsdom\lib\jsdom\living\window\Location-impl.js:46:10)
          at Location.set href [as href] (F:\AI 
Projects\handyman-tracker\node_modules\jsdom\lib\jsdom\living\generated\Location.js:125:37)
          at onClick (F:\AI Projects\handyman-tracker\src\components\MobileNav.jsx:78:41)
          at executeDispatch (F:\AI 
Projects\handyman-tracker\node_modules\react-dom\cjs\react-dom-client.development.js:19116:9)
          at runWithFiberInDEV (F:\AI 
Projects\handyman-tracker\node_modules\react-dom\cjs\react-dom-client.development.js:874:13)
          at processDispatchQueue (F:\AI 
Projects\handyman-tracker\node_modules\react-dom\cjs\react-dom-client.development.js:19166:19)
          at F:\AI Projects\handyman-tracker\node_modules\react-dom\cjs\react-dom-client.development.js:19767:9
          at batchedUpdates$1 (F:\AI 
Projects\handyman-tracker\node_modules\react-dom\cjs\react-dom-client.development.js:3255:40)
          at dispatchEventForPluginEventSystem (F:\AI 
Projects\handyman-tracker\node_modules\react-dom\cjs\react-dom-client.development.js:19320:7)
          at dispatchEvent (F:\AI 
Projects\handyman-tracker\node_modules\react-dom\cjs\react-dom-client.development.js:23585:11)
          at dispatchDiscreteEvent (F:\AI 
Projects\handyman-tracker\node_modules\react-dom\cjs\react-dom-client.development.js:23553:11)
          at HTMLDivElement.callTheUserObjectsOperation (F:\AI 
Projects\handyman-tracker\node_modules\jsdom\lib\jsdom\living\generated\EventListener.js:26:30)
          at innerInvokeEventListeners (F:\AI 
Projects\handyman-tracker\node_modules\jsdom\lib\jsdom\living\events\EventTarget-impl.js:350:25)
          at invokeEventListeners (F:\AI 
Projects\handyman-tracker\node_modules\jsdom\lib\jsdom\living\events\EventTarget-impl.js:286:3)
          at HTMLSpanElementImpl._dispatch (F:\AI 
Projects\handyman-tracker\node_modules\jsdom\lib\jsdom\living\events\EventTarget-impl.js:233:9)
          at HTMLSpanElementImpl.dispatchEvent (F:\AI 
Projects\handyman-tracker\node_modules\jsdom\lib\jsdom\living\events\EventTarget-impl.js:104:17)
          at HTMLSpanElement.dispatchEvent (F:\AI 
Projects\handyman-tracker\node_modules\jsdom\lib\jsdom\living\generated\EventTarget.js:241:34)
          at F:\AI Projects\handyman-tracker\node_modules\@testing-library\dom\dist\events.js:19:20
          at F:\AI Projects\handyman-tracker\node_modules\@testing-library\react\dist\pure.js:108:16
          at F:\AI Projects\handyman-tracker\node_modules\@testing-library\react\dist\act-compat.js:48:24
          at process.env.NODE_ENV.exports.act (F:\AI 
Projects\handyman-tracker\node_modules\react\cjs\react.development.js:814:22)
          at F:\AI Projects\handyman-tracker\node_modules\@testing-library\react\dist\act-compat.js:47:25
          at Object.eventWrapper (F:\AI 
Projects\handyman-tracker\node_modules\@testing-library\react\dist\pure.js:107:28)
          at fireEvent (F:\AI Projects\handyman-tracker\node_modules\@testing-library\dom\dist\events.js:12:35)
          at Function.fireEvent.<computed> [as click] (F:\AI 
Projects\handyman-tracker\node_modules\@testing-library\dom\dist\events.js:110:36)
          at Function.fireEvent.<computed> [as click] (F:\AI 
Projects\handyman-tracker\node_modules\@testing-library\react\dist\fire-event.js:15:52)
          at click (F:\AI Projects\handyman-tracker\src\components\__tests__\MobileNav.test.jsx:131:17)
          at runWithExpensiveErrorDiagnosticsDisabled (F:\AI 
Projects\handyman-tracker\node_modules\@testing-library\dom\dist\config.js:47:12)
          at checkCallback (F:\AI Projects\handyman-tracker\node_modules\@testing-library\dom\dist\wait-for.js:124:77)
          at F:\AI Projects\handyman-tracker\node_modules\@testing-library\dom\dist\wait-for.js:97:7
          at new Promise (<anonymous>)
          at waitFor (F:\AI Projects\handyman-tracker\node_modules\@testing-library\dom\dist\wait-for.js:36:10)
          at F:\AI Projects\handyman-tracker\node_modules\@testing-library\dom\dist\wait-for.js:164:54
          at Object.asyncWrapper (F:\AI 
Projects\handyman-tracker\node_modules\@testing-library\react\dist\pure.js:88:28)
          at waitForWrapper (F:\AI Projects\handyman-tracker\node_modules\@testing-library\dom\dist\wait-for.js:164:35)
          at Object.<anonymous> (F:\AI Projects\handyman-tracker\src\components\__tests__\MobileNav.test.jsx:129:18)
          at Promise.finally.completed (F:\AI 
Projects\handyman-tracker\node_modules\jest-circus\build\jestAdapterInit.js:1557:28)
          at new Promise (<anonymous>)
          at callAsyncCircusFn (F:\AI 
Projects\handyman-tracker\node_modules\jest-circus\build\jestAdapterInit.js:1497:10)
          at _callCircusTest (F:\AI 
Projects\handyman-tracker\node_modules\jest-circus\build\jestAdapterInit.js:1007:40)
          at _runTest (F:\AI Projects\handyman-tracker\node_modules\jest-circus\build\jestAdapterInit.js:947:3)
          at F:\AI Projects\handyman-tracker\node_modules\jest-circus\build\jestAdapterInit.js:849:7
          at _runTestsForDescribeBlock (F:\AI 
Projects\handyman-tracker\node_modules\jest-circus\build\jestAdapterInit.js:862:11)
          at _runTestsForDescribeBlock (F:\AI 
Projects\handyman-tracker\node_modules\jest-circus\build\jestAdapterInit.js:857:11)
          at run (F:\AI Projects\handyman-tracker\node_modules\jest-circus\build\jestAdapterInit.js:761:3)
          at runAndTransformResultsToJestFormat (F:\AI 
Projects\handyman-tracker\node_modules\jest-circus\build\jestAdapterInit.js:1918:21)
          at jestAdapter (F:\AI Projects\handyman-tracker\node_modules\jest-circus\build\runner.js:101:19)
          at runTestInternal (F:\AI Projects\handyman-tracker\node_modules\jest-runner\build\testWorker.js:275:16)
          at runTest (F:\AI Projects\handyman-tracker\node_modules\jest-runner\build\testWorker.js:343:7)
          at Object.worker (F:\AI Projects\handyman-tracker\node_modules\jest-runner\build\testWorker.js:497:12) {
        type: 'not implemented'
      }

      76 |                   onClick={() => {
      77 |                     localStorage.removeItem('token');
    > 78 |                     window.location.href = '/login';
         |                                         ^
      79 |                   }}
      80 |                   className="flex items-center gap-3 p-3 rounded mt-4 w-full text-left text-red-600 
hover:bg-red-50"
      81 |                 >

      at VirtualConsole.<anonymous> (node_modules/@jest/environment-jsdom-abstract/build/index.js:87:23)
      at module.exports (node_modules/jsdom/lib/jsdom/browser/not-implemented.js:12:26)
      at navigateFetch (node_modules/jsdom/lib/jsdom/living/window/navigation.js:77:3)
      at exports.navigate (node_modules/jsdom/lib/jsdom/living/window/navigation.js:55:3)
      at LocationImpl._locationObjectNavigate (node_modules/jsdom/lib/jsdom/living/window/Location-impl.js:30:5)
      at LocationImpl._locationObjectSetterNavigate (node_modules/jsdom/lib/jsdom/living/window/Location-impl.js:24:17)
      at LocationImpl.set href [as href] (node_modules/jsdom/lib/jsdom/living/window/Location-impl.js:46:10)
      at Location.set href [as href] (node_modules/jsdom/lib/jsdom/living/generated/Location.js:125:37)
      at onClick (src/components/MobileNav.jsx:78:41)
      at executeDispatch (node_modules/react-dom/cjs/react-dom-client.development.js:19116:9)
      at runWithFiberInDEV (node_modules/react-dom/cjs/react-dom-client.development.js:874:13)
      at processDispatchQueue (node_modules/react-dom/cjs/react-dom-client.development.js:19166:19)
      at node_modules/react-dom/cjs/react-dom-client.development.js:19767:9
      at batchedUpdates$1 (node_modules/react-dom/cjs/react-dom-client.development.js:3255:40)
      at dispatchEventForPluginEventSystem (node_modules/react-dom/cjs/react-dom-client.development.js:19320:7)
      at dispatchEvent (node_modules/react-dom/cjs/react-dom-client.development.js:23585:11)
      at dispatchDiscreteEvent (node_modules/react-dom/cjs/react-dom-client.development.js:23553:11)
      at HTMLDivElement.callTheUserObjectsOperation 
(node_modules/jsdom/lib/jsdom/living/generated/EventListener.js:26:30)
      at innerInvokeEventListeners (node_modules/jsdom/lib/jsdom/living/events/EventTarget-impl.js:350:25)
      at invokeEventListeners (node_modules/jsdom/lib/jsdom/living/events/EventTarget-impl.js:286:3)
      at HTMLSpanElementImpl._dispatch (node_modules/jsdom/lib/jsdom/living/events/EventTarget-impl.js:233:9)
      at HTMLSpanElementImpl.dispatchEvent (node_modules/jsdom/lib/jsdom/living/events/EventTarget-impl.js:104:17)
      at HTMLSpanElement.dispatchEvent (node_modules/jsdom/lib/jsdom/living/generated/EventTarget.js:241:34)
      at node_modules/@testing-library/dom/dist/events.js:19:20
      at node_modules/@testing-library/react/dist/pure.js:108:16
      at node_modules/@testing-library/react/dist/act-compat.js:48:24
      at process.env.NODE_ENV.exports.act (node_modules/react/cjs/react.development.js:814:22)
      at node_modules/@testing-library/react/dist/act-compat.js:47:25
      at Object.eventWrapper (node_modules/@testing-library/react/dist/pure.js:107:28)
      at fireEvent (node_modules/@testing-library/dom/dist/events.js:12:35)
      at Function.fireEvent.<computed> [as click] (node_modules/@testing-library/dom/dist/events.js:110:36)
      at Function.fireEvent.<computed> [as click] (node_modules/@testing-library/react/dist/fire-event.js:15:52)
      at click (src/components/__tests__/MobileNav.test.jsx:131:17)
      at runWithExpensiveErrorDiagnosticsDisabled (node_modules/@testing-library/dom/dist/config.js:47:12)
      at checkCallback (node_modules/@testing-library/dom/dist/wait-for.js:124:77)
      at node_modules/@testing-library/dom/dist/wait-for.js:97:7
      at waitFor (node_modules/@testing-library/dom/dist/wait-for.js:36:10)
      at node_modules/@testing-library/dom/dist/wait-for.js:164:54
      at Object.asyncWrapper (node_modules/@testing-library/react/dist/pure.js:88:28)
      at waitForWrapper (node_modules/@testing-library/dom/dist/wait-for.js:164:35)
      at Object.<anonymous> (src/components/__tests__/MobileNav.test.jsx:129:18)

PASS src/components/__tests__/BarcodeScanner.test.jsx
  ΓùÅ Console

    console.log
      Γ£à Barcode Detection API available

      at log (src/components/BarcodeScanner.jsx:14:15)

    console.log
      Γ£à Barcode Detection API available

      at log (src/components/BarcodeScanner.jsx:14:15)

    console.log
      Γ£à Barcode Detection API available

      at log (src/components/BarcodeScanner.jsx:14:15)

    console.log
      Γ£à Barcode Detection API available

      at log (src/components/BarcodeScanner.jsx:14:15)

    console.log
      Γ£à Barcode Detection API available

      at log (src/components/BarcodeScanner.jsx:14:15)

    console.log
      Γ£à Barcode Detection API available

      at log (src/components/BarcodeScanner.jsx:14:15)

    console.log
      Γ£à Barcode Detection API available

      at log (src/components/BarcodeScanner.jsx:14:15)

    console.log
      Γ£à Barcode Detection API available

      at log (src/components/BarcodeScanner.jsx:14:15)

    console.log
      Γ£à Barcode Detection API available

      at log (src/components/BarcodeScanner.jsx:14:15)

    console.log
      Γ£à Barcode Detection API available

      at log (src/components/BarcodeScanner.jsx:14:15)

    console.log
      Γ£à Barcode Detection API available

      at log (src/components/BarcodeScanner.jsx:14:15)

    console.error
      Error accessing camera: Error: Permission denied
          at Object.<anonymous> (F:\AI 
Projects\handyman-tracker\src\components\__tests__\BarcodeScanner.test.jsx:178:44)
          at Promise.finally.completed (F:\AI 
Projects\handyman-tracker\node_modules\jest-circus\build\jestAdapterInit.js:1557:28)
          at new Promise (<anonymous>)
          at callAsyncCircusFn (F:\AI 
Projects\handyman-tracker\node_modules\jest-circus\build\jestAdapterInit.js:1497:10)
          at _callCircusTest (F:\AI 
Projects\handyman-tracker\node_modules\jest-circus\build\jestAdapterInit.js:1007:40)
          at _runTest (F:\AI Projects\handyman-tracker\node_modules\jest-circus\build\jestAdapterInit.js:947:3)
          at F:\AI Projects\handyman-tracker\node_modules\jest-circus\build\jestAdapterInit.js:849:7
          at _runTestsForDescribeBlock (F:\AI 
Projects\handyman-tracker\node_modules\jest-circus\build\jestAdapterInit.js:862:11)
          at _runTestsForDescribeBlock (F:\AI 
Projects\handyman-tracker\node_modules\jest-circus\build\jestAdapterInit.js:857:11)
          at run (F:\AI Projects\handyman-tracker\node_modules\jest-circus\build\jestAdapterInit.js:761:3)
          at runAndTransformResultsToJestFormat (F:\AI 
Projects\handyman-tracker\node_modules\jest-circus\build\jestAdapterInit.js:1918:21)
          at jestAdapter (F:\AI Projects\handyman-tracker\node_modules\jest-circus\build\runner.js:101:19)
          at runTestInternal (F:\AI Projects\handyman-tracker\node_modules\jest-runner\build\testWorker.js:275:16)
          at runTest (F:\AI Projects\handyman-tracker\node_modules\jest-runner\build\testWorker.js:343:7)
          at Object.worker (F:\AI Projects\handyman-tracker\node_modules\jest-runner\build\testWorker.js:497:12)

      34 |       }
      35 |     } catch (err) {
    > 36 |       console.error('Error accessing camera:', err);
         |               ^
      37 |       alert('Γ¥î Could not access camera. Please check permissions or use manual entry.');
      38 |       setUseManual(true);
      39 |     }

      at error (src/components/BarcodeScanner.jsx:36:15)

    console.log
      Γ£à Barcode Detection API available

      at log (src/components/BarcodeScanner.jsx:14:15)

    console.log
      Γ£à Barcode Detection API available

      at log (src/components/BarcodeScanner.jsx:14:15)

    console.log
      Γ£à Barcode Detection API available

      at log (src/components/BarcodeScanner.jsx:14:15)

    console.log
      Γ£à Barcode Detection API available

      at log (src/components/BarcodeScanner.jsx:14:15)

    console.log
      Γ£à Barcode Detection API available

      at log (src/components/BarcodeScanner.jsx:14:15)

PASS src/components/__tests__/Dashboard.test.jsx
  ΓùÅ Console

    console.error
      Error fetching projects: Error: Network error
          at Object.<anonymous> (F:\AI Projects\handyman-tracker\src\components\__tests__\Dashboard.test.jsx:75:33)
          at Promise.finally.completed (F:\AI 
Projects\handyman-tracker\node_modules\jest-circus\build\jestAdapterInit.js:1557:28)
          at new Promise (<anonymous>)
          at callAsyncCircusFn (F:\AI 
Projects\handyman-tracker\node_modules\jest-circus\build\jestAdapterInit.js:1497:10)
          at _callCircusTest (F:\AI 
Projects\handyman-tracker\node_modules\jest-circus\build\jestAdapterInit.js:1007:40)
          at _runTest (F:\AI Projects\handyman-tracker\node_modules\jest-circus\build\jestAdapterInit.js:947:3)
          at F:\AI Projects\handyman-tracker\node_modules\jest-circus\build\jestAdapterInit.js:849:7
          at _runTestsForDescribeBlock (F:\AI 
Projects\handyman-tracker\node_modules\jest-circus\build\jestAdapterInit.js:862:11)
          at _runTestsForDescribeBlock (F:\AI 
Projects\handyman-tracker\node_modules\jest-circus\build\jestAdapterInit.js:857:11)
          at run (F:\AI Projects\handyman-tracker\node_modules\jest-circus\build\jestAdapterInit.js:761:3)
          at runAndTransformResultsToJestFormat (F:\AI 
Projects\handyman-tracker\node_modules\jest-circus\build\jestAdapterInit.js:1918:21)
          at jestAdapter (F:\AI Projects\handyman-tracker\node_modules\jest-circus\build\runner.js:101:19)
          at runTestInternal (F:\AI Projects\handyman-tracker\node_modules\jest-runner\build\testWorker.js:275:16)
          at runTest (F:\AI Projects\handyman-tracker\node_modules\jest-runner\build\testWorker.js:343:7)
          at Object.worker (F:\AI Projects\handyman-tracker\node_modules\jest-runner\build\testWorker.js:497:12)

      43 |       setLoading(false);
      44 |     } catch (err) {
    > 45 |       console.error('Error fetching projects:', err);
         |               ^
      46 |       setLoading(false);
      47 |     }
      48 |   };

      at error (src/components/Dashboard.jsx:45:15)

PASS src/__tests__/App.test.jsx
  ΓùÅ Console

    console.warn
      No routes matched location "/non-existent-route"

      387 |       localStorage.setItem('token', 'test-token');
      388 |
    > 389 |       const { container } = render(
          |                                   ^
      390 |         <MemoryRouter initialEntries={['/non-existent-route']}>
      391 |           <App />
      392 |         </MemoryRouter>

      at warning (node_modules/react-router/dist/development/chunk-VNR6V74N.js:193:49)
      at useRoutesImpl (node_modules/react-router/dist/development/chunk-VNR6V74N.js:6664:5)
      at useRoutes (node_modules/react-router/dist/development/chunk-VNR6V74N.js:6617:10)
      at Routes (node_modules/react-router/dist/development/chunk-VNR6V74N.js:9132:10)
      at Object.react_stack_bottom_frame (node_modules/react-dom/cjs/react-dom-client.development.js:25904:20)
      at renderWithHooks (node_modules/react-dom/cjs/react-dom-client.development.js:7662:22)
      at updateFunctionComponent (node_modules/react-dom/cjs/react-dom-client.development.js:10166:19)
      at beginWork (node_modules/react-dom/cjs/react-dom-client.development.js:11778:18)
      at runWithFiberInDEV (node_modules/react-dom/cjs/react-dom-client.development.js:874:13)
      at performUnitOfWork (node_modules/react-dom/cjs/react-dom-client.development.js:17641:22)
      at workLoopSync (node_modules/react-dom/cjs/react-dom-client.development.js:17469:41)
      at renderRootSync (node_modules/react-dom/cjs/react-dom-client.development.js:17450:11)
      at performWorkOnRoot (node_modules/react-dom/cjs/react-dom-client.development.js:16504:11)
      at performWorkOnRootViaSchedulerTask (node_modules/react-dom/cjs/react-dom-client.development.js:18957:7)
      at flushActQueue (node_modules/react/cjs/react.development.js:590:34)
      at process.env.NODE_ENV.exports.act (node_modules/react/cjs/react.development.js:884:10)
      at node_modules/@testing-library/react/dist/act-compat.js:47:25
      at renderRoot (node_modules/@testing-library/react/dist/pure.js:190:26)
      at render (node_modules/@testing-library/react/dist/pure.js:292:10)
      at Object.<anonymous> (src/__tests__/App.test.jsx:389:35)

PASS src/utils/__tests__/errorHandler.test.js
PASS src/components/__tests__/UserManagement.test.jsx
  ΓùÅ Console

    console.error
      Error decoding token: TypeError: Cannot read properties of undefined (reading 'replace')
          at replace (F:\AI Projects\handyman-tracker\src\components\UserManagement.jsx:26:34)
          at fetchCurrentUser (F:\AI Projects\handyman-tracker\src\components\UserManagement.jsx:16:5)
          at Object.react_stack_bottom_frame (F:\AI 
Projects\handyman-tracker\node_modules\react-dom\cjs\react-dom-client.development.js:25989:20)
          at runWithFiberInDEV (F:\AI 
Projects\handyman-tracker\node_modules\react-dom\cjs\react-dom-client.development.js:874:13)
          at commitHookEffectListMount (F:\AI 
Projects\handyman-tracker\node_modules\react-dom\cjs\react-dom-client.development.js:13249:29)
          at commitHookPassiveMountEffects (F:\AI 
Projects\handyman-tracker\node_modules\react-dom\cjs\react-dom-client.development.js:13336:11)
          at commitPassiveMountOnFiber (F:\AI 
Projects\handyman-tracker\node_modules\react-dom\cjs\react-dom-client.development.js:15484:13)
          at recursivelyTraversePassiveMountEffects (F:\AI 
Projects\handyman-tracker\node_modules\react-dom\cjs\react-dom-client.development.js:15439:11)
          at commitPassiveMountOnFiber (F:\AI 
Projects\handyman-tracker\node_modules\react-dom\cjs\react-dom-client.development.js:15718:11)
          at recursivelyTraversePassiveMountEffects (F:\AI 
Projects\handyman-tracker\node_modules\react-dom\cjs\react-dom-client.development.js:15439:11)
          at commitPassiveMountOnFiber (F:\AI 
Projects\handyman-tracker\node_modules\react-dom\cjs\react-dom-client.development.js:15718:11)
          at recursivelyTraversePassiveMountEffects (F:\AI 
Projects\handyman-tracker\node_modules\react-dom\cjs\react-dom-client.development.js:15439:11)
          at commitPassiveMountOnFiber (F:\AI 
Projects\handyman-tracker\node_modules\react-dom\cjs\react-dom-client.development.js:15476:11)
          at recursivelyTraversePassiveMountEffects (F:\AI 
Projects\handyman-tracker\node_modules\react-dom\cjs\react-dom-client.development.js:15439:11)
          at commitPassiveMountOnFiber (F:\AI 
Projects\handyman-tracker\node_modules\react-dom\cjs\react-dom-client.development.js:15476:11)
          at recursivelyTraversePassiveMountEffects (F:\AI 
Projects\handyman-tracker\node_modules\react-dom\cjs\react-dom-client.development.js:15439:11)
          at commitPassiveMountOnFiber (F:\AI 
Projects\handyman-tracker\node_modules\react-dom\cjs\react-dom-client.development.js:15519:11)
          at flushPassiveEffects (F:\AI 
Projects\handyman-tracker\node_modules\react-dom\cjs\react-dom-client.development.js:18432:9)
          at F:\AI Projects\handyman-tracker\node_modules\react-dom\cjs\react-dom-client.development.js:17923:15
          at flushActQueue (F:\AI Projects\handyman-tracker\node_modules\react\cjs\react.development.js:590:34)
          at process.env.NODE_ENV.exports.act (F:\AI 
Projects\handyman-tracker\node_modules\react\cjs\react.development.js:884:10)
          at F:\AI Projects\handyman-tracker\node_modules\@testing-library\react\dist\act-compat.js:47:25
          at renderRoot (F:\AI Projects\handyman-tracker\node_modules\@testing-library\react\dist\pure.js:190:26)
          at render (F:\AI Projects\handyman-tracker\node_modules\@testing-library\react\dist\pure.js:292:10)
          at Object.<anonymous> (F:\AI 
Projects\handyman-tracker\src\components\__tests__\UserManagement.test.jsx:15:11)
          at Promise.finally.completed (F:\AI 
Projects\handyman-tracker\node_modules\jest-circus\build\jestAdapterInit.js:1557:28)
          at new Promise (<anonymous>)
          at callAsyncCircusFn (F:\AI 
Projects\handyman-tracker\node_modules\jest-circus\build\jestAdapterInit.js:1497:10)
          at _callCircusTest (F:\AI 
Projects\handyman-tracker\node_modules\jest-circus\build\jestAdapterInit.js:1007:40)
          at processTicksAndRejections (node:internal/process/task_queues:105:5)
          at _runTest (F:\AI Projects\handyman-tracker\node_modules\jest-circus\build\jestAdapterInit.js:947:3)
          at F:\AI Projects\handyman-tracker\node_modules\jest-circus\build\jestAdapterInit.js:849:7
          at _runTestsForDescribeBlock (F:\AI 
Projects\handyman-tracker\node_modules\jest-circus\build\jestAdapterInit.js:862:11)
          at _runTestsForDescribeBlock (F:\AI 
Projects\handyman-tracker\node_modules\jest-circus\build\jestAdapterInit.js:857:11)
          at run (F:\AI Projects\handyman-tracker\node_modules\jest-circus\build\jestAdapterInit.js:761:3)
          at runAndTransformResultsToJestFormat (F:\AI 
Projects\handyman-tracker\node_modules\jest-circus\build\jestAdapterInit.js:1918:21)
          at jestAdapter (F:\AI Projects\handyman-tracker\node_modules\jest-circus\build\runner.js:101:19)
          at runTestInternal (F:\AI Projects\handyman-tracker\node_modules\jest-runner\build\testWorker.js:275:16)
          at runTest (F:\AI Projects\handyman-tracker\node_modules\jest-runner\build\testWorker.js:343:7)
          at Object.worker (F:\AI Projects\handyman-tracker\node_modules\jest-runner\build\testWorker.js:497:12)

      28 |         setCurrentUser(payload);
      29 |       } catch (err) {
    > 30 |         console.error('Error decoding token:', err);
         |                 ^
      31 |       }
      32 |     }
      33 |   };

      at error (src/components/UserManagement.jsx:30:17)
      at fetchCurrentUser (src/components/UserManagement.jsx:16:5)
      at Object.react_stack_bottom_frame (node_modules/react-dom/cjs/react-dom-client.development.js:25989:20)
      at runWithFiberInDEV (node_modules/react-dom/cjs/react-dom-client.development.js:874:13)
      at commitHookEffectListMount (node_modules/react-dom/cjs/react-dom-client.development.js:13249:29)
      at commitHookPassiveMountEffects (node_modules/react-dom/cjs/react-dom-client.development.js:13336:11)
      at commitPassiveMountOnFiber (node_modules/react-dom/cjs/react-dom-client.development.js:15484:13)
      at recursivelyTraversePassiveMountEffects (node_modules/react-dom/cjs/react-dom-client.development.js:15439:11)
      at commitPassiveMountOnFiber (node_modules/react-dom/cjs/react-dom-client.development.js:15718:11)
      at recursivelyTraversePassiveMountEffects (node_modules/react-dom/cjs/react-dom-client.development.js:15439:11)
      at commitPassiveMountOnFiber (node_modules/react-dom/cjs/react-dom-client.development.js:15718:11)
      at recursivelyTraversePassiveMountEffects (node_modules/react-dom/cjs/react-dom-client.development.js:15439:11)
      at commitPassiveMountOnFiber (node_modules/react-dom/cjs/react-dom-client.development.js:15476:11)
      at recursivelyTraversePassiveMountEffects (node_modules/react-dom/cjs/react-dom-client.development.js:15439:11)
      at commitPassiveMountOnFiber (node_modules/react-dom/cjs/react-dom-client.development.js:15476:11)
      at recursivelyTraversePassiveMountEffects (node_modules/react-dom/cjs/react-dom-client.development.js:15439:11)
      at commitPassiveMountOnFiber (node_modules/react-dom/cjs/react-dom-client.development.js:15519:11)
      at flushPassiveEffects (node_modules/react-dom/cjs/react-dom-client.development.js:18432:9)
      at node_modules/react-dom/cjs/react-dom-client.development.js:17923:15
      at flushActQueue (node_modules/react/cjs/react.development.js:590:34)
      at process.env.NODE_ENV.exports.act (node_modules/react/cjs/react.development.js:884:10)
      at node_modules/@testing-library/react/dist/act-compat.js:47:25
      at renderRoot (node_modules/@testing-library/react/dist/pure.js:190:26)
      at render (node_modules/@testing-library/react/dist/pure.js:292:10)
      at Object.<anonymous> (src/components/__tests__/UserManagement.test.jsx:15:11)

    console.error
      Error decoding token: TypeError: Cannot read properties of undefined (reading 'replace')
          at replace (F:\AI Projects\handyman-tracker\src\components\UserManagement.jsx:26:34)
          at fetchCurrentUser (F:\AI Projects\handyman-tracker\src\components\UserManagement.jsx:16:5)
          at Object.react_stack_bottom_frame (F:\AI 
Projects\handyman-tracker\node_modules\react-dom\cjs\react-dom-client.development.js:25989:20)
          at runWithFiberInDEV (F:\AI 
Projects\handyman-tracker\node_modules\react-dom\cjs\react-dom-client.development.js:874:13)
          at commitHookEffectListMount (F:\AI 
Projects\handyman-tracker\node_modules\react-dom\cjs\react-dom-client.development.js:13249:29)
          at commitHookPassiveMountEffects (F:\AI 
Projects\handyman-tracker\node_modules\react-dom\cjs\react-dom-client.development.js:13336:11)
          at commitPassiveMountOnFiber (F:\AI 
Projects\handyman-tracker\node_modules\react-dom\cjs\react-dom-client.development.js:15484:13)
          at recursivelyTraversePassiveMountEffects (F:\AI 
Projects\handyman-tracker\node_modules\react-dom\cjs\react-dom-client.development.js:15439:11)
          at commitPassiveMountOnFiber (F:\AI 
Projects\handyman-tracker\node_modules\react-dom\cjs\react-dom-client.development.js:15718:11)
          at recursivelyTraversePassiveMountEffects (F:\AI 
Projects\handyman-tracker\node_modules\react-dom\cjs\react-dom-client.development.js:15439:11)
          at commitPassiveMountOnFiber (F:\AI 
Projects\handyman-tracker\node_modules\react-dom\cjs\react-dom-client.development.js:15718:11)
          at recursivelyTraversePassiveMountEffects (F:\AI 
Projects\handyman-tracker\node_modules\react-dom\cjs\react-dom-client.development.js:15439:11)
          at commitPassiveMountOnFiber (F:\AI 
Projects\handyman-tracker\node_modules\react-dom\cjs\react-dom-client.development.js:15476:11)
          at recursivelyTraversePassiveMountEffects (F:\AI 
Projects\handyman-tracker\node_modules\react-dom\cjs\react-dom-client.development.js:15439:11)
          at commitPassiveMountOnFiber (F:\AI 
Projects\handyman-tracker\node_modules\react-dom\cjs\react-dom-client.development.js:15476:11)
          at recursivelyTraversePassiveMountEffects (F:\AI 
Projects\handyman-tracker\node_modules\react-dom\cjs\react-dom-client.development.js:15439:11)
          at commitPassiveMountOnFiber (F:\AI 
Projects\handyman-tracker\node_modules\react-dom\cjs\react-dom-client.development.js:15519:11)
          at flushPassiveEffects (F:\AI 
Projects\handyman-tracker\node_modules\react-dom\cjs\react-dom-client.development.js:18432:9)
          at F:\AI Projects\handyman-tracker\node_modules\react-dom\cjs\react-dom-client.development.js:17923:15
          at flushActQueue (F:\AI Projects\handyman-tracker\node_modules\react\cjs\react.development.js:590:34)
          at process.env.NODE_ENV.exports.act (F:\AI 
Projects\handyman-tracker\node_modules\react\cjs\react.development.js:884:10)
          at F:\AI Projects\handyman-tracker\node_modules\@testing-library\react\dist\act-compat.js:47:25
          at renderRoot (F:\AI Projects\handyman-tracker\node_modules\@testing-library\react\dist\pure.js:190:26)
          at render (F:\AI Projects\handyman-tracker\node_modules\@testing-library\react\dist\pure.js:292:10)
          at Object.<anonymous> (F:\AI 
Projects\handyman-tracker\src\components\__tests__\UserManagement.test.jsx:22:11)
          at Promise.finally.completed (F:\AI 
Projects\handyman-tracker\node_modules\jest-circus\build\jestAdapterInit.js:1557:28)
          at new Promise (<anonymous>)
          at callAsyncCircusFn (F:\AI 
Projects\handyman-tracker\node_modules\jest-circus\build\jestAdapterInit.js:1497:10)
          at _callCircusTest (F:\AI 
Projects\handyman-tracker\node_modules\jest-circus\build\jestAdapterInit.js:1007:40)
          at processTicksAndRejections (node:internal/process/task_queues:105:5)
          at _runTest (F:\AI Projects\handyman-tracker\node_modules\jest-circus\build\jestAdapterInit.js:947:3)
          at F:\AI Projects\handyman-tracker\node_modules\jest-circus\build\jestAdapterInit.js:849:7
          at _runTestsForDescribeBlock (F:\AI 
Projects\handyman-tracker\node_modules\jest-circus\build\jestAdapterInit.js:862:11)
          at _runTestsForDescribeBlock (F:\AI 
Projects\handyman-tracker\node_modules\jest-circus\build\jestAdapterInit.js:857:11)
          at run (F:\AI Projects\handyman-tracker\node_modules\jest-circus\build\jestAdapterInit.js:761:3)
          at runAndTransformResultsToJestFormat (F:\AI 
Projects\handyman-tracker\node_modules\jest-circus\build\jestAdapterInit.js:1918:21)
          at jestAdapter (F:\AI Projects\handyman-tracker\node_modules\jest-circus\build\runner.js:101:19)
          at runTestInternal (F:\AI Projects\handyman-tracker\node_modules\jest-runner\build\testWorker.js:275:16)
          at runTest (F:\AI Projects\handyman-tracker\node_modules\jest-runner\build\testWorker.js:343:7)
          at Object.worker (F:\AI Projects\handyman-tracker\node_modules\jest-runner\build\testWorker.js:497:12)

      28 |         setCurrentUser(payload);
      29 |       } catch (err) {
    > 30 |         console.error('Error decoding token:', err);
         |                 ^
      31 |       }
      32 |     }
      33 |   };

      at error (src/components/UserManagement.jsx:30:17)
      at fetchCurrentUser (src/components/UserManagement.jsx:16:5)
      at Object.react_stack_bottom_frame (node_modules/react-dom/cjs/react-dom-client.development.js:25989:20)
      at runWithFiberInDEV (node_modules/react-dom/cjs/react-dom-client.development.js:874:13)
      at commitHookEffectListMount (node_modules/react-dom/cjs/react-dom-client.development.js:13249:29)
      at commitHookPassiveMountEffects (node_modules/react-dom/cjs/react-dom-client.development.js:13336:11)
      at commitPassiveMountOnFiber (node_modules/react-dom/cjs/react-dom-client.development.js:15484:13)
      at recursivelyTraversePassiveMountEffects (node_modules/react-dom/cjs/react-dom-client.development.js:15439:11)
      at commitPassiveMountOnFiber (node_modules/react-dom/cjs/react-dom-client.development.js:15718:11)
      at recursivelyTraversePassiveMountEffects (node_modules/react-dom/cjs/react-dom-client.development.js:15439:11)
      at commitPassiveMountOnFiber (node_modules/react-dom/cjs/react-dom-client.development.js:15718:11)
      at recursivelyTraversePassiveMountEffects (node_modules/react-dom/cjs/react-dom-client.development.js:15439:11)
      at commitPassiveMountOnFiber (node_modules/react-dom/cjs/react-dom-client.development.js:15476:11)
      at recursivelyTraversePassiveMountEffects (node_modules/react-dom/cjs/react-dom-client.development.js:15439:11)
      at commitPassiveMountOnFiber (node_modules/react-dom/cjs/react-dom-client.development.js:15476:11)
      at recursivelyTraversePassiveMountEffects (node_modules/react-dom/cjs/react-dom-client.development.js:15439:11)
      at commitPassiveMountOnFiber (node_modules/react-dom/cjs/react-dom-client.development.js:15519:11)
      at flushPassiveEffects (node_modules/react-dom/cjs/react-dom-client.development.js:18432:9)
      at node_modules/react-dom/cjs/react-dom-client.development.js:17923:15
      at flushActQueue (node_modules/react/cjs/react.development.js:590:34)
      at process.env.NODE_ENV.exports.act (node_modules/react/cjs/react.development.js:884:10)
      at node_modules/@testing-library/react/dist/act-compat.js:47:25
      at renderRoot (node_modules/@testing-library/react/dist/pure.js:190:26)
      at render (node_modules/@testing-library/react/dist/pure.js:292:10)
      at Object.<anonymous> (src/components/__tests__/UserManagement.test.jsx:22:11)


Test Suites: 2 failed, 12 passed, 14 total
Tests:       10 failed, 239 passed, 249 total
Snapshots:   0 total
Time:        25.914 s
Ran all test suites.
